/Users/ashishparadkar/Downloads/algo-code-main/.venv/lib/python3.9/site-packages/urllib3/__init__.py:35: NotOpenSSLWarning: urllib3 v2 only supports OpenSSL 1.1.1+, currently the 'ssl' module is compiled with 'LibreSSL 2.8.3'. See: https://github.com/urllib3/urllib3/issues/3020
  warnings.warn(
2026-08-21 21:41:06,018 - INFO - Bot state startup reconciliation finished: 0 bot(s) reconciled to STOPPED.
2026-08-21 21:41:17,874 - INFO - Telegram notification service initialized successfully (Chat ID: 5657...)
2026-08-21 21:41:19,240 - INFO - Initializing scheduled trading bot live runner for bot-1787318234506-4061...
2026-08-21 21:41:22,061 - INFO - SQLite database tables verified/created.
2026-08-21 21:41:23,712 - INFO - Initializing CCXT Binance in TESTNET mode.
2026-08-21 21:45:20,704 - INFO - [bot-1787318234506-4061] Pre-flight instrument resolved: BTC/USDT (SPOT via binance_spot)
2026-08-21 21:45:27,776 - INFO - [bot-1787318234506-4061] Starting signal check cycle for BTC/USDT (15m)...
2026-08-21 21:45:28,555 - INFO - Fetching recent candles for BTC/USDT (15m) [Bot: bot-1787318234506-4061] via ProviderManager...
2026-08-21 22:02:17,367 - INFO - Indicators computed | close=77286.00 ema_9=77277.99 ema_20=77237.72 ema_50=76622.92 ema_200=72841.68 macd=109.4314 poc=63050.0 val=62700.0 vah=72550.0
2026-08-21 22:02:18,064 - INFO - [bot-1787318234506-4061] Evaluating strategy on completed candle: 2026-08-21 16:15:00+00:00 at Close price: 77383.87
2026-08-21 22:02:20,714 - INFO - Confluence Evaluation | Regime: TRENDING (ADX=29.4) | Direction: HOLD | BullScore: 39.5% | BearScore: 21.1% | Active: ['ema', 'macd', 'vp']
2026-08-21 22:02:22,011 - INFO - Signal evaluated: HOLD. Reason/Details: Confluence score: 40% (HOLD)
2026-08-21 22:02:23,606 - INFO - Logged heartbeat status: OK
2026-08-21 22:02:27,078 - INFO - Adding job tentatively -- it will be properly scheduled when the scheduler starts
2026-08-21 22:02:27,090 - INFO - Bot bot-1787318234506-4061 scheduled to check every 15 minutes.
2026-08-21 22:02:28,205 - INFO - Added job "LiveRunner.process_cycle" to job store "default"
2026-08-21 22:02:28,206 - INFO - Scheduler started
2026-08-21 22:17:26,754 - INFO - Running job "LiveRunner.process_cycle (trigger: interval[0:15:00], next run at: 2026-08-21 22:17:26 IST)" (scheduled at 2026-08-21 22:17:26.524106+05:30)
2026-08-21 22:17:26,830 - INFO - [bot-1787318234506-4061] Starting signal check cycle for BTC/USDT (15m)...
2026-08-21 22:17:26,937 - INFO - Fetching recent candles for BTC/USDT (15m) [Bot: bot-1787318234506-4061] via ProviderManager...
2026-08-21 22:17:29,421 - INFO - Indicators computed | close=77410.08 ema_9=77316.57 ema_20=77260.69 ema_50=76656.66 ema_200=72887.88 macd=116.7873 poc=63050.0 val=62700.0 vah=72575.0
2026-08-21 22:17:29,422 - INFO - [bot-1787318234506-4061] Evaluating strategy on completed candle: 2026-08-21 16:30:00+00:00 at Close price: 77362.04
2026-08-21 22:17:29,503 - INFO - Confluence Evaluation | Regime: TRENDING (ADX=28.9) | Direction: HOLD | BullScore: 39.5% | BearScore: 21.1% | Active: ['ema', 'macd', 'vp']
2026-08-21 22:17:29,616 - INFO - Signal evaluated: HOLD. Reason/Details: Confluence score: 40% (HOLD)
2026-08-21 22:17:29,888 - INFO - Logged heartbeat status: OK
2026-08-21 22:17:29,893 - INFO - Job "LiveRunner.process_cycle (trigger: interval[0:15:00], next run at: 2026-08-21 22:32:26 IST)" executed successfully
2026-08-21 22:32:26,582 - INFO - Running job "LiveRunner.process_cycle (trigger: interval[0:15:00], next run at: 2026-08-21 22:47:26 IST)" (scheduled at 2026-08-21 22:32:26.524106+05:30)
2026-08-21 22:32:26,649 - INFO - [bot-1787318234506-4061] Starting signal check cycle for BTC/USDT (15m)...
2026-08-21 22:32:26,707 - INFO - Fetching recent candles for BTC/USDT (15m) [Bot: bot-1787318234506-4061] via ProviderManager...
2026-08-21 22:32:27,912 - INFO - Indicators computed | close=77610.43 ema_9=77387.49 ema_20=77300.54 ema_50=76696.92 ema_200=72935.62 macd=137.1260 poc=63050.0 val=62700.0 vah=72600.0
2026-08-21 22:32:27,914 - INFO - [bot-1787318234506-4061] Evaluating strategy on completed candle: 2026-08-21 16:45:00+00:00 at Close price: 77486.01
2026-08-21 22:32:28,024 - INFO - Confluence Evaluation | Regime: TRENDING (ADX=27.4) | Direction: HOLD | BullScore: 39.5% | BearScore: 21.1% | Active: ['ema', 'macd', 'vp']
2026-08-21 22:32:28,103 - INFO - Signal evaluated: HOLD. Reason/Details: Confluence score: 40% (HOLD)
2026-08-21 22:32:28,370 - INFO - Logged heartbeat status: OK
2026-08-21 22:32:28,370 - INFO - Job "LiveRunner.process_cycle (trigger: interval[0:15:00], next run at: 2026-08-21 22:47:26 IST)" executed successfully
