/Users/ashishparadkar/Downloads/algo-code-main/.venv/lib/python3.9/site-packages/urllib3/__init__.py:35: NotOpenSSLWarning: urllib3 v2 only supports OpenSSL 1.1.1+, currently the 'ssl' module is compiled with 'LibreSSL 2.8.3'. See: https://github.com/urllib3/urllib3/issues/3020
  warnings.warn(
/Users/ashishparadkar/Downloads/algo-code-main/.venv/lib/python3.9/site-packages/urllib3/__init__.py:35: NotOpenSSLWarning: urllib3 v2 only supports OpenSSL 1.1.1+, currently the 'ssl' module is compiled with 'LibreSSL 2.8.3'. See: https://github.com/urllib3/urllib3/issues/3020
  warnings.warn(
2026-08-21 18:14:58,918 - INFO - Bot state startup reconciliation finished: 0 bot(s) reconciled to STOPPED.
2026-08-21 18:15:00,146 - INFO - Telegram notification service initialized successfully (Chat ID: 5657...)
2026-08-21 18:15:01,171 - INFO - Initializing scheduled trading bot live runner for bot-1787304019328-48e3...
2026-08-21 18:15:02,295 - INFO - SQLite database tables verified/created.
2026-08-21 18:15:03,522 - INFO - Initializing CCXT Binance in TESTNET mode.
2026-08-21 18:17:23,754 - INFO - [bot-1787304019328-48e3] Pre-flight instrument resolved: BTC/USDT (SPOT via binance_spot)
/Users/ashishparadkar/Downloads/algo-code-main/.venv/lib/python3.9/site-packages/urllib3/__init__.py:35: NotOpenSSLWarning: urllib3 v2 only supports OpenSSL 1.1.1+, currently the 'ssl' module is compiled with 'LibreSSL 2.8.3'. See: https://github.com/urllib3/urllib3/issues/3020
  warnings.warn(
2026-08-21 20:28:44,621 - INFO - Bot state startup reconciliation finished: 0 bot(s) reconciled to STOPPED.
2026-08-21 20:28:48,659 - INFO - Telegram notification service initialized successfully (Chat ID: 5657...)
2026-08-21 20:28:49,325 - INFO - Initializing scheduled trading bot live runner for bot-1787304019328-48e3...
2026-08-21 20:28:51,131 - INFO - SQLite database tables verified/created.
2026-08-21 20:28:53,279 - INFO - Initializing CCXT Binance in TESTNET mode.
2026-08-21 20:31:56,607 - INFO - [bot-1787304019328-48e3] Pre-flight instrument resolved: BTC/USDT (SPOT via binance_spot)
2026-08-21 20:32:02,813 - INFO - [bot-1787304019328-48e3] Starting signal check cycle for BTC/USDT (5m)...
2026-08-21 20:32:02,841 - INFO - Fetching recent candles for BTC/USDT (5m) [Bot: bot-1787304019328-48e3] via ProviderManager...
/Users/ashishparadkar/Downloads/algo-code-main/.venv/lib/python3.9/site-packages/urllib3/__init__.py:35: NotOpenSSLWarning: urllib3 v2 only supports OpenSSL 1.1.1+, currently the 'ssl' module is compiled with 'LibreSSL 2.8.3'. See: https://github.com/urllib3/urllib3/issues/3020
  warnings.warn(
2026-08-21 21:34:59,546 - INFO - Bot state startup reconciliation finished: 0 bot(s) reconciled to STOPPED.
2026-08-21 21:35:04,557 - INFO - Telegram notification service initialized successfully (Chat ID: 5657...)
2026-08-21 21:35:05,878 - INFO - Initializing scheduled trading bot live runner for bot-1787304019328-48e3...
2026-08-21 21:35:08,810 - INFO - SQLite database tables verified/created.
2026-08-21 21:35:11,645 - INFO - Initializing CCXT Binance in TESTNET mode.
2026-08-21 21:38:09,562 - INFO - [bot-1787304019328-48e3] Pre-flight instrument resolved: BTC/USDT (SPOT via binance_spot)
2026-08-21 21:38:13,994 - INFO - [bot-1787304019328-48e3] Starting signal check cycle for BTC/USDT (5m)...
2026-08-21 21:38:14,057 - INFO - Fetching recent candles for BTC/USDT (5m) [Bot: bot-1787304019328-48e3] via ProviderManager...
2026-08-21 22:02:02,230 - INFO - Indicators computed | close=77288.62 ema_9=77229.75 ema_20=77261.65 ema_50=77233.98 ema_200=76105.41 macd=-17.6290 poc=69350.0 val=64025.0 vah=74450.0
2026-08-21 22:02:03,379 - INFO - [bot-1787304019328-48e3] Evaluating strategy on completed candle: 2026-08-21 16:25:00+00:00 at Close price: 77383.87
2026-08-21 22:02:07,096 - INFO - Confluence Evaluation | Regime: TRENDING (ADX=39.1) | Direction: HOLD | BullScore: 32.6% | BearScore: 67.4% | Active: ['ema', 'macd', 'rsi', 'vp']
2026-08-21 22:02:09,322 - INFO - Signal evaluated: HOLD. Reason/Details: Confluence score: 67% (HOLD)
2026-08-21 22:02:10,832 - INFO - Logged heartbeat status: OK
2026-08-21 22:02:16,712 - INFO - Adding job tentatively -- it will be properly scheduled when the scheduler starts
2026-08-21 22:02:16,756 - INFO - Bot bot-1787304019328-48e3 scheduled to check every 5 minutes.
2026-08-21 22:02:18,246 - INFO - Added job "LiveRunner.process_cycle" to job store "default"
2026-08-21 22:02:18,246 - INFO - Scheduler started
2026-08-21 22:07:15,780 - INFO - Running job "LiveRunner.process_cycle (trigger: interval[0:05:00], next run at: 2026-08-21 22:07:15 IST)" (scheduled at 2026-08-21 22:07:15.710115+05:30)
2026-08-21 22:07:15,836 - INFO - [bot-1787304019328-48e3] Starting signal check cycle for BTC/USDT (5m)...
2026-08-21 22:07:16,277 - INFO - Fetching recent candles for BTC/USDT (5m) [Bot: bot-1787304019328-48e3] via ProviderManager...
2026-08-21 22:07:32,620 - INFO - Indicators computed | close=77285.66 ema_9=77248.85 ema_20=77268.20 ema_50=77237.87 ema_200=76117.64 macd=-9.9301 poc=69350.0 val=64025.0 vah=74475.0
2026-08-21 22:07:32,626 - INFO - [bot-1787304019328-48e3] Evaluating strategy on completed candle: 2026-08-21 16:30:00+00:00 at Close price: 77338.12
2026-08-21 22:07:32,735 - INFO - Confluence Evaluation | Regime: TRENDING (ADX=39.7) | Direction: HOLD | BullScore: 32.6% | BearScore: 67.4% | Active: ['ema', 'macd', 'rsi', 'vp']
2026-08-21 22:07:32,825 - INFO - Signal evaluated: HOLD. Reason/Details: Confluence score: 67% (HOLD)
2026-08-21 22:07:32,895 - INFO - Logged heartbeat status: OK
2026-08-21 22:07:32,897 - INFO - Job "LiveRunner.process_cycle (trigger: interval[0:05:00], next run at: 2026-08-21 22:12:15 IST)" executed successfully
2026-08-21 22:12:15,927 - INFO - Running job "LiveRunner.process_cycle (trigger: interval[0:05:00], next run at: 2026-08-21 22:17:15 IST)" (scheduled at 2026-08-21 22:12:15.710115+05:30)
2026-08-21 22:12:16,081 - INFO - [bot-1787304019328-48e3] Starting signal check cycle for BTC/USDT (5m)...
2026-08-21 22:12:16,161 - INFO - Fetching recent candles for BTC/USDT (5m) [Bot: bot-1787304019328-48e3] via ProviderManager...
2026-08-21 22:12:16,942 - INFO - Indicators computed | close=77300.05 ema_9=77263.99 ema_20=77273.87 ema_50=77241.47 ema_200=76129.71 macd=-3.8449 poc=69350.0 val=64025.0 vah=74475.0
2026-08-21 22:12:16,947 - INFO - [bot-1787304019328-48e3] Evaluating strategy on completed candle: 2026-08-21 16:35:00+00:00 at Close price: 77316.28
2026-08-21 22:12:17,028 - INFO - Confluence Evaluation | Regime: TRENDING (ADX=39.7) | Direction: HOLD | BullScore: 32.6% | BearScore: 67.4% | Active: ['ema', 'macd', 'rsi', 'vp']
2026-08-21 22:12:17,209 - INFO - Signal evaluated: HOLD. Reason/Details: Confluence score: 67% (HOLD)
2026-08-21 22:12:17,371 - INFO - Logged heartbeat status: OK
2026-08-21 22:12:17,372 - INFO - Job "LiveRunner.process_cycle (trigger: interval[0:05:00], next run at: 2026-08-21 22:17:15 IST)" executed successfully
2026-08-21 22:17:15,735 - INFO - Running job "LiveRunner.process_cycle (trigger: interval[0:05:00], next run at: 2026-08-21 22:22:15 IST)" (scheduled at 2026-08-21 22:17:15.710115+05:30)
2026-08-21 22:17:15,755 - INFO - [bot-1787304019328-48e3] Starting signal check cycle for BTC/USDT (5m)...
2026-08-21 22:17:15,808 - INFO - Fetching recent candles for BTC/USDT (5m) [Bot: bot-1787304019328-48e3] via ProviderManager...
2026-08-21 22:17:16,289 - INFO - Indicators computed | close=77444.50 ema_9=77310.01 ema_20=77295.46 ema_50=77251.76 ema_200=76143.40 macd=14.3938 poc=69350.0 val=64025.0 vah=74500.0
2026-08-21 22:17:16,290 - INFO - [bot-1787304019328-48e3] Evaluating strategy on completed candle: 2026-08-21 16:40:00+00:00 at Close price: 77362.04
2026-08-21 22:17:16,369 - INFO - Confluence Evaluation | Regime: TRENDING (ADX=40.2) | Direction: HOLD | BullScore: 32.6% | BearScore: 34.8% | Active: ['ema', 'macd', 'rsi', 'vp']
2026-08-21 22:17:16,522 - INFO - Signal evaluated: HOLD. Reason/Details: Confluence score: 35% (HOLD)
2026-08-21 22:17:16,600 - INFO - Logged heartbeat status: OK
2026-08-21 22:17:16,600 - INFO - Job "LiveRunner.process_cycle (trigger: interval[0:05:00], next run at: 2026-08-21 22:22:15 IST)" executed successfully
2026-08-21 22:22:15,756 - INFO - Running job "LiveRunner.process_cycle (trigger: interval[0:05:00], next run at: 2026-08-21 22:27:15 IST)" (scheduled at 2026-08-21 22:22:15.710115+05:30)
2026-08-21 22:22:15,851 - INFO - [bot-1787304019328-48e3] Starting signal check cycle for BTC/USDT (5m)...
2026-08-21 22:22:15,921 - INFO - Fetching recent candles for BTC/USDT (5m) [Bot: bot-1787304019328-48e3] via ProviderManager...
2026-08-21 22:22:16,637 - INFO - Indicators computed | close=77492.00 ema_9=77360.12 ema_20=77321.57 ema_50=77264.41 ema_200=76157.66 macd=33.7119 poc=69350.0 val=64025.0 vah=74525.0
2026-08-21 22:22:16,645 - INFO - [bot-1787304019328-48e3] Evaluating strategy on completed candle: 2026-08-21 16:45:00+00:00 at Close price: 77530.19
2026-08-21 22:22:16,854 - INFO - LONG signal blocked | Location blocked (Close 77530.19 outside Value Area [62744.50 - 76015.50], VAL=64025.00, VAH=74525.00) | context={'close': 77530.19, 'ema_9': 77327.14786556269, 'ema_20': 77303.62543003306, 'ema_50': 77255.12450110391, 'ema_200': 76144.25262187838, 'macd_line': 21.229475276821177, 'macd_signal': 6.32280964717363, 'macd_hist': 14.906665629647547, 'poc': np.float64(69350.0), 'val': np.float64(64025.0), 'vah': np.float64(74525.0)}
2026-08-21 22:22:16,876 - INFO - Confluence Evaluation | Regime: TRENDING (ADX=39.6) | Direction: HOLD | BullScore: 65.2% | BearScore: 34.8% | Active: ['ema', 'macd', 'rsi', 'vp']
2026-08-21 22:22:17,323 - INFO - Signal evaluated: HOLD. Reason/Details: LONG setup blocked: Location blocked (Close 77530.19 outside Value Area [62744.50 - 76015.50], VAL=64025.00, VAH=74525.00)
2026-08-21 22:22:17,678 - INFO - Logged heartbeat status: OK
2026-08-21 22:22:17,680 - INFO - Job "LiveRunner.process_cycle (trigger: interval[0:05:00], next run at: 2026-08-21 22:27:15 IST)" executed successfully
2026-08-21 22:27:15,726 - INFO - Running job "LiveRunner.process_cycle (trigger: interval[0:05:00], next run at: 2026-08-21 22:32:15 IST)" (scheduled at 2026-08-21 22:27:15.710115+05:30)
2026-08-21 22:27:15,736 - INFO - [bot-1787304019328-48e3] Starting signal check cycle for BTC/USDT (5m)...
2026-08-21 22:27:15,791 - INFO - Fetching recent candles for BTC/USDT (5m) [Bot: bot-1787304019328-48e3] via ProviderManager...
2026-08-21 22:27:16,242 - INFO - Indicators computed | close=77489.99 ema_9=77382.57 ema_20=77335.71 ema_50=77272.43 ema_200=76170.70 macd=41.5921 poc=69350.0 val=64025.0 vah=74550.0
2026-08-21 22:27:16,243 - INFO - [bot-1787304019328-48e3] Evaluating strategy on completed candle: 2026-08-21 16:50:00+00:00 at Close price: 77470.00
2026-08-21 22:27:16,313 - INFO - Confluence Evaluation | Regime: TRENDING (ADX=39.0) | Direction: HOLD | BullScore: 65.2% | BearScore: 34.8% | Active: ['ema', 'macd', 'rsi', 'vp']
2026-08-21 22:27:16,404 - INFO - Signal evaluated: HOLD. Reason/Details: Confluence score: 65% (HOLD)
2026-08-21 22:27:16,562 - INFO - Logged heartbeat status: OK
2026-08-21 22:27:16,563 - INFO - Job "LiveRunner.process_cycle (trigger: interval[0:05:00], next run at: 2026-08-21 22:32:15 IST)" executed successfully
2026-08-21 22:32:15,763 - INFO - Running job "LiveRunner.process_cycle (trigger: interval[0:05:00], next run at: 2026-08-21 22:37:15 IST)" (scheduled at 2026-08-21 22:32:15.710115+05:30)
2026-08-21 22:32:15,826 - INFO - [bot-1787304019328-48e3] Starting signal check cycle for BTC/USDT (5m)...
2026-08-21 22:32:15,890 - INFO - Fetching recent candles for BTC/USDT (5m) [Bot: bot-1787304019328-48e3] via ProviderManager...
2026-08-21 22:32:16,709 - INFO - Indicators computed | close=77584.00 ema_9=77422.22 ema_20=77359.01 ema_50=77284.50 ema_200=76184.73 macd=55.9212 poc=69350.0 val=64025.0 vah=74550.0
2026-08-21 22:32:16,711 - INFO - [bot-1787304019328-48e3] Evaluating strategy on completed candle: 2026-08-21 16:55:00+00:00 at Close price: 77486.01
2026-08-21 22:32:17,012 - INFO - Confluence Evaluation | Regime: TRENDING (ADX=37.1) | Direction: LONG | BullScore: 82.6% | BearScore: 17.4% | Active: ['ema', 'macd', 'rsi', 'vp']
2026-08-21 22:32:17,175 - INFO - Capping position size 0.927013 BTC to available cash equivalent 0.193583 BTC.
2026-08-21 22:32:17,295 - INFO - Created pending signal approval ID 248 for bot bot-1787304019328-48e3 (LONG @ $77486.01, status: WAITING_APPROVAL)
2026-08-21 22:32:17,401 - INFO - [bot-1787304019328-48e3] Signal LONG generated (ID: 248). Waiting for manual user approval.
2026-08-21 22:32:17,708 - INFO - Logged heartbeat status: OK
2026-08-21 22:32:17,709 - INFO - Job "LiveRunner.process_cycle (trigger: interval[0:05:00], next run at: 2026-08-21 22:37:15 IST)" executed successfully
2026-08-21 22:37:15,802 - INFO - Running job "LiveRunner.process_cycle (trigger: interval[0:05:00], next run at: 2026-08-21 22:42:15 IST)" (scheduled at 2026-08-21 22:37:15.710115+05:30)
2026-08-21 22:37:15,906 - INFO - [bot-1787304019328-48e3] Starting signal check cycle for BTC/USDT (5m)...
2026-08-21 22:37:15,986 - INFO - Fetching recent candles for BTC/USDT (5m) [Bot: bot-1787304019328-48e3] via ProviderManager...
2026-08-21 22:37:16,498 - INFO - Indicators computed | close=77608.00 ema_9=77449.46 ema_20=77377.38 ema_50=77294.85 ema_200=76198.28 macd=64.8552 poc=69350.0 val=64025.0 vah=74575.0
2026-08-21 22:37:16,500 - INFO - [bot-1787304019328-48e3] Evaluating strategy on completed candle: 2026-08-21 17:00:00+00:00 at Close price: 77522.00
2026-08-21 22:37:16,637 - INFO - Confluence Evaluation | Regime: TRENDING (ADX=34.7) | Direction: LONG | BullScore: 82.6% | BearScore: 17.4% | Active: ['ema', 'macd', 'rsi', 'vp']
2026-08-21 22:37:16,828 - INFO - Capping position size 0.922311 BTC to available cash equivalent 0.193493 BTC.
2026-08-21 22:37:16,837 - INFO - [bot-1787304019328-48e3] Signal LONG active pending approval already exists (ID: 248).
2026-08-21 22:37:17,311 - INFO - Logged heartbeat status: OK
2026-08-21 22:37:17,311 - INFO - Job "LiveRunner.process_cycle (trigger: interval[0:05:00], next run at: 2026-08-21 22:42:15 IST)" executed successfully
2026-08-21 22:42:15,728 - INFO - Running job "LiveRunner.process_cycle (trigger: interval[0:05:00], next run at: 2026-08-21 22:47:15 IST)" (scheduled at 2026-08-21 22:42:15.710115+05:30)
2026-08-21 22:42:15,793 - INFO - [bot-1787304019328-48e3] Starting signal check cycle for BTC/USDT (5m)...
2026-08-21 22:42:15,870 - INFO - Fetching recent candles for BTC/USDT (5m) [Bot: bot-1787304019328-48e3] via ProviderManager...
2026-08-21 22:42:16,422 - INFO - Indicators computed | close=77611.12 ema_9=77483.29 ema_20=77400.45 ema_50=77307.61 ema_200=76212.43 macd=75.8166 poc=69350.0 val=64025.0 vah=74575.0
2026-08-21 22:42:16,425 - INFO - [bot-1787304019328-48e3] Evaluating strategy on completed candle: 2026-08-21 17:05:00+00:00 at Close price: 77617.37
2026-08-21 22:42:16,465 - INFO - Confluence Evaluation | Regime: TRENDING (ADX=35.6) | Direction: LONG | BullScore: 82.6% | BearScore: 17.4% | Active: ['ema', 'macd', 'rsi', 'vp']
2026-08-21 22:42:16,498 - INFO - Capping position size 0.796411 BTC to available cash equivalent 0.193256 BTC.
2026-08-21 22:42:16,506 - INFO - [bot-1787304019328-48e3] Signal LONG active pending approval already exists (ID: 248).
2026-08-21 22:42:16,643 - INFO - Logged heartbeat status: OK
2026-08-21 22:42:16,643 - INFO - Job "LiveRunner.process_cycle (trigger: interval[0:05:00], next run at: 2026-08-21 22:47:15 IST)" executed successfully
