2026-08-15 13:39:44,976 - INFO - BotWatchdog thread started.
2026-08-15 13:39:44,977 - INFO - BotWatchdog singleton background thread started.
2026-08-15 13:40:17,685 - INFO - BotWatchdog thread started.
2026-08-15 13:40:17,685 - INFO - BotWatchdog singleton background thread started.
2026-08-15 13:53:50,178 - INFO - BotWatchdog thread started.
2026-08-15 13:53:50,178 - INFO - BotWatchdog singleton background thread started.
2026-08-15 13:54:55,313 - INFO - BotWatchdog thread started.
2026-08-15 13:54:55,313 - INFO - BotWatchdog singleton background thread started.
2026-08-15 14:00:46,129 - INFO - BotWatchdog thread started.
2026-08-15 14:00:46,130 - INFO - BotWatchdog singleton background thread started.
2026-08-15 14:15:28,023 - INFO - BotWatchdog thread started.
2026-08-15 14:15:28,024 - INFO - BotWatchdog singleton background thread started.
2026-08-15 14:42:34,029 - INFO - BotWatchdog thread started.
2026-08-15 14:42:34,032 - INFO - BotWatchdog singleton background thread started.
2026-08-15 15:06:18,904 - INFO - BotWatchdog thread started.
2026-08-15 15:06:18,913 - INFO - BotWatchdog singleton background thread started.
2026-08-15 15:40:08,935 - INFO - BotWatchdog thread started.
2026-08-15 15:40:08,940 - INFO - BotWatchdog singleton background thread started.
2026-08-15 15:45:28,683 - INFO - BotWatchdog thread started.
2026-08-15 15:45:28,683 - INFO - BotWatchdog singleton background thread started.
2026-08-15 17:31:58,165 - INFO - Initializing scheduled trading bot live runner for bot-1786781091293-2c67...
2026-08-15 17:31:58,241 - INFO - SQLite database tables verified/created.
2026-08-15 17:38:04,062 - INFO - Initializing scheduled trading bot live runner for bot-1786781091293-2c67...
2026-08-15 17:50:26,881 - INFO - Initializing scheduled trading bot live runner for bot-1786781091293-2c67...
2026-08-15 17:50:26,931 - INFO - SQLite database tables verified/created.
2026-08-15 17:50:26,946 - INFO - Initializing CCXT Binance in TESTNET mode.
2026-08-15 17:54:29,047 - INFO - Initializing scheduled trading bot live runner for bot-1786781091293-2c67...
2026-08-15 17:54:29,094 - INFO - SQLite database tables verified/created.
2026-08-15 17:54:29,113 - INFO - Initializing CCXT Binance in TESTNET mode.
2026-08-15 19:37:51,645 - INFO - Initializing scheduled trading bot live runner for bot-1786781091293-2c67...
2026-08-15 19:37:51,736 - INFO - SQLite database tables verified/created.
2026-08-15 20:09:30,038 - INFO - Initializing scheduled trading bot live runner for bot-1786781091293-2c67...
2026-08-15 20:21:55,066 - INFO - BotWatchdog thread started.
2026-08-15 20:21:55,066 - INFO - BotWatchdog singleton background thread started.
2026-08-15 20:21:55,279 - INFO - Initializing scheduled trading bot live runner for bot-1786781091293-2c67...
2026-08-15 20:21:55,306 - INFO - SQLite database tables verified/created.
2026-08-15 20:22:56,048 - INFO - Initializing scheduled trading bot live runner for bot-1786781091293-2c67...
2026-08-15 20:53:52,838 - INFO - BotWatchdog thread started.
2026-08-15 20:53:52,839 - INFO - BotWatchdog singleton background thread started.
2026-08-15 20:53:53,126 - INFO - Initializing scheduled trading bot live runner for bot-1786781091293-2c67...
2026-08-15 20:53:53,663 - INFO - SQLite database tables verified/created.
2026-08-15 20:53:56,550 - INFO - Initializing CCXT Binance in TESTNET mode.
2026-08-15 20:54:00,600 - INFO - Initializing CCXT Binance in MAINNET mode (Public endpoints).
2026-08-15 20:54:00,999 - INFO - Sending Telegram alert...
2026-08-15 20:54:16,612 - INFO - Telegram alert sent successfully.
2026-08-15 20:54:16,676 - INFO - [bot-1786781091293-2c67] Starting signal check cycle for BTC/USDT (5m)...
2026-08-15 20:54:16,710 - INFO - Fetching recent candles for BTC/USDT (5m) [Bot: bot-1786781091293-2c67]...
2026-08-15 20:54:19,080 - ERROR - Error fetching live OHLCV for BTC/USDT 5m: 
2026-08-15 20:54:19,111 - ERROR - System Error in runner execution cycle: 
Traceback (most recent call last):
  File "H:\algo\algo\btc-bot\src\live_runner.py", line 161, in process_cycle
    df = self.mainnet_fetcher.fetch_live_ohlcv(self.symbol, self.timeframe, limit=1000)
  File "H:\algo\algo\btc-bot\src\data_fetcher.py", line 196, in fetch_live_ohlcv
    raise e
  File "H:\algo\algo\btc-bot\src\data_fetcher.py", line 175, in fetch_live_ohlcv
    candles = self.exchange.fetch_ohlcv(
        symbol=symbol,
        timeframe=timeframe,
        limit=limit
    )
  File "C:\Users\Admin\AppData\Local\Python\pythoncore-3.14-64\Lib\site-packages\ccxt\binance.py", line 4709, in fetch_ohlcv
    self.load_markets()
    ~~~~~~~~~~~~~~~~~^^
  File "C:\Users\Admin\AppData\Local\Python\pythoncore-3.14-64\Lib\site-packages\ccxt\base\exchange.py", line 1816, in load_markets
    markets = self.fetch_markets(params)
  File "C:\Users\Admin\AppData\Local\Python\pythoncore-3.14-64\Lib\site-packages\ccxt\binance.py", line 3241, in fetch_markets
    promisesRaw.append(self.publicGetExchangeInfo(params))
                       ~~~~~~~~~~~~~~~~~~~~~~~~~~^^^^^^^^
  File "C:\Users\Admin\AppData\Local\Python\pythoncore-3.14-64\Lib\site-packages\ccxt\base\types.py", line 35, in unbound_method
    return _self.request(self.path, self.api, self.method, params, config=self.config)
           ~~~~~~~~~~~~~^^^^^^^^^^^^^^^^^^^^^^^^^^^^^^^^^^^^^^^^^^^^^^^^^^^^^^^^^^^^^^
  File "C:\Users\Admin\AppData\Local\Python\pythoncore-3.14-64\Lib\site-packages\ccxt\binance.py", line 11819, in request
    response = self.fetch2(path, api, method, params, headers, body, config)
  File "C:\Users\Admin\AppData\Local\Python\pythoncore-3.14-64\Lib\site-packages\ccxt\base\exchange.py", line 5544, in fetch2
    raise e
  File "C:\Users\Admin\AppData\Local\Python\pythoncore-3.14-64\Lib\site-packages\ccxt\base\exchange.py", line 5525, in fetch2
    response = self.fetch(request['url'], request['method'], request['headers'], request['body'])
  File "C:\Users\Admin\AppData\Local\Python\pythoncore-3.14-64\Lib\site-packages\ccxt\base\exchange.py", line 635, in fetch
    http_response = self.on_rest_response(http_status_code, http_status_text, url, method, headers, response.text, request_headers, request_body)
                                                                                                    ^^^^^^^^^^^^^
  File "C:\Users\Admin\AppData\Local\Python\pythoncore-3.14-64\Lib\site-packages\requests\models.py", line 1075, in text
    content = str(self.content, encoding or "utf-8", errors="replace")
MemoryError
2026-08-15 20:54:45,036 - ERROR - Error logging system error to DB: database is locked
2026-08-15 20:55:08,327 - INFO - Sending Telegram alert...
