/Users/ashishparadkar/Downloads/algo-code-main/.venv/lib/python3.9/site-packages/urllib3/__init__.py:35: NotOpenSSLWarning: urllib3 v2 only supports OpenSSL 1.1.1+, currently the 'ssl' module is compiled with 'LibreSSL 2.8.3'. See: https://github.com/urllib3/urllib3/issues/3020
  warnings.warn(
/Users/ashishparadkar/Downloads/algo-code-main/.venv/lib/python3.9/site-packages/urllib3/__init__.py:35: NotOpenSSLWarning: urllib3 v2 only supports OpenSSL 1.1.1+, currently the 'ssl' module is compiled with 'LibreSSL 2.8.3'. See: https://github.com/urllib3/urllib3/issues/3020
  warnings.warn(
2026-08-21 21:40:39,271 - INFO - Bot state startup reconciliation finished: 0 bot(s) reconciled to STOPPED.
2026-08-21 21:40:47,156 - INFO - Telegram notification service initialized successfully (Chat ID: 5657...)
2026-08-21 21:40:48,494 - INFO - Initializing scheduled trading bot live runner for bot-1787316175027-9fcc...
2026-08-21 21:40:50,821 - INFO - SQLite database tables verified/created.
2026-08-21 21:40:50,941 - INFO - Initializing CCXT Binance in TESTNET mode.
2026-08-21 21:45:29,380 - INFO - [bot-1787316175027-9fcc] Pre-flight instrument resolved: BTC-260828-70000-C (OPTION via deribit_options)
2026-08-21 21:45:35,334 - INFO - [bot-1787316175027-9fcc] Starting signal check cycle for BTC-260828-70000-C (1h)...
2026-08-21 21:45:36,118 - INFO - Fetching recent candles for BTC-260828-70000-C (1h) [Bot: bot-1787316175027-9fcc] via ProviderManager...
2026-08-21 21:45:36,155 - ERROR - System Error in runner execution cycle: OPTIONS EXECUTION UNSUPPORTED: Dedicated Options Broker (Deribit API) is not connected for BTC-260828-70000-C. Trading options requires configuring options gateway credentials.
Traceback (most recent call last):
  File "/Users/ashishparadkar/Downloads/algo-code-main/src/live_runner.py", line 199, in process_cycle
    df, _ = self.provider_manager.fetch_ohlcv_safe(self.symbol, self.timeframe, limit=1000)
  File "/Users/ashishparadkar/Downloads/algo-code-main/src/provider_manager.py", line 355, in fetch_ohlcv_safe
    raise non_retryable
  File "/Users/ashishparadkar/Downloads/algo-code-main/src/provider_manager.py", line 351, in fetch_ohlcv_safe
    df = adapter.fetch_ohlcv(instrument, timeframe, limit=limit)
  File "/Users/ashishparadkar/Downloads/algo-code-main/src/provider_manager.py", line 284, in fetch_ohlcv
    raise ccxt.NotSupported(
ccxt.base.errors.NotSupported: OPTIONS EXECUTION UNSUPPORTED: Dedicated Options Broker (Deribit API) is not connected for BTC-260828-70000-C. Trading options requires configuring options gateway credentials.
2026-08-21 21:45:56,338 - WARNING - [bot-1787316175027-9fcc] Marked bot as non-retryable configuration error to prevent infinite error storm.
2026-08-21 21:45:59,557 - INFO - Logged heartbeat status: ERROR
2026-08-21 21:46:02,540 - INFO - Adding job tentatively -- it will be properly scheduled when the scheduler starts
2026-08-21 21:46:02,553 - INFO - Bot bot-1787316175027-9fcc scheduled to check every 60 minutes.
2026-08-21 21:46:03,554 - INFO - Added job "LiveRunner.process_cycle" to job store "default"
2026-08-21 21:46:03,556 - INFO - Scheduler started
