/Users/ashishparadkar/Downloads/algo-code-main/.venv/lib/python3.9/site-packages/urllib3/__init__.py:35: NotOpenSSLWarning: urllib3 v2 only supports OpenSSL 1.1.1+, currently the 'ssl' module is compiled with 'LibreSSL 2.8.3'. See: https://github.com/urllib3/urllib3/issues/3020
  warnings.warn(
2026-08-18 12:51:23,814 - INFO - Initializing scheduled trading bot live runner for bot-1787026093859-7e77...
2026-08-18 12:51:23,885 - INFO - SQLite database tables verified/created.
2026-08-18 12:51:24,144 - WARNING - Telegram alerts are DISABLED. Set TELEGRAM_BOT_TOKEN and TELEGRAM_CHAT_ID in your .env file.
2026-08-18 12:51:24,156 - INFO - Initializing CCXT Binance in TESTNET mode.
2026-08-18 12:51:26,677 - INFO - Initializing CCXT Binance in MAINNET mode (Public endpoints).
2026-08-18 12:51:26,716 - INFO - Skipping Telegram notification (disabled): 🚀 <b>BTC Iron Condor Range Bot Started</b>
• <b>Symbol</b>: BTC-OPTIONS
• <b>Timeframe</b>: 1h
• <b>Status</b>: RUNNING
2026-08-18 12:51:26,721 - INFO - [bot-1787026093859-7e77] Starting signal check cycle for BTC-OPTIONS (1h)...
2026-08-18 12:51:26,735 - INFO - Fetching recent candles for BTC-OPTIONS (1h) [Bot: bot-1787026093859-7e77]...
2026-08-18 12:51:30,087 - ERROR - Error fetching live OHLCV for BTC-OPTIONS 1h: binance does not have market symbol BTC-OPTIONS
2026-08-18 12:51:30,089 - ERROR - System Error in runner execution cycle: binance does not have market symbol BTC-OPTIONS
Traceback (most recent call last):
  File "/Users/ashishparadkar/Downloads/algo-code-main/src/live_runner.py", line 167, in process_cycle
    df = self.mainnet_fetcher.fetch_live_ohlcv(self.symbol, self.timeframe, limit=1000)
  File "/Users/ashishparadkar/Downloads/algo-code-main/src/data_fetcher.py", line 196, in fetch_live_ohlcv
    raise e
  File "/Users/ashishparadkar/Downloads/algo-code-main/src/data_fetcher.py", line 175, in fetch_live_ohlcv
    candles = self.exchange.fetch_ohlcv(
  File "/Users/ashishparadkar/Downloads/algo-code-main/.venv/lib/python3.9/site-packages/ccxt/binance.py", line 4699, in fetch_ohlcv
    market = self.market(symbol)
  File "/Users/ashishparadkar/Downloads/algo-code-main/.venv/lib/python3.9/site-packages/ccxt/binance.py", line 2909, in market
    raise BadSymbol(self.id + ' does not have market symbol ' + symbol)
ccxt.base.errors.BadSymbol: binance does not have market symbol BTC-OPTIONS
2026-08-18 12:51:30,184 - INFO - Skipping Telegram notification (disabled): 🚨 <b>CRITICAL ERROR</b>: System Error in runner execution cycle: binance does not have market symbol BTC-OPTIONS
2026-08-18 12:51:30,294 - INFO - Logged heartbeat status: ERROR
2026-08-18 12:51:30,304 - INFO - Adding job tentatively -- it will be properly scheduled when the scheduler starts
2026-08-18 12:51:30,304 - INFO - Bot bot-1787026093859-7e77 scheduled to check every 60 minutes.
2026-08-18 12:51:30,305 - INFO - Added job "LiveRunner.process_cycle" to job store "default"
2026-08-18 12:51:30,306 - INFO - Scheduler started
