/Users/ashishparadkar/Downloads/algo-code-main/.venv/lib/python3.9/site-packages/urllib3/__init__.py:35: NotOpenSSLWarning: urllib3 v2 only supports OpenSSL 1.1.1+, currently the 'ssl' module is compiled with 'LibreSSL 2.8.3'. See: https://github.com/urllib3/urllib3/issues/3020
  warnings.warn(
2026-08-18 16:15:55,227 - INFO - Initializing scheduled trading bot live runner for bot-1787042501129-0b72...
2026-08-18 16:15:55,301 - INFO - SQLite database tables verified/created.
2026-08-18 16:15:55,440 - WARNING - Telegram alerts are DISABLED. Set TELEGRAM_BOT_TOKEN and TELEGRAM_CHAT_ID in your .env file.
2026-08-18 16:15:55,444 - INFO - Initializing CCXT Binance in TESTNET mode.
2026-08-18 16:15:57,536 - INFO - Initializing CCXT Binance in MAINNET mode (Public endpoints).
2026-08-18 16:15:57,569 - INFO - Skipping Telegram notification (disabled): 🚀 <b>Test Bot Started</b>
• <b>Symbol</b>: BTC/USDT
• <b>Timeframe</b>: 5m
• <b>Status</b>: RUNNING
2026-08-18 16:15:57,599 - INFO - [bot-1787042501129-0b72] Starting signal check cycle for BTC/USDT (5m)...
2026-08-18 16:15:57,645 - INFO - Fetching recent candles for BTC/USDT (5m) [Bot: bot-1787042501129-0b72]...
2026-08-18 16:16:03,124 - INFO - Indicators computed | close=64185.23 ema_9=64181.97 ema_20=64187.05 ema_50=64208.52 ema_200=64170.84 macd=-10.4732 poc=63050.0 val=62750.0 vah=64125.0
2026-08-18 16:16:03,128 - INFO - [bot-1787042501129-0b72] Evaluating strategy on completed candle: 2026-08-18T10:40:00+00:00 at Close price: 64188.19
2026-08-18 16:16:03,252 - INFO - Confluence Evaluation | Regime: TRENDING (ADX=42.2) | Direction: HOLD | BullScore: 50.0% | BearScore: 17.4% | Active: ['ema', 'macd', 'rsi', 'vp']
2026-08-18 16:16:03,375 - INFO - Signal evaluated: HOLD. Reason/Details: Confluence score: 50% (HOLD)
2026-08-18 16:16:03,528 - INFO - Logged heartbeat status: OK
2026-08-18 16:16:03,536 - INFO - Adding job tentatively -- it will be properly scheduled when the scheduler starts
2026-08-18 16:16:03,537 - INFO - Bot bot-1787042501129-0b72 scheduled to check every 5 minutes.
2026-08-18 16:16:03,538 - INFO - Added job "LiveRunner.process_cycle" to job store "default"
2026-08-18 16:16:03,538 - INFO - Scheduler started
2026-08-18 16:21:03,569 - INFO - Running job "LiveRunner.process_cycle (trigger: interval[0:05:00], next run at: 2026-08-18 16:26:03 IST)" (scheduled at 2026-08-18 16:21:03.536740+05:30)
2026-08-18 16:21:03,602 - INFO - [bot-1787042501129-0b72] Starting signal check cycle for BTC/USDT (5m)...
2026-08-18 16:21:03,666 - INFO - Fetching recent candles for BTC/USDT (5m) [Bot: bot-1787042501129-0b72]...
2026-08-18 16:21:04,221 - INFO - Indicators computed | close=64205.99 ema_9=64189.46 ema_20=64190.30 ema_50=64209.05 ema_200=64171.35 macd=-6.7422 poc=63050.0 val=62750.0 vah=64125.0
2026-08-18 16:21:04,223 - INFO - [bot-1787042501129-0b72] Evaluating strategy on completed candle: 2026-08-18T10:45:00+00:00 at Close price: 64201.99
2026-08-18 16:21:04,306 - INFO - Confluence Evaluation | Regime: TRENDING (ADX=41.5) | Direction: HOLD | BullScore: 50.0% | BearScore: 17.4% | Active: ['ema', 'macd', 'rsi', 'vp']
2026-08-18 16:21:04,486 - INFO - Signal evaluated: HOLD. Reason/Details: Confluence score: 50% (HOLD)
2026-08-18 16:21:04,637 - INFO - Logged heartbeat status: OK
2026-08-18 16:21:04,637 - INFO - Job "LiveRunner.process_cycle (trigger: interval[0:05:00], next run at: 2026-08-18 16:26:03 IST)" executed successfully
2026-08-18 16:38:25,303 - WARNING - Run time of job "LiveRunner.process_cycle (trigger: interval[0:05:00], next run at: 2026-08-18 16:41:03 IST)" was missed by 0:02:21.765562
2026-08-18 16:41:03,546 - INFO - Running job "LiveRunner.process_cycle (trigger: interval[0:05:00], next run at: 2026-08-18 16:46:03 IST)" (scheduled at 2026-08-18 16:41:03.536740+05:30)
2026-08-18 16:41:03,557 - INFO - [bot-1787042501129-0b72] Starting signal check cycle for BTC/USDT (5m)...
2026-08-18 16:41:03,600 - INFO - Fetching recent candles for BTC/USDT (5m) [Bot: bot-1787042501129-0b72]...
2026-08-18 16:41:13,622 - ERROR - CCXT Network/Timeout error for BTC/USDT 5m: binance GET https://api.binance.com/api/v3/klines?interval=5m&limit=1000&symbol=BTCUSDT
2026-08-18 16:41:13,624 - ERROR - System Error in runner execution cycle: binance GET https://api.binance.com/api/v3/klines?interval=5m&limit=1000&symbol=BTCUSDT
Traceback (most recent call last):
  File "/Users/ashishparadkar/Downloads/algo-code-main/.venv/lib/python3.9/site-packages/urllib3/connectionpool.py", line 534, in _make_request
    response = conn.getresponse()
  File "/Users/ashishparadkar/Downloads/algo-code-main/.venv/lib/python3.9/site-packages/urllib3/connection.py", line 571, in getresponse
    httplib_response = super().getresponse()
  File "/Library/Developer/CommandLineTools/Library/Frameworks/Python3.framework/Versions/3.9/lib/python3.9/http/client.py", line 1349, in getresponse
    response.begin()
  File "/Library/Developer/CommandLineTools/Library/Frameworks/Python3.framework/Versions/3.9/lib/python3.9/http/client.py", line 316, in begin
    version, status, reason = self._read_status()
  File "/Library/Developer/CommandLineTools/Library/Frameworks/Python3.framework/Versions/3.9/lib/python3.9/http/client.py", line 277, in _read_status
    line = str(self.fp.readline(_MAXLINE + 1), "iso-8859-1")
  File "/Library/Developer/CommandLineTools/Library/Frameworks/Python3.framework/Versions/3.9/lib/python3.9/socket.py", line 704, in readinto
    return self._sock.recv_into(b)
  File "/Library/Developer/CommandLineTools/Library/Frameworks/Python3.framework/Versions/3.9/lib/python3.9/ssl.py", line 1241, in recv_into
    return self.read(nbytes, buffer)
  File "/Library/Developer/CommandLineTools/Library/Frameworks/Python3.framework/Versions/3.9/lib/python3.9/ssl.py", line 1099, in read
    return self._sslobj.read(len, buffer)
socket.timeout: The read operation timed out

The above exception was the direct cause of the following exception:

Traceback (most recent call last):
  File "/Users/ashishparadkar/Downloads/algo-code-main/.venv/lib/python3.9/site-packages/requests/adapters.py", line 644, in send
    resp = conn.urlopen(
  File "/Users/ashishparadkar/Downloads/algo-code-main/.venv/lib/python3.9/site-packages/urllib3/connectionpool.py", line 841, in urlopen
    retries = retries.increment(
  File "/Users/ashishparadkar/Downloads/algo-code-main/.venv/lib/python3.9/site-packages/urllib3/util/retry.py", line 490, in increment
    raise reraise(type(error), error, _stacktrace)
  File "/Users/ashishparadkar/Downloads/algo-code-main/.venv/lib/python3.9/site-packages/urllib3/util/util.py", line 39, in reraise
    raise value
  File "/Users/ashishparadkar/Downloads/algo-code-main/.venv/lib/python3.9/site-packages/urllib3/connectionpool.py", line 787, in urlopen
    response = self._make_request(
  File "/Users/ashishparadkar/Downloads/algo-code-main/.venv/lib/python3.9/site-packages/urllib3/connectionpool.py", line 536, in _make_request
    self._raise_timeout(err=e, url=url, timeout_value=read_timeout)
  File "/Users/ashishparadkar/Downloads/algo-code-main/.venv/lib/python3.9/site-packages/urllib3/connectionpool.py", line 367, in _raise_timeout
    raise ReadTimeoutError(
urllib3.exceptions.ReadTimeoutError: HTTPSConnectionPool(host='api.binance.com', port=443): Read timed out. (read timeout=10.0)

During handling of the above exception, another exception occurred:

Traceback (most recent call last):
  File "/Users/ashishparadkar/Downloads/algo-code-main/.venv/lib/python3.9/site-packages/ccxt/base/exchange.py", line 665, in fetch
    response = self.session.request(
  File "/Users/ashishparadkar/Downloads/algo-code-main/.venv/lib/python3.9/site-packages/requests/sessions.py", line 589, in request
    resp = self.send(prep, **send_kwargs)
  File "/Users/ashishparadkar/Downloads/algo-code-main/.venv/lib/python3.9/site-packages/requests/sessions.py", line 703, in send
    r = adapter.send(request, **kwargs)
  File "/Users/ashishparadkar/Downloads/algo-code-main/.venv/lib/python3.9/site-packages/requests/adapters.py", line 690, in send
    raise ReadTimeout(e, request=request)
requests.exceptions.ReadTimeout: HTTPSConnectionPool(host='api.binance.com', port=443): Read timed out. (read timeout=10.0)

The above exception was the direct cause of the following exception:

Traceback (most recent call last):
  File "/Users/ashishparadkar/Downloads/algo-code-main/src/live_runner.py", line 167, in process_cycle
    df = self.mainnet_fetcher.fetch_live_ohlcv(self.symbol, self.timeframe, limit=1000)
  File "/Users/ashishparadkar/Downloads/algo-code-main/src/data_fetcher.py", line 193, in fetch_live_ohlcv
    raise net_err
  File "/Users/ashishparadkar/Downloads/algo-code-main/src/data_fetcher.py", line 175, in fetch_live_ohlcv
    candles = self.exchange.fetch_ohlcv(
  File "/Users/ashishparadkar/Downloads/algo-code-main/.venv/lib/python3.9/site-packages/ccxt/binance.py", line 4759, in fetch_ohlcv
    response = self.publicGetKlines(self.extend(request, params))
  File "/Users/ashishparadkar/Downloads/algo-code-main/.venv/lib/python3.9/site-packages/ccxt/base/types.py", line 35, in unbound_method
    return _self.request(self.path, self.api, self.method, params, config=self.config)
  File "/Users/ashishparadkar/Downloads/algo-code-main/.venv/lib/python3.9/site-packages/ccxt/binance.py", line 11724, in request
    response = self.fetch2(path, api, method, params, headers, body, config)
  File "/Users/ashishparadkar/Downloads/algo-code-main/.venv/lib/python3.9/site-packages/ccxt/base/exchange.py", line 5566, in fetch2
    raise e
  File "/Users/ashishparadkar/Downloads/algo-code-main/.venv/lib/python3.9/site-packages/ccxt/base/exchange.py", line 5549, in fetch2
    response = self.fetch(request['url'], request['method'], request['headers'], request['body'])
  File "/Users/ashishparadkar/Downloads/algo-code-main/.venv/lib/python3.9/site-packages/ccxt/base/exchange.py", line 698, in fetch
    raise RequestTimeout(details) from e
ccxt.base.errors.RequestTimeout: binance GET https://api.binance.com/api/v3/klines?interval=5m&limit=1000&symbol=BTCUSDT
2026-08-18 16:41:13,887 - INFO - Skipping Telegram notification (disabled): 🚨 <b>CRITICAL ERROR</b>: System Error in runner execution cycle: binance GET https://api.binance.com/api/v3/klines?interval=5m&limit=1000&symbol=BTCUSDT
2026-08-18 16:41:14,010 - INFO - Logged heartbeat status: ERROR
2026-08-18 16:41:14,011 - INFO - Job "LiveRunner.process_cycle (trigger: interval[0:05:00], next run at: 2026-08-18 16:46:03 IST)" executed successfully
2026-08-18 16:46:03,561 - INFO - Running job "LiveRunner.process_cycle (trigger: interval[0:05:00], next run at: 2026-08-18 16:51:03 IST)" (scheduled at 2026-08-18 16:46:03.536740+05:30)
2026-08-18 16:46:03,582 - INFO - [bot-1787042501129-0b72] Starting signal check cycle for BTC/USDT (5m)...
2026-08-18 16:46:03,626 - INFO - Fetching recent candles for BTC/USDT (5m) [Bot: bot-1787042501129-0b72]...
2026-08-18 16:46:04,520 - INFO - Indicators computed | close=64356.00 ema_9=64269.57 ema_20=64233.97 ema_50=64225.08 ema_200=64177.41 macd=26.1893 poc=63050.0 val=62750.0 vah=64125.0
2026-08-18 16:46:04,522 - INFO - [bot-1787042501129-0b72] Evaluating strategy on completed candle: 2026-08-18T11:10:00+00:00 at Close price: 64323.56
2026-08-18 16:46:04,618 - INFO - Confluence Evaluation | Regime: TRENDING (ADX=35.0) | Direction: LONG | BullScore: 82.6% | BearScore: 17.4% | Active: ['ema', 'macd', 'rsi', 'vp']
2026-08-18 16:46:04,757 - INFO - Capping position size 0.511954 BTC to available cash equivalent 0.077732 BTC.
2026-08-18 16:46:04,809 - INFO - Created pending signal approval ID 7 for bot bot-1787042501129-0b72 (LONG @ $64323.56, status: WAITING_APPROVAL)
2026-08-18 16:46:04,809 - INFO - Skipping interactive Telegram notification (disabled): 🚨 <b>TRADE SIGNAL GENERATED</b>

<b>BTC/USDT</b>
Timeframe: 15m

Signal: <b>LONG</b>
Confidence: <b>83%</b>
Required Threshold: <b>75%</b>

Price: <b>$64,323.56</b>

EMA: Bullish
MACD: Bullish
Volume Profile: Bullish

⚠️ <b>NO TRADE EXECUTED</b>

Waiting for your decision.
2026-08-18 16:46:04,865 - INFO - [bot-1787042501129-0b72] Signal LONG generated (ID: 7). Waiting for manual user approval.
2026-08-18 16:46:05,133 - INFO - Logged heartbeat status: OK
2026-08-18 16:46:05,133 - INFO - Job "LiveRunner.process_cycle (trigger: interval[0:05:00], next run at: 2026-08-18 16:51:03 IST)" executed successfully
2026-08-18 16:51:03,550 - INFO - Running job "LiveRunner.process_cycle (trigger: interval[0:05:00], next run at: 2026-08-18 16:56:03 IST)" (scheduled at 2026-08-18 16:51:03.536740+05:30)
2026-08-18 16:51:03,559 - INFO - [bot-1787042501129-0b72] Starting signal check cycle for BTC/USDT (5m)...
2026-08-18 16:51:03,604 - INFO - Fetching recent candles for BTC/USDT (5m) [Bot: bot-1787042501129-0b72]...
2026-08-18 16:51:04,116 - INFO - Indicators computed | close=64331.42 ema_9=64278.10 ema_20=64241.18 ema_50=64228.34 ema_200=64178.70 macd=28.9218 poc=63050.0 val=62750.0 vah=64125.0
2026-08-18 16:51:04,118 - INFO - [bot-1787042501129-0b72] Evaluating strategy on completed candle: 2026-08-18T11:15:00+00:00 at Close price: 64332.01
2026-08-18 16:51:04,194 - INFO - Confluence Evaluation | Regime: TRENDING (ADX=35.6) | Direction: LONG | BullScore: 82.6% | BearScore: 17.4% | Active: ['ema', 'macd', 'rsi', 'vp']
2026-08-18 16:51:04,292 - INFO - Capping position size 0.490725 BTC to available cash equivalent 0.077722 BTC.
2026-08-18 16:51:04,345 - INFO - [bot-1787042501129-0b72] Signal LONG active pending approval already exists (ID: 7).
2026-08-18 16:51:04,573 - INFO - Logged heartbeat status: OK
2026-08-18 16:51:04,573 - INFO - Job "LiveRunner.process_cycle (trigger: interval[0:05:00], next run at: 2026-08-18 16:56:03 IST)" executed successfully
2026-08-18 16:56:26,530 - WARNING - Run time of job "LiveRunner.process_cycle (trigger: interval[0:05:00], next run at: 2026-08-18 17:01:03 IST)" was missed by 0:00:22.992749
2026-08-18 17:01:03,555 - INFO - Running job "LiveRunner.process_cycle (trigger: interval[0:05:00], next run at: 2026-08-18 17:06:03 IST)" (scheduled at 2026-08-18 17:01:03.536740+05:30)
2026-08-18 17:01:03,566 - INFO - [bot-1787042501129-0b72] Starting signal check cycle for BTC/USDT (5m)...
2026-08-18 17:01:03,626 - INFO - Fetching recent candles for BTC/USDT (5m) [Bot: bot-1787042501129-0b72]...
2026-08-18 17:01:13,645 - ERROR - CCXT Network/Timeout error for BTC/USDT 5m: binance GET https://api.binance.com/api/v3/klines?interval=5m&limit=1000&symbol=BTCUSDT
2026-08-18 17:01:13,646 - ERROR - System Error in runner execution cycle: binance GET https://api.binance.com/api/v3/klines?interval=5m&limit=1000&symbol=BTCUSDT
Traceback (most recent call last):
  File "/Users/ashishparadkar/Downloads/algo-code-main/.venv/lib/python3.9/site-packages/urllib3/connectionpool.py", line 534, in _make_request
    response = conn.getresponse()
  File "/Users/ashishparadkar/Downloads/algo-code-main/.venv/lib/python3.9/site-packages/urllib3/connection.py", line 571, in getresponse
    httplib_response = super().getresponse()
  File "/Library/Developer/CommandLineTools/Library/Frameworks/Python3.framework/Versions/3.9/lib/python3.9/http/client.py", line 1349, in getresponse
    response.begin()
  File "/Library/Developer/CommandLineTools/Library/Frameworks/Python3.framework/Versions/3.9/lib/python3.9/http/client.py", line 316, in begin
    version, status, reason = self._read_status()
  File "/Library/Developer/CommandLineTools/Library/Frameworks/Python3.framework/Versions/3.9/lib/python3.9/http/client.py", line 277, in _read_status
    line = str(self.fp.readline(_MAXLINE + 1), "iso-8859-1")
  File "/Library/Developer/CommandLineTools/Library/Frameworks/Python3.framework/Versions/3.9/lib/python3.9/socket.py", line 704, in readinto
    return self._sock.recv_into(b)
  File "/Library/Developer/CommandLineTools/Library/Frameworks/Python3.framework/Versions/3.9/lib/python3.9/ssl.py", line 1241, in recv_into
    return self.read(nbytes, buffer)
  File "/Library/Developer/CommandLineTools/Library/Frameworks/Python3.framework/Versions/3.9/lib/python3.9/ssl.py", line 1099, in read
    return self._sslobj.read(len, buffer)
socket.timeout: The read operation timed out

The above exception was the direct cause of the following exception:

Traceback (most recent call last):
  File "/Users/ashishparadkar/Downloads/algo-code-main/.venv/lib/python3.9/site-packages/requests/adapters.py", line 644, in send
    resp = conn.urlopen(
  File "/Users/ashishparadkar/Downloads/algo-code-main/.venv/lib/python3.9/site-packages/urllib3/connectionpool.py", line 841, in urlopen
    retries = retries.increment(
  File "/Users/ashishparadkar/Downloads/algo-code-main/.venv/lib/python3.9/site-packages/urllib3/util/retry.py", line 490, in increment
    raise reraise(type(error), error, _stacktrace)
  File "/Users/ashishparadkar/Downloads/algo-code-main/.venv/lib/python3.9/site-packages/urllib3/util/util.py", line 39, in reraise
    raise value
  File "/Users/ashishparadkar/Downloads/algo-code-main/.venv/lib/python3.9/site-packages/urllib3/connectionpool.py", line 787, in urlopen
    response = self._make_request(
  File "/Users/ashishparadkar/Downloads/algo-code-main/.venv/lib/python3.9/site-packages/urllib3/connectionpool.py", line 536, in _make_request
    self._raise_timeout(err=e, url=url, timeout_value=read_timeout)
  File "/Users/ashishparadkar/Downloads/algo-code-main/.venv/lib/python3.9/site-packages/urllib3/connectionpool.py", line 367, in _raise_timeout
    raise ReadTimeoutError(
urllib3.exceptions.ReadTimeoutError: HTTPSConnectionPool(host='api.binance.com', port=443): Read timed out. (read timeout=10.0)

During handling of the above exception, another exception occurred:

Traceback (most recent call last):
  File "/Users/ashishparadkar/Downloads/algo-code-main/.venv/lib/python3.9/site-packages/ccxt/base/exchange.py", line 665, in fetch
    response = self.session.request(
  File "/Users/ashishparadkar/Downloads/algo-code-main/.venv/lib/python3.9/site-packages/requests/sessions.py", line 589, in request
    resp = self.send(prep, **send_kwargs)
  File "/Users/ashishparadkar/Downloads/algo-code-main/.venv/lib/python3.9/site-packages/requests/sessions.py", line 703, in send
    r = adapter.send(request, **kwargs)
  File "/Users/ashishparadkar/Downloads/algo-code-main/.venv/lib/python3.9/site-packages/requests/adapters.py", line 690, in send
    raise ReadTimeout(e, request=request)
requests.exceptions.ReadTimeout: HTTPSConnectionPool(host='api.binance.com', port=443): Read timed out. (read timeout=10.0)

The above exception was the direct cause of the following exception:

Traceback (most recent call last):
  File "/Users/ashishparadkar/Downloads/algo-code-main/src/live_runner.py", line 167, in process_cycle
    df = self.mainnet_fetcher.fetch_live_ohlcv(self.symbol, self.timeframe, limit=1000)
  File "/Users/ashishparadkar/Downloads/algo-code-main/src/data_fetcher.py", line 193, in fetch_live_ohlcv
    raise net_err
  File "/Users/ashishparadkar/Downloads/algo-code-main/src/data_fetcher.py", line 175, in fetch_live_ohlcv
    candles = self.exchange.fetch_ohlcv(
  File "/Users/ashishparadkar/Downloads/algo-code-main/.venv/lib/python3.9/site-packages/ccxt/binance.py", line 4759, in fetch_ohlcv
    response = self.publicGetKlines(self.extend(request, params))
  File "/Users/ashishparadkar/Downloads/algo-code-main/.venv/lib/python3.9/site-packages/ccxt/base/types.py", line 35, in unbound_method
    return _self.request(self.path, self.api, self.method, params, config=self.config)
  File "/Users/ashishparadkar/Downloads/algo-code-main/.venv/lib/python3.9/site-packages/ccxt/binance.py", line 11724, in request
    response = self.fetch2(path, api, method, params, headers, body, config)
  File "/Users/ashishparadkar/Downloads/algo-code-main/.venv/lib/python3.9/site-packages/ccxt/base/exchange.py", line 5566, in fetch2
    raise e
  File "/Users/ashishparadkar/Downloads/algo-code-main/.venv/lib/python3.9/site-packages/ccxt/base/exchange.py", line 5549, in fetch2
    response = self.fetch(request['url'], request['method'], request['headers'], request['body'])
  File "/Users/ashishparadkar/Downloads/algo-code-main/.venv/lib/python3.9/site-packages/ccxt/base/exchange.py", line 698, in fetch
    raise RequestTimeout(details) from e
ccxt.base.errors.RequestTimeout: binance GET https://api.binance.com/api/v3/klines?interval=5m&limit=1000&symbol=BTCUSDT
2026-08-18 17:01:13,782 - INFO - Skipping Telegram notification (disabled): 🚨 <b>CRITICAL ERROR</b>: System Error in runner execution cycle: binance GET https://api.binance.com/api/v3/klines?interval=5m&limit=1000&symbol=BTCUSDT
2026-08-18 17:01:13,991 - INFO - Logged heartbeat status: ERROR
2026-08-18 17:01:13,992 - INFO - Job "LiveRunner.process_cycle (trigger: interval[0:05:00], next run at: 2026-08-18 17:06:03 IST)" executed successfully
2026-08-18 17:06:03,556 - INFO - Running job "LiveRunner.process_cycle (trigger: interval[0:05:00], next run at: 2026-08-18 17:11:03 IST)" (scheduled at 2026-08-18 17:06:03.536740+05:30)
2026-08-18 17:06:03,572 - INFO - [bot-1787042501129-0b72] Starting signal check cycle for BTC/USDT (5m)...
2026-08-18 17:06:03,620 - INFO - Fetching recent candles for BTC/USDT (5m) [Bot: bot-1787042501129-0b72]...
2026-08-18 17:06:04,460 - INFO - Indicators computed | close=64375.99 ema_9=64329.16 ema_20=64278.48 ema_50=64246.20 ema_200=64184.86 macd=45.2725 poc=63050.0 val=62750.0 vah=64125.0
2026-08-18 17:06:04,461 - INFO - [bot-1787042501129-0b72] Evaluating strategy on completed candle: 2026-08-18T11:30:00+00:00 at Close price: 64374.02
2026-08-18 17:06:04,525 - INFO - Confluence Evaluation | Regime: TRENDING (ADX=40.4) | Direction: LONG | BullScore: 82.6% | BearScore: 17.4% | Active: ['ema', 'macd', 'rsi', 'vp']
2026-08-18 17:06:04,632 - INFO - Capping position size 0.674218 BTC to available cash equivalent 0.077671 BTC.
2026-08-18 17:06:04,754 - INFO - [bot-1787042501129-0b72] Signal LONG active pending approval already exists (ID: 7).
2026-08-18 17:06:04,971 - INFO - Logged heartbeat status: OK
2026-08-18 17:06:04,971 - INFO - Job "LiveRunner.process_cycle (trigger: interval[0:05:00], next run at: 2026-08-18 17:11:03 IST)" executed successfully
2026-08-18 17:11:03,557 - INFO - Running job "LiveRunner.process_cycle (trigger: interval[0:05:00], next run at: 2026-08-18 17:16:03 IST)" (scheduled at 2026-08-18 17:11:03.536740+05:30)
2026-08-18 17:11:03,573 - INFO - [bot-1787042501129-0b72] Starting signal check cycle for BTC/USDT (5m)...
2026-08-18 17:11:03,631 - INFO - Fetching recent candles for BTC/USDT (5m) [Bot: bot-1787042501129-0b72]...
2026-08-18 17:11:04,291 - INFO - Indicators computed | close=64373.88 ema_9=64337.77 ema_20=64287.38 ema_50=64251.13 ema_200=64186.72 macd=46.8360 poc=63050.0 val=62750.0 vah=64125.0
2026-08-18 17:11:04,294 - INFO - [bot-1787042501129-0b72] Evaluating strategy on completed candle: 2026-08-18T11:35:00+00:00 at Close price: 64373.88
2026-08-18 17:11:04,382 - INFO - Confluence Evaluation | Regime: TRENDING (ADX=42.8) | Direction: LONG | BullScore: 82.6% | BearScore: 17.4% | Active: ['ema', 'macd', 'rsi', 'vp']
2026-08-18 17:11:04,493 - INFO - Capping position size 0.872296 BTC to available cash equivalent 0.077671 BTC.
2026-08-18 17:11:04,534 - INFO - [bot-1787042501129-0b72] Signal LONG active pending approval already exists (ID: 7).
2026-08-18 17:11:04,725 - INFO - Logged heartbeat status: OK
2026-08-18 17:11:04,725 - INFO - Job "LiveRunner.process_cycle (trigger: interval[0:05:00], next run at: 2026-08-18 17:16:03 IST)" executed successfully
/Users/ashishparadkar/Downloads/algo-code-main/.venv/lib/python3.9/site-packages/urllib3/__init__.py:35: NotOpenSSLWarning: urllib3 v2 only supports OpenSSL 1.1.1+, currently the 'ssl' module is compiled with 'LibreSSL 2.8.3'. See: https://github.com/urllib3/urllib3/issues/3020
  warnings.warn(
2026-08-18 17:14:14,360 - INFO - Initializing scheduled trading bot live runner for bot-1787042501129-0b72...
2026-08-18 17:14:14,486 - INFO - SQLite database tables verified/created.
2026-08-18 17:14:14,588 - WARNING - Telegram alerts are DISABLED. Set TELEGRAM_BOT_TOKEN and TELEGRAM_CHAT_ID in your .env file.
2026-08-18 17:14:14,592 - INFO - Initializing CCXT Binance in TESTNET mode.
