/Users/ashishparadkar/Downloads/algo-code-main/.venv/lib/python3.9/site-packages/urllib3/__init__.py:35: NotOpenSSLWarning: urllib3 v2 only supports OpenSSL 1.1.1+, currently the 'ssl' module is compiled with 'LibreSSL 2.8.3'. See: https://github.com/urllib3/urllib3/issues/3020
  warnings.warn(
/Users/ashishparadkar/Downloads/algo-code-main/.venv/lib/python3.9/site-packages/urllib3/__init__.py:35: NotOpenSSLWarning: urllib3 v2 only supports OpenSSL 1.1.1+, currently the 'ssl' module is compiled with 'LibreSSL 2.8.3'. See: https://github.com/urllib3/urllib3/issues/3020
  warnings.warn(
2026-08-21 18:15:52,927 - INFO - Bot state startup reconciliation finished: 0 bot(s) reconciled to STOPPED.
2026-08-21 18:15:59,031 - INFO - Telegram notification service initialized successfully (Chat ID: 5657...)
2026-08-21 18:16:00,076 - INFO - Initializing scheduled trading bot live runner for bot-1787304187284-d5a6...
2026-08-21 18:16:03,227 - INFO - SQLite database tables verified/created.
2026-08-21 18:16:07,455 - INFO - Initializing CCXT Binance in TESTNET mode.
/Users/ashishparadkar/Downloads/algo-code-main/.venv/lib/python3.9/site-packages/urllib3/__init__.py:35: NotOpenSSLWarning: urllib3 v2 only supports OpenSSL 1.1.1+, currently the 'ssl' module is compiled with 'LibreSSL 2.8.3'. See: https://github.com/urllib3/urllib3/issues/3020
  warnings.warn(
2026-08-21 20:29:15,379 - INFO - Bot state startup reconciliation finished: 0 bot(s) reconciled to STOPPED.
2026-08-21 20:29:18,829 - INFO - Telegram notification service initialized successfully (Chat ID: 5657...)
2026-08-21 20:29:19,646 - INFO - Initializing scheduled trading bot live runner for bot-1787304187284-d5a6...
2026-08-21 20:29:20,542 - INFO - SQLite database tables verified/created.
2026-08-21 20:29:22,360 - INFO - Initializing CCXT Binance in TESTNET mode.
/Users/ashishparadkar/Downloads/algo-code-main/.venv/lib/python3.9/site-packages/urllib3/__init__.py:35: NotOpenSSLWarning: urllib3 v2 only supports OpenSSL 1.1.1+, currently the 'ssl' module is compiled with 'LibreSSL 2.8.3'. See: https://github.com/urllib3/urllib3/issues/3020
  warnings.warn(
2026-08-21 21:37:06,858 - INFO - Bot state startup reconciliation finished: 0 bot(s) reconciled to STOPPED.
2026-08-21 21:37:13,689 - INFO - Telegram notification service initialized successfully (Chat ID: 5657...)
2026-08-21 21:37:14,244 - INFO - Initializing scheduled trading bot live runner for bot-1787304187284-d5a6...
2026-08-21 21:37:18,737 - INFO - SQLite database tables verified/created.
2026-08-21 21:37:21,499 - INFO - Initializing CCXT Binance in TESTNET mode.
2026-08-21 21:40:05,339 - INFO - [bot-1787304187284-d5a6] Pre-flight instrument resolved: BTC/USDT (SPOT via binance_spot)
2026-08-21 21:40:09,624 - INFO - [bot-1787304187284-d5a6] Starting signal check cycle for BTC/USDT (5m)...
2026-08-21 21:40:11,223 - INFO - Fetching recent candles for BTC/USDT (5m) [Bot: bot-1787304187284-d5a6] via ProviderManager...
2026-08-21 22:02:09,707 - INFO - Indicators computed | close=77278.01 ema_9=77227.63 ema_20=77260.64 ema_50=77233.57 ema_200=76105.30 macd=-18.4754 poc=69350.0 val=64025.0 vah=74450.0
2026-08-21 22:02:10,573 - INFO - [bot-1787304187284-d5a6] Evaluating strategy on completed candle: 2026-08-21 16:25:00+00:00 at Close price: 77383.87
2026-08-21 22:02:14,093 - INFO - Confluence Evaluation | Regime: TRENDING (ADX=39.1) | Direction: HOLD | BullScore: 32.6% | BearScore: 67.4% | Active: ['ema', 'macd', 'rsi', 'vp']
2026-08-21 22:02:15,659 - INFO - Signal evaluated: HOLD. Reason/Details: Confluence score: 67% (HOLD)
2026-08-21 22:02:17,478 - INFO - Logged heartbeat status: OK
2026-08-21 22:02:21,652 - INFO - Adding job tentatively -- it will be properly scheduled when the scheduler starts
2026-08-21 22:02:21,661 - INFO - Bot bot-1787304187284-d5a6 scheduled to check every 5 minutes.
2026-08-21 22:02:23,109 - INFO - Added job "LiveRunner.process_cycle" to job store "default"
2026-08-21 22:02:23,134 - INFO - Scheduler started
2026-08-21 22:07:21,814 - INFO - Running job "LiveRunner.process_cycle (trigger: interval[0:05:00], next run at: 2026-08-21 22:12:21 IST)" (scheduled at 2026-08-21 22:07:21.150353+05:30)
2026-08-21 22:07:25,859 - INFO - [bot-1787304187284-d5a6] Starting signal check cycle for BTC/USDT (5m)...
2026-08-21 22:07:26,350 - INFO - Fetching recent candles for BTC/USDT (5m) [Bot: bot-1787304187284-d5a6] via ProviderManager...
2026-08-21 22:07:32,827 - INFO - Indicators computed | close=77282.51 ema_9=77248.22 ema_20=77267.90 ema_50=77237.75 ema_200=76117.61 macd=-10.1814 poc=69350.0 val=64025.0 vah=74475.0
2026-08-21 22:07:32,837 - INFO - [bot-1787304187284-d5a6] Evaluating strategy on completed candle: 2026-08-21 16:30:00+00:00 at Close price: 77338.12
2026-08-21 22:07:32,927 - INFO - Confluence Evaluation | Regime: TRENDING (ADX=39.7) | Direction: HOLD | BullScore: 32.6% | BearScore: 67.4% | Active: ['ema', 'macd', 'rsi', 'vp']
2026-08-21 22:07:32,958 - INFO - Signal evaluated: HOLD. Reason/Details: Confluence score: 67% (HOLD)
2026-08-21 22:07:33,013 - INFO - Logged heartbeat status: OK
2026-08-21 22:07:33,016 - INFO - Job "LiveRunner.process_cycle (trigger: interval[0:05:00], next run at: 2026-08-21 22:12:21 IST)" executed successfully
2026-08-21 22:12:21,243 - INFO - Running job "LiveRunner.process_cycle (trigger: interval[0:05:00], next run at: 2026-08-21 22:17:21 IST)" (scheduled at 2026-08-21 22:12:21.150353+05:30)
2026-08-21 22:12:21,269 - INFO - [bot-1787304187284-d5a6] Starting signal check cycle for BTC/USDT (5m)...
2026-08-21 22:12:21,315 - INFO - Fetching recent candles for BTC/USDT (5m) [Bot: bot-1787304187284-d5a6] via ProviderManager...
2026-08-21 22:12:21,876 - INFO - Indicators computed | close=77298.00 ema_9=77263.58 ema_20=77273.68 ema_50=77241.39 ema_200=76129.69 macd=-4.0085 poc=69350.0 val=64025.0 vah=74475.0
2026-08-21 22:12:21,877 - INFO - [bot-1787304187284-d5a6] Evaluating strategy on completed candle: 2026-08-21 16:35:00+00:00 at Close price: 77316.28
2026-08-21 22:12:21,951 - INFO - Confluence Evaluation | Regime: TRENDING (ADX=39.7) | Direction: HOLD | BullScore: 32.6% | BearScore: 67.4% | Active: ['ema', 'macd', 'rsi', 'vp']
2026-08-21 22:12:22,046 - INFO - Signal evaluated: HOLD. Reason/Details: Confluence score: 67% (HOLD)
2026-08-21 22:12:22,276 - INFO - Logged heartbeat status: OK
2026-08-21 22:12:22,277 - INFO - Job "LiveRunner.process_cycle (trigger: interval[0:05:00], next run at: 2026-08-21 22:17:21 IST)" executed successfully
2026-08-21 22:17:21,178 - INFO - Running job "LiveRunner.process_cycle (trigger: interval[0:05:00], next run at: 2026-08-21 22:22:21 IST)" (scheduled at 2026-08-21 22:17:21.150353+05:30)
2026-08-21 22:17:21,195 - INFO - [bot-1787304187284-d5a6] Starting signal check cycle for BTC/USDT (5m)...
2026-08-21 22:17:21,244 - INFO - Fetching recent candles for BTC/USDT (5m) [Bot: bot-1787304187284-d5a6] via ProviderManager...
2026-08-21 22:17:21,816 - INFO - Indicators computed | close=77435.35 ema_9=77308.18 ema_20=77294.59 ema_50=77251.41 ema_200=76143.31 macd=13.6639 poc=69350.0 val=64025.0 vah=74500.0
2026-08-21 22:17:21,817 - INFO - [bot-1787304187284-d5a6] Evaluating strategy on completed candle: 2026-08-21 16:40:00+00:00 at Close price: 77362.04
2026-08-21 22:17:21,890 - INFO - Confluence Evaluation | Regime: TRENDING (ADX=40.2) | Direction: HOLD | BullScore: 32.6% | BearScore: 34.8% | Active: ['ema', 'macd', 'rsi', 'vp']
2026-08-21 22:17:21,995 - INFO - Signal evaluated: HOLD. Reason/Details: Confluence score: 35% (HOLD)
2026-08-21 22:17:22,250 - INFO - Logged heartbeat status: OK
2026-08-21 22:17:22,251 - INFO - Job "LiveRunner.process_cycle (trigger: interval[0:05:00], next run at: 2026-08-21 22:22:21 IST)" executed successfully
2026-08-21 22:22:21,251 - INFO - Running job "LiveRunner.process_cycle (trigger: interval[0:05:00], next run at: 2026-08-21 22:27:21 IST)" (scheduled at 2026-08-21 22:22:21.150353+05:30)
2026-08-21 22:22:21,342 - INFO - [bot-1787304187284-d5a6] Starting signal check cycle for BTC/USDT (5m)...
2026-08-21 22:22:21,407 - INFO - Fetching recent candles for BTC/USDT (5m) [Bot: bot-1787304187284-d5a6] via ProviderManager...
2026-08-21 22:22:21,942 - INFO - Indicators computed | close=77474.01 ema_9=77356.52 ema_20=77319.85 ema_50=77263.71 ema_200=76157.48 macd=32.2768 poc=69350.0 val=64025.0 vah=74525.0
2026-08-21 22:22:21,946 - INFO - [bot-1787304187284-d5a6] Evaluating strategy on completed candle: 2026-08-21 16:45:00+00:00 at Close price: 77530.19
2026-08-21 22:22:22,094 - INFO - LONG signal blocked | Location blocked (Close 77530.19 outside Value Area [62744.50 - 76015.50], VAL=64025.00, VAH=74525.00) | context={'close': 77530.19, 'ema_9': 77327.14786556269, 'ema_20': 77303.62543003306, 'ema_50': 77255.12450110391, 'ema_200': 76144.25262187838, 'macd_line': 21.229475276821177, 'macd_signal': 6.32280964717363, 'macd_hist': 14.906665629647547, 'poc': np.float64(69350.0), 'val': np.float64(64025.0), 'vah': np.float64(74525.0)}
2026-08-21 22:22:22,119 - INFO - Confluence Evaluation | Regime: TRENDING (ADX=39.6) | Direction: HOLD | BullScore: 65.2% | BearScore: 34.8% | Active: ['ema', 'macd', 'rsi', 'vp']
2026-08-21 22:22:22,285 - INFO - Signal evaluated: HOLD. Reason/Details: LONG setup blocked: Location blocked (Close 77530.19 outside Value Area [62744.50 - 76015.50], VAL=64025.00, VAH=74525.00)
2026-08-21 22:22:22,872 - INFO - Logged heartbeat status: OK
2026-08-21 22:22:22,873 - INFO - Job "LiveRunner.process_cycle (trigger: interval[0:05:00], next run at: 2026-08-21 22:27:21 IST)" executed successfully
2026-08-21 22:27:21,165 - INFO - Running job "LiveRunner.process_cycle (trigger: interval[0:05:00], next run at: 2026-08-21 22:32:21 IST)" (scheduled at 2026-08-21 22:27:21.150353+05:30)
2026-08-21 22:27:21,175 - INFO - [bot-1787304187284-d5a6] Starting signal check cycle for BTC/USDT (5m)...
2026-08-21 22:27:21,228 - INFO - Fetching recent candles for BTC/USDT (5m) [Bot: bot-1787304187284-d5a6] via ProviderManager...
2026-08-21 22:27:21,710 - INFO - Indicators computed | close=77496.00 ema_9=77383.77 ema_20=77336.28 ema_50=77272.67 ema_200=76170.76 macd=42.0715 poc=69350.0 val=64025.0 vah=74550.0
2026-08-21 22:27:21,711 - INFO - [bot-1787304187284-d5a6] Evaluating strategy on completed candle: 2026-08-21 16:50:00+00:00 at Close price: 77470.00
2026-08-21 22:27:21,775 - INFO - Confluence Evaluation | Regime: TRENDING (ADX=39.0) | Direction: HOLD | BullScore: 65.2% | BearScore: 34.8% | Active: ['ema', 'macd', 'rsi', 'vp']
2026-08-21 22:27:21,877 - INFO - Signal evaluated: HOLD. Reason/Details: Confluence score: 65% (HOLD)
2026-08-21 22:27:22,076 - INFO - Logged heartbeat status: OK
2026-08-21 22:27:22,077 - INFO - Job "LiveRunner.process_cycle (trigger: interval[0:05:00], next run at: 2026-08-21 22:32:21 IST)" executed successfully
2026-08-21 22:32:21,207 - INFO - Running job "LiveRunner.process_cycle (trigger: interval[0:05:00], next run at: 2026-08-21 22:37:21 IST)" (scheduled at 2026-08-21 22:32:21.150353+05:30)
2026-08-21 22:32:21,255 - INFO - [bot-1787304187284-d5a6] Starting signal check cycle for BTC/USDT (5m)...
2026-08-21 22:32:21,319 - INFO - Fetching recent candles for BTC/USDT (5m) [Bot: bot-1787304187284-d5a6] via ProviderManager...
2026-08-21 22:32:21,855 - INFO - Indicators computed | close=77597.71 ema_9=77424.96 ema_20=77360.32 ema_50=77285.04 ema_200=76184.86 macd=57.0149 poc=69350.0 val=64025.0 vah=74550.0
2026-08-21 22:32:21,856 - INFO - [bot-1787304187284-d5a6] Evaluating strategy on completed candle: 2026-08-21 16:55:00+00:00 at Close price: 77486.01
2026-08-21 22:32:21,928 - INFO - Confluence Evaluation | Regime: TRENDING (ADX=37.1) | Direction: LONG | BullScore: 82.6% | BearScore: 17.4% | Active: ['ema', 'macd', 'rsi', 'vp']
2026-08-21 22:32:22,056 - INFO - Capping position size 0.309004 BTC to available cash equivalent 0.064528 BTC.
2026-08-21 22:32:22,248 - INFO - Created pending signal approval ID 249 for bot bot-1787304187284-d5a6 (LONG @ $77486.01, status: WAITING_APPROVAL)
2026-08-21 22:32:22,323 - INFO - [bot-1787304187284-d5a6] Signal LONG generated (ID: 249). Waiting for manual user approval.
2026-08-21 22:32:22,592 - INFO - Logged heartbeat status: OK
2026-08-21 22:32:22,592 - INFO - Job "LiveRunner.process_cycle (trigger: interval[0:05:00], next run at: 2026-08-21 22:37:21 IST)" executed successfully
2026-08-21 22:37:21,241 - INFO - Running job "LiveRunner.process_cycle (trigger: interval[0:05:00], next run at: 2026-08-21 22:42:21 IST)" (scheduled at 2026-08-21 22:37:21.150353+05:30)
2026-08-21 22:37:21,250 - INFO - [bot-1787304187284-d5a6] Starting signal check cycle for BTC/USDT (5m)...
2026-08-21 22:37:21,296 - INFO - Fetching recent candles for BTC/USDT (5m) [Bot: bot-1787304187284-d5a6] via ProviderManager...
2026-08-21 22:37:21,742 - INFO - Indicators computed | close=77666.00 ema_9=77461.06 ema_20=77382.91 ema_50=77297.12 ema_200=76198.86 macd=69.4820 poc=69350.0 val=64025.0 vah=74575.0
2026-08-21 22:37:21,744 - INFO - [bot-1787304187284-d5a6] Evaluating strategy on completed candle: 2026-08-21 17:00:00+00:00 at Close price: 77522.00
2026-08-21 22:37:21,808 - INFO - Confluence Evaluation | Regime: TRENDING (ADX=34.7) | Direction: LONG | BullScore: 82.6% | BearScore: 17.4% | Active: ['ema', 'macd', 'rsi', 'vp']
2026-08-21 22:37:21,911 - INFO - Capping position size 0.307437 BTC to available cash equivalent 0.064498 BTC.
2026-08-21 22:37:21,970 - INFO - [bot-1787304187284-d5a6] Signal LONG active pending approval already exists (ID: 249).
2026-08-21 22:37:22,201 - INFO - Logged heartbeat status: OK
2026-08-21 22:37:22,202 - INFO - Job "LiveRunner.process_cycle (trigger: interval[0:05:00], next run at: 2026-08-21 22:42:21 IST)" executed successfully
2026-08-21 22:42:21,166 - INFO - Running job "LiveRunner.process_cycle (trigger: interval[0:05:00], next run at: 2026-08-21 22:47:21 IST)" (scheduled at 2026-08-21 22:42:21.150353+05:30)
2026-08-21 22:42:21,263 - INFO - [bot-1787304187284-d5a6] Starting signal check cycle for BTC/USDT (5m)...
2026-08-21 22:42:21,282 - INFO - Fetching recent candles for BTC/USDT (5m) [Bot: bot-1787304187284-d5a6] via ProviderManager...
2026-08-21 22:42:21,876 - INFO - Indicators computed | close=77594.00 ema_9=77479.86 ema_20=77398.82 ema_50=77306.93 ema_200=76212.26 macd=74.4509 poc=69350.0 val=64025.0 vah=74575.0
2026-08-21 22:42:21,879 - INFO - [bot-1787304187284-d5a6] Evaluating strategy on completed candle: 2026-08-21 17:05:00+00:00 at Close price: 77617.37
2026-08-21 22:42:21,959 - INFO - Confluence Evaluation | Regime: TRENDING (ADX=35.6) | Direction: LONG | BullScore: 82.6% | BearScore: 17.4% | Active: ['ema', 'macd', 'rsi', 'vp']
2026-08-21 22:42:21,980 - INFO - Capping position size 0.265470 BTC to available cash equivalent 0.064419 BTC.
2026-08-21 22:42:22,002 - INFO - [bot-1787304187284-d5a6] Signal LONG active pending approval already exists (ID: 249).
2026-08-21 22:42:22,360 - INFO - Logged heartbeat status: OK
2026-08-21 22:42:22,360 - INFO - Job "LiveRunner.process_cycle (trigger: interval[0:05:00], next run at: 2026-08-21 22:47:21 IST)" executed successfully
