/Users/ashishparadkar/Downloads/algo-code-main/.venv/lib/python3.9/site-packages/urllib3/__init__.py:35: NotOpenSSLWarning: urllib3 v2 only supports OpenSSL 1.1.1+, currently the 'ssl' module is compiled with 'LibreSSL 2.8.3'. See: https://github.com/urllib3/urllib3/issues/3020
  warnings.warn(
2026-08-20 12:39:35,542 - INFO - Bot state startup reconciliation finished: 0 bot(s) reconciled to STOPPED.
2026-08-20 12:39:35,750 - INFO - Telegram notification service initialized successfully (Chat ID: 5657...)
2026-08-20 12:39:35,759 - INFO - Initializing scheduled trading bot live runner for bot-1787209210818-02bd...
2026-08-20 12:39:35,883 - INFO - SQLite database tables verified/created.
2026-08-20 12:39:36,163 - INFO - Initializing CCXT Binance in TESTNET mode.
2026-08-20 12:39:47,754 - INFO - [bot-1787209210818-02bd] Pre-flight instrument resolved: SOL/USDT (SPOT via binance_spot)
2026-08-20 12:39:47,830 - INFO - [bot-1787209210818-02bd] Starting signal check cycle for SOL/USDT (5m)...
2026-08-20 12:39:47,838 - INFO - Fetching recent candles for SOL/USDT (5m) [Bot: bot-1787209210818-02bd] via ProviderManager...
2026-08-20 12:40:01,708 - INFO - Indicators computed | close=85.96 ema_9=85.75 ema_20=85.46 ema_50=85.14 ema_200=83.60 macd=0.3010 poc=75.0 val=75.0 vah=75.0
2026-08-20 12:40:01,711 - INFO - [bot-1787209210818-02bd] Evaluating strategy on completed candle: 2026-08-20 07:05:00+00:00 at Close price: 85.96
2026-08-20 12:40:01,747 - INFO - Confluence Evaluation | Regime: TRENDING (ADX=40.5) | Direction: LONG | BullScore: 82.6% | BearScore: 17.4% | Active: ['ema', 'macd', 'rsi', 'vp']
2026-08-20 12:40:01,777 - INFO - Capping position size 484.848485 BTC to available cash equivalent 93.066543 BTC.
2026-08-20 12:40:01,832 - INFO - Created pending signal approval ID 34 for bot bot-1787209210818-02bd (LONG @ $85.96, status: WAITING_APPROVAL)
2026-08-20 12:40:01,845 - INFO - [bot-1787209210818-02bd] Signal LONG generated (ID: 34). Waiting for manual user approval.
2026-08-20 12:40:01,905 - INFO - Logged heartbeat status: OK
2026-08-20 12:40:01,910 - INFO - Adding job tentatively -- it will be properly scheduled when the scheduler starts
2026-08-20 12:40:01,910 - INFO - Bot bot-1787209210818-02bd scheduled to check every 5 minutes.
2026-08-20 12:40:01,911 - INFO - Added job "LiveRunner.process_cycle" to job store "default"
2026-08-20 12:40:01,911 - INFO - Scheduler started
