/Users/ashishparadkar/Downloads/algo-code-main/.venv/lib/python3.9/site-packages/urllib3/__init__.py:35: NotOpenSSLWarning: urllib3 v2 only supports OpenSSL 1.1.1+, currently the 'ssl' module is compiled with 'LibreSSL 2.8.3'. See: https://github.com/urllib3/urllib3/issues/3020
  warnings.warn(
2026-08-21 18:16:43,179 - INFO - Bot state startup reconciliation finished: 0 bot(s) reconciled to STOPPED.
2026-08-21 18:16:47,042 - INFO - Telegram notification service initialized successfully (Chat ID: 5657...)
2026-08-21 18:16:47,918 - INFO - Initializing scheduled trading bot live runner for bot-1787306032573-b68d...
2026-08-21 18:16:51,495 - INFO - SQLite database tables verified/created.
2026-08-21 18:16:54,626 - INFO - Initializing CCXT Binance in TESTNET mode.
/Users/ashishparadkar/Downloads/algo-code-main/.venv/lib/python3.9/site-packages/urllib3/__init__.py:35: NotOpenSSLWarning: urllib3 v2 only supports OpenSSL 1.1.1+, currently the 'ssl' module is compiled with 'LibreSSL 2.8.3'. See: https://github.com/urllib3/urllib3/issues/3020
  warnings.warn(
2026-08-21 20:30:42,664 - INFO - Bot state startup reconciliation finished: 0 bot(s) reconciled to STOPPED.
2026-08-21 20:30:48,160 - INFO - Telegram notification service initialized successfully (Chat ID: 5657...)
2026-08-21 20:30:49,814 - INFO - Initializing scheduled trading bot live runner for bot-1787306032573-b68d...
2026-08-21 20:30:53,090 - INFO - SQLite database tables verified/created.
2026-08-21 20:30:56,778 - INFO - Initializing CCXT Binance in TESTNET mode.
/Users/ashishparadkar/Downloads/algo-code-main/.venv/lib/python3.9/site-packages/urllib3/__init__.py:35: NotOpenSSLWarning: urllib3 v2 only supports OpenSSL 1.1.1+, currently the 'ssl' module is compiled with 'LibreSSL 2.8.3'. See: https://github.com/urllib3/urllib3/issues/3020
  warnings.warn(
2026-08-21 21:38:02,154 - INFO - Bot state startup reconciliation finished: 0 bot(s) reconciled to STOPPED.
2026-08-21 21:38:09,790 - INFO - Telegram notification service initialized successfully (Chat ID: 5657...)
2026-08-21 21:38:09,841 - INFO - Initializing scheduled trading bot live runner for bot-1787306032573-b68d...
2026-08-21 21:38:11,676 - INFO - SQLite database tables verified/created.
2026-08-21 21:38:12,406 - INFO - Initializing CCXT Binance in TESTNET mode.
2026-08-21 21:41:29,305 - INFO - [bot-1787306032573-b68d] Pre-flight instrument resolved: BTC/USDT (SPOT via binance_spot)
2026-08-21 21:41:42,382 - INFO - [bot-1787306032573-b68d] Starting signal check cycle for BTC/USDT (15m)...
2026-08-21 21:41:45,269 - INFO - Fetching recent candles for BTC/USDT (15m) [Bot: bot-1787306032573-b68d] via ProviderManager...
2026-08-21 22:02:58,292 - INFO - Indicators computed | close=77331.99 ema_9=77287.19 ema_20=77242.10 ema_50=76624.73 ema_200=72842.13 macd=113.1001 poc=63050.0 val=62700.0 vah=72550.0
2026-08-21 22:02:58,644 - INFO - [bot-1787306032573-b68d] Evaluating strategy on completed candle: 2026-08-21 16:15:00+00:00 at Close price: 77383.87
2026-08-21 22:03:01,194 - INFO - Confluence Evaluation | Regime: TRENDING (ADX=29.4) | Direction: HOLD | BullScore: 39.5% | BearScore: 21.1% | Active: ['ema', 'macd', 'vp']
2026-08-21 22:03:02,014 - INFO - Signal evaluated: HOLD. Reason/Details: Confluence score: 40% (HOLD)
2026-08-21 22:03:03,576 - INFO - Logged heartbeat status: OK
2026-08-21 22:03:05,423 - INFO - Adding job tentatively -- it will be properly scheduled when the scheduler starts
2026-08-21 22:03:05,431 - INFO - Bot bot-1787306032573-b68d scheduled to check every 15 minutes.
2026-08-21 22:03:06,109 - INFO - Added job "LiveRunner.process_cycle" to job store "default"
2026-08-21 22:03:06,109 - INFO - Scheduler started
2026-08-21 22:18:06,362 - WARNING - Run time of job "LiveRunner.process_cycle (trigger: interval[0:15:00], next run at: 2026-08-21 22:33:05 IST)" was missed by 0:00:01.241028
2026-08-21 22:33:05,169 - INFO - Running job "LiveRunner.process_cycle (trigger: interval[0:15:00], next run at: 2026-08-21 22:48:05 IST)" (scheduled at 2026-08-21 22:33:05.008712+05:30)
2026-08-21 22:33:05,645 - INFO - [bot-1787306032573-b68d] Starting signal check cycle for BTC/USDT (15m)...
2026-08-21 22:33:05,715 - INFO - Fetching recent candles for BTC/USDT (15m) [Bot: bot-1787306032573-b68d] via ProviderManager...
2026-08-21 22:33:11,482 - INFO - Indicators computed | close=77590.76 ema_9=77383.56 ema_20=77298.66 ema_50=76696.15 ema_200=72935.42 macd=135.5569 poc=63050.0 val=62700.0 vah=72600.0
2026-08-21 22:33:11,568 - INFO - [bot-1787306032573-b68d] Evaluating strategy on completed candle: 2026-08-21 16:45:00+00:00 at Close price: 77486.01
2026-08-21 22:33:11,739 - INFO - Confluence Evaluation | Regime: TRENDING (ADX=27.4) | Direction: HOLD | BullScore: 39.5% | BearScore: 21.1% | Active: ['ema', 'macd', 'vp']
2026-08-21 22:33:11,957 - INFO - Signal evaluated: HOLD. Reason/Details: Confluence score: 40% (HOLD)
2026-08-21 22:33:12,462 - INFO - Logged heartbeat status: OK
2026-08-21 22:33:12,463 - INFO - Job "LiveRunner.process_cycle (trigger: interval[0:15:00], next run at: 2026-08-21 22:48:05 IST)" executed successfully
