2026-08-16 14:25:28,239 - INFO - Initializing scheduled trading bot live runner for bot-1786870520141-f140...
2026-08-16 14:25:28,269 - INFO - SQLite database tables verified/created.
2026-08-16 14:25:28,293 - INFO - Initializing CCXT Binance in TESTNET mode.
2026-08-16 14:25:29,578 - INFO - Initializing CCXT Binance in MAINNET mode (Public endpoints).
2026-08-16 14:25:29,669 - INFO - Sending Telegram alert...
2026-08-16 14:25:31,431 - INFO - Telegram alert sent successfully.
2026-08-16 14:25:31,469 - INFO - [bot-1786870520141-f140] Starting signal check cycle for BTC/USDT (5m)...
2026-08-16 14:25:31,522 - INFO - Fetching recent candles for BTC/USDT (5m) [Bot: bot-1786870520141-f140]...
2026-08-16 14:25:37,381 - INFO - Indicators computed | close=63072.43 ema_9=63070.85 ema_20=63068.41 ema_50=63073.10 ema_200=63081.46 macd=1.3307 poc=63050.0 val=62600.0 vah=63425.0
2026-08-16 14:25:37,383 - INFO - [bot-1786870520141-f140] Evaluating strategy on completed candle: 2026-08-16T08:50:00+00:00 at Close price: 63072.43
2026-08-16 14:25:37,450 - INFO - Confluence Evaluation | Regime: TRENDING (ADX=72.4) | Direction: HOLD | BullScore: 11.8% | BearScore: 44.1% | Active: ['ema_9', 'ema_20', 'rsi', 'vwap', 'supertrend', 'atr']
2026-08-16 14:25:37,910 - INFO - Signal evaluated: HOLD. Reason/Details: Confluence score: 44% (HOLD)
2026-08-16 14:25:37,983 - INFO - Logged heartbeat status: OK
2026-08-16 14:25:37,986 - INFO - Adding job tentatively -- it will be properly scheduled when the scheduler starts
2026-08-16 14:25:37,986 - INFO - Bot bot-1786870520141-f140 scheduled to check every 5 minutes.
2026-08-16 14:25:37,986 - INFO - Added job "LiveRunner.process_cycle" to job store "default"
2026-08-16 14:25:37,986 - INFO - Scheduler started
2026-08-16 16:48:42,206 - INFO - Initializing scheduled trading bot live runner for bot-1786870520141-f140...
2026-08-16 16:48:42,455 - INFO - SQLite database tables verified/created.
2026-08-16 16:48:42,471 - INFO - Initializing CCXT Binance in TESTNET mode.
2026-08-16 16:48:43,930 - INFO - Initializing CCXT Binance in MAINNET mode (Public endpoints).
2026-08-16 16:48:43,960 - INFO - Sending Telegram alert...
2026-08-16 16:48:44,948 - INFO - Telegram alert sent successfully.
2026-08-16 16:48:44,957 - INFO - [bot-1786870520141-f140] Starting signal check cycle for BTC/USDT (5m)...
2026-08-16 16:48:44,966 - INFO - Fetching recent candles for BTC/USDT (5m) [Bot: bot-1786870520141-f140]...
2026-08-16 16:49:05,581 - INFO - Indicators computed | close=63006.55 ema_9=63007.19 ema_20=63012.75 ema_50=63033.45 ema_200=63066.09 macd=-9.4444 poc=63050.0 val=62600.0 vah=63425.0
2026-08-16 16:49:05,713 - INFO - [bot-1786870520141-f140] Evaluating strategy on completed candle: 2026-08-16T11:10:00+00:00 at Close price: 63006.54
2026-08-16 16:49:12,319 - INFO - Confluence Evaluation | Regime: TRENDING (ADX=52.5) | Direction: SHORT | BullScore: 11.8% | BearScore: 88.2% | Active: ['ema_9', 'ema_20', 'rsi', 'vwap', 'supertrend', 'atr']
2026-08-16 16:49:16,228 - INFO - Capping position size 4.612546 BTC to available cash equivalent 0.238071 BTC.
2026-08-16 16:49:16,238 - INFO - Created pending signal approval ID 212 for bot bot-1786870520141-f140 (SHORT @ $63006.54, status: WAITING_APPROVAL)
2026-08-16 16:49:19,752 - INFO - [bot-1786870520141-f140] Signal SHORT generated (ID: 212). Waiting for manual user approval.
2026-08-16 16:49:19,801 - INFO - Logged heartbeat status: OK
2026-08-16 16:49:19,805 - INFO - Adding job tentatively -- it will be properly scheduled when the scheduler starts
2026-08-16 16:49:19,805 - INFO - Bot bot-1786870520141-f140 scheduled to check every 5 minutes.
2026-08-16 16:49:19,806 - INFO - Added job "LiveRunner.process_cycle" to job store "default"
2026-08-16 16:49:19,806 - INFO - Scheduler started
2026-08-16 17:04:22,395 - INFO - Initializing scheduled trading bot live runner for bot-1786870520141-f140...
2026-08-16 17:04:22,416 - INFO - SQLite database tables verified/created.
2026-08-16 17:04:22,468 - INFO - Initializing CCXT Binance in TESTNET mode.
2026-08-16 17:04:24,057 - INFO - Initializing CCXT Binance in MAINNET mode (Public endpoints).
2026-08-16 17:04:24,357 - INFO - Sending Telegram alert...
2026-08-16 17:04:25,455 - INFO - Telegram alert sent successfully.
2026-08-16 17:04:25,461 - INFO - [bot-1786870520141-f140] Starting signal check cycle for BTC/USDT (5m)...
2026-08-16 17:04:25,466 - INFO - Fetching recent candles for BTC/USDT (5m) [Bot: bot-1786870520141-f140]...
2026-08-16 17:04:30,869 - INFO - Indicators computed | close=62987.62 ema_9=62997.31 ema_20=63006.09 ema_50=63028.21 ema_200=63063.76 macd=-11.4479 poc=63050.0 val=62600.0 vah=63425.0
2026-08-16 17:04:30,870 - INFO - [bot-1786870520141-f140] Evaluating strategy on completed candle: 2026-08-16T11:25:00+00:00 at Close price: 62981.95
2026-08-16 17:04:34,846 - INFO - Confluence Evaluation | Regime: TRENDING (ADX=42.2) | Direction: SHORT | BullScore: 0.0% | BearScore: 100.0% | Active: ['ema_9', 'ema_20', 'rsi', 'vwap', 'supertrend', 'atr']
2026-08-16 17:04:34,856 - INFO - Capping position size 3.347094 BTC to available cash equivalent 0.238163 BTC.
2026-08-16 17:04:36,164 - INFO - [bot-1786870520141-f140] Signal SHORT active pending approval already exists (ID: 212).
2026-08-16 17:04:42,284 - INFO - Logged heartbeat status: OK
2026-08-16 17:04:42,289 - INFO - Adding job tentatively -- it will be properly scheduled when the scheduler starts
2026-08-16 17:04:42,289 - INFO - Bot bot-1786870520141-f140 scheduled to check every 5 minutes.
2026-08-16 17:04:42,289 - INFO - Added job "LiveRunner.process_cycle" to job store "default"
2026-08-16 17:04:42,290 - INFO - Scheduler started
2026-08-16 17:28:18,646 - INFO - Initializing scheduled trading bot live runner for bot-1786870520141-f140...
2026-08-16 17:28:18,720 - INFO - SQLite database tables verified/created.
2026-08-16 17:28:18,753 - INFO - Initializing CCXT Binance in TESTNET mode.
2026-08-16 17:28:20,262 - INFO - Initializing CCXT Binance in MAINNET mode (Public endpoints).
2026-08-16 17:28:20,383 - INFO - Sending Telegram alert...
2026-08-16 17:28:21,308 - INFO - Telegram alert sent successfully.
2026-08-16 17:28:21,822 - INFO - [bot-1786870520141-f140] Starting signal check cycle for BTC/USDT (5m)...
2026-08-16 17:28:22,237 - INFO - Fetching recent candles for BTC/USDT (5m) [Bot: bot-1786870520141-f140]...
2026-08-16 17:28:27,727 - INFO - Indicators computed | close=63009.90 ema_9=62997.07 ema_20=63002.29 ema_50=63022.42 ema_200=63060.47 macd=-8.4142 poc=63050.0 val=62600.0 vah=63425.0
2026-08-16 17:28:27,729 - INFO - [bot-1786870520141-f140] Evaluating strategy on completed candle: 2026-08-16T11:50:00+00:00 at Close price: 62988.50
2026-08-16 17:28:38,649 - ERROR - Error logging bot activity for bot-1786870520141-f140: database is locked
2026-08-16 17:28:38,828 - INFO - Confluence Evaluation | Regime: TRENDING (ADX=32.8) | Direction: HOLD | BullScore: 44.1% | BearScore: 55.9% | Active: ['ema_9', 'ema_20', 'rsi', 'vwap', 'supertrend', 'atr']
2026-08-16 17:28:54,298 - ERROR - Error logging signal to DB: database is locked
2026-08-16 17:28:54,299 - INFO - Signal evaluated: HOLD. Reason/Details: Confluence score: 56% (HOLD)
2026-08-16 17:28:59,362 - INFO - Logged heartbeat status: OK
2026-08-16 17:28:59,365 - INFO - Adding job tentatively -- it will be properly scheduled when the scheduler starts
2026-08-16 17:28:59,365 - INFO - Bot bot-1786870520141-f140 scheduled to check every 5 minutes.
2026-08-16 17:28:59,365 - INFO - Added job "LiveRunner.process_cycle" to job store "default"
2026-08-16 17:28:59,365 - INFO - Scheduler started
2026-08-16 18:12:21,313 - INFO - Initializing scheduled trading bot live runner for bot-1786870520141-f140...
2026-08-16 18:12:21,396 - INFO - SQLite database tables verified/created.
2026-08-16 18:12:21,408 - INFO - Initializing CCXT Binance in TESTNET mode.
2026-08-16 18:12:23,223 - INFO - Initializing CCXT Binance in MAINNET mode (Public endpoints).
2026-08-16 18:12:23,318 - INFO - Sending Telegram alert...
2026-08-16 18:12:24,397 - INFO - Telegram alert sent successfully.
2026-08-16 18:12:24,411 - INFO - [bot-1786870520141-f140] Starting signal check cycle for BTC/USDT (5m)...
2026-08-16 18:12:24,418 - INFO - Fetching recent candles for BTC/USDT (5m) [Bot: bot-1786870520141-f140]...
2026-08-16 18:12:33,155 - INFO - Indicators computed | close=63005.97 ema_9=63011.70 ema_20=63010.55 ema_50=63020.87 ema_200=63056.81 macd=-0.3075 poc=63050.0 val=62600.0 vah=63400.0
2026-08-16 18:12:33,214 - INFO - [bot-1786870520141-f140] Evaluating strategy on completed candle: 2026-08-16T12:35:00+00:00 at Close price: 63005.97
2026-08-16 18:12:33,267 - INFO - Confluence Evaluation | Regime: RANGING (ADX=17.7) | Direction: HOLD | BullScore: 73.8% | BearScore: 26.2% | Active: ['ema_9', 'ema_20', 'rsi', 'vwap', 'supertrend', 'atr']
2026-08-16 18:12:35,588 - INFO - Signal evaluated: HOLD. Reason/Details: Confluence score: 74% (HOLD)
2026-08-16 18:12:40,210 - INFO - Logged heartbeat status: OK
2026-08-16 18:12:40,212 - INFO - Adding job tentatively -- it will be properly scheduled when the scheduler starts
2026-08-16 18:12:40,212 - INFO - Bot bot-1786870520141-f140 scheduled to check every 5 minutes.
2026-08-16 18:12:40,212 - INFO - Added job "LiveRunner.process_cycle" to job store "default"
2026-08-16 18:12:40,212 - INFO - Scheduler started
2026-08-16 18:13:42,440 - INFO - Initializing scheduled trading bot live runner for bot-1786870520141-f140...
2026-08-16 18:13:42,470 - INFO - SQLite database tables verified/created.
2026-08-16 18:13:42,475 - INFO - Initializing CCXT Binance in TESTNET mode.
2026-08-16 18:13:43,772 - INFO - Initializing CCXT Binance in MAINNET mode (Public endpoints).
2026-08-16 18:13:43,781 - INFO - Sending Telegram alert...
2026-08-16 18:13:44,590 - INFO - Telegram alert sent successfully.
2026-08-16 18:13:44,592 - INFO - [bot-1786870520141-f140] Starting signal check cycle for BTC/USDT (5m)...
2026-08-16 18:13:44,654 - INFO - Fetching recent candles for BTC/USDT (5m) [Bot: bot-1786870520141-f140]...
2026-08-16 18:13:46,685 - INFO - Indicators computed | close=62997.77 ema_9=63010.06 ema_20=63009.77 ema_50=63020.54 ema_200=63056.72 macd=-0.9616 poc=63050.0 val=62600.0 vah=63400.0
2026-08-16 18:13:46,685 - INFO - [bot-1786870520141-f140] Evaluating strategy on completed candle: 2026-08-16T12:35:00+00:00 at Close price: 63005.97
2026-08-16 18:13:46,693 - INFO - Confluence Evaluation | Regime: RANGING (ADX=17.7) | Direction: HOLD | BullScore: 73.8% | BearScore: 26.2% | Active: ['ema_9', 'ema_20', 'rsi', 'vwap', 'supertrend', 'atr']
2026-08-16 18:13:48,075 - INFO - Signal evaluated: HOLD. Reason/Details: Confluence score: 74% (HOLD)
2026-08-16 18:13:48,138 - INFO - Logged heartbeat status: OK
2026-08-16 18:13:48,422 - INFO - Adding job tentatively -- it will be properly scheduled when the scheduler starts
2026-08-16 18:13:48,422 - INFO - Bot bot-1786870520141-f140 scheduled to check every 5 minutes.
2026-08-16 18:13:48,422 - INFO - Added job "LiveRunner.process_cycle" to job store "default"
2026-08-16 18:13:48,422 - INFO - Scheduler started
2026-08-16 18:17:47,364 - INFO - Initializing scheduled trading bot live runner for bot-1786870520141-f140...
2026-08-16 18:17:47,384 - INFO - SQLite database tables verified/created.
2026-08-16 18:17:47,438 - INFO - Initializing CCXT Binance in TESTNET mode.
2026-08-16 18:17:49,431 - INFO - Initializing CCXT Binance in MAINNET mode (Public endpoints).
2026-08-16 18:17:49,528 - INFO - Sending Telegram alert...
2026-08-16 18:17:50,473 - INFO - Telegram alert sent successfully.
2026-08-16 18:17:50,483 - INFO - [bot-1786870520141-f140] Starting signal check cycle for BTC/USDT (5m)...
2026-08-16 18:17:50,500 - INFO - Fetching recent candles for BTC/USDT (5m) [Bot: bot-1786870520141-f140]...
2026-08-16 18:17:56,107 - INFO - Indicators computed | close=62998.11 ema_9=63007.67 ema_20=63008.66 ema_50=63019.66 ema_200=63056.14 macd=-1.8338 poc=63050.0 val=62600.0 vah=63400.0
2026-08-16 18:17:56,108 - INFO - [bot-1786870520141-f140] Evaluating strategy on completed candle: 2026-08-16T12:40:00+00:00 at Close price: 62997.77
2026-08-16 18:18:09,286 - ERROR - Error logging bot activity for bot-1786870520141-f140: database is locked
2026-08-16 18:18:13,181 - INFO - Confluence Evaluation | Regime: RANGING (ADX=17.3) | Direction: SHORT | BullScore: 24.6% | BearScore: 75.4% | Active: ['ema_9', 'ema_20', 'rsi', 'vwap', 'supertrend', 'atr']
2026-08-16 18:18:32,637 - INFO - Capping position size 3.310527 BTC to available cash equivalent 0.238104 BTC.
2026-08-16 18:18:38,297 - INFO - Created pending signal approval ID 222 for bot bot-1786870520141-f140 (SHORT @ $62997.77, status: WAITING_APPROVAL)
2026-08-16 18:18:40,651 - INFO - [bot-1786870520141-f140] Signal SHORT generated (ID: 222). Waiting for manual user approval.
2026-08-16 18:18:40,711 - INFO - Logged heartbeat status: OK
2026-08-16 18:18:40,884 - INFO - Adding job tentatively -- it will be properly scheduled when the scheduler starts
2026-08-16 18:18:40,884 - INFO - Bot bot-1786870520141-f140 scheduled to check every 5 minutes.
2026-08-16 18:18:40,884 - INFO - Added job "LiveRunner.process_cycle" to job store "default"
2026-08-16 18:18:40,884 - INFO - Scheduler started
2026-08-16 18:35:18,826 - INFO - Initializing scheduled trading bot live runner for bot-1786870520141-f140...
2026-08-16 18:35:18,864 - INFO - SQLite database tables verified/created.
2026-08-16 18:35:18,875 - INFO - Initializing CCXT Binance in TESTNET mode.
2026-08-16 18:35:20,690 - INFO - Initializing CCXT Binance in MAINNET mode (Public endpoints).
2026-08-16 18:35:20,761 - INFO - Sending Telegram alert...
2026-08-16 18:35:23,433 - INFO - Telegram alert sent successfully.
2026-08-16 18:35:23,447 - INFO - [bot-1786870520141-f140] Starting signal check cycle for BTC/USDT (5m)...
2026-08-16 18:35:23,467 - WARNING - Global Kill switch active! Found flag file or config switch.
2026-08-16 18:35:23,468 - WARNING - Kill switch file active. Skipping cycle.
2026-08-16 18:35:23,468 - INFO - Sending Telegram alert...
2026-08-16 18:35:36,375 - INFO - Telegram alert sent successfully.
2026-08-16 18:35:36,450 - INFO - Logged heartbeat status: OK
2026-08-16 18:35:36,457 - INFO - Adding job tentatively -- it will be properly scheduled when the scheduler starts
2026-08-16 18:35:36,457 - INFO - Bot bot-1786870520141-f140 scheduled to check every 5 minutes.
2026-08-16 18:35:36,458 - INFO - Added job "LiveRunner.process_cycle" to job store "default"
2026-08-16 18:35:36,458 - INFO - Scheduler started
2026-08-16 19:05:49,411 - INFO - Initializing scheduled trading bot live runner for bot-1786870520141-f140...
2026-08-16 19:05:49,426 - INFO - SQLite database tables verified/created.
2026-08-16 19:05:49,544 - INFO - Initializing CCXT Binance in TESTNET mode.
2026-08-16 19:05:53,447 - INFO - Initializing CCXT Binance in MAINNET mode (Public endpoints).
2026-08-16 19:05:53,653 - INFO - Sending Telegram alert...
2026-08-16 19:06:04,141 - INFO - Telegram alert sent successfully.
2026-08-16 19:06:04,149 - INFO - [bot-1786870520141-f140] Starting signal check cycle for BTC/USDT (5m)...
2026-08-16 19:06:04,160 - WARNING - Global Kill switch active! Found flag file or config switch.
2026-08-16 19:06:04,160 - WARNING - Kill switch file active. Skipping cycle.
2026-08-16 19:06:04,160 - INFO - Sending Telegram alert...
2026-08-16 19:06:05,086 - INFO - Telegram alert sent successfully.
2026-08-16 19:06:08,515 - INFO - Logged heartbeat status: OK
2026-08-16 19:06:08,518 - INFO - Adding job tentatively -- it will be properly scheduled when the scheduler starts
2026-08-16 19:06:08,518 - INFO - Bot bot-1786870520141-f140 scheduled to check every 5 minutes.
2026-08-16 19:06:08,518 - INFO - Added job "LiveRunner.process_cycle" to job store "default"
2026-08-16 19:06:08,518 - INFO - Scheduler started
2026-08-16 19:11:06,205 - INFO - Initializing scheduled trading bot live runner for bot-1786870520141-f140...
2026-08-16 19:11:06,400 - INFO - SQLite database tables verified/created.
2026-08-16 19:11:06,411 - INFO - Initializing CCXT Binance in TESTNET mode.
2026-08-16 19:11:09,445 - INFO - Initializing CCXT Binance in MAINNET mode (Public endpoints).
2026-08-16 19:11:09,559 - INFO - Sending Telegram alert...
2026-08-16 19:11:10,512 - INFO - Telegram alert sent successfully.
2026-08-16 19:11:10,824 - INFO - [bot-1786870520141-f140] Starting signal check cycle for BTC/USDT (5m)...
2026-08-16 19:11:10,832 - INFO - Fetching recent candles for BTC/USDT (5m) [Bot: bot-1786870520141-f140]...
2026-08-16 19:11:13,314 - ERROR - Error fetching live OHLCV for BTC/USDT 5m: 
2026-08-16 19:11:13,339 - ERROR - System Error in runner execution cycle: 
Traceback (most recent call last):
  File "H:\algo\algo\btc-bot\src\live_runner.py", line 167, in process_cycle
    df = self.mainnet_fetcher.fetch_live_ohlcv(self.symbol, self.timeframe, limit=1000)
  File "H:\algo\algo\btc-bot\src\data_fetcher.py", line 196, in fetch_live_ohlcv
    raise e
  File "H:\algo\algo\btc-bot\src\data_fetcher.py", line 175, in fetch_live_ohlcv
    candles = self.exchange.fetch_ohlcv(
        symbol=symbol,
        timeframe=timeframe,
        limit=limit
    )
  File "H:\algo\algo\.venv\Lib\site-packages\ccxt\binance.py", line 4713, in fetch_ohlcv
    self.load_markets()
    ~~~~~~~~~~~~~~~~~^^
  File "H:\algo\algo\.venv\Lib\site-packages\ccxt\base\exchange.py", line 1816, in load_markets
    markets = self.fetch_markets(params)
  File "H:\algo\algo\.venv\Lib\site-packages\ccxt\binance.py", line 3241, in fetch_markets
    promisesRaw.append(self.publicGetExchangeInfo(params))
                       ~~~~~~~~~~~~~~~~~~~~~~~~~~^^^^^^^^
  File "H:\algo\algo\.venv\Lib\site-packages\ccxt\base\types.py", line 35, in unbound_method
    return _self.request(self.path, self.api, self.method, params, config=self.config)
           ~~~~~~~~~~~~~^^^^^^^^^^^^^^^^^^^^^^^^^^^^^^^^^^^^^^^^^^^^^^^^^^^^^^^^^^^^^^
  File "H:\algo\algo\.venv\Lib\site-packages\ccxt\binance.py", line 11823, in request
    response = self.fetch2(path, api, method, params, headers, body, config)
  File "H:\algo\algo\.venv\Lib\site-packages\ccxt\base\exchange.py", line 5544, in fetch2
    raise e
  File "H:\algo\algo\.venv\Lib\site-packages\ccxt\base\exchange.py", line 5525, in fetch2
    response = self.fetch(request['url'], request['method'], request['headers'], request['body'])
  File "H:\algo\algo\.venv\Lib\site-packages\ccxt\base\exchange.py", line 620, in fetch
    response = self.session.request(
        method,
    ...<6 lines>...
        files=files
    )
  File "H:\algo\algo\.venv\Lib\site-packages\requests\sessions.py", line 651, in request
    resp = self.send(prep, **send_kwargs)
  File "H:\algo\algo\.venv\Lib\site-packages\requests\sessions.py", line 827, in send
    r.content
  File "H:\algo\algo\.venv\Lib\site-packages\requests\models.py", line 1042, in content
    self._content = b"".join(self.iter_content(CONTENT_CHUNK_SIZE)) or b""
                    ~~~~~~~~^^^^^^^^^^^^^^^^^^^^^^^^^^^^^^^^^^^^^^^
MemoryError
2026-08-16 19:11:26,149 - INFO - Sending Telegram alert...
2026-08-16 19:11:32,134 - INFO - Telegram alert sent successfully.
2026-08-16 19:11:33,180 - INFO - Logged heartbeat status: ERROR
2026-08-16 19:11:33,466 - INFO - Adding job tentatively -- it will be properly scheduled when the scheduler starts
2026-08-16 19:11:33,466 - INFO - Bot bot-1786870520141-f140 scheduled to check every 5 minutes.
2026-08-16 19:11:33,467 - INFO - Added job "LiveRunner.process_cycle" to job store "default"
2026-08-16 19:11:33,467 - INFO - Scheduler started
