/Users/ashishparadkar/Downloads/algo-code-main/.venv/lib/python3.9/site-packages/urllib3/__init__.py:35: NotOpenSSLWarning: urllib3 v2 only supports OpenSSL 1.1.1+, currently the 'ssl' module is compiled with 'LibreSSL 2.8.3'. See: https://github.com/urllib3/urllib3/issues/3020
  warnings.warn(
2026-08-19 18:38:00,062 - INFO - Telegram notification service initialized successfully (Chat ID: 5657...)
2026-08-19 18:38:00,106 - INFO - Initializing scheduled trading bot live runner for bot-1787143498924-5d7b...
2026-08-19 18:38:00,194 - INFO - SQLite database tables verified/created.
2026-08-19 18:38:00,231 - INFO - Initializing CCXT Binance in TESTNET mode.
2026-08-19 18:38:04,554 - INFO - Initializing CCXT Binance in MAINNET mode (Public endpoints).
2026-08-19 18:38:04,615 - INFO - [bot-1787143498924-5d7b] Starting signal check cycle for BTC/USDT (1h)...
2026-08-19 18:38:04,664 - INFO - Fetching recent candles for BTC/USDT (1h) [Bot: bot-1787143498924-5d7b]...
2026-08-19 18:38:15,472 - INFO - Indicators computed | close=64839.99 ema_9=64581.97 ema_20=64503.69 ema_50=64285.07 ema_200=63884.48 macd=82.7609 poc=63050.0 val=62600.0 vah=64100.0
2026-08-19 18:38:15,580 - INFO - [bot-1787143498924-5d7b] Evaluating strategy on completed candle: 2026-08-19T12:00:00+00:00 at Close price: 64882.15
2026-08-19 18:38:15,647 - INFO - Confluence Evaluation | Regime: TRENDING (ADX=37.9) | Direction: LONG | BullScore: 78.9% | BearScore: 21.1% | Active: ['ema', 'macd', 'vp']
2026-08-19 18:38:15,734 - INFO - Capping position size 0.289268 BTC to available cash equivalent 0.154126 BTC.
2026-08-19 18:38:15,768 - INFO - Created pending signal approval ID 23 for bot bot-1787143498924-5d7b (LONG @ $64882.15, status: WAITING_APPROVAL)
2026-08-19 18:38:15,791 - INFO - [bot-1787143498924-5d7b] Signal LONG generated (ID: 23). Waiting for manual user approval.
2026-08-19 18:38:15,919 - INFO - Logged heartbeat status: OK
2026-08-19 18:38:15,932 - INFO - Adding job tentatively -- it will be properly scheduled when the scheduler starts
2026-08-19 18:38:15,934 - INFO - Bot bot-1787143498924-5d7b scheduled to check every 60 minutes.
2026-08-19 18:38:15,939 - INFO - Added job "LiveRunner.process_cycle" to job store "default"
2026-08-19 18:38:15,939 - INFO - Scheduler started
/Users/ashishparadkar/Downloads/algo-code-main/.venv/lib/python3.9/site-packages/urllib3/__init__.py:35: NotOpenSSLWarning: urllib3 v2 only supports OpenSSL 1.1.1+, currently the 'ssl' module is compiled with 'LibreSSL 2.8.3'. See: https://github.com/urllib3/urllib3/issues/3020
  warnings.warn(
2026-08-19 18:52:50,204 - INFO - Telegram notification service initialized successfully (Chat ID: 5657...)
2026-08-19 18:52:50,216 - INFO - Initializing scheduled trading bot live runner for bot-1787143498924-5d7b...
2026-08-19 18:52:50,334 - INFO - SQLite database tables verified/created.
2026-08-19 18:52:50,361 - INFO - Initializing CCXT Binance in TESTNET mode.
2026-08-19 18:52:56,871 - INFO - Initializing CCXT Binance in MAINNET mode (Public endpoints).
2026-08-19 18:52:57,051 - INFO - [bot-1787143498924-5d7b] Starting signal check cycle for BTC/USDT (1h)...
2026-08-19 18:52:57,115 - INFO - Fetching recent candles for BTC/USDT (1h) [Bot: bot-1787143498924-5d7b]...
