/Users/ashishparadkar/Downloads/algo-code-main/.venv/lib/python3.9/site-packages/urllib3/__init__.py:35: NotOpenSSLWarning: urllib3 v2 only supports OpenSSL 1.1.1+, currently the 'ssl' module is compiled with 'LibreSSL 2.8.3'. See: https://github.com/urllib3/urllib3/issues/3020
  warnings.warn(
/Users/ashishparadkar/Downloads/algo-code-main/.venv/lib/python3.9/site-packages/urllib3/__init__.py:35: NotOpenSSLWarning: urllib3 v2 only supports OpenSSL 1.1.1+, currently the 'ssl' module is compiled with 'LibreSSL 2.8.3'. See: https://github.com/urllib3/urllib3/issues/3020
  warnings.warn(
2026-08-20 22:17:38,085 - INFO - Bot state startup reconciliation finished: 0 bot(s) reconciled to STOPPED.
2026-08-20 22:17:39,202 - INFO - Telegram notification service initialized successfully (Chat ID: 5657...)
2026-08-20 22:17:39,214 - INFO - Initializing scheduled trading bot live runner for bot-1787212229123-a4e8...
2026-08-20 22:17:39,924 - INFO - SQLite database tables verified/created.
2026-08-20 22:17:40,771 - INFO - Initializing CCXT Binance in TESTNET mode.
2026-08-20 22:18:15,405 - INFO - [bot-1787212229123-a4e8] Pre-flight instrument resolved: ETH/USDT (SPOT via binance_spot)
2026-08-20 22:18:16,003 - INFO - [bot-1787212229123-a4e8] Starting signal check cycle for ETH/USDT (15m)...
2026-08-20 22:18:16,013 - INFO - Fetching recent candles for ETH/USDT (15m) [Bot: bot-1787212229123-a4e8] via ProviderManager...
2026-08-20 22:19:34,123 - INFO - Indicators computed | close=2343.84 ema_9=2321.75 ema_20=2305.81 ema_50=2279.04 ema_200=2130.49 macd=15.5283 poc=1875.0 val=1850.0 vah=2250.0
2026-08-20 22:19:34,138 - INFO - [bot-1787212229123-a4e8] Evaluating strategy on completed candle: 2026-08-20 16:30:00+00:00 at Close price: 2348.94
2026-08-20 22:19:35,197 - INFO - Confluence Evaluation | Regime: RANGING (ADX=17.9) | Direction: HOLD | BullScore: 67.4% | BearScore: 32.6% | Active: ['ema', 'macd', 'rsi', 'vp']
2026-08-20 22:19:35,233 - INFO - Signal evaluated: HOLD. Reason/Details: Confluence score: 67% (HOLD)
2026-08-20 22:19:35,896 - INFO - Logged heartbeat status: OK
2026-08-20 22:19:36,229 - INFO - Adding job tentatively -- it will be properly scheduled when the scheduler starts
2026-08-20 22:19:36,230 - INFO - Bot bot-1787212229123-a4e8 scheduled to check every 15 minutes.
2026-08-20 22:19:36,238 - INFO - Added job "LiveRunner.process_cycle" to job store "default"
2026-08-20 22:19:36,238 - INFO - Scheduler started
2026-08-20 22:34:36,555 - INFO - Running job "LiveRunner.process_cycle (trigger: interval[0:15:00], next run at: 2026-08-20 22:34:36 IST)" (scheduled at 2026-08-20 22:34:36.227066+05:30)
2026-08-20 22:34:36,668 - INFO - [bot-1787212229123-a4e8] Starting signal check cycle for ETH/USDT (15m)...
2026-08-20 22:34:36,745 - INFO - Fetching recent candles for ETH/USDT (15m) [Bot: bot-1787212229123-a4e8] via ProviderManager...
2026-08-20 22:34:37,914 - INFO - Indicators computed | close=2341.77 ema_9=2325.86 ema_20=2309.29 ema_50=2281.52 ema_200=2132.60 macd=16.4792 poc=1875.0 val=1850.0 vah=2250.0
2026-08-20 22:34:37,918 - INFO - [bot-1787212229123-a4e8] Evaluating strategy on completed candle: 2026-08-20 16:45:00+00:00 at Close price: 2344.48
2026-08-20 22:34:37,986 - INFO - Confluence Evaluation | Regime: RANGING (ADX=18.4) | Direction: HOLD | BullScore: 67.4% | BearScore: 32.6% | Active: ['ema', 'macd', 'rsi', 'vp']
2026-08-20 22:34:38,069 - INFO - Signal evaluated: HOLD. Reason/Details: Confluence score: 67% (HOLD)
2026-08-20 22:34:38,285 - INFO - Logged heartbeat status: OK
2026-08-20 22:34:38,286 - INFO - Job "LiveRunner.process_cycle (trigger: interval[0:15:00], next run at: 2026-08-20 22:49:36 IST)" executed successfully
2026-08-20 22:49:36,304 - INFO - Running job "LiveRunner.process_cycle (trigger: interval[0:15:00], next run at: 2026-08-20 23:04:36 IST)" (scheduled at 2026-08-20 22:49:36.227066+05:30)
2026-08-20 22:49:36,318 - INFO - [bot-1787212229123-a4e8] Starting signal check cycle for ETH/USDT (15m)...
2026-08-20 22:49:36,367 - INFO - Fetching recent candles for ETH/USDT (15m) [Bot: bot-1787212229123-a4e8] via ProviderManager...
2026-08-20 22:49:37,307 - INFO - Indicators computed | close=2339.47 ema_9=2327.93 ema_20=2311.82 ema_50=2283.64 ema_200=2134.62 macd=16.5642 poc=1875.0 val=1850.0 vah=2250.0
2026-08-20 22:49:37,308 - INFO - [bot-1787212229123-a4e8] Evaluating strategy on completed candle: 2026-08-20 17:00:00+00:00 at Close price: 2337.73
2026-08-20 22:49:37,397 - INFO - Confluence Evaluation | Regime: RANGING (ADX=23.6) | Direction: HOLD | BullScore: 67.4% | BearScore: 32.6% | Active: ['ema', 'macd', 'rsi', 'vp']
2026-08-20 22:49:37,492 - INFO - Signal evaluated: HOLD. Reason/Details: Confluence score: 67% (HOLD)
2026-08-20 22:49:37,737 - INFO - Logged heartbeat status: OK
2026-08-20 22:49:37,737 - INFO - Job "LiveRunner.process_cycle (trigger: interval[0:15:00], next run at: 2026-08-20 23:04:36 IST)" executed successfully
/Users/ashishparadkar/Downloads/algo-code-main/.venv/lib/python3.9/site-packages/urllib3/__init__.py:35: NotOpenSSLWarning: urllib3 v2 only supports OpenSSL 1.1.1+, currently the 'ssl' module is compiled with 'LibreSSL 2.8.3'. See: https://github.com/urllib3/urllib3/issues/3020
  warnings.warn(
2026-08-21 06:21:12,615 - INFO - Bot state startup reconciliation finished: 0 bot(s) reconciled to STOPPED.
2026-08-21 06:21:13,074 - INFO - Telegram notification service initialized successfully (Chat ID: 5657...)
2026-08-21 06:21:13,085 - INFO - Initializing scheduled trading bot live runner for bot-1787212229123-a4e8...
2026-08-21 06:21:13,635 - INFO - SQLite database tables verified/created.
2026-08-21 06:21:14,288 - INFO - Initializing CCXT Binance in TESTNET mode.
2026-08-21 06:21:37,907 - INFO - [bot-1787212229123-a4e8] Pre-flight instrument resolved: ETH/USDT (SPOT via binance_spot)
2026-08-21 06:21:38,300 - INFO - [bot-1787212229123-a4e8] Starting signal check cycle for ETH/USDT (15m)...
2026-08-21 06:21:38,313 - INFO - Fetching recent candles for ETH/USDT (15m) [Bot: bot-1787212229123-a4e8] via ProviderManager...
2026-08-21 06:22:59,039 - INFO - Indicators computed | close=2347.42 ema_9=2333.45 ema_20=2327.46 ema_50=2313.39 ema_200=2184.15 macd=5.9242 poc=1875.0 val=1850.0 vah=2250.0
2026-08-21 06:22:59,085 - INFO - [bot-1787212229123-a4e8] Evaluating strategy on completed candle: 2026-08-21 00:30:00+00:00 at Close price: 2337.89
2026-08-21 06:22:59,621 - INFO - Confluence Evaluation | Regime: TRENDING (ADX=26.2) | Direction: LONG | BullScore: 82.6% | BearScore: 17.4% | Active: ['ema', 'macd', 'rsi', 'vp']
2026-08-21 06:22:59,946 - INFO - Capping position size 6.013229 BTC to available cash equivalent 2.138681 BTC.
2026-08-21 06:22:59,977 - INFO - Created pending signal approval ID 98 for bot bot-1787212229123-a4e8 (LONG @ $2337.89, status: WAITING_APPROVAL)
2026-08-21 06:23:00,448 - INFO - [bot-1787212229123-a4e8] Signal LONG generated (ID: 98). Waiting for manual user approval.
2026-08-21 06:23:00,681 - INFO - Logged heartbeat status: OK
2026-08-21 06:23:00,714 - INFO - Adding job tentatively -- it will be properly scheduled when the scheduler starts
2026-08-21 06:23:00,715 - INFO - Bot bot-1787212229123-a4e8 scheduled to check every 15 minutes.
2026-08-21 06:23:00,720 - INFO - Added job "LiveRunner.process_cycle" to job store "default"
2026-08-21 06:23:00,720 - INFO - Scheduler started
2026-08-21 06:38:00,935 - INFO - Running job "LiveRunner.process_cycle (trigger: interval[0:15:00], next run at: 2026-08-21 06:53:00 IST)" (scheduled at 2026-08-21 06:38:00.713532+05:30)
2026-08-21 06:38:01,069 - INFO - [bot-1787212229123-a4e8] Starting signal check cycle for ETH/USDT (15m)...
2026-08-21 06:38:01,148 - INFO - Fetching recent candles for ETH/USDT (15m) [Bot: bot-1787212229123-a4e8] via ProviderManager...
2026-08-21 06:38:02,961 - INFO - Indicators computed | close=2344.06 ema_9=2334.51 ema_20=2328.47 ema_50=2314.34 ema_200=2185.67 macd=6.1090 poc=1875.0 val=1850.0 vah=2250.0
2026-08-21 06:38:02,962 - INFO - [bot-1787212229123-a4e8] Evaluating strategy on completed candle: 2026-08-21 00:45:00+00:00 at Close price: 2340.82
2026-08-21 06:38:03,023 - INFO - Confluence Evaluation | Regime: TRENDING (ADX=27.7) | Direction: LONG | BullScore: 82.6% | BearScore: 17.4% | Active: ['ema', 'macd', 'rsi', 'vp']
2026-08-21 06:38:03,163 - INFO - Capping position size 5.112474 BTC to available cash equivalent 2.136004 BTC.
2026-08-21 06:38:03,170 - INFO - [bot-1787212229123-a4e8] Signal LONG active pending approval already exists (ID: 98).
2026-08-21 06:38:03,380 - INFO - Logged heartbeat status: OK
2026-08-21 06:38:03,382 - INFO - Job "LiveRunner.process_cycle (trigger: interval[0:15:00], next run at: 2026-08-21 06:53:00 IST)" executed successfully
2026-08-21 06:53:00,823 - INFO - Running job "LiveRunner.process_cycle (trigger: interval[0:15:00], next run at: 2026-08-21 07:08:00 IST)" (scheduled at 2026-08-21 06:53:00.713532+05:30)
2026-08-21 06:53:00,882 - INFO - [bot-1787212229123-a4e8] Starting signal check cycle for ETH/USDT (15m)...
2026-08-21 06:53:00,902 - INFO - Fetching recent candles for ETH/USDT (15m) [Bot: bot-1787212229123-a4e8] via ProviderManager...
2026-08-21 06:53:01,753 - INFO - Indicators computed | close=2338.73 ema_9=2335.63 ema_20=2329.60 ema_50=2315.36 ema_200=2187.21 macd=6.2756 poc=1875.0 val=1850.0 vah=2250.0
2026-08-21 06:53:01,754 - INFO - [bot-1787212229123-a4e8] Evaluating strategy on completed candle: 2026-08-21 01:00:00+00:00 at Close price: 2345.75
2026-08-21 06:53:01,818 - INFO - Confluence Evaluation | Regime: TRENDING (ADX=31.0) | Direction: LONG | BullScore: 82.6% | BearScore: 17.4% | Active: ['ema', 'macd', 'rsi', 'vp']
2026-08-21 06:53:01,886 - INFO - Capping position size 4.332756 BTC to available cash equivalent 2.131514 BTC.
2026-08-21 06:53:01,951 - INFO - Created pending signal approval ID 128 for bot bot-1787212229123-a4e8 (LONG @ $2345.75, status: WAITING_APPROVAL)
2026-08-21 06:53:02,020 - INFO - [bot-1787212229123-a4e8] Signal LONG generated (ID: 128). Waiting for manual user approval.
2026-08-21 06:53:02,186 - INFO - Logged heartbeat status: OK
2026-08-21 06:53:02,187 - INFO - Job "LiveRunner.process_cycle (trigger: interval[0:15:00], next run at: 2026-08-21 07:08:00 IST)" executed successfully
/Users/ashishparadkar/Downloads/algo-code-main/.venv/lib/python3.9/site-packages/urllib3/__init__.py:35: NotOpenSSLWarning: urllib3 v2 only supports OpenSSL 1.1.1+, currently the 'ssl' module is compiled with 'LibreSSL 2.8.3'. See: https://github.com/urllib3/urllib3/issues/3020
  warnings.warn(
2026-08-21 12:13:49,702 - INFO - Bot state startup reconciliation finished: 0 bot(s) reconciled to STOPPED.
2026-08-21 12:13:50,552 - INFO - Telegram notification service initialized successfully (Chat ID: 5657...)
2026-08-21 12:13:50,605 - INFO - Initializing scheduled trading bot live runner for bot-1787212229123-a4e8...
2026-08-21 12:13:51,150 - INFO - SQLite database tables verified/created.
2026-08-21 12:13:52,101 - INFO - Initializing CCXT Binance in TESTNET mode.
2026-08-21 12:14:19,617 - INFO - [bot-1787212229123-a4e8] Pre-flight instrument resolved: ETH/USDT (SPOT via binance_spot)
2026-08-21 12:14:20,508 - INFO - [bot-1787212229123-a4e8] Starting signal check cycle for ETH/USDT (15m)...
2026-08-21 12:14:20,519 - INFO - Fetching recent candles for ETH/USDT (15m) [Bot: bot-1787212229123-a4e8] via ProviderManager...
2026-08-21 12:15:41,888 - INFO - Indicators computed | close=2368.70 ema_9=2362.08 ema_20=2355.34 ema_50=2339.57 ema_200=2220.55 macd=7.8405 poc=1900.0 val=1850.0 vah=2275.0
2026-08-21 12:15:41,931 - INFO - [bot-1787212229123-a4e8] Evaluating strategy on completed candle: 2026-08-21 06:30:00+00:00 at Close price: 2369.66
2026-08-21 12:15:42,848 - INFO - Confluence Evaluation | Regime: RANGING (ADX=19.2) | Direction: HOLD | BullScore: 67.4% | BearScore: 32.6% | Active: ['ema', 'macd', 'rsi', 'vp']
2026-08-21 12:15:43,365 - INFO - Signal evaluated: HOLD. Reason/Details: Confluence score: 67% (HOLD)
2026-08-21 12:15:43,826 - INFO - Logged heartbeat status: OK
2026-08-21 12:15:43,886 - INFO - Adding job tentatively -- it will be properly scheduled when the scheduler starts
2026-08-21 12:15:43,886 - INFO - Bot bot-1787212229123-a4e8 scheduled to check every 15 minutes.
2026-08-21 12:15:43,893 - INFO - Added job "LiveRunner.process_cycle" to job store "default"
2026-08-21 12:15:43,893 - INFO - Scheduler started
2026-08-21 12:30:44,234 - INFO - Running job "LiveRunner.process_cycle (trigger: interval[0:15:00], next run at: 2026-08-21 12:45:43 IST)" (scheduled at 2026-08-21 12:30:43.885404+05:30)
2026-08-21 12:30:44,375 - INFO - [bot-1787212229123-a4e8] Starting signal check cycle for ETH/USDT (15m)...
2026-08-21 12:30:44,463 - INFO - Fetching recent candles for ETH/USDT (15m) [Bot: bot-1787212229123-a4e8] via ProviderManager...
2026-08-21 12:30:45,905 - INFO - Indicators computed | close=2372.85 ema_9=2364.84 ema_20=2357.34 ema_50=2341.01 ema_200=2222.10 macd=8.5159 poc=1900.0 val=1850.0 vah=2275.0
2026-08-21 12:30:45,911 - INFO - [bot-1787212229123-a4e8] Evaluating strategy on completed candle: 2026-08-21 06:45:00+00:00 at Close price: 2372.47
2026-08-21 12:30:46,019 - INFO - Confluence Evaluation | Regime: RANGING (ADX=21.1) | Direction: HOLD | BullScore: 67.4% | BearScore: 32.6% | Active: ['ema', 'macd', 'rsi', 'vp']
2026-08-21 12:30:46,124 - INFO - Signal evaluated: HOLD. Reason/Details: Confluence score: 67% (HOLD)
2026-08-21 12:30:46,306 - INFO - Logged heartbeat status: OK
2026-08-21 12:30:46,308 - INFO - Job "LiveRunner.process_cycle (trigger: interval[0:15:00], next run at: 2026-08-21 12:45:43 IST)" executed successfully
2026-08-21 12:45:43,946 - INFO - Running job "LiveRunner.process_cycle (trigger: interval[0:15:00], next run at: 2026-08-21 13:00:43 IST)" (scheduled at 2026-08-21 12:45:43.885404+05:30)
2026-08-21 12:45:43,964 - INFO - [bot-1787212229123-a4e8] Starting signal check cycle for ETH/USDT (15m)...
2026-08-21 12:45:44,016 - INFO - Fetching recent candles for ETH/USDT (15m) [Bot: bot-1787212229123-a4e8] via ProviderManager...
2026-08-21 12:45:44,483 - INFO - Indicators computed | close=2390.04 ema_9=2372.06 ema_20=2361.62 ema_50=2343.45 ema_200=2223.91 macd=10.9225 poc=1900.0 val=1850.0 vah=2275.0
2026-08-21 12:45:44,484 - INFO - [bot-1787212229123-a4e8] Evaluating strategy on completed candle: 2026-08-21 07:00:00+00:00 at Close price: 2386.47
2026-08-21 12:45:44,561 - INFO - Confluence Evaluation | Regime: RANGING (ADX=23.3) | Direction: HOLD | BullScore: 67.4% | BearScore: 32.6% | Active: ['ema', 'macd', 'rsi', 'vp']
2026-08-21 12:45:44,654 - INFO - Signal evaluated: HOLD. Reason/Details: Confluence score: 67% (HOLD)
2026-08-21 12:45:44,965 - INFO - Logged heartbeat status: OK
2026-08-21 12:45:44,966 - INFO - Job "LiveRunner.process_cycle (trigger: interval[0:15:00], next run at: 2026-08-21 13:00:43 IST)" executed successfully
2026-08-21 13:00:43,997 - INFO - Running job "LiveRunner.process_cycle (trigger: interval[0:15:00], next run at: 2026-08-21 13:15:43 IST)" (scheduled at 2026-08-21 13:00:43.885404+05:30)
2026-08-21 13:00:44,043 - INFO - [bot-1787212229123-a4e8] Starting signal check cycle for ETH/USDT (15m)...
2026-08-21 13:00:44,092 - INFO - Fetching recent candles for ETH/USDT (15m) [Bot: bot-1787212229123-a4e8] via ProviderManager...
2026-08-21 13:00:44,989 - INFO - Indicators computed | close=2383.83 ema_9=2373.08 ema_20=2363.02 ema_50=2344.72 ema_200=2225.42 macd=10.8257 poc=1900.0 val=1850.0 vah=2275.0
2026-08-21 13:00:44,998 - INFO - [bot-1787212229123-a4e8] Evaluating strategy on completed candle: 2026-08-21 07:15:00+00:00 at Close price: 2381.74
2026-08-21 13:00:45,150 - INFO - Confluence Evaluation | Regime: TRENDING (ADX=27.9) | Direction: LONG | BullScore: 82.6% | BearScore: 17.4% | Active: ['ema', 'macd', 'rsi', 'vp']
2026-08-21 13:00:45,297 - INFO - Capping position size 3.454231 BTC to available cash equivalent 2.099306 BTC.
2026-08-21 13:00:45,518 - INFO - Created pending signal approval ID 181 for bot bot-1787212229123-a4e8 (LONG @ $2381.74, status: WAITING_APPROVAL)
2026-08-21 13:00:45,633 - INFO - [bot-1787212229123-a4e8] Signal LONG generated (ID: 181). Waiting for manual user approval.
2026-08-21 13:00:45,853 - INFO - Logged heartbeat status: OK
2026-08-21 13:00:45,853 - INFO - Job "LiveRunner.process_cycle (trigger: interval[0:15:00], next run at: 2026-08-21 13:15:43 IST)" executed successfully
2026-08-21 13:15:44,017 - INFO - Running job "LiveRunner.process_cycle (trigger: interval[0:15:00], next run at: 2026-08-21 13:30:43 IST)" (scheduled at 2026-08-21 13:15:43.885404+05:30)
2026-08-21 13:15:44,078 - INFO - [bot-1787212229123-a4e8] Starting signal check cycle for ETH/USDT (15m)...
2026-08-21 13:15:44,142 - INFO - Fetching recent candles for ETH/USDT (15m) [Bot: bot-1787212229123-a4e8] via ProviderManager...
2026-08-21 13:15:44,704 - INFO - Indicators computed | close=2380.56 ema_9=2374.09 ema_20=2364.43 ema_50=2346.01 ema_200=2226.93 macd=10.6966 poc=1900.0 val=1850.0 vah=2275.0
2026-08-21 13:15:44,706 - INFO - [bot-1787212229123-a4e8] Evaluating strategy on completed candle: 2026-08-21 07:30:00+00:00 at Close price: 2380.78
2026-08-21 13:15:44,786 - INFO - Confluence Evaluation | Regime: TRENDING (ADX=31.8) | Direction: LONG | BullScore: 82.6% | BearScore: 17.4% | Active: ['ema', 'macd', 'rsi', 'vp']
2026-08-21 13:15:44,884 - INFO - Capping position size 4.456328 BTC to available cash equivalent 2.100152 BTC.
2026-08-21 13:15:44,944 - INFO - [bot-1787212229123-a4e8] Signal LONG active pending approval already exists (ID: 181).
2026-08-21 13:15:45,141 - INFO - Logged heartbeat status: OK
2026-08-21 13:15:45,145 - INFO - Job "LiveRunner.process_cycle (trigger: interval[0:15:00], next run at: 2026-08-21 13:30:43 IST)" executed successfully
2026-08-21 13:30:44,002 - INFO - Running job "LiveRunner.process_cycle (trigger: interval[0:15:00], next run at: 2026-08-21 13:30:43 IST)" (scheduled at 2026-08-21 13:30:43.885404+05:30)
2026-08-21 13:30:44,056 - INFO - [bot-1787212229123-a4e8] Starting signal check cycle for ETH/USDT (15m)...
2026-08-21 13:30:44,118 - INFO - Fetching recent candles for ETH/USDT (15m) [Bot: bot-1787212229123-a4e8] via ProviderManager...
2026-08-21 13:30:54,317 - ERROR - Binance Spot Network Error: binance GET https://api.binance.com/api/v3/klines?interval=15m&limit=1000&symbol=ETHUSDT
--- Logging error ---
Traceback (most recent call last):
  File "/Users/ashishparadkar/Downloads/algo-code-main/.venv/lib/python3.9/site-packages/urllib3/connectionpool.py", line 534, in _make_request
    response = conn.getresponse()
  File "/Users/ashishparadkar/Downloads/algo-code-main/.venv/lib/python3.9/site-packages/urllib3/connection.py", line 571, in getresponse
    httplib_response = super().getresponse()
  File "/Library/Developer/CommandLineTools/Library/Frameworks/Python3.framework/Versions/3.9/lib/python3.9/http/client.py", line 1349, in getresponse
    response.begin()
  File "/Library/Developer/CommandLineTools/Library/Frameworks/Python3.framework/Versions/3.9/lib/python3.9/http/client.py", line 316, in begin
    version, status, reason = self._read_status()
  File "/Library/Developer/CommandLineTools/Library/Frameworks/Python3.framework/Versions/3.9/lib/python3.9/http/client.py", line 277, in _read_status
    line = str(self.fp.readline(_MAXLINE + 1), "iso-8859-1")
  File "/Library/Developer/CommandLineTools/Library/Frameworks/Python3.framework/Versions/3.9/lib/python3.9/socket.py", line 704, in readinto
    return self._sock.recv_into(b)
  File "/Library/Developer/CommandLineTools/Library/Frameworks/Python3.framework/Versions/3.9/lib/python3.9/ssl.py", line 1241, in recv_into
    return self.read(nbytes, buffer)
  File "/Library/Developer/CommandLineTools/Library/Frameworks/Python3.framework/Versions/3.9/lib/python3.9/ssl.py", line 1099, in read
    return self._sslobj.read(len, buffer)
socket.timeout: The read operation timed out

The above exception was the direct cause of the following exception:

Traceback (most recent call last):
  File "/Users/ashishparadkar/Downloads/algo-code-main/.venv/lib/python3.9/site-packages/requests/adapters.py", line 644, in send
    resp = conn.urlopen(
  File "/Users/ashishparadkar/Downloads/algo-code-main/.venv/lib/python3.9/site-packages/urllib3/connectionpool.py", line 841, in urlopen
    retries = retries.increment(
  File "/Users/ashishparadkar/Downloads/algo-code-main/.venv/lib/python3.9/site-packages/urllib3/util/retry.py", line 490, in increment
    raise reraise(type(error), error, _stacktrace)
  File "/Users/ashishparadkar/Downloads/algo-code-main/.venv/lib/python3.9/site-packages/urllib3/util/util.py", line 39, in reraise
    raise value
  File "/Users/ashishparadkar/Downloads/algo-code-main/.venv/lib/python3.9/site-packages/urllib3/connectionpool.py", line 787, in urlopen
    response = self._make_request(
  File "/Users/ashishparadkar/Downloads/algo-code-main/.venv/lib/python3.9/site-packages/urllib3/connectionpool.py", line 536, in _make_request
    self._raise_timeout(err=e, url=url, timeout_value=read_timeout)
  File "/Users/ashishparadkar/Downloads/algo-code-main/.venv/lib/python3.9/site-packages/urllib3/connectionpool.py", line 367, in _raise_timeout
    raise ReadTimeoutError(
urllib3.exceptions.ReadTimeoutError: HTTPSConnectionPool(host='api.binance.com', port=443): Read timed out. (read timeout=10.0)

During handling of the above exception, another exception occurred:

Traceback (most recent call last):
  File "/Users/ashishparadkar/Downloads/algo-code-main/.venv/lib/python3.9/site-packages/ccxt/base/exchange.py", line 665, in fetch
    response = self.session.request(
  File "/Users/ashishparadkar/Downloads/algo-code-main/.venv/lib/python3.9/site-packages/requests/sessions.py", line 589, in request
    resp = self.send(prep, **send_kwargs)
  File "/Users/ashishparadkar/Downloads/algo-code-main/.venv/lib/python3.9/site-packages/requests/sessions.py", line 703, in send
    r = adapter.send(request, **kwargs)
  File "/Users/ashishparadkar/Downloads/algo-code-main/.venv/lib/python3.9/site-packages/requests/adapters.py", line 690, in send
    raise ReadTimeout(e, request=request)
requests.exceptions.ReadTimeout: HTTPSConnectionPool(host='api.binance.com', port=443): Read timed out. (read timeout=10.0)

The above exception was the direct cause of the following exception:

Traceback (most recent call last):
  File "/Users/ashishparadkar/Downloads/algo-code-main/src/provider_manager.py", line 351, in fetch_ohlcv_safe
    df = adapter.fetch_ohlcv(instrument, timeframe, limit=limit)
  File "/Users/ashishparadkar/Downloads/algo-code-main/src/provider_manager.py", line 211, in fetch_ohlcv
    raise net_err
  File "/Users/ashishparadkar/Downloads/algo-code-main/src/provider_manager.py", line 183, in fetch_ohlcv
    raw_candles = self.exchange.fetch_ohlcv(
  File "/Users/ashishparadkar/Downloads/algo-code-main/.venv/lib/python3.9/site-packages/ccxt/binance.py", line 4759, in fetch_ohlcv
    response = self.publicGetKlines(self.extend(request, params))
  File "/Users/ashishparadkar/Downloads/algo-code-main/.venv/lib/python3.9/site-packages/ccxt/base/types.py", line 35, in unbound_method
    return _self.request(self.path, self.api, self.method, params, config=self.config)
  File "/Users/ashishparadkar/Downloads/algo-code-main/.venv/lib/python3.9/site-packages/ccxt/binance.py", line 11724, in request
    response = self.fetch2(path, api, method, params, headers, body, config)
  File "/Users/ashishparadkar/Downloads/algo-code-main/.venv/lib/python3.9/site-packages/ccxt/base/exchange.py", line 5566, in fetch2
    raise e
  File "/Users/ashishparadkar/Downloads/algo-code-main/.venv/lib/python3.9/site-packages/ccxt/base/exchange.py", line 5549, in fetch2
    response = self.fetch(request['url'], request['method'], request['headers'], request['body'])
  File "/Users/ashishparadkar/Downloads/algo-code-main/.venv/lib/python3.9/site-packages/ccxt/base/exchange.py", line 698, in fetch
    raise RequestTimeout(details) from e
ccxt.base.errors.RequestTimeout: binance GET https://api.binance.com/api/v3/klines?interval=15m&limit=1000&symbol=ETHUSDT

During handling of the above exception, another exception occurred:

Traceback (most recent call last):
  File "/Library/Developer/CommandLineTools/Library/Frameworks/Python3.framework/Versions/3.9/lib/python3.9/logging/__init__.py", line 1083, in emit
    msg = self.format(record)
  File "/Library/Developer/CommandLineTools/Library/Frameworks/Python3.framework/Versions/3.9/lib/python3.9/logging/__init__.py", line 927, in format
    return fmt.format(record)
  File "/Library/Developer/CommandLineTools/Library/Frameworks/Python3.framework/Versions/3.9/lib/python3.9/logging/__init__.py", line 663, in format
    record.message = record.getMessage()
  File "/Library/Developer/CommandLineTools/Library/Frameworks/Python3.framework/Versions/3.9/lib/python3.9/logging/__init__.py", line 367, in getMessage
    msg = msg % self.args
TypeError: must be real number, not RequestTimeout
Call stack:
  File "/Library/Developer/CommandLineTools/Library/Frameworks/Python3.framework/Versions/3.9/lib/python3.9/threading.py", line 930, in _bootstrap
    self._bootstrap_inner()
  File "/Library/Developer/CommandLineTools/Library/Frameworks/Python3.framework/Versions/3.9/lib/python3.9/threading.py", line 973, in _bootstrap_inner
    self.run()
  File "/Library/Developer/CommandLineTools/Library/Frameworks/Python3.framework/Versions/3.9/lib/python3.9/threading.py", line 910, in run
    self._target(*self._args, **self._kwargs)
  File "/Library/Developer/CommandLineTools/Library/Frameworks/Python3.framework/Versions/3.9/lib/python3.9/concurrent/futures/thread.py", line 77, in _worker
    work_item.run()
  File "/Library/Developer/CommandLineTools/Library/Frameworks/Python3.framework/Versions/3.9/lib/python3.9/concurrent/futures/thread.py", line 52, in run
    result = self.fn(*self.args, **self.kwargs)
  File "/Users/ashishparadkar/Downloads/algo-code-main/.venv/lib/python3.9/site-packages/apscheduler/executors/base.py", line 131, in run_job
    retval = job.func(*job.args, **job.kwargs)
  File "/Users/ashishparadkar/Downloads/algo-code-main/src/live_runner.py", line 199, in process_cycle
    df, _ = self.provider_manager.fetch_ohlcv_safe(self.symbol, self.timeframe, limit=1000)
  File "/Users/ashishparadkar/Downloads/algo-code-main/src/provider_manager.py", line 362, in fetch_ohlcv_safe
    logger.warning(
Message: 'Retryable network failure for %s (Attempt %d/%d). Backing off %.2fs: %s'
Arguments: ('ETH/USDT', 1, 3, RequestTimeout('binance GET https://api.binance.com/api/v3/klines?interval=15m&limit=1000&symbol=ETHUSDT'))
2026-08-21 13:30:58,552 - INFO - Indicators computed | close=2374.21 ema_9=2372.69 ema_20=2364.60 ema_50=2346.78 ema_200=2228.31 macd=9.6094 poc=1900.0 val=1850.0 vah=2275.0
2026-08-21 13:30:58,562 - INFO - [bot-1787212229123-a4e8] Evaluating strategy on completed candle: 2026-08-21 07:45:00+00:00 at Close price: 2371.66
2026-08-21 13:30:58,820 - INFO - Confluence Evaluation | Regime: TRENDING (ADX=34.5) | Direction: LONG | BullScore: 82.6% | BearScore: 17.4% | Active: ['ema', 'macd', 'rsi', 'vp']
2026-08-21 13:30:59,037 - INFO - Capping position size 8.802817 BTC to available cash equivalent 2.108228 BTC.
2026-08-21 13:30:59,160 - INFO - Created pending signal approval ID 195 for bot bot-1787212229123-a4e8 (LONG @ $2371.66, status: WAITING_APPROVAL)
2026-08-21 13:30:59,229 - INFO - [bot-1787212229123-a4e8] Signal LONG generated (ID: 195). Waiting for manual user approval.
2026-08-21 13:30:59,462 - INFO - Logged heartbeat status: OK
2026-08-21 13:30:59,462 - INFO - Job "LiveRunner.process_cycle (trigger: interval[0:15:00], next run at: 2026-08-21 13:45:43 IST)" executed successfully
/Users/ashishparadkar/Downloads/algo-code-main/.venv/lib/python3.9/site-packages/urllib3/__init__.py:35: NotOpenSSLWarning: urllib3 v2 only supports OpenSSL 1.1.1+, currently the 'ssl' module is compiled with 'LibreSSL 2.8.3'. See: https://github.com/urllib3/urllib3/issues/3020
  warnings.warn(
2026-08-21 14:51:09,568 - INFO - Bot state startup reconciliation finished: 0 bot(s) reconciled to STOPPED.
2026-08-21 14:51:10,743 - INFO - Telegram notification service initialized successfully (Chat ID: 5657...)
2026-08-21 14:51:10,765 - INFO - Initializing scheduled trading bot live runner for bot-1787212229123-a4e8...
2026-08-21 14:51:11,239 - INFO - SQLite database tables verified/created.
2026-08-21 14:51:12,343 - INFO - Initializing CCXT Binance in TESTNET mode.
/Users/ashishparadkar/Downloads/algo-code-main/.venv/lib/python3.9/site-packages/urllib3/__init__.py:35: NotOpenSSLWarning: urllib3 v2 only supports OpenSSL 1.1.1+, currently the 'ssl' module is compiled with 'LibreSSL 2.8.3'. See: https://github.com/urllib3/urllib3/issues/3020
  warnings.warn(
2026-08-21 15:30:29,230 - INFO - Bot state startup reconciliation finished: 0 bot(s) reconciled to STOPPED.
2026-08-21 15:30:29,532 - INFO - Telegram notification service initialized successfully (Chat ID: 5657...)
2026-08-21 15:30:29,543 - INFO - Initializing scheduled trading bot live runner for bot-1787212229123-a4e8...
2026-08-21 15:30:29,568 - INFO - SQLite database tables verified/created.
2026-08-21 15:30:30,118 - INFO - Initializing CCXT Binance in TESTNET mode.
2026-08-21 15:30:58,784 - INFO - [bot-1787212229123-a4e8] Pre-flight instrument resolved: ETH/USDT (SPOT via binance_spot)
2026-08-21 15:30:59,737 - INFO - [bot-1787212229123-a4e8] Starting signal check cycle for ETH/USDT (15m)...
2026-08-21 15:30:59,744 - INFO - Fetching recent candles for ETH/USDT (15m) [Bot: bot-1787212229123-a4e8] via ProviderManager...
/Users/ashishparadkar/Downloads/algo-code-main/.venv/lib/python3.9/site-packages/urllib3/__init__.py:35: NotOpenSSLWarning: urllib3 v2 only supports OpenSSL 1.1.1+, currently the 'ssl' module is compiled with 'LibreSSL 2.8.3'. See: https://github.com/urllib3/urllib3/issues/3020
  warnings.warn(
2026-08-21 18:13:42,408 - INFO - Bot state startup reconciliation finished: 0 bot(s) reconciled to STOPPED.
2026-08-21 18:13:43,063 - INFO - Telegram notification service initialized successfully (Chat ID: 5657...)
2026-08-21 18:13:43,081 - INFO - Initializing scheduled trading bot live runner for bot-1787212229123-a4e8...
2026-08-21 18:13:43,108 - INFO - SQLite database tables verified/created.
2026-08-21 18:13:44,204 - INFO - Initializing CCXT Binance in TESTNET mode.
2026-08-21 18:14:16,826 - INFO - [bot-1787212229123-a4e8] Pre-flight instrument resolved: ETH/USDT (SPOT via binance_spot)
2026-08-21 18:14:18,139 - INFO - [bot-1787212229123-a4e8] Starting signal check cycle for ETH/USDT (15m)...
2026-08-21 18:14:18,168 - INFO - Fetching recent candles for ETH/USDT (15m) [Bot: bot-1787212229123-a4e8] via ProviderManager...
/Users/ashishparadkar/Downloads/algo-code-main/.venv/lib/python3.9/site-packages/urllib3/__init__.py:35: NotOpenSSLWarning: urllib3 v2 only supports OpenSSL 1.1.1+, currently the 'ssl' module is compiled with 'LibreSSL 2.8.3'. See: https://github.com/urllib3/urllib3/issues/3020
  warnings.warn(
2026-08-21 20:27:11,777 - INFO - Bot state startup reconciliation finished: 0 bot(s) reconciled to STOPPED.
2026-08-21 20:27:12,843 - INFO - Telegram notification service initialized successfully (Chat ID: 5657...)
2026-08-21 20:27:13,064 - INFO - Initializing scheduled trading bot live runner for bot-1787212229123-a4e8...
2026-08-21 20:27:13,111 - INFO - SQLite database tables verified/created.
2026-08-21 20:27:13,640 - INFO - Initializing CCXT Binance in TESTNET mode.
2026-08-21 20:27:45,550 - INFO - [bot-1787212229123-a4e8] Pre-flight instrument resolved: ETH/USDT (SPOT via binance_spot)
2026-08-21 20:27:46,061 - INFO - [bot-1787212229123-a4e8] Starting signal check cycle for ETH/USDT (15m)...
2026-08-21 20:27:46,099 - INFO - Fetching recent candles for ETH/USDT (15m) [Bot: bot-1787212229123-a4e8] via ProviderManager...
/Users/ashishparadkar/Downloads/algo-code-main/.venv/lib/python3.9/site-packages/urllib3/__init__.py:35: NotOpenSSLWarning: urllib3 v2 only supports OpenSSL 1.1.1+, currently the 'ssl' module is compiled with 'LibreSSL 2.8.3'. See: https://github.com/urllib3/urllib3/issues/3020
  warnings.warn(
2026-08-21 21:33:07,998 - INFO - Bot state startup reconciliation finished: 0 bot(s) reconciled to STOPPED.
2026-08-21 21:33:09,842 - INFO - Telegram notification service initialized successfully (Chat ID: 5657...)
2026-08-21 21:33:10,298 - INFO - Initializing scheduled trading bot live runner for bot-1787212229123-a4e8...
2026-08-21 21:33:11,118 - INFO - SQLite database tables verified/created.
2026-08-21 21:33:11,898 - INFO - Initializing CCXT Binance in TESTNET mode.
2026-08-21 21:34:03,368 - INFO - [bot-1787212229123-a4e8] Pre-flight instrument resolved: ETH/USDT (SPOT via binance_spot)
2026-08-21 21:34:03,450 - INFO - [bot-1787212229123-a4e8] Starting signal check cycle for ETH/USDT (15m)...
2026-08-21 21:34:04,752 - INFO - Fetching recent candles for ETH/USDT (15m) [Bot: bot-1787212229123-a4e8] via ProviderManager...
2026-08-21 21:43:15,484 - INFO - Indicators computed | close=2390.69 ema_9=2393.51 ema_20=2391.12 ema_50=2379.79 ema_200=2273.49 macd=3.3320 poc=1900.0 val=1850.0 vah=2300.0
2026-08-21 21:43:18,008 - INFO - [bot-1787212229123-a4e8] Evaluating strategy on completed candle: 2026-08-21 15:45:00+00:00 at Close price: 2393.65
2026-08-21 21:43:30,044 - INFO - Confluence Evaluation | Regime: RANGING (ADX=19.0) | Direction: HOLD | BullScore: 67.4% | BearScore: 32.6% | Active: ['ema', 'macd', 'rsi', 'vp']
2026-08-21 21:43:33,067 - INFO - Signal evaluated: HOLD. Reason/Details: Confluence score: 67% (HOLD)
2026-08-21 21:43:38,428 - INFO - Logged heartbeat status: OK
2026-08-21 21:43:51,268 - INFO - Adding job tentatively -- it will be properly scheduled when the scheduler starts
2026-08-21 21:43:51,316 - INFO - Bot bot-1787212229123-a4e8 scheduled to check every 15 minutes.
2026-08-21 21:43:54,954 - INFO - Added job "LiveRunner.process_cycle" to job store "default"
2026-08-21 21:43:54,954 - INFO - Scheduler started
2026-08-21 21:58:57,347 - WARNING - Run time of job "LiveRunner.process_cycle (trigger: interval[0:15:00], next run at: 2026-08-21 22:13:49 IST)" was missed by 0:00:07.302874
2026-08-21 22:13:50,119 - INFO - Running job "LiveRunner.process_cycle (trigger: interval[0:15:00], next run at: 2026-08-21 22:28:49 IST)" (scheduled at 2026-08-21 22:13:49.426478+05:30)
2026-08-21 22:13:50,486 - INFO - [bot-1787212229123-a4e8] Starting signal check cycle for ETH/USDT (15m)...
2026-08-21 22:13:50,672 - INFO - Fetching recent candles for ETH/USDT (15m) [Bot: bot-1787212229123-a4e8] via ProviderManager...
2026-08-21 22:13:55,239 - INFO - Indicators computed | close=2400.77 ema_9=2395.71 ema_20=2392.59 ema_50=2381.27 ema_200=2275.97 macd=3.8336 poc=1900.0 val=1850.0 vah=2300.0
2026-08-21 22:13:55,270 - INFO - [bot-1787212229123-a4e8] Evaluating strategy on completed candle: 2026-08-21 16:15:00+00:00 at Close price: 2402.91
2026-08-21 22:13:55,440 - INFO - Confluence Evaluation | Regime: RANGING (ADX=19.9) | Direction: HOLD | BullScore: 67.4% | BearScore: 32.6% | Active: ['ema', 'macd', 'rsi', 'vp']
2026-08-21 22:13:56,040 - INFO - Signal evaluated: HOLD. Reason/Details: Confluence score: 67% (HOLD)
2026-08-21 22:13:56,602 - INFO - Logged heartbeat status: OK
2026-08-21 22:13:56,602 - INFO - Job "LiveRunner.process_cycle (trigger: interval[0:15:00], next run at: 2026-08-21 22:28:49 IST)" executed successfully
2026-08-21 22:28:49,512 - INFO - Running job "LiveRunner.process_cycle (trigger: interval[0:15:00], next run at: 2026-08-21 22:28:49 IST)" (scheduled at 2026-08-21 22:28:49.426478+05:30)
2026-08-21 22:28:49,591 - INFO - [bot-1787212229123-a4e8] Starting signal check cycle for ETH/USDT (15m)...
2026-08-21 22:28:49,659 - INFO - Fetching recent candles for ETH/USDT (15m) [Bot: bot-1787212229123-a4e8] via ProviderManager...
2026-08-21 22:28:50,414 - INFO - Indicators computed | close=2408.54 ema_9=2398.41 ema_20=2394.18 ema_50=2382.37 ema_200=2277.30 macd=4.7042 poc=1900.0 val=1850.0 vah=2300.0
2026-08-21 22:28:50,417 - INFO - [bot-1787212229123-a4e8] Evaluating strategy on completed candle: 2026-08-21 16:30:00+00:00 at Close price: 2401.60
2026-08-21 22:28:50,557 - INFO - Confluence Evaluation | Regime: RANGING (ADX=20.5) | Direction: HOLD | BullScore: 67.4% | BearScore: 32.6% | Active: ['ema', 'macd', 'rsi', 'vp']
2026-08-21 22:28:50,713 - INFO - Signal evaluated: HOLD. Reason/Details: Confluence score: 67% (HOLD)
2026-08-21 22:28:50,996 - INFO - Logged heartbeat status: OK
2026-08-21 22:28:50,997 - INFO - Job "LiveRunner.process_cycle (trigger: interval[0:15:00], next run at: 2026-08-21 22:43:49 IST)" executed successfully
/Users/ashishparadkar/Downloads/algo-code-main/.venv/lib/python3.9/site-packages/urllib3/__init__.py:35: NotOpenSSLWarning: urllib3 v2 only supports OpenSSL 1.1.1+, currently the 'ssl' module is compiled with 'LibreSSL 2.8.3'. See: https://github.com/urllib3/urllib3/issues/3020
  warnings.warn(
2026-08-21 22:45:07,602 - INFO - Bot state startup reconciliation finished: 0 bot(s) reconciled to STOPPED.
2026-08-21 22:45:09,401 - INFO - Telegram notification service initialized successfully (Chat ID: 5657...)
2026-08-21 22:45:09,431 - INFO - Initializing scheduled trading bot live runner for bot-1787212229123-a4e8...
2026-08-21 22:45:10,577 - INFO - SQLite database tables verified/created.
2026-08-21 22:45:11,240 - INFO - Initializing CCXT Binance in TESTNET mode.
2026-08-21 22:45:56,059 - INFO - [bot-1787212229123-a4e8] Pre-flight instrument resolved: ETH/USDT (SPOT via binance_spot)
