/Users/ashishparadkar/Downloads/algo-code-main/.venv/lib/python3.9/site-packages/urllib3/__init__.py:35: NotOpenSSLWarning: urllib3 v2 only supports OpenSSL 1.1.1+, currently the 'ssl' module is compiled with 'LibreSSL 2.8.3'. See: https://github.com/urllib3/urllib3/issues/3020
  warnings.warn(
2026-08-20 12:27:12,960 - INFO - Bot state startup reconciliation finished: 0 bot(s) reconciled to STOPPED.
2026-08-20 12:27:13,418 - INFO - Telegram notification service initialized successfully (Chat ID: 5657...)
2026-08-20 12:27:13,449 - INFO - Initializing scheduled trading bot live runner for bot-1787153178190-19e7...
2026-08-20 12:27:13,596 - INFO - SQLite database tables verified/created.
2026-08-20 12:27:13,813 - INFO - Initializing CCXT Binance in TESTNET mode.
2026-08-20 12:27:19,123 - INFO - [bot-1787153178190-19e7] Pre-flight instrument resolved: BTC/USDT (SPOT via binance_spot)
2026-08-20 12:27:19,207 - INFO - [bot-1787153178190-19e7] Starting signal check cycle for BTC/USDT (1h)...
2026-08-20 12:27:26,286 - INFO - Fetching recent candles for BTC/USDT (1h) [Bot: bot-1787153178190-19e7] via ProviderManager...
2026-08-20 12:27:42,715 - INFO - Indicators computed | close=69851.99 ema_9=69304.47 ema_20=68352.68 ema_50=66639.51 ema_200=64678.93 macd=1169.6582 poc=63050.0 val=62525.0 vah=65725.0
2026-08-20 12:27:42,723 - INFO - [bot-1787153178190-19e7] Evaluating strategy on completed candle: 2026-08-20 05:00:00+00:00 at Close price: 69406.54
2026-08-20 12:27:42,798 - INFO - Confluence Evaluation | Regime: TRENDING (ADX=77.9) | Direction: HOLD | BullScore: 39.5% | BearScore: 21.1% | Active: ['ema', 'macd', 'vp']
2026-08-20 12:27:42,877 - INFO - Signal evaluated: HOLD. Reason/Details: Confluence score: 40% (HOLD)
2026-08-20 12:27:43,029 - INFO - Logged heartbeat status: OK
2026-08-20 12:27:43,045 - INFO - Adding job tentatively -- it will be properly scheduled when the scheduler starts
2026-08-20 12:27:43,045 - INFO - Bot bot-1787153178190-19e7 scheduled to check every 60 minutes.
2026-08-20 12:27:43,047 - INFO - Added job "LiveRunner.process_cycle" to job store "default"
2026-08-20 12:27:43,047 - INFO - Scheduler started
/Users/ashishparadkar/Downloads/algo-code-main/.venv/lib/python3.9/site-packages/urllib3/__init__.py:35: NotOpenSSLWarning: urllib3 v2 only supports OpenSSL 1.1.1+, currently the 'ssl' module is compiled with 'LibreSSL 2.8.3'. See: https://github.com/urllib3/urllib3/issues/3020
  warnings.warn(
2026-08-20 12:39:29,938 - INFO - Bot state startup reconciliation finished: 0 bot(s) reconciled to STOPPED.
2026-08-20 12:39:30,176 - INFO - Telegram notification service initialized successfully (Chat ID: 5657...)
2026-08-20 12:39:30,185 - INFO - Initializing scheduled trading bot live runner for bot-1787153178190-19e7...
2026-08-20 12:39:30,384 - INFO - SQLite database tables verified/created.
2026-08-20 12:39:30,502 - INFO - Initializing CCXT Binance in TESTNET mode.
2026-08-20 12:39:40,700 - INFO - [bot-1787153178190-19e7] Pre-flight instrument resolved: BTC/USDT (SPOT via binance_spot)
2026-08-20 12:39:41,040 - INFO - [bot-1787153178190-19e7] Starting signal check cycle for BTC/USDT (1h)...
2026-08-20 12:39:41,091 - INFO - Fetching recent candles for BTC/USDT (1h) [Bot: bot-1787153178190-19e7] via ProviderManager...
2026-08-20 12:40:00,708 - INFO - Indicators computed | close=69987.99 ema_9=69441.17 ema_20=68508.42 ema_50=66770.83 ema_200=64731.76 macd=1157.1251 poc=63050.0 val=62525.0 vah=65850.0
2026-08-20 12:40:00,721 - INFO - [bot-1787153178190-19e7] Evaluating strategy on completed candle: 2026-08-20 06:00:00+00:00 at Close price: 69851.99
2026-08-20 12:40:00,795 - INFO - Confluence Evaluation | Regime: TRENDING (ADX=74.5) | Direction: HOLD | BullScore: 39.5% | BearScore: 21.1% | Active: ['ema', 'macd', 'vp']
2026-08-20 12:40:00,840 - INFO - Signal evaluated: HOLD. Reason/Details: Confluence score: 40% (HOLD)
2026-08-20 12:40:00,913 - INFO - Logged heartbeat status: OK
2026-08-20 12:40:00,922 - INFO - Adding job tentatively -- it will be properly scheduled when the scheduler starts
2026-08-20 12:40:00,922 - INFO - Bot bot-1787153178190-19e7 scheduled to check every 60 minutes.
2026-08-20 12:40:00,924 - INFO - Added job "LiveRunner.process_cycle" to job store "default"
2026-08-20 12:40:00,924 - INFO - Scheduler started
