/Users/ashishparadkar/Downloads/algo-code-main/.venv/lib/python3.9/site-packages/urllib3/__init__.py:35: NotOpenSSLWarning: urllib3 v2 only supports OpenSSL 1.1.1+, currently the 'ssl' module is compiled with 'LibreSSL 2.8.3'. See: https://github.com/urllib3/urllib3/issues/3020
  warnings.warn(
/Users/ashishparadkar/Downloads/algo-code-main/.venv/lib/python3.9/site-packages/urllib3/__init__.py:35: NotOpenSSLWarning: urllib3 v2 only supports OpenSSL 1.1.1+, currently the 'ssl' module is compiled with 'LibreSSL 2.8.3'. See: https://github.com/urllib3/urllib3/issues/3020
  warnings.warn(
2026-08-21 18:14:57,371 - INFO - Bot state startup reconciliation finished: 0 bot(s) reconciled to STOPPED.
2026-08-21 18:14:58,723 - INFO - Telegram notification service initialized successfully (Chat ID: 5657...)
2026-08-21 18:14:58,745 - INFO - Initializing scheduled trading bot live runner for bot-1787304010685-9506...
2026-08-21 18:14:59,668 - INFO - SQLite database tables verified/created.
2026-08-21 18:14:59,726 - INFO - Initializing CCXT Binance in TESTNET mode.
2026-08-21 18:17:22,403 - INFO - [bot-1787304010685-9506] Pre-flight instrument resolved: BTC/USDT (SPOT via binance_spot)
/Users/ashishparadkar/Downloads/algo-code-main/.venv/lib/python3.9/site-packages/urllib3/__init__.py:35: NotOpenSSLWarning: urllib3 v2 only supports OpenSSL 1.1.1+, currently the 'ssl' module is compiled with 'LibreSSL 2.8.3'. See: https://github.com/urllib3/urllib3/issues/3020
  warnings.warn(
2026-08-21 20:28:38,077 - INFO - Bot state startup reconciliation finished: 0 bot(s) reconciled to STOPPED.
2026-08-21 20:28:40,606 - INFO - Telegram notification service initialized successfully (Chat ID: 5657...)
2026-08-21 20:28:40,626 - INFO - Initializing scheduled trading bot live runner for bot-1787304010685-9506...
2026-08-21 20:28:40,697 - INFO - SQLite database tables verified/created.
2026-08-21 20:28:43,459 - INFO - Initializing CCXT Binance in TESTNET mode.
2026-08-21 20:31:48,078 - INFO - [bot-1787304010685-9506] Pre-flight instrument resolved: BTC/USDT (SPOT via binance_spot)
2026-08-21 20:31:53,966 - INFO - [bot-1787304010685-9506] Starting signal check cycle for BTC/USDT (5m)...
2026-08-21 20:31:55,394 - INFO - Fetching recent candles for BTC/USDT (5m) [Bot: bot-1787304010685-9506] via ProviderManager...
/Users/ashishparadkar/Downloads/algo-code-main/.venv/lib/python3.9/site-packages/urllib3/__init__.py:35: NotOpenSSLWarning: urllib3 v2 only supports OpenSSL 1.1.1+, currently the 'ssl' module is compiled with 'LibreSSL 2.8.3'. See: https://github.com/urllib3/urllib3/issues/3020
  warnings.warn(
2026-08-21 21:34:59,697 - INFO - Bot state startup reconciliation finished: 0 bot(s) reconciled to STOPPED.
2026-08-21 21:35:03,614 - INFO - Telegram notification service initialized successfully (Chat ID: 5657...)
2026-08-21 21:35:04,697 - INFO - Initializing scheduled trading bot live runner for bot-1787304010685-9506...
2026-08-21 21:35:08,140 - INFO - SQLite database tables verified/created.
2026-08-21 21:35:12,062 - INFO - Initializing CCXT Binance in TESTNET mode.
2026-08-21 21:37:58,368 - INFO - [bot-1787304010685-9506] Pre-flight instrument resolved: BTC/USDT (SPOT via binance_spot)
2026-08-21 21:38:02,570 - INFO - [bot-1787304010685-9506] Starting signal check cycle for BTC/USDT (5m)...
2026-08-21 21:38:03,273 - INFO - Fetching recent candles for BTC/USDT (5m) [Bot: bot-1787304010685-9506] via ProviderManager...
2026-08-21 22:02:12,478 - INFO - Indicators computed | close=77280.01 ema_9=77228.03 ema_20=77260.83 ema_50=77233.65 ema_200=76105.32 macd=-18.3159 poc=69350.0 val=64025.0 vah=74450.0
2026-08-21 22:02:13,829 - INFO - [bot-1787304010685-9506] Evaluating strategy on completed candle: 2026-08-21 16:25:00+00:00 at Close price: 77383.87
2026-08-21 22:02:17,099 - INFO - Confluence Evaluation | Regime: TRENDING (ADX=39.1) | Direction: LONG | BullScore: 88.2% | BearScore: 11.8% | Active: ['ema_9', 'ema_20', 'rsi', 'vwap', 'supertrend', 'atr']
2026-08-21 22:02:18,698 - INFO - Capping position size 0.443892 BTC to available cash equivalent 0.193839 BTC.
2026-08-21 22:02:21,014 - INFO - Created pending signal approval ID 211 for bot bot-1787304010685-9506 (LONG @ $77383.87, status: WAITING_APPROVAL)
2026-08-21 22:02:22,012 - INFO - [bot-1787304010685-9506] Signal LONG generated (ID: 211). Waiting for manual user approval.
2026-08-21 22:02:24,212 - INFO - Logged heartbeat status: OK
2026-08-21 22:02:28,545 - INFO - Adding job tentatively -- it will be properly scheduled when the scheduler starts
2026-08-21 22:02:28,551 - INFO - Bot bot-1787304010685-9506 scheduled to check every 5 minutes.
2026-08-21 22:02:30,055 - INFO - Added job "LiveRunner.process_cycle" to job store "default"
2026-08-21 22:02:30,064 - INFO - Scheduler started
2026-08-21 22:07:28,505 - INFO - Running job "LiveRunner.process_cycle (trigger: interval[0:05:00], next run at: 2026-08-21 22:12:27 IST)" (scheduled at 2026-08-21 22:07:27.958696+05:30)
2026-08-21 22:07:28,660 - INFO - [bot-1787304010685-9506] Starting signal check cycle for BTC/USDT (5m)...
2026-08-21 22:07:29,058 - INFO - Fetching recent candles for BTC/USDT (5m) [Bot: bot-1787304010685-9506] via ProviderManager...
2026-08-21 22:07:32,840 - INFO - Indicators computed | close=77282.12 ema_9=77248.14 ema_20=77267.86 ema_50=77237.74 ema_200=76117.60 macd=-10.2125 poc=69350.0 val=64025.0 vah=74475.0
2026-08-21 22:07:32,844 - INFO - [bot-1787304010685-9506] Evaluating strategy on completed candle: 2026-08-21 16:30:00+00:00 at Close price: 77338.12
2026-08-21 22:07:32,906 - INFO - Confluence Evaluation | Regime: TRENDING (ADX=39.7) | Direction: HOLD | BullScore: 44.1% | BearScore: 55.9% | Active: ['ema_9', 'ema_20', 'rsi', 'vwap', 'supertrend', 'atr']
2026-08-21 22:07:32,941 - INFO - Signal evaluated: HOLD. Reason/Details: Confluence score: 56% (HOLD)
2026-08-21 22:07:33,011 - INFO - Logged heartbeat status: OK
2026-08-21 22:07:33,012 - INFO - Job "LiveRunner.process_cycle (trigger: interval[0:05:00], next run at: 2026-08-21 22:12:27 IST)" executed successfully
2026-08-21 22:12:27,978 - INFO - Running job "LiveRunner.process_cycle (trigger: interval[0:05:00], next run at: 2026-08-21 22:17:27 IST)" (scheduled at 2026-08-21 22:12:27.958696+05:30)
2026-08-21 22:12:28,013 - INFO - [bot-1787304010685-9506] Starting signal check cycle for BTC/USDT (5m)...
2026-08-21 22:12:28,075 - INFO - Fetching recent candles for BTC/USDT (5m) [Bot: bot-1787304010685-9506] via ProviderManager...
2026-08-21 22:12:28,746 - INFO - Indicators computed | close=77290.01 ema_9=77261.98 ema_20=77272.92 ema_50=77241.07 ema_200=76129.61 macd=-4.6458 poc=69350.0 val=64025.0 vah=74475.0
2026-08-21 22:12:28,747 - INFO - [bot-1787304010685-9506] Evaluating strategy on completed candle: 2026-08-21 16:35:00+00:00 at Close price: 77316.28
2026-08-21 22:12:28,830 - INFO - Confluence Evaluation | Regime: TRENDING (ADX=39.7) | Direction: HOLD | BullScore: 44.1% | BearScore: 55.9% | Active: ['ema_9', 'ema_20', 'rsi', 'vwap', 'supertrend', 'atr']
2026-08-21 22:12:28,955 - INFO - Signal evaluated: HOLD. Reason/Details: Confluence score: 56% (HOLD)
2026-08-21 22:12:29,178 - INFO - Logged heartbeat status: OK
2026-08-21 22:12:29,183 - INFO - Job "LiveRunner.process_cycle (trigger: interval[0:05:00], next run at: 2026-08-21 22:17:27 IST)" executed successfully
2026-08-21 22:17:27,987 - INFO - Running job "LiveRunner.process_cycle (trigger: interval[0:05:00], next run at: 2026-08-21 22:22:27 IST)" (scheduled at 2026-08-21 22:17:27.958696+05:30)
2026-08-21 22:17:28,020 - INFO - [bot-1787304010685-9506] Starting signal check cycle for BTC/USDT (5m)...
2026-08-21 22:17:28,217 - INFO - Fetching recent candles for BTC/USDT (5m) [Bot: bot-1787304010685-9506] via ProviderManager...
2026-08-21 22:17:28,815 - INFO - Indicators computed | close=77410.07 ema_9=77303.12 ema_20=77292.19 ema_50=77250.41 ema_200=76143.06 macd=11.6473 poc=69350.0 val=64025.0 vah=74500.0
2026-08-21 22:17:28,829 - INFO - [bot-1787304010685-9506] Evaluating strategy on completed candle: 2026-08-21 16:40:00+00:00 at Close price: 77362.04
2026-08-21 22:17:28,935 - INFO - Confluence Evaluation | Regime: TRENDING (ADX=40.2) | Direction: LONG | BullScore: 88.2% | BearScore: 11.8% | Active: ['ema_9', 'ema_20', 'rsi', 'vwap', 'supertrend', 'atr']
2026-08-21 22:17:29,116 - INFO - Capping position size 0.791348 BTC to available cash equivalent 0.193894 BTC.
2026-08-21 22:17:29,183 - INFO - [bot-1787304010685-9506] Signal LONG active pending approval already exists (ID: 211).
2026-08-21 22:17:29,415 - INFO - Logged heartbeat status: OK
2026-08-21 22:17:29,415 - INFO - Job "LiveRunner.process_cycle (trigger: interval[0:05:00], next run at: 2026-08-21 22:22:27 IST)" executed successfully
2026-08-21 22:22:28,018 - INFO - Running job "LiveRunner.process_cycle (trigger: interval[0:05:00], next run at: 2026-08-21 22:27:27 IST)" (scheduled at 2026-08-21 22:22:27.958696+05:30)
2026-08-21 22:22:28,103 - INFO - [bot-1787304010685-9506] Starting signal check cycle for BTC/USDT (5m)...
2026-08-21 22:22:28,158 - INFO - Fetching recent candles for BTC/USDT (5m) [Bot: bot-1787304010685-9506] via ProviderManager...
2026-08-21 22:22:28,747 - INFO - Indicators computed | close=77450.01 ema_9=77351.72 ema_20=77317.57 ema_50=77262.77 ema_200=76157.25 macd=30.3623 poc=69350.0 val=64025.0 vah=74525.0
2026-08-21 22:22:28,749 - INFO - [bot-1787304010685-9506] Evaluating strategy on completed candle: 2026-08-21 16:45:00+00:00 at Close price: 77530.19
2026-08-21 22:22:28,883 - INFO - LONG signal blocked | Location blocked (Close 77530.19 outside Value Area [62744.50 - 76015.50], VAL=64025.00, VAH=74525.00) | context={'close': 77530.19, 'ema_9': 77327.14786556269, 'ema_20': 77303.62543003306, 'ema_50': 77255.12450110391, 'ema_200': 76144.25262187838, 'macd_line': 21.229475276821177, 'macd_signal': 6.32280964717363, 'macd_hist': 14.906665629647547, 'poc': np.float64(69350.0), 'val': np.float64(64025.0), 'vah': np.float64(74525.0)}
2026-08-21 22:22:28,896 - INFO - Confluence Evaluation | Regime: TRENDING (ADX=39.6) | Direction: LONG | BullScore: 88.2% | BearScore: 11.8% | Active: ['ema_9', 'ema_20', 'rsi', 'vwap', 'supertrend', 'atr']
2026-08-21 22:22:29,046 - INFO - Signal evaluated: HOLD. Reason/Details: Confluence score: 88% (LONG) meets 75% threshold
2026-08-21 22:22:29,420 - INFO - Logged heartbeat status: OK
2026-08-21 22:22:29,421 - INFO - Job "LiveRunner.process_cycle (trigger: interval[0:05:00], next run at: 2026-08-21 22:27:27 IST)" executed successfully
2026-08-21 22:27:27,971 - INFO - Running job "LiveRunner.process_cycle (trigger: interval[0:05:00], next run at: 2026-08-21 22:32:27 IST)" (scheduled at 2026-08-21 22:27:27.958696+05:30)
2026-08-21 22:27:27,980 - INFO - [bot-1787304010685-9506] Starting signal check cycle for BTC/USDT (5m)...
2026-08-21 22:27:28,031 - INFO - Fetching recent candles for BTC/USDT (5m) [Bot: bot-1787304010685-9506] via ProviderManager...
2026-08-21 22:27:28,484 - INFO - Indicators computed | close=77482.00 ema_9=77380.97 ema_20=77334.95 ema_50=77272.12 ema_200=76170.62 macd=40.9547 poc=69350.0 val=64025.0 vah=74550.0
2026-08-21 22:27:28,485 - INFO - [bot-1787304010685-9506] Evaluating strategy on completed candle: 2026-08-21 16:50:00+00:00 at Close price: 77470.00
2026-08-21 22:27:28,571 - INFO - Confluence Evaluation | Regime: TRENDING (ADX=39.0) | Direction: HOLD | BullScore: 44.1% | BearScore: 55.9% | Active: ['ema_9', 'ema_20', 'rsi', 'vwap', 'supertrend', 'atr']
2026-08-21 22:27:28,750 - INFO - Signal evaluated: HOLD. Reason/Details: Confluence score: 56% (HOLD)
2026-08-21 22:27:28,962 - INFO - Logged heartbeat status: OK
2026-08-21 22:27:28,962 - INFO - Job "LiveRunner.process_cycle (trigger: interval[0:05:00], next run at: 2026-08-21 22:32:27 IST)" executed successfully
2026-08-21 22:32:28,007 - INFO - Running job "LiveRunner.process_cycle (trigger: interval[0:05:00], next run at: 2026-08-21 22:37:27 IST)" (scheduled at 2026-08-21 22:32:27.958696+05:30)
2026-08-21 22:32:28,112 - INFO - [bot-1787304010685-9506] Starting signal check cycle for BTC/USDT (5m)...
2026-08-21 22:32:28,201 - INFO - Fetching recent candles for BTC/USDT (5m) [Bot: bot-1787304010685-9506] via ProviderManager...
2026-08-21 22:32:28,880 - INFO - Indicators computed | close=77610.44 ema_9=77427.51 ema_20=77361.53 ema_50=77285.54 ema_200=76184.99 macd=58.0304 poc=69350.0 val=64025.0 vah=74550.0
2026-08-21 22:32:28,882 - INFO - [bot-1787304010685-9506] Evaluating strategy on completed candle: 2026-08-21 16:55:00+00:00 at Close price: 77486.01
2026-08-21 22:32:29,009 - INFO - Confluence Evaluation | Regime: TRENDING (ADX=37.1) | Direction: LONG | BullScore: 100.0% | BearScore: 0.0% | Active: ['ema_9', 'ema_20', 'rsi', 'vwap', 'supertrend', 'atr']
2026-08-21 22:32:29,163 - INFO - Capping position size 0.927013 BTC to available cash equivalent 0.193583 BTC.
2026-08-21 22:32:29,263 - INFO - Created pending signal approval ID 250 for bot bot-1787304010685-9506 (LONG @ $77486.01, status: WAITING_APPROVAL)
2026-08-21 22:32:29,338 - INFO - [bot-1787304010685-9506] Signal LONG generated (ID: 250). Waiting for manual user approval.
2026-08-21 22:32:29,569 - INFO - Logged heartbeat status: OK
2026-08-21 22:32:29,570 - INFO - Job "LiveRunner.process_cycle (trigger: interval[0:05:00], next run at: 2026-08-21 22:37:27 IST)" executed successfully
2026-08-21 22:37:28,051 - INFO - Running job "LiveRunner.process_cycle (trigger: interval[0:05:00], next run at: 2026-08-21 22:42:27 IST)" (scheduled at 2026-08-21 22:37:27.958696+05:30)
2026-08-21 22:37:28,064 - INFO - [bot-1787304010685-9506] Starting signal check cycle for BTC/USDT (5m)...
2026-08-21 22:37:28,118 - INFO - Fetching recent candles for BTC/USDT (5m) [Bot: bot-1787304010685-9506] via ProviderManager...
2026-08-21 22:37:28,578 - INFO - Indicators computed | close=77634.48 ema_9=77454.75 ema_20=77379.91 ema_50=77295.89 ema_200=76198.54 macd=66.9675 poc=69350.0 val=64025.0 vah=74575.0
2026-08-21 22:37:28,579 - INFO - [bot-1787304010685-9506] Evaluating strategy on completed candle: 2026-08-21 17:00:00+00:00 at Close price: 77522.00
2026-08-21 22:37:28,645 - INFO - Confluence Evaluation | Regime: TRENDING (ADX=34.7) | Direction: LONG | BullScore: 100.0% | BearScore: 0.0% | Active: ['ema_9', 'ema_20', 'rsi', 'vwap', 'supertrend', 'atr']
2026-08-21 22:37:28,740 - INFO - Capping position size 0.922311 BTC to available cash equivalent 0.193493 BTC.
2026-08-21 22:37:28,747 - INFO - [bot-1787304010685-9506] Signal LONG active pending approval already exists (ID: 250).
2026-08-21 22:37:28,960 - INFO - Logged heartbeat status: OK
2026-08-21 22:37:28,961 - INFO - Job "LiveRunner.process_cycle (trigger: interval[0:05:00], next run at: 2026-08-21 22:42:27 IST)" executed successfully
2026-08-21 22:42:27,977 - INFO - Running job "LiveRunner.process_cycle (trigger: interval[0:05:00], next run at: 2026-08-21 22:47:27 IST)" (scheduled at 2026-08-21 22:42:27.958696+05:30)
2026-08-21 22:42:28,031 - INFO - [bot-1787304010685-9506] Starting signal check cycle for BTC/USDT (5m)...
2026-08-21 22:42:28,044 - INFO - Fetching recent candles for BTC/USDT (5m) [Bot: bot-1787304010685-9506] via ProviderManager...
2026-08-21 22:42:28,600 - INFO - Indicators computed | close=77582.01 ema_9=77477.47 ema_20=77397.68 ema_50=77306.46 ema_200=76212.14 macd=73.4944 poc=69350.0 val=64025.0 vah=74575.0
2026-08-21 22:42:28,601 - INFO - [bot-1787304010685-9506] Evaluating strategy on completed candle: 2026-08-21 17:05:00+00:00 at Close price: 77617.37
2026-08-21 22:42:28,661 - INFO - Confluence Evaluation | Regime: TRENDING (ADX=35.6) | Direction: LONG | BullScore: 100.0% | BearScore: 0.0% | Active: ['ema_9', 'ema_20', 'rsi', 'vwap', 'supertrend', 'atr']
2026-08-21 22:42:28,745 - INFO - Capping position size 0.796411 BTC to available cash equivalent 0.193256 BTC.
2026-08-21 22:42:28,797 - INFO - [bot-1787304010685-9506] Signal LONG active pending approval already exists (ID: 250).
2026-08-21 22:42:28,970 - INFO - Logged heartbeat status: OK
2026-08-21 22:42:28,970 - INFO - Job "LiveRunner.process_cycle (trigger: interval[0:05:00], next run at: 2026-08-21 22:47:27 IST)" executed successfully
/Users/ashishparadkar/Downloads/algo-code-main/.venv/lib/python3.9/site-packages/urllib3/__init__.py:35: NotOpenSSLWarning: urllib3 v2 only supports OpenSSL 1.1.1+, currently the 'ssl' module is compiled with 'LibreSSL 2.8.3'. See: https://github.com/urllib3/urllib3/issues/3020
  warnings.warn(
