/Users/ashishparadkar/Downloads/algo-code-main/.venv/lib/python3.9/site-packages/urllib3/__init__.py:35: NotOpenSSLWarning: urllib3 v2 only supports OpenSSL 1.1.1+, currently the 'ssl' module is compiled with 'LibreSSL 2.8.3'. See: https://github.com/urllib3/urllib3/issues/3020
  warnings.warn(
/Users/ashishparadkar/Downloads/algo-code-main/.venv/lib/python3.9/site-packages/urllib3/__init__.py:35: NotOpenSSLWarning: urllib3 v2 only supports OpenSSL 1.1.1+, currently the 'ssl' module is compiled with 'LibreSSL 2.8.3'. See: https://github.com/urllib3/urllib3/issues/3020
  warnings.warn(
2026-08-21 21:39:39,641 - INFO - Bot state startup reconciliation finished: 0 bot(s) reconciled to STOPPED.
2026-08-21 21:39:44,290 - INFO - Telegram notification service initialized successfully (Chat ID: 5657...)
2026-08-21 21:39:45,077 - INFO - Initializing scheduled trading bot live runner for bot-1787315885201-5e00...
2026-08-21 21:39:47,661 - INFO - SQLite database tables verified/created.
2026-08-21 21:39:50,609 - INFO - Initializing CCXT Binance in TESTNET mode.
2026-08-21 21:43:50,719 - INFO - [bot-1787315885201-5e00] Pre-flight instrument resolved: BTC/USDT (SPOT via binance_spot)
2026-08-21 21:43:57,399 - INFO - [bot-1787315885201-5e00] Starting signal check cycle for BTC/USDT (15m)...
2026-08-21 21:44:06,816 - ERROR - Audit batch write failed: database is locked
2026-08-21 21:44:10,566 - ERROR - Error logging bot activity for bot-1787315885201-5e00: database is locked
2026-08-21 21:44:11,475 - INFO - Fetching recent candles for BTC/USDT (15m) [Bot: bot-1787315885201-5e00] via ProviderManager...
2026-08-21 22:02:32,662 - INFO - Indicators computed | close=77299.66 ema_9=77280.72 ema_20=77239.02 ema_50=76623.46 ema_200=72841.81 macd=110.5211 poc=63050.0 val=62700.0 vah=72550.0
2026-08-21 22:02:33,259 - INFO - [bot-1787315885201-5e00] Evaluating strategy on completed candle: 2026-08-21 16:15:00+00:00 at Close price: 77383.87
2026-08-21 22:02:35,363 - INFO - Confluence Evaluation | Regime: TRENDING (ADX=29.4) | Direction: HOLD | BullScore: 39.5% | BearScore: 21.1% | Active: ['ema', 'macd', 'vp']
2026-08-21 22:02:36,502 - INFO - Signal evaluated: HOLD. Reason/Details: Confluence score: 40% (HOLD)
2026-08-21 22:02:37,292 - INFO - Logged heartbeat status: OK
2026-08-21 22:02:39,692 - INFO - Adding job tentatively -- it will be properly scheduled when the scheduler starts
2026-08-21 22:02:39,710 - INFO - Bot bot-1787315885201-5e00 scheduled to check every 15 minutes.
2026-08-21 22:02:40,491 - INFO - Added job "LiveRunner.process_cycle" to job store "default"
2026-08-21 22:02:40,493 - INFO - Scheduler started
2026-08-21 22:17:39,513 - INFO - Running job "LiveRunner.process_cycle (trigger: interval[0:15:00], next run at: 2026-08-21 22:17:39 IST)" (scheduled at 2026-08-21 22:17:39.264751+05:30)
2026-08-21 22:17:39,623 - INFO - [bot-1787315885201-5e00] Starting signal check cycle for BTC/USDT (15m)...
2026-08-21 22:17:39,713 - INFO - Fetching recent candles for BTC/USDT (15m) [Bot: bot-1787315885201-5e00] via ProviderManager...
2026-08-21 22:17:42,022 - INFO - Indicators computed | close=77405.80 ema_9=77315.72 ema_20=77260.28 ema_50=76656.49 ema_200=72887.84 macd=116.4459 poc=63050.0 val=62700.0 vah=72575.0
2026-08-21 22:17:42,031 - INFO - [bot-1787315885201-5e00] Evaluating strategy on completed candle: 2026-08-21 16:30:00+00:00 at Close price: 77362.04
2026-08-21 22:17:42,154 - INFO - Confluence Evaluation | Regime: TRENDING (ADX=28.9) | Direction: HOLD | BullScore: 39.5% | BearScore: 21.1% | Active: ['ema', 'macd', 'vp']
2026-08-21 22:17:42,287 - INFO - Signal evaluated: HOLD. Reason/Details: Confluence score: 40% (HOLD)
2026-08-21 22:17:42,557 - INFO - Logged heartbeat status: OK
2026-08-21 22:17:42,560 - INFO - Job "LiveRunner.process_cycle (trigger: interval[0:15:00], next run at: 2026-08-21 22:32:39 IST)" executed successfully
2026-08-21 22:32:39,512 - INFO - Running job "LiveRunner.process_cycle (trigger: interval[0:15:00], next run at: 2026-08-21 22:47:39 IST)" (scheduled at 2026-08-21 22:32:39.264751+05:30)
2026-08-21 22:32:39,748 - INFO - [bot-1787315885201-5e00] Starting signal check cycle for BTC/USDT (15m)...
2026-08-21 22:32:39,788 - INFO - Fetching recent candles for BTC/USDT (15m) [Bot: bot-1787315885201-5e00] via ProviderManager...
2026-08-21 22:32:43,124 - INFO - Indicators computed | close=77615.99 ema_9=77388.61 ema_20=77301.07 ema_50=76697.14 ema_200=72935.68 macd=137.5695 poc=63050.0 val=62700.0 vah=72600.0
2026-08-21 22:32:43,125 - INFO - [bot-1787315885201-5e00] Evaluating strategy on completed candle: 2026-08-21 16:45:00+00:00 at Close price: 77486.01
2026-08-21 22:32:43,389 - INFO - Confluence Evaluation | Regime: TRENDING (ADX=27.4) | Direction: HOLD | BullScore: 39.5% | BearScore: 21.1% | Active: ['ema', 'macd', 'vp']
2026-08-21 22:32:43,594 - INFO - Signal evaluated: HOLD. Reason/Details: Confluence score: 40% (HOLD)
2026-08-21 22:32:44,173 - INFO - Logged heartbeat status: OK
2026-08-21 22:32:44,174 - INFO - Job "LiveRunner.process_cycle (trigger: interval[0:15:00], next run at: 2026-08-21 22:47:39 IST)" executed successfully
