2026-08-16 13:58:11,712 - INFO - Initializing scheduled trading bot live runner for bot-1786868888959-cc9e...
2026-08-16 13:58:11,779 - INFO - SQLite database tables verified/created.
2026-08-16 13:58:11,802 - INFO - Initializing CCXT Binance in TESTNET mode.
2026-08-16 13:58:12,850 - INFO - Initializing CCXT Binance in MAINNET mode (Public endpoints).
2026-08-16 13:58:12,870 - INFO - Sending Telegram alert...
2026-08-16 13:58:13,642 - INFO - Telegram alert sent successfully.
2026-08-16 13:58:13,647 - INFO - [bot-1786868888959-cc9e] Starting signal check cycle for BTC/USDT (5m)...
2026-08-16 13:58:13,654 - INFO - Fetching recent candles for BTC/USDT (5m) [Bot: bot-1786868888959-cc9e]...
2026-08-16 13:58:16,150 - INFO - Indicators computed | close=63079.75 ema_9=63066.41 ema_20=63065.11 ema_50=63073.29 ema_200=63082.02 macd=-0.8087 poc=63050.0 val=62600.0 vah=63425.0
2026-08-16 13:58:16,150 - INFO - [bot-1786868888959-cc9e] Evaluating strategy on completed candle: 2026-08-16T08:20:00+00:00 at Close price: 63064.11
2026-08-16 13:58:16,176 - INFO - Confluence Evaluation | Regime: TRENDING (ADX=43.5) | Direction: HOLD | BullScore: 55.9% | BearScore: 0.0% | Active: ['ema_9', 'ema_20', 'rsi', 'vwap', 'supertrend', 'atr']
2026-08-16 13:58:16,195 - INFO - Signal evaluated: HOLD. Reason/Details: Confluence score: 56% (HOLD)
2026-08-16 13:58:16,256 - INFO - Logged heartbeat status: OK
2026-08-16 13:58:16,259 - INFO - Adding job tentatively -- it will be properly scheduled when the scheduler starts
2026-08-16 13:58:16,259 - INFO - Bot bot-1786868888959-cc9e scheduled to check every 5 minutes.
2026-08-16 13:58:16,259 - INFO - Added job "LiveRunner.process_cycle" to job store "default"
2026-08-16 13:58:16,259 - INFO - Scheduler started
2026-08-16 14:25:26,434 - INFO - Initializing scheduled trading bot live runner for bot-1786868888959-cc9e...
2026-08-16 14:25:26,524 - INFO - SQLite database tables verified/created.
2026-08-16 14:25:26,625 - INFO - Initializing CCXT Binance in TESTNET mode.
2026-08-16 14:25:28,987 - INFO - Initializing CCXT Binance in MAINNET mode (Public endpoints).
2026-08-16 14:25:29,158 - INFO - Sending Telegram alert...
2026-08-16 14:25:30,431 - INFO - Telegram alert sent successfully.
2026-08-16 14:25:30,507 - INFO - [bot-1786868888959-cc9e] Starting signal check cycle for BTC/USDT (5m)...
2026-08-16 14:25:31,243 - INFO - Fetching recent candles for BTC/USDT (5m) [Bot: bot-1786868888959-cc9e]...
2026-08-16 14:25:35,604 - INFO - Initializing scheduled trading bot live runner for bot-1786868888959-cc9e...
2026-08-16 14:25:35,613 - INFO - SQLite database tables verified/created.
2026-08-16 14:25:35,625 - INFO - Initializing CCXT Binance in TESTNET mode.
2026-08-16 14:25:37,844 - INFO - Initializing CCXT Binance in MAINNET mode (Public endpoints).
2026-08-16 14:25:37,889 - INFO - Sending Telegram alert...
2026-08-16 14:25:38,748 - INFO - Telegram alert sent successfully.
2026-08-16 14:25:38,827 - INFO - [bot-1786868888959-cc9e] Starting signal check cycle for BTC/USDT (5m)...
2026-08-16 14:25:38,831 - INFO - Fetching recent candles for BTC/USDT (5m) [Bot: bot-1786868888959-cc9e]...
2026-08-16 14:25:41,927 - INFO - Indicators computed | close=63072.43 ema_9=63070.85 ema_20=63068.41 ema_50=63073.10 ema_200=63081.46 macd=1.3307 poc=63050.0 val=62600.0 vah=63425.0
2026-08-16 14:25:41,928 - INFO - [bot-1786868888959-cc9e] Evaluating strategy on completed candle: 2026-08-16T08:50:00+00:00 at Close price: 63072.43
2026-08-16 14:25:41,943 - INFO - Confluence Evaluation | Regime: TRENDING (ADX=72.4) | Direction: HOLD | BullScore: 11.8% | BearScore: 44.1% | Active: ['ema_9', 'ema_20', 'rsi', 'vwap', 'supertrend', 'atr']
2026-08-16 14:25:41,959 - INFO - Signal evaluated: HOLD. Reason/Details: Confluence score: 44% (HOLD)
2026-08-16 14:25:42,007 - INFO - Logged heartbeat status: OK
2026-08-16 14:25:42,009 - INFO - Adding job tentatively -- it will be properly scheduled when the scheduler starts
2026-08-16 14:25:42,009 - INFO - Bot bot-1786868888959-cc9e scheduled to check every 5 minutes.
2026-08-16 14:25:42,009 - INFO - Added job "LiveRunner.process_cycle" to job store "default"
2026-08-16 14:25:42,009 - INFO - Scheduler started
2026-08-16 14:30:42,020 - INFO - Running job "LiveRunner.process_cycle (trigger: interval[0:05:00], next run at: 2026-08-16 14:30:42 IST)" (scheduled at 2026-08-16 14:30:42.009544+05:30)
2026-08-16 14:30:42,026 - INFO - [bot-1786868888959-cc9e] Starting signal check cycle for BTC/USDT (5m)...
2026-08-16 14:30:42,035 - INFO - Fetching recent candles for BTC/USDT (5m) [Bot: bot-1786868888959-cc9e]...
2026-08-16 14:30:42,448 - INFO - Indicators computed | close=63072.42 ema_9=63071.16 ema_20=63068.79 ema_50=63073.08 ema_200=63081.37 macd=1.4357 poc=63050.0 val=62600.0 vah=63425.0
2026-08-16 14:30:42,449 - INFO - [bot-1786868888959-cc9e] Evaluating strategy on completed candle: 2026-08-16T08:55:00+00:00 at Close price: 63072.42
2026-08-16 14:30:42,462 - INFO - Confluence Evaluation | Regime: TRENDING (ADX=77.4) | Direction: HOLD | BullScore: 11.8% | BearScore: 44.1% | Active: ['ema_9', 'ema_20', 'rsi', 'vwap', 'supertrend', 'atr']
2026-08-16 14:30:42,479 - INFO - Signal evaluated: HOLD. Reason/Details: Confluence score: 44% (HOLD)
2026-08-16 14:30:42,526 - INFO - Logged heartbeat status: OK
2026-08-16 14:30:42,526 - INFO - Job "LiveRunner.process_cycle (trigger: interval[0:05:00], next run at: 2026-08-16 14:35:42 IST)" executed successfully
2026-08-16 14:35:42,018 - INFO - Running job "LiveRunner.process_cycle (trigger: interval[0:05:00], next run at: 2026-08-16 14:40:42 IST)" (scheduled at 2026-08-16 14:35:42.009544+05:30)
2026-08-16 14:35:42,025 - INFO - [bot-1786868888959-cc9e] Starting signal check cycle for BTC/USDT (5m)...
2026-08-16 14:35:42,032 - INFO - Fetching recent candles for BTC/USDT (5m) [Bot: bot-1786868888959-cc9e]...
2026-08-16 14:35:42,437 - INFO - Indicators computed | close=63072.42 ema_9=63071.41 ema_20=63069.14 ema_50=63073.05 ema_200=63081.28 macd=1.5022 poc=63050.0 val=62600.0 vah=63425.0
2026-08-16 14:35:42,438 - INFO - [bot-1786868888959-cc9e] Evaluating strategy on completed candle: 2026-08-16T09:00:00+00:00 at Close price: 63072.42
2026-08-16 14:35:42,453 - INFO - Confluence Evaluation | Regime: TRENDING (ADX=82.3) | Direction: HOLD | BullScore: 11.8% | BearScore: 44.1% | Active: ['ema_9', 'ema_20', 'rsi', 'vwap', 'supertrend', 'atr']
2026-08-16 14:35:42,476 - INFO - Signal evaluated: HOLD. Reason/Details: Confluence score: 44% (HOLD)
2026-08-16 14:35:42,543 - INFO - Logged heartbeat status: OK
2026-08-16 14:35:42,543 - INFO - Job "LiveRunner.process_cycle (trigger: interval[0:05:00], next run at: 2026-08-16 14:40:42 IST)" executed successfully
2026-08-16 14:40:42,022 - INFO - Running job "LiveRunner.process_cycle (trigger: interval[0:05:00], next run at: 2026-08-16 14:45:42 IST)" (scheduled at 2026-08-16 14:40:42.009544+05:30)
2026-08-16 14:40:42,029 - INFO - [bot-1786868888959-cc9e] Starting signal check cycle for BTC/USDT (5m)...
2026-08-16 14:40:42,037 - INFO - Fetching recent candles for BTC/USDT (5m) [Bot: bot-1786868888959-cc9e]...
2026-08-16 14:40:42,468 - INFO - Indicators computed | close=63072.43 ema_9=63071.62 ema_20=63069.45 ema_50=63073.03 ema_200=63081.19 macd=1.5380 poc=63050.0 val=62600.0 vah=63425.0
2026-08-16 14:40:42,468 - INFO - [bot-1786868888959-cc9e] Evaluating strategy on completed candle: 2026-08-16T09:05:00+00:00 at Close price: 63072.42
2026-08-16 14:40:42,500 - INFO - Confluence Evaluation | Regime: TRENDING (ADX=87.0) | Direction: HOLD | BullScore: 11.8% | BearScore: 44.1% | Active: ['ema_9', 'ema_20', 'rsi', 'vwap', 'supertrend', 'atr']
2026-08-16 14:40:42,522 - INFO - Signal evaluated: HOLD. Reason/Details: Confluence score: 44% (HOLD)
2026-08-16 14:40:42,585 - INFO - Logged heartbeat status: OK
2026-08-16 14:40:42,585 - INFO - Job "LiveRunner.process_cycle (trigger: interval[0:05:00], next run at: 2026-08-16 14:45:42 IST)" executed successfully
2026-08-16 16:48:41,632 - INFO - Initializing scheduled trading bot live runner for bot-1786868888959-cc9e...
2026-08-16 16:48:42,648 - INFO - SQLite database tables verified/created.
2026-08-16 16:48:42,661 - INFO - Initializing CCXT Binance in TESTNET mode.
2026-08-16 16:48:44,099 - INFO - Initializing CCXT Binance in MAINNET mode (Public endpoints).
2026-08-16 16:48:44,133 - INFO - Sending Telegram alert...
2026-08-16 16:48:44,897 - INFO - Telegram alert sent successfully.
2026-08-16 16:48:44,907 - INFO - [bot-1786868888959-cc9e] Starting signal check cycle for BTC/USDT (5m)...
2026-08-16 16:48:44,920 - INFO - Fetching recent candles for BTC/USDT (5m) [Bot: bot-1786868888959-cc9e]...
2026-08-16 16:49:05,581 - INFO - Indicators computed | close=63006.55 ema_9=63007.19 ema_20=63012.75 ema_50=63033.45 ema_200=63066.09 macd=-9.4444 poc=63050.0 val=62600.0 vah=63425.0
2026-08-16 16:49:05,713 - INFO - [bot-1786868888959-cc9e] Evaluating strategy on completed candle: 2026-08-16T11:10:00+00:00 at Close price: 63006.54
2026-08-16 16:49:13,449 - INFO - Confluence Evaluation | Regime: TRENDING (ADX=52.5) | Direction: SHORT | BullScore: 11.8% | BearScore: 88.2% | Active: ['ema_9', 'ema_20', 'rsi', 'vwap', 'supertrend', 'atr']
2026-08-16 16:49:15,444 - INFO - Capping position size 4.612546 BTC to available cash equivalent 0.238071 BTC.
2026-08-16 16:49:15,657 - INFO - [bot-1786868888959-cc9e] Signal SHORT active pending approval already exists (ID: 208).
2026-08-16 16:49:15,744 - INFO - Logged heartbeat status: OK
2026-08-16 16:49:15,747 - INFO - Adding job tentatively -- it will be properly scheduled when the scheduler starts
2026-08-16 16:49:15,747 - INFO - Bot bot-1786868888959-cc9e scheduled to check every 5 minutes.
2026-08-16 16:49:15,748 - INFO - Added job "LiveRunner.process_cycle" to job store "default"
2026-08-16 16:49:15,748 - INFO - Scheduler started
2026-08-16 17:01:58,918 - INFO - Initializing scheduled trading bot live runner for bot-1786868888959-cc9e...
2026-08-16 17:01:58,926 - INFO - SQLite database tables verified/created.
2026-08-16 17:01:58,930 - INFO - Initializing CCXT Binance in TESTNET mode.
2026-08-16 17:02:02,065 - INFO - Initializing CCXT Binance in MAINNET mode (Public endpoints).
2026-08-16 17:02:02,074 - INFO - Sending Telegram alert...
2026-08-16 17:02:04,013 - INFO - Telegram alert sent successfully.
2026-08-16 17:02:04,017 - INFO - [bot-1786868888959-cc9e] Starting signal check cycle for BTC/USDT (5m)...
2026-08-16 17:02:04,023 - INFO - Fetching recent candles for BTC/USDT (5m) [Bot: bot-1786868888959-cc9e]...
2026-08-16 17:02:07,327 - INFO - Indicators computed | close=62981.94 ema_9=62996.17 ema_20=63005.55 ema_50=63027.99 ema_200=63063.71 macd=-11.9010 poc=63050.0 val=62600.0 vah=63425.0
2026-08-16 17:02:07,329 - INFO - [bot-1786868888959-cc9e] Evaluating strategy on completed candle: 2026-08-16T11:25:00+00:00 at Close price: 62981.95
2026-08-16 17:02:07,347 - INFO - Confluence Evaluation | Regime: TRENDING (ADX=42.2) | Direction: SHORT | BullScore: 0.0% | BearScore: 100.0% | Active: ['ema_9', 'ema_20', 'rsi', 'vwap', 'supertrend', 'atr']
2026-08-16 17:02:07,363 - INFO - Capping position size 3.347094 BTC to available cash equivalent 0.238163 BTC.
2026-08-16 17:02:07,368 - INFO - [bot-1786868888959-cc9e] Signal SHORT active pending approval already exists (ID: 208).
2026-08-16 17:02:07,412 - INFO - Logged heartbeat status: OK
2026-08-16 17:02:07,419 - INFO - Adding job tentatively -- it will be properly scheduled when the scheduler starts
2026-08-16 17:02:07,419 - INFO - Bot bot-1786868888959-cc9e scheduled to check every 5 minutes.
2026-08-16 17:02:07,419 - INFO - Added job "LiveRunner.process_cycle" to job store "default"
2026-08-16 17:02:07,419 - INFO - Scheduler started
2026-08-16 17:04:22,151 - INFO - Initializing scheduled trading bot live runner for bot-1786868888959-cc9e...
2026-08-16 17:04:22,200 - INFO - SQLite database tables verified/created.
2026-08-16 17:04:22,221 - INFO - Initializing CCXT Binance in TESTNET mode.
2026-08-16 17:04:24,018 - INFO - Initializing CCXT Binance in MAINNET mode (Public endpoints).
2026-08-16 17:04:24,340 - INFO - Sending Telegram alert...
2026-08-16 17:04:25,060 - INFO - Telegram alert sent successfully.
2026-08-16 17:04:25,070 - INFO - [bot-1786868888959-cc9e] Starting signal check cycle for BTC/USDT (5m)...
2026-08-16 17:04:25,079 - WARNING - Global Kill switch active! Found flag file or config switch.
2026-08-16 17:04:25,079 - WARNING - Kill switch file active. Skipping cycle.
2026-08-16 17:04:25,080 - INFO - Sending Telegram alert...
2026-08-16 17:04:26,154 - INFO - Telegram alert sent successfully.
2026-08-16 17:04:26,456 - INFO - Logged heartbeat status: OK
2026-08-16 17:04:26,466 - INFO - Adding job tentatively -- it will be properly scheduled when the scheduler starts
2026-08-16 17:04:26,467 - INFO - Bot bot-1786868888959-cc9e scheduled to check every 5 minutes.
2026-08-16 17:04:26,467 - INFO - Added job "LiveRunner.process_cycle" to job store "default"
2026-08-16 17:04:26,468 - INFO - Scheduler started
2026-08-16 17:28:17,149 - INFO - Initializing scheduled trading bot live runner for bot-1786868888959-cc9e...
2026-08-16 17:28:17,823 - INFO - SQLite database tables verified/created.
2026-08-16 17:28:18,045 - INFO - Initializing CCXT Binance in TESTNET mode.
2026-08-16 17:28:20,442 - INFO - Initializing CCXT Binance in MAINNET mode (Public endpoints).
2026-08-16 17:28:20,487 - INFO - Sending Telegram alert...
2026-08-16 17:28:22,164 - INFO - Telegram alert sent successfully.
2026-08-16 17:28:22,237 - INFO - [bot-1786868888959-cc9e] Starting signal check cycle for BTC/USDT (5m)...
2026-08-16 17:28:22,669 - INFO - Fetching recent candles for BTC/USDT (5m) [Bot: bot-1786868888959-cc9e]...
2026-08-16 17:28:27,727 - INFO - Indicators computed | close=63009.91 ema_9=62997.07 ema_20=63002.29 ema_50=63022.42 ema_200=63060.47 macd=-8.4134 poc=63050.0 val=62600.0 vah=63425.0
2026-08-16 17:28:27,729 - INFO - [bot-1786868888959-cc9e] Evaluating strategy on completed candle: 2026-08-16T11:50:00+00:00 at Close price: 62988.50
2026-08-16 17:28:29,484 - INFO - Confluence Evaluation | Regime: TRENDING (ADX=32.8) | Direction: HOLD | BullScore: 40.0% | BearScore: 60.0% | Active: ['ema_9', 'ema_20', 'vwap', 'supertrend']
2026-08-16 17:28:29,498 - INFO - Signal evaluated: HOLD. Reason/Details: Confluence score: 60% (HOLD)
2026-08-16 17:28:30,067 - INFO - Logged heartbeat status: OK
2026-08-16 17:28:30,070 - INFO - Adding job tentatively -- it will be properly scheduled when the scheduler starts
2026-08-16 17:28:30,070 - INFO - Bot bot-1786868888959-cc9e scheduled to check every 5 minutes.
2026-08-16 17:28:30,070 - INFO - Added job "LiveRunner.process_cycle" to job store "default"
2026-08-16 17:28:30,070 - INFO - Scheduler started
2026-08-16 18:05:42,623 - INFO - Initializing scheduled trading bot live runner for bot-1786868888959-cc9e...
2026-08-16 18:05:42,629 - INFO - SQLite database tables verified/created.
2026-08-16 18:05:42,634 - INFO - Initializing CCXT Binance in TESTNET mode.
2026-08-16 18:05:45,157 - INFO - Initializing CCXT Binance in MAINNET mode (Public endpoints).
2026-08-16 18:05:45,166 - INFO - Sending Telegram alert...
2026-08-16 18:05:46,062 - INFO - Telegram alert sent successfully.
2026-08-16 18:05:46,066 - INFO - [bot-1786868888959-cc9e] Starting signal check cycle for BTC/USDT (5m)...
2026-08-16 18:05:46,073 - INFO - Fetching recent candles for BTC/USDT (5m) [Bot: bot-1786868888959-cc9e]...
2026-08-16 18:05:49,148 - INFO - Indicators computed | close=63005.96 ema_9=63013.13 ema_20=63011.03 ema_50=63021.47 ema_200=63057.32 macd=0.1993 poc=63050.0 val=62600.0 vah=63400.0
2026-08-16 18:05:49,149 - INFO - [bot-1786868888959-cc9e] Evaluating strategy on completed candle: 2026-08-16T12:30:00+00:00 at Close price: 63004.95
2026-08-16 18:05:49,174 - INFO - Confluence Evaluation | Regime: RANGING (ADX=16.8) | Direction: SHORT | BullScore: 0.0% | BearScore: 100.0% | Active: ['ema_9', 'ema_20', 'vwap', 'supertrend']
2026-08-16 18:05:49,204 - INFO - Capping position size 3.592814 BTC to available cash equivalent 0.238077 BTC.
2026-08-16 18:05:49,227 - INFO - Created pending signal approval ID 217 for bot bot-1786868888959-cc9e (SHORT @ $63004.95, status: WAITING_APPROVAL)
2026-08-16 18:05:50,102 - INFO - [bot-1786868888959-cc9e] Signal SHORT generated (ID: 217). Waiting for manual user approval.
2026-08-16 18:05:50,145 - INFO - Logged heartbeat status: OK
2026-08-16 18:05:50,149 - INFO - Adding job tentatively -- it will be properly scheduled when the scheduler starts
2026-08-16 18:05:50,149 - INFO - Bot bot-1786868888959-cc9e scheduled to check every 5 minutes.
2026-08-16 18:05:50,149 - INFO - Added job "LiveRunner.process_cycle" to job store "default"
2026-08-16 18:05:50,150 - INFO - Scheduler started
2026-08-16 18:12:18,864 - INFO - Initializing scheduled trading bot live runner for bot-1786868888959-cc9e...
2026-08-16 18:12:19,026 - INFO - SQLite database tables verified/created.
2026-08-16 18:12:19,068 - INFO - Initializing CCXT Binance in TESTNET mode.
2026-08-16 18:12:21,879 - INFO - Initializing CCXT Binance in MAINNET mode (Public endpoints).
2026-08-16 18:12:22,111 - INFO - Sending Telegram alert...
2026-08-16 18:12:22,882 - INFO - Telegram alert sent successfully.
2026-08-16 18:12:22,895 - INFO - [bot-1786868888959-cc9e] Starting signal check cycle for BTC/USDT (5m)...
2026-08-16 18:12:22,907 - WARNING - Global Kill switch active! Found flag file or config switch.
2026-08-16 18:12:22,907 - WARNING - Kill switch file active. Skipping cycle.
2026-08-16 18:12:22,907 - INFO - Sending Telegram alert...
2026-08-16 18:12:24,239 - INFO - Telegram alert sent successfully.
2026-08-16 18:12:24,372 - INFO - Logged heartbeat status: OK
2026-08-16 18:12:24,378 - INFO - Adding job tentatively -- it will be properly scheduled when the scheduler starts
2026-08-16 18:12:24,378 - INFO - Bot bot-1786868888959-cc9e scheduled to check every 5 minutes.
2026-08-16 18:12:24,379 - INFO - Added job "LiveRunner.process_cycle" to job store "default"
2026-08-16 18:12:24,379 - INFO - Scheduler started
2026-08-16 18:17:47,766 - INFO - Initializing scheduled trading bot live runner for bot-1786868888959-cc9e...
2026-08-16 18:17:47,838 - INFO - SQLite database tables verified/created.
2026-08-16 18:17:47,951 - INFO - Initializing CCXT Binance in TESTNET mode.
2026-08-16 18:17:49,724 - INFO - Initializing CCXT Binance in MAINNET mode (Public endpoints).
2026-08-16 18:17:49,769 - INFO - Sending Telegram alert...
2026-08-16 18:17:50,535 - INFO - Telegram alert sent successfully.
2026-08-16 18:17:50,569 - INFO - [bot-1786868888959-cc9e] Starting signal check cycle for BTC/USDT (5m)...
2026-08-16 18:17:50,577 - INFO - Fetching recent candles for BTC/USDT (5m) [Bot: bot-1786868888959-cc9e]...
2026-08-16 18:17:55,690 - INFO - Indicators computed | close=62998.11 ema_9=63007.67 ema_20=63008.66 ema_50=63019.66 ema_200=63056.14 macd=-1.8338 poc=63050.0 val=62600.0 vah=63400.0
2026-08-16 18:17:55,690 - INFO - [bot-1786868888959-cc9e] Evaluating strategy on completed candle: 2026-08-16T12:40:00+00:00 at Close price: 62997.77
2026-08-16 18:17:55,788 - INFO - Confluence Evaluation | Regime: RANGING (ADX=17.3) | Direction: SHORT | BullScore: 0.0% | BearScore: 100.0% | Active: ['ema_9', 'ema_20', 'vwap', 'supertrend']
2026-08-16 18:17:55,894 - INFO - Capping position size 3.310527 BTC to available cash equivalent 0.238104 BTC.
2026-08-16 18:18:01,459 - INFO - [bot-1786868888959-cc9e] Signal SHORT active pending approval already exists (ID: 217).
2026-08-16 18:18:02,331 - INFO - Logged heartbeat status: OK
2026-08-16 18:18:02,448 - INFO - Adding job tentatively -- it will be properly scheduled when the scheduler starts
2026-08-16 18:18:02,449 - INFO - Bot bot-1786868888959-cc9e scheduled to check every 5 minutes.
2026-08-16 18:18:02,449 - INFO - Added job "LiveRunner.process_cycle" to job store "default"
2026-08-16 18:18:02,449 - INFO - Scheduler started
2026-08-16 18:18:08,772 - ERROR - Audit batch write failed: database is locked
2026-08-16 18:35:17,639 - INFO - Initializing scheduled trading bot live runner for bot-1786868888959-cc9e...
2026-08-16 18:35:17,692 - INFO - SQLite database tables verified/created.
2026-08-16 18:35:18,816 - INFO - Initializing CCXT Binance in TESTNET mode.
2026-08-16 18:35:20,601 - INFO - Initializing CCXT Binance in MAINNET mode (Public endpoints).
2026-08-16 18:35:20,658 - INFO - Sending Telegram alert...
2026-08-16 18:35:21,663 - INFO - Telegram alert sent successfully.
2026-08-16 18:35:21,720 - INFO - [bot-1786868888959-cc9e] Starting signal check cycle for BTC/USDT (5m)...
2026-08-16 18:35:23,014 - INFO - Fetching recent candles for BTC/USDT (5m) [Bot: bot-1786868888959-cc9e]...
2026-08-16 18:35:34,197 - INFO - Indicators computed | close=63021.98 ema_9=63015.87 ema_20=63012.97 ema_50=63019.99 ema_200=63054.81 macd=1.6140 poc=63050.0 val=62600.0 vah=63400.0
2026-08-16 18:35:34,213 - INFO - [bot-1786868888959-cc9e] Evaluating strategy on completed candle: 2026-08-16T13:00:00+00:00 at Close price: 63021.99
2026-08-16 18:35:35,927 - INFO - Confluence Evaluation | Regime: RANGING (ADX=10.3) | Direction: HOLD | BullScore: 0.0% | BearScore: 55.6% | Active: ['ema_9', 'ema_20', 'vwap', 'supertrend']
2026-08-16 18:35:35,952 - INFO - Signal evaluated: HOLD. Reason/Details: Confluence score: 56% (HOLD)
2026-08-16 18:35:36,057 - INFO - Logged heartbeat status: OK
2026-08-16 18:35:36,074 - INFO - Adding job tentatively -- it will be properly scheduled when the scheduler starts
2026-08-16 18:35:36,075 - INFO - Bot bot-1786868888959-cc9e scheduled to check every 5 minutes.
2026-08-16 18:35:36,076 - INFO - Added job "LiveRunner.process_cycle" to job store "default"
2026-08-16 18:35:36,076 - INFO - Scheduler started
2026-08-16 19:05:47,824 - INFO - Initializing scheduled trading bot live runner for bot-1786868888959-cc9e...
2026-08-16 19:05:47,892 - INFO - SQLite database tables verified/created.
2026-08-16 19:05:48,038 - INFO - Initializing CCXT Binance in TESTNET mode.
2026-08-16 19:05:52,195 - INFO - Initializing CCXT Binance in MAINNET mode (Public endpoints).
2026-08-16 19:05:52,238 - INFO - Sending Telegram alert...
2026-08-16 19:05:53,085 - INFO - Telegram alert sent successfully.
2026-08-16 19:05:53,097 - INFO - [bot-1786868888959-cc9e] Starting signal check cycle for BTC/USDT (5m)...
2026-08-16 19:05:53,105 - INFO - Fetching recent candles for BTC/USDT (5m) [Bot: bot-1786868888959-cc9e]...
2026-08-16 19:05:56,536 - INFO - Indicators computed | close=63070.05 ema_9=63054.96 ema_20=63038.64 ema_50=63030.78 ema_200=63055.75 macd=15.0464 poc=63050.0 val=62600.0 vah=63400.0
2026-08-16 19:05:56,657 - INFO - [bot-1786868888959-cc9e] Evaluating strategy on completed candle: 2026-08-16T13:30:00+00:00 at Close price: 63070.04
2026-08-16 19:05:59,236 - INFO - Confluence Evaluation | Regime: RANGING (ADX=19.5) | Direction: LONG | BullScore: 100.0% | BearScore: 0.0% | Active: ['ema_9', 'ema_20', 'vwap', 'supertrend']
2026-08-16 19:06:01,863 - INFO - Capping position size 3.809524 BTC to available cash equivalent 0.237831 BTC.
2026-08-16 19:06:02,534 - INFO - Created pending signal approval ID 231 for bot bot-1786868888959-cc9e (LONG @ $63070.04, status: WAITING_APPROVAL)
2026-08-16 19:06:04,512 - INFO - [bot-1786868888959-cc9e] Signal LONG generated (ID: 231). Waiting for manual user approval.
2026-08-16 19:06:04,564 - INFO - Logged heartbeat status: OK
2026-08-16 19:06:04,570 - INFO - Adding job tentatively -- it will be properly scheduled when the scheduler starts
2026-08-16 19:06:04,570 - INFO - Bot bot-1786868888959-cc9e scheduled to check every 5 minutes.
2026-08-16 19:06:04,571 - INFO - Added job "LiveRunner.process_cycle" to job store "default"
2026-08-16 19:06:04,572 - INFO - Scheduler started
2026-08-16 19:11:40,660 - INFO - Initializing scheduled trading bot live runner for bot-1786868888959-cc9e...
2026-08-16 19:11:45,730 - INFO - SQLite database tables verified/created.
2026-08-16 19:11:46,260 - INFO - Initializing CCXT Binance in TESTNET mode.
2026-08-16 19:11:49,056 - INFO - Initializing CCXT Binance in MAINNET mode (Public endpoints).
2026-08-16 19:11:49,076 - INFO - Sending Telegram alert...
2026-08-16 19:11:50,418 - INFO - Telegram alert sent successfully.
2026-08-16 19:11:50,829 - INFO - [bot-1786868888959-cc9e] Starting signal check cycle for BTC/USDT (5m)...
2026-08-16 19:12:01,901 - ERROR - Error logging bot activity for bot-1786868888959-cc9e: database is locked
2026-08-16 19:12:01,902 - INFO - Fetching recent candles for BTC/USDT (5m) [Bot: bot-1786868888959-cc9e]...
2026-08-16 19:12:13,775 - ERROR - Error fetching live OHLCV for BTC/USDT 5m: 
2026-08-16 19:12:13,775 - ERROR - System Error in runner execution cycle: 
Traceback (most recent call last):
  File "H:\algo\algo\btc-bot\src\live_runner.py", line 167, in process_cycle
    df = self.mainnet_fetcher.fetch_live_ohlcv(self.symbol, self.timeframe, limit=1000)
  File "H:\algo\algo\btc-bot\src\data_fetcher.py", line 196, in fetch_live_ohlcv
    raise e
  File "H:\algo\algo\btc-bot\src\data_fetcher.py", line 175, in fetch_live_ohlcv
    candles = self.exchange.fetch_ohlcv(
        symbol=symbol,
        timeframe=timeframe,
        limit=limit
    )
  File "H:\algo\algo\.venv\Lib\site-packages\ccxt\binance.py", line 4713, in fetch_ohlcv
    self.load_markets()
    ~~~~~~~~~~~~~~~~~^^
  File "H:\algo\algo\.venv\Lib\site-packages\ccxt\base\exchange.py", line 1816, in load_markets
    markets = self.fetch_markets(params)
  File "H:\algo\algo\.venv\Lib\site-packages\ccxt\binance.py", line 3241, in fetch_markets
    promisesRaw.append(self.publicGetExchangeInfo(params))
                       ~~~~~~~~~~~~~~~~~~~~~~~~~~^^^^^^^^
  File "H:\algo\algo\.venv\Lib\site-packages\ccxt\base\types.py", line 35, in unbound_method
    return _self.request(self.path, self.api, self.method, params, config=self.config)
           ~~~~~~~~~~~~~^^^^^^^^^^^^^^^^^^^^^^^^^^^^^^^^^^^^^^^^^^^^^^^^^^^^^^^^^^^^^^
  File "H:\algo\algo\.venv\Lib\site-packages\ccxt\binance.py", line 11823, in request
    response = self.fetch2(path, api, method, params, headers, body, config)
  File "H:\algo\algo\.venv\Lib\site-packages\ccxt\base\exchange.py", line 5544, in fetch2
    raise e
  File "H:\algo\algo\.venv\Lib\site-packages\ccxt\base\exchange.py", line 5525, in fetch2
    response = self.fetch(request['url'], request['method'], request['headers'], request['body'])
  File "H:\algo\algo\.venv\Lib\site-packages\ccxt\base\exchange.py", line 620, in fetch
    response = self.session.request(
        method,
    ...<6 lines>...
        files=files
    )
  File "H:\algo\algo\.venv\Lib\site-packages\requests\sessions.py", line 651, in request
    resp = self.send(prep, **send_kwargs)
  File "H:\algo\algo\.venv\Lib\site-packages\requests\sessions.py", line 827, in send
    r.content
  File "H:\algo\algo\.venv\Lib\site-packages\requests\models.py", line 1042, in content
    self._content = b"".join(self.iter_content(CONTENT_CHUNK_SIZE)) or b""
                    ~~~~~~~~^^^^^^^^^^^^^^^^^^^^^^^^^^^^^^^^^^^^^^^
MemoryError
2026-08-16 19:12:28,505 - ERROR - Error logging system error to DB: database is locked
2026-08-16 19:12:33,906 - INFO - Sending Telegram alert...
2026-08-16 19:12:35,473 - INFO - Telegram alert sent successfully.
2026-08-16 19:12:35,521 - INFO - Logged heartbeat status: ERROR
2026-08-16 19:12:35,529 - INFO - Adding job tentatively -- it will be properly scheduled when the scheduler starts
2026-08-16 19:12:35,529 - INFO - Bot bot-1786868888959-cc9e scheduled to check every 5 minutes.
2026-08-16 19:12:35,529 - INFO - Added job "LiveRunner.process_cycle" to job store "default"
2026-08-16 19:12:35,529 - INFO - Scheduler started
