/Users/ashishparadkar/Downloads/algo-code-main/.venv/lib/python3.9/site-packages/urllib3/__init__.py:35: NotOpenSSLWarning: urllib3 v2 only supports OpenSSL 1.1.1+, currently the 'ssl' module is compiled with 'LibreSSL 2.8.3'. See: https://github.com/urllib3/urllib3/issues/3020
  warnings.warn(
2026-08-18 11:39:34,679 - INFO - Initializing scheduled trading bot live runner for bot-1787026459873-c879...
2026-08-18 11:39:34,713 - INFO - SQLite database tables verified/created.
2026-08-18 11:39:34,729 - WARNING - Telegram alerts are DISABLED. Set TELEGRAM_BOT_TOKEN and TELEGRAM_CHAT_ID in your .env file.
2026-08-18 11:39:34,733 - INFO - Initializing CCXT Binance in TESTNET mode.
2026-08-18 11:39:36,989 - INFO - Initializing CCXT Binance in MAINNET mode (Public endpoints).
2026-08-18 11:39:37,015 - INFO - Skipping Telegram notification (disabled): 🚀 <b>Test Bot Started</b>
• <b>Symbol</b>: BTC/USDT
• <b>Timeframe</b>: 5m
• <b>Status</b>: RUNNING
2026-08-18 11:39:37,019 - INFO - [bot-1787026459873-c879] Starting signal check cycle for BTC/USDT (5m)...
2026-08-18 11:39:37,073 - INFO - Fetching recent candles for BTC/USDT (5m) [Bot: bot-1787026459873-c879]...
2026-08-18 11:39:42,532 - INFO - Indicators computed | close=64193.81 ema_9=64214.95 ema_20=64208.88 ema_50=64212.62 ema_200=64126.84 macd=8.5908 poc=63050.0 val=62750.0 vah=64050.0
2026-08-18 11:39:42,535 - INFO - [bot-1787026459873-c879] Evaluating strategy on completed candle: 2026-08-18T06:00:00+00:00 at Close price: 64196.61
2026-08-18 11:39:42,648 - INFO - Confluence Evaluation | Regime: TRENDING (ADX=31.9) | Direction: HOLD | BullScore: 0.0% | BearScore: 34.8% | Active: ['ema', 'macd', 'rsi', 'vp']
2026-08-18 11:39:42,728 - INFO - Signal evaluated: HOLD. Reason/Details: Confluence score: 35% (HOLD)
2026-08-18 11:39:42,818 - INFO - Logged heartbeat status: OK
2026-08-18 11:39:42,825 - INFO - Adding job tentatively -- it will be properly scheduled when the scheduler starts
2026-08-18 11:39:42,825 - INFO - Bot bot-1787026459873-c879 scheduled to check every 5 minutes.
2026-08-18 11:39:42,826 - INFO - Added job "LiveRunner.process_cycle" to job store "default"
2026-08-18 11:39:42,826 - INFO - Scheduler started
2026-08-18 11:44:42,839 - INFO - Running job "LiveRunner.process_cycle (trigger: interval[0:05:00], next run at: 2026-08-18 11:44:42 IST)" (scheduled at 2026-08-18 11:44:42.825167+05:30)
2026-08-18 11:44:42,845 - INFO - [bot-1787026459873-c879] Starting signal check cycle for BTC/USDT (5m)...
2026-08-18 11:44:42,891 - INFO - Fetching recent candles for BTC/USDT (5m) [Bot: bot-1787026459873-c879]...
2026-08-18 11:44:43,391 - INFO - Indicators computed | close=64229.99 ema_9=64218.83 ema_20=64211.36 ema_50=64213.50 ema_200=64127.92 macd=9.5265 poc=63050.0 val=62750.0 vah=64050.0
2026-08-18 11:44:43,392 - INFO - [bot-1787026459873-c879] Evaluating strategy on completed candle: 2026-08-18T06:05:00+00:00 at Close price: 64199.21
2026-08-18 11:44:43,462 - INFO - Confluence Evaluation | Regime: TRENDING (ADX=30.3) | Direction: HOLD | BullScore: 0.0% | BearScore: 34.8% | Active: ['ema', 'macd', 'rsi', 'vp']
2026-08-18 11:44:43,556 - INFO - Signal evaluated: HOLD. Reason/Details: Confluence score: 35% (HOLD)
2026-08-18 11:44:43,627 - INFO - Logged heartbeat status: OK
2026-08-18 11:44:43,627 - INFO - Job "LiveRunner.process_cycle (trigger: interval[0:05:00], next run at: 2026-08-18 11:49:42 IST)" executed successfully
2026-08-18 11:49:42,842 - INFO - Running job "LiveRunner.process_cycle (trigger: interval[0:05:00], next run at: 2026-08-18 11:54:42 IST)" (scheduled at 2026-08-18 11:49:42.825167+05:30)
2026-08-18 11:49:42,854 - INFO - [bot-1787026459873-c879] Starting signal check cycle for BTC/USDT (5m)...
2026-08-18 11:49:42,904 - INFO - Fetching recent candles for BTC/USDT (5m) [Bot: bot-1787026459873-c879]...
2026-08-18 11:49:43,343 - INFO - Indicators computed | close=64273.87 ema_9=64229.84 ema_20=64217.31 ema_50=64215.87 ema_200=64129.37 macd=13.3145 poc=63050.0 val=62750.0 vah=64050.0
2026-08-18 11:49:43,344 - INFO - [bot-1787026459873-c879] Evaluating strategy on completed candle: 2026-08-18T06:10:00+00:00 at Close price: 64230.00
2026-08-18 11:49:43,411 - INFO - Confluence Evaluation | Regime: TRENDING (ADX=31.1) | Direction: HOLD | BullScore: 50.0% | BearScore: 17.4% | Active: ['ema', 'macd', 'rsi', 'vp']
2026-08-18 11:49:43,486 - INFO - Signal evaluated: HOLD. Reason/Details: Confluence score: 50% (HOLD)
2026-08-18 11:49:43,613 - INFO - Logged heartbeat status: OK
2026-08-18 11:49:43,613 - INFO - Job "LiveRunner.process_cycle (trigger: interval[0:05:00], next run at: 2026-08-18 11:54:42 IST)" executed successfully
2026-08-18 11:54:42,845 - INFO - Running job "LiveRunner.process_cycle (trigger: interval[0:05:00], next run at: 2026-08-18 11:59:42 IST)" (scheduled at 2026-08-18 11:54:42.825167+05:30)
2026-08-18 11:54:42,857 - INFO - [bot-1787026459873-c879] Starting signal check cycle for BTC/USDT (5m)...
2026-08-18 11:54:42,902 - INFO - Fetching recent candles for BTC/USDT (5m) [Bot: bot-1787026459873-c879]...
2026-08-18 11:54:44,057 - INFO - Indicators computed | close=64339.50 ema_9=64251.77 ema_20=64228.95 ema_50=64220.72 ema_200=64131.46 macd=21.3654 poc=63050.0 val=62750.0 vah=64050.0
2026-08-18 11:54:44,058 - INFO - [bot-1787026459873-c879] Evaluating strategy on completed candle: 2026-08-18T06:15:00+00:00 at Close price: 64273.87
2026-08-18 11:54:44,137 - INFO - Confluence Evaluation | Regime: TRENDING (ADX=30.2) | Direction: HOLD | BullScore: 65.2% | BearScore: 34.8% | Active: ['ema', 'macd', 'rsi', 'vp']
2026-08-18 11:54:44,171 - INFO - Signal evaluated: HOLD. Reason/Details: Confluence score: 65% (HOLD)
2026-08-18 11:54:44,235 - INFO - Logged heartbeat status: OK
2026-08-18 11:54:44,236 - INFO - Job "LiveRunner.process_cycle (trigger: interval[0:05:00], next run at: 2026-08-18 11:59:42 IST)" executed successfully
2026-08-18 11:59:42,848 - INFO - Running job "LiveRunner.process_cycle (trigger: interval[0:05:00], next run at: 2026-08-18 12:04:42 IST)" (scheduled at 2026-08-18 11:59:42.825167+05:30)
2026-08-18 11:59:42,865 - INFO - [bot-1787026459873-c879] Starting signal check cycle for BTC/USDT (5m)...
2026-08-18 11:59:42,927 - INFO - Fetching recent candles for BTC/USDT (5m) [Bot: bot-1787026459873-c879]...
2026-08-18 11:59:44,132 - INFO - Indicators computed | close=64339.10 ema_9=64268.51 ema_20=64239.05 ema_50=64225.19 ema_200=64133.48 macd=27.1205 poc=63050.0 val=62750.0 vah=64075.0
2026-08-18 11:59:44,147 - INFO - [bot-1787026459873-c879] Evaluating strategy on completed candle: 2026-08-18T06:20:00+00:00 at Close price: 64335.00
2026-08-18 11:59:44,349 - INFO - Confluence Evaluation | Regime: TRENDING (ADX=29.1) | Direction: LONG | BullScore: 82.6% | BearScore: 17.4% | Active: ['ema', 'macd', 'rsi', 'vp']
2026-08-18 11:59:44,391 - INFO - Capping position size 0.436357 BTC to available cash equivalent 0.077718 BTC.
2026-08-18 11:59:44,528 - ERROR - Error creating pending signal approval: NOT NULL constraint failed: pending_signal_approvals.confidence
2026-08-18 11:59:44,543 - INFO - Skipping interactive Telegram notification (disabled): 🚨 <b>TRADE SIGNAL GENERATED</b>

<b>BTC/USDT</b>
Timeframe: 15m

Signal: <b>LONG</b>
Confidence: <b>83%</b>
Required Threshold: <b>75%</b>

Price: <b>$64,335.00</b>

EMA: Bullish
MACD: Bullish
Volume Profile: Bullish

⚠️ <b>NO TRADE EXECUTED</b>

Waiting for your decision.
2026-08-18 11:59:44,556 - INFO - [bot-1787026459873-c879] Signal LONG generated (ID: -1). Waiting for manual user approval.
2026-08-18 11:59:44,797 - INFO - Logged heartbeat status: OK
2026-08-18 11:59:44,797 - INFO - Job "LiveRunner.process_cycle (trigger: interval[0:05:00], next run at: 2026-08-18 12:04:42 IST)" executed successfully
