2026-08-15 17:54:39,269 - INFO - Initializing scheduled trading bot live runner for bot-1786796474817-aaef...
2026-08-15 17:54:39,292 - INFO - SQLite database tables verified/created.
2026-08-15 17:54:39,309 - INFO - Initializing CCXT Binance in TESTNET mode.
2026-08-15 19:37:59,569 - INFO - Initializing scheduled trading bot live runner for bot-1786796474817-aaef...
2026-08-15 19:37:59,655 - INFO - SQLite database tables verified/created.
2026-08-15 19:37:59,672 - INFO - Initializing CCXT Binance in TESTNET mode.
2026-08-15 20:22:06,552 - INFO - BotWatchdog thread started.
2026-08-15 20:22:06,560 - INFO - BotWatchdog singleton background thread started.
2026-08-15 20:22:06,607 - INFO - Initializing scheduled trading bot live runner for bot-1786796474817-aaef...
2026-08-15 20:23:03,929 - INFO - Initializing scheduled trading bot live runner for bot-1786796474817-aaef...
2026-08-15 20:53:59,841 - INFO - BotWatchdog thread started.
2026-08-15 20:53:59,841 - INFO - BotWatchdog singleton background thread started.
2026-08-15 20:54:00,703 - INFO - Initializing scheduled trading bot live runner for bot-1786796474817-aaef...
2026-08-15 20:54:03,685 - INFO - SQLite database tables verified/created.
2026-08-15 20:54:05,100 - INFO - Initializing CCXT Binance in TESTNET mode.
2026-08-15 20:54:07,524 - INFO - Initializing CCXT Binance in MAINNET mode (Public endpoints).
2026-08-15 20:54:07,583 - INFO - Sending Telegram alert...
2026-08-15 20:54:30,341 - ERROR - Error logging Telegram event: database is locked
2026-08-15 20:54:30,403 - INFO - Telegram alert sent successfully.
2026-08-15 20:54:30,449 - INFO - [bot-1786796474817-aaef] Starting signal check cycle for BTC/USDT (5m)...
2026-08-15 20:54:41,852 - ERROR - Error logging bot activity for bot-1786796474817-aaef: database is locked
2026-08-15 20:54:43,126 - INFO - Fetching recent candles for BTC/USDT (5m) [Bot: bot-1786796474817-aaef]...
2026-08-15 20:55:42,207 - ERROR - Error fetching live OHLCV for BTC/USDT 5m: 
