2026-08-15 14:15:28,899 - INFO - BotWatchdog thread started.
2026-08-15 14:15:28,899 - INFO - BotWatchdog singleton background thread started.
2026-08-15 14:42:36,185 - INFO - BotWatchdog thread started.
2026-08-15 14:42:36,185 - INFO - BotWatchdog singleton background thread started.
2026-08-15 15:06:19,733 - INFO - BotWatchdog thread started.
2026-08-15 15:06:19,733 - INFO - BotWatchdog singleton background thread started.
2026-08-15 15:40:10,092 - INFO - BotWatchdog thread started.
2026-08-15 15:40:10,093 - INFO - BotWatchdog singleton background thread started.
2026-08-15 15:45:30,391 - INFO - BotWatchdog thread started.
2026-08-15 15:45:30,391 - INFO - BotWatchdog singleton background thread started.
2026-08-15 17:31:59,742 - INFO - Initializing scheduled trading bot live runner for bot-1786782688484-10a2...
2026-08-15 17:31:59,800 - INFO - SQLite database tables verified/created.
2026-08-15 17:38:05,523 - INFO - Initializing scheduled trading bot live runner for bot-1786782688484-10a2...
2026-08-15 17:38:05,596 - INFO - SQLite database tables verified/created.
2026-08-15 17:50:28,213 - INFO - Initializing scheduled trading bot live runner for bot-1786782688484-10a2...
2026-08-15 17:54:30,975 - INFO - Initializing scheduled trading bot live runner for bot-1786782688484-10a2...
2026-08-15 17:54:31,004 - INFO - SQLite database tables verified/created.
2026-08-15 17:54:31,023 - INFO - Initializing CCXT Binance in TESTNET mode.
2026-08-15 19:37:52,665 - INFO - Initializing scheduled trading bot live runner for bot-1786782688484-10a2...
2026-08-15 20:09:30,394 - INFO - Initializing scheduled trading bot live runner for bot-1786782688484-10a2...
2026-08-15 20:21:58,483 - INFO - BotWatchdog thread started.
2026-08-15 20:21:58,484 - INFO - BotWatchdog singleton background thread started.
2026-08-15 20:21:58,578 - INFO - Initializing scheduled trading bot live runner for bot-1786782688484-10a2...
2026-08-15 20:22:57,750 - INFO - Initializing scheduled trading bot live runner for bot-1786782688484-10a2...
2026-08-15 20:22:57,768 - INFO - SQLite database tables verified/created.
2026-08-15 20:53:59,387 - INFO - BotWatchdog thread started.
2026-08-15 20:53:59,387 - INFO - BotWatchdog singleton background thread started.
2026-08-15 20:53:59,661 - INFO - Initializing scheduled trading bot live runner for bot-1786782688484-10a2...
2026-08-15 20:54:05,949 - INFO - SQLite database tables verified/created.
2026-08-15 20:54:06,493 - INFO - Initializing CCXT Binance in TESTNET mode.
2026-08-15 20:54:08,681 - INFO - Initializing CCXT Binance in MAINNET mode (Public endpoints).
2026-08-15 20:54:08,740 - INFO - Sending Telegram alert...
2026-08-15 20:54:19,717 - INFO - Telegram alert sent successfully.
2026-08-15 20:54:19,824 - INFO - [bot-1786782688484-10a2] Starting signal check cycle for BTC/USDT (5m)...
2026-08-15 20:54:31,526 - ERROR - Error logging bot activity for bot-1786782688484-10a2: database is locked
2026-08-15 20:54:31,577 - INFO - Fetching recent candles for BTC/USDT (5m) [Bot: bot-1786782688484-10a2]...
2026-08-15 20:54:39,688 - INFO - Indicators computed | close=63063.83 ema_9=63051.60 ema_20=63044.34 ema_50=63035.98 ema_200=63035.20 macd=7.4394 poc=63425.0 val=63050.0 vah=64300.0
2026-08-15 20:54:39,717 - INFO - [bot-1786782688484-10a2] Evaluating strategy on completed candle: 2026-08-15T15:15:00+00:00 at Close price: 63078.95
2026-08-15 20:54:47,606 - INFO - Confluence Evaluation | Regime: RANGING (ADX=18.2) | Direction: LONG | BullScore: 100.0% | BearScore: 0.0% | Active: ['ema', 'macd', 'rsi', 'vp']
2026-08-15 20:54:47,807 - INFO - Capping position size 1.086957 BTC to available cash equivalent 0.079266 BTC.
2026-08-15 20:54:57,572 - INFO - Created pending signal approval ID 119 for bot bot-1786782688484-10a2 (LONG @ $63078.95, status: WAITING_APPROVAL)
2026-08-15 20:55:36,801 - INFO - [bot-1786782688484-10a2] Signal LONG generated (ID: 119). Waiting for manual user approval.
2026-08-15 20:55:39,039 - WARNING - [bot-1786782688484-10a2] Failed to update bot_instances registry stats: disk I/O error
2026-08-15 20:55:40,965 - INFO - Logged heartbeat status: OK
2026-08-15 20:55:42,310 - INFO - Adding job tentatively -- it will be properly scheduled when the scheduler starts
2026-08-15 20:55:42,310 - INFO - Bot bot-1786782688484-10a2 scheduled to check every 5 minutes.
2026-08-15 20:55:42,311 - INFO - Added job "LiveRunner.process_cycle" to job store "default"
2026-08-15 20:55:42,311 - INFO - Scheduler started
2026-08-15 21:42:48,342 - INFO - BotWatchdog thread started.
2026-08-15 21:42:48,342 - INFO - BotWatchdog singleton background thread started.
2026-08-15 21:42:48,355 - INFO - Initializing scheduled trading bot live runner for bot-1786782688484-10a2...
2026-08-15 21:42:48,365 - INFO - SQLite database tables verified/created.
2026-08-15 21:42:48,377 - INFO - Initializing CCXT Binance in TESTNET mode.
2026-08-15 21:42:50,202 - INFO - Initializing CCXT Binance in MAINNET mode (Public endpoints).
2026-08-15 21:42:50,213 - INFO - Sending Telegram alert...
2026-08-15 21:42:50,904 - INFO - Telegram alert sent successfully.
2026-08-15 21:42:50,907 - INFO - [bot-1786782688484-10a2] Starting signal check cycle for BTC/USDT (5m)...
2026-08-15 21:42:50,914 - INFO - Fetching recent candles for BTC/USDT (5m) [Bot: bot-1786782688484-10a2]...
2026-08-15 21:42:53,597 - INFO - Indicators computed | close=63086.21 ema_9=63091.01 ema_20=63078.11 ema_50=63056.59 ema_200=63041.25 macd=15.8343 poc=63425.0 val=63050.0 vah=64300.0
2026-08-15 21:42:53,598 - INFO - [bot-1786782688484-10a2] Evaluating strategy on completed candle: 2026-08-15T16:05:00+00:00 at Close price: 63086.40
2026-08-15 21:42:53,625 - INFO - Confluence Evaluation | Regime: TRENDING (ADX=51.0) | Direction: LONG | BullScore: 100.0% | BearScore: 0.0% | Active: ['ema', 'macd', 'rsi', 'vp']
2026-08-15 21:42:53,665 - INFO - Capping position size 1.360915 BTC to available cash equivalent 0.079256 BTC.
2026-08-15 21:42:53,675 - INFO - Created pending signal approval ID 135 for bot bot-1786782688484-10a2 (LONG @ $63086.40, status: WAITING_APPROVAL)
2026-08-15 21:42:54,519 - INFO - [bot-1786782688484-10a2] Signal LONG generated (ID: 135). Waiting for manual user approval.
2026-08-15 21:42:54,591 - INFO - Logged heartbeat status: OK
2026-08-15 21:42:54,598 - INFO - Adding job tentatively -- it will be properly scheduled when the scheduler starts
2026-08-15 21:42:54,598 - INFO - Bot bot-1786782688484-10a2 scheduled to check every 5 minutes.
2026-08-15 21:42:54,598 - INFO - Added job "LiveRunner.process_cycle" to job store "default"
2026-08-15 21:42:54,599 - INFO - Scheduler started
2026-08-15 21:47:54,611 - INFO - Running job "LiveRunner.process_cycle (trigger: interval[0:05:00], next run at: 2026-08-15 21:47:54 IST)" (scheduled at 2026-08-15 21:47:54.598357+05:30)
2026-08-15 21:47:54,616 - INFO - [bot-1786782688484-10a2] Starting signal check cycle for BTC/USDT (5m)...
2026-08-15 21:47:54,623 - INFO - Fetching recent candles for BTC/USDT (5m) [Bot: bot-1786782688484-10a2]...
2026-08-15 21:47:55,084 - INFO - Indicators computed | close=63066.74 ema_9=63085.65 ema_20=63076.75 ema_50=63056.86 ema_200=63041.47 macd=12.7900 poc=63425.0 val=63050.0 vah=64300.0
2026-08-15 21:47:55,084 - INFO - [bot-1786782688484-10a2] Evaluating strategy on completed candle: 2026-08-15T16:10:00+00:00 at Close price: 63083.03
2026-08-15 21:47:55,106 - INFO - Confluence Evaluation | Regime: TRENDING (ADX=52.1) | Direction: HOLD | BullScore: 67.4% | BearScore: 0.0% | Active: ['ema', 'macd', 'rsi', 'vp']
2026-08-15 21:47:55,125 - INFO - Signal evaluated: HOLD. Reason/Details: Confluence score: 67% (HOLD)
2026-08-15 21:47:55,203 - INFO - Logged heartbeat status: OK
2026-08-15 21:47:55,204 - INFO - Job "LiveRunner.process_cycle (trigger: interval[0:05:00], next run at: 2026-08-15 21:52:54 IST)" executed successfully
2026-08-15 21:52:54,613 - INFO - Running job "LiveRunner.process_cycle (trigger: interval[0:05:00], next run at: 2026-08-15 21:57:54 IST)" (scheduled at 2026-08-15 21:52:54.598357+05:30)
2026-08-15 21:52:54,618 - INFO - [bot-1786782688484-10a2] Starting signal check cycle for BTC/USDT (5m)...
2026-08-15 21:52:54,624 - INFO - Fetching recent candles for BTC/USDT (5m) [Bot: bot-1786782688484-10a2]...
2026-08-15 21:52:54,998 - INFO - Indicators computed | close=63083.48 ema_9=63087.25 ema_20=63078.49 ema_50=63058.39 ema_200=63042.02 macd=12.5774 poc=63425.0 val=63050.0 vah=64300.0
2026-08-15 21:52:54,998 - INFO - [bot-1786782688484-10a2] Evaluating strategy on completed candle: 2026-08-15T16:15:00+00:00 at Close price: 63079.47
2026-08-15 21:52:55,013 - INFO - Confluence Evaluation | Regime: TRENDING (ADX=51.5) | Direction: HOLD | BullScore: 67.4% | BearScore: 0.0% | Active: ['ema', 'macd', 'rsi', 'vp']
2026-08-15 21:52:55,032 - INFO - Signal evaluated: HOLD. Reason/Details: Confluence score: 67% (HOLD)
2026-08-15 21:52:55,088 - INFO - Logged heartbeat status: OK
2026-08-15 21:52:55,088 - INFO - Job "LiveRunner.process_cycle (trigger: interval[0:05:00], next run at: 2026-08-15 21:57:54 IST)" executed successfully
2026-08-15 21:57:54,602 - INFO - Running job "LiveRunner.process_cycle (trigger: interval[0:05:00], next run at: 2026-08-15 22:02:54 IST)" (scheduled at 2026-08-15 21:57:54.598357+05:30)
2026-08-15 21:57:54,608 - INFO - [bot-1786782688484-10a2] Starting signal check cycle for BTC/USDT (5m)...
2026-08-15 21:57:54,623 - INFO - Fetching recent candles for BTC/USDT (5m) [Bot: bot-1786782688484-10a2]...
2026-08-15 21:57:55,040 - INFO - Indicators computed | close=63115.59 ema_9=63096.36 ema_20=63083.88 ema_50=63061.44 ema_200=63042.96 macd=15.3581 poc=63425.0 val=63050.0 vah=64300.0
2026-08-15 21:57:55,041 - INFO - [bot-1786782688484-10a2] Evaluating strategy on completed candle: 2026-08-15T16:20:00+00:00 at Close price: 63104.99
2026-08-15 21:57:55,076 - INFO - Confluence Evaluation | Regime: TRENDING (ADX=52.6) | Direction: HOLD | BullScore: 67.4% | BearScore: 0.0% | Active: ['ema', 'macd', 'rsi', 'vp']
2026-08-15 21:57:55,109 - INFO - Signal evaluated: HOLD. Reason/Details: Confluence score: 67% (HOLD)
2026-08-15 21:57:55,188 - INFO - Logged heartbeat status: OK
2026-08-15 21:57:55,188 - INFO - Job "LiveRunner.process_cycle (trigger: interval[0:05:00], next run at: 2026-08-15 22:02:54 IST)" executed successfully
2026-08-15 22:02:54,610 - INFO - Running job "LiveRunner.process_cycle (trigger: interval[0:05:00], next run at: 2026-08-15 22:07:54 IST)" (scheduled at 2026-08-15 22:02:54.598357+05:30)
2026-08-15 22:02:54,617 - INFO - [bot-1786782688484-10a2] Starting signal check cycle for BTC/USDT (5m)...
2026-08-15 22:02:54,625 - INFO - Fetching recent candles for BTC/USDT (5m) [Bot: bot-1786782688484-10a2]...
2026-08-15 22:02:56,431 - INFO - Indicators computed | close=63116.24 ema_9=63101.30 ema_20=63087.48 ema_50=63063.82 ema_200=63043.75 macd=16.4388 poc=63425.0 val=63050.0 vah=64300.0
2026-08-15 22:02:56,432 - INFO - [bot-1786782688484-10a2] Evaluating strategy on completed candle: 2026-08-15T16:25:00+00:00 at Close price: 63121.59
2026-08-15 22:02:56,450 - INFO - Confluence Evaluation | Regime: TRENDING (ADX=52.8) | Direction: LONG | BullScore: 100.0% | BearScore: 0.0% | Active: ['ema', 'macd', 'rsi', 'vp']
2026-08-15 22:02:56,471 - INFO - Capping position size 0.847961 BTC to available cash equivalent 0.079212 BTC.
2026-08-15 22:02:56,511 - INFO - [bot-1786782688484-10a2] Signal LONG active pending approval already exists (ID: 135).
2026-08-15 22:02:56,591 - INFO - Logged heartbeat status: OK
2026-08-15 22:02:56,591 - INFO - Job "LiveRunner.process_cycle (trigger: interval[0:05:00], next run at: 2026-08-15 22:07:54 IST)" executed successfully
2026-08-16 11:54:11,211 - INFO - BotWatchdog thread started.
2026-08-16 11:54:11,211 - INFO - BotWatchdog singleton background thread started.
2026-08-16 11:54:11,353 - INFO - Initializing scheduled trading bot live runner for bot-1786782688484-10a2...
2026-08-16 11:54:11,363 - INFO - SQLite database tables verified/created.
2026-08-16 11:54:11,376 - INFO - Initializing CCXT Binance in TESTNET mode.
2026-08-16 11:54:13,961 - INFO - Initializing CCXT Binance in MAINNET mode (Public endpoints).
2026-08-16 11:54:13,977 - INFO - Sending Telegram alert...
2026-08-16 11:54:16,016 - INFO - Telegram alert sent successfully.
2026-08-16 11:54:16,028 - INFO - [bot-1786782688484-10a2] Starting signal check cycle for BTC/USDT (5m)...
2026-08-16 11:54:16,042 - INFO - Fetching recent candles for BTC/USDT (5m) [Bot: bot-1786782688484-10a2]...
2026-08-16 11:54:20,752 - INFO - Indicators computed | close=63054.35 ema_9=63061.81 ema_20=63074.79 ema_50=63090.30 ema_200=63087.38 macd=-14.7046 poc=63050.0 val=62600.0 vah=63425.0
2026-08-16 11:54:20,753 - INFO - [bot-1786782688484-10a2] Evaluating strategy on completed candle: 2026-08-16T06:15:00+00:00 at Close price: 63057.38
2026-08-16 11:54:20,783 - INFO - Confluence Evaluation | Regime: TRENDING (ADX=69.5) | Direction: SHORT | BullScore: 0.0% | BearScore: 82.6% | Active: ['ema', 'macd', 'rsi', 'vp']
2026-08-16 11:54:20,816 - INFO - Capping position size 1.188919 BTC to available cash equivalent 0.079293 BTC.
2026-08-16 11:54:20,857 - INFO - Created pending signal approval ID 186 for bot bot-1786782688484-10a2 (SHORT @ $63057.38, status: WAITING_APPROVAL)
2026-08-16 11:54:25,295 - INFO - [bot-1786782688484-10a2] Signal SHORT generated (ID: 186). Waiting for manual user approval.
2026-08-16 11:54:25,440 - INFO - Logged heartbeat status: OK
2026-08-16 11:54:25,448 - INFO - Adding job tentatively -- it will be properly scheduled when the scheduler starts
2026-08-16 11:54:25,448 - INFO - Bot bot-1786782688484-10a2 scheduled to check every 5 minutes.
2026-08-16 11:54:25,449 - INFO - Added job "LiveRunner.process_cycle" to job store "default"
2026-08-16 11:54:25,449 - INFO - Scheduler started
2026-08-16 11:59:25,460 - INFO - Running job "LiveRunner.process_cycle (trigger: interval[0:05:00], next run at: 2026-08-16 11:59:25 IST)" (scheduled at 2026-08-16 11:59:25.448555+05:30)
2026-08-16 11:59:25,485 - INFO - [bot-1786782688484-10a2] Starting signal check cycle for BTC/USDT (5m)...
2026-08-16 11:59:25,493 - INFO - Fetching recent candles for BTC/USDT (5m) [Bot: bot-1786782688484-10a2]...
2026-08-16 11:59:28,331 - INFO - Indicators computed | close=63072.32 ema_9=63063.91 ema_20=63074.55 ema_50=63089.60 ema_200=63087.24 macd=-13.0628 poc=63050.0 val=62600.0 vah=63425.0
2026-08-16 11:59:28,331 - INFO - [bot-1786782688484-10a2] Evaluating strategy on completed candle: 2026-08-16T06:20:00+00:00 at Close price: 63054.35
2026-08-16 11:59:34,287 - INFO - Confluence Evaluation | Regime: TRENDING (ADX=68.7) | Direction: SHORT | BullScore: 0.0% | BearScore: 82.6% | Active: ['ema', 'macd', 'rsi', 'vp']
2026-08-16 11:59:41,830 - INFO - Capping position size 1.147579 BTC to available cash equivalent 0.079297 BTC.
2026-08-16 11:59:45,724 - INFO - [bot-1786782688484-10a2] Signal SHORT active pending approval already exists (ID: 186).
2026-08-16 11:59:48,868 - INFO - Logged heartbeat status: OK
2026-08-16 11:59:48,868 - INFO - Job "LiveRunner.process_cycle (trigger: interval[0:05:00], next run at: 2026-08-16 12:04:25 IST)" executed successfully
