/Users/ashishparadkar/Downloads/algo-code-main/.venv/lib/python3.9/site-packages/urllib3/__init__.py:35: NotOpenSSLWarning: urllib3 v2 only supports OpenSSL 1.1.1+, currently the 'ssl' module is compiled with 'LibreSSL 2.8.3'. See: https://github.com/urllib3/urllib3/issues/3020
  warnings.warn(
2026-08-18 17:45:22,939 - INFO - Initializing scheduled trading bot live runner for bot-1787054947727-142f...
2026-08-18 17:45:22,975 - INFO - SQLite database tables verified/created.
2026-08-18 17:45:23,003 - WARNING - Telegram alerts are DISABLED. Set TELEGRAM_BOT_TOKEN and TELEGRAM_CHAT_ID in your .env file.
2026-08-18 17:45:23,045 - INFO - Initializing CCXT Binance in TESTNET mode.
2026-08-18 17:45:25,438 - INFO - Initializing CCXT Binance in MAINNET mode (Public endpoints).
2026-08-18 17:45:25,494 - INFO - Skipping Telegram notification (disabled): 🚀 <b>Test Bot Started</b>
• <b>Symbol</b>: BTC/USDT
• <b>Timeframe</b>: 5m
• <b>Status</b>: RUNNING
2026-08-18 17:45:25,518 - INFO - [bot-1787054947727-142f] Starting signal check cycle for BTC/USDT (5m)...
2026-08-18 17:45:25,563 - INFO - Fetching recent candles for BTC/USDT (5m) [Bot: bot-1787054947727-142f]...
2026-08-18 17:45:31,352 - INFO - Indicators computed | close=64296.62 ema_9=64321.12 ema_20=64305.15 ema_50=64269.37 ema_200=64196.23 macd=25.2342 poc=63050.0 val=62750.0 vah=64150.0
2026-08-18 17:45:31,357 - INFO - [bot-1787054947727-142f] Evaluating strategy on completed candle: 2026-08-18T12:10:00+00:00 at Close price: 64296.62
2026-08-18 17:45:31,613 - INFO - Confluence Evaluation | Regime: TRENDING (ADX=61.1) | Direction: HOLD | BullScore: 0.0% | BearScore: 34.8% | Active: ['ema', 'macd', 'rsi', 'vp']
2026-08-18 17:45:31,713 - INFO - Signal evaluated: HOLD. Reason/Details: Confluence score: 35% (HOLD)
2026-08-18 17:45:31,918 - INFO - Logged heartbeat status: OK
2026-08-18 17:45:31,942 - INFO - Adding job tentatively -- it will be properly scheduled when the scheduler starts
2026-08-18 17:45:31,943 - INFO - Bot bot-1787054947727-142f scheduled to check every 5 minutes.
2026-08-18 17:45:31,946 - INFO - Added job "LiveRunner.process_cycle" to job store "default"
2026-08-18 17:45:31,946 - INFO - Scheduler started
2026-08-18 17:50:31,961 - INFO - Running job "LiveRunner.process_cycle (trigger: interval[0:05:00], next run at: 2026-08-18 17:50:31 IST)" (scheduled at 2026-08-18 17:50:31.941898+05:30)
2026-08-18 17:50:31,970 - INFO - [bot-1787054947727-142f] Starting signal check cycle for BTC/USDT (5m)...
2026-08-18 17:50:32,018 - INFO - Fetching recent candles for BTC/USDT (5m) [Bot: bot-1787054947727-142f]...
2026-08-18 17:50:32,640 - INFO - Indicators computed | close=64309.00 ema_9=64318.60 ema_20=64305.47 ema_50=64270.90 ema_200=64197.35 macd=22.4854 poc=63050.0 val=62750.0 vah=64150.0
2026-08-18 17:50:32,651 - INFO - [bot-1787054947727-142f] Evaluating strategy on completed candle: 2026-08-18T12:15:00+00:00 at Close price: 64296.01
2026-08-18 17:50:32,775 - INFO - Confluence Evaluation | Regime: TRENDING (ADX=58.1) | Direction: HOLD | BullScore: 17.4% | BearScore: 17.4% | Active: ['ema', 'macd', 'rsi', 'vp']
2026-08-18 17:50:32,871 - INFO - Signal evaluated: HOLD. Reason/Details: Confluence score: 17% (HOLD)
2026-08-18 17:50:33,074 - INFO - Logged heartbeat status: OK
2026-08-18 17:50:33,075 - INFO - Job "LiveRunner.process_cycle (trigger: interval[0:05:00], next run at: 2026-08-18 17:55:31 IST)" executed successfully
2026-08-18 17:55:31,977 - INFO - Running job "LiveRunner.process_cycle (trigger: interval[0:05:00], next run at: 2026-08-18 18:00:31 IST)" (scheduled at 2026-08-18 17:55:31.941898+05:30)
2026-08-18 17:55:31,984 - INFO - [bot-1787054947727-142f] Starting signal check cycle for BTC/USDT (5m)...
2026-08-18 17:55:32,027 - INFO - Fetching recent candles for BTC/USDT (5m) [Bot: bot-1787054947727-142f]...
2026-08-18 17:55:32,483 - INFO - Indicators computed | close=64298.01 ema_9=64312.72 ema_20=64303.81 ema_50=64271.55 ema_200=64198.24 macd=18.5594 poc=63050.0 val=62750.0 vah=64150.0
2026-08-18 17:55:32,484 - INFO - [bot-1787054947727-142f] Evaluating strategy on completed candle: 2026-08-18T12:20:00+00:00 at Close price: 64298.00
2026-08-18 17:55:32,554 - INFO - Confluence Evaluation | Regime: TRENDING (ADX=53.5) | Direction: HOLD | BullScore: 0.0% | BearScore: 34.8% | Active: ['ema', 'macd', 'rsi', 'vp']
2026-08-18 17:55:32,647 - INFO - Signal evaluated: HOLD. Reason/Details: Confluence score: 35% (HOLD)
2026-08-18 17:55:32,817 - INFO - Logged heartbeat status: OK
2026-08-18 17:55:32,817 - INFO - Job "LiveRunner.process_cycle (trigger: interval[0:05:00], next run at: 2026-08-18 18:00:31 IST)" executed successfully
2026-08-18 18:00:31,977 - INFO - Running job "LiveRunner.process_cycle (trigger: interval[0:05:00], next run at: 2026-08-18 18:05:31 IST)" (scheduled at 2026-08-18 18:00:31.941898+05:30)
2026-08-18 18:00:31,984 - INFO - [bot-1787054947727-142f] Starting signal check cycle for BTC/USDT (5m)...
2026-08-18 18:00:32,031 - INFO - Fetching recent candles for BTC/USDT (5m) [Bot: bot-1787054947727-142f]...
2026-08-18 18:00:32,517 - INFO - Indicators computed | close=64295.01 ema_9=64309.18 ema_20=64302.97 ema_50=64272.47 ema_200=64199.20 macd=15.7202 poc=63050.0 val=62750.0 vah=64150.0
2026-08-18 18:00:32,518 - INFO - [bot-1787054947727-142f] Evaluating strategy on completed candle: 2026-08-18T12:25:00+00:00 at Close price: 64298.01
2026-08-18 18:00:32,584 - INFO - Confluence Evaluation | Regime: TRENDING (ADX=50.7) | Direction: HOLD | BullScore: 0.0% | BearScore: 34.8% | Active: ['ema', 'macd', 'rsi', 'vp']
2026-08-18 18:00:32,662 - INFO - Signal evaluated: HOLD. Reason/Details: Confluence score: 35% (HOLD)
2026-08-18 18:00:32,858 - INFO - Logged heartbeat status: OK
2026-08-18 18:00:32,859 - INFO - Job "LiveRunner.process_cycle (trigger: interval[0:05:00], next run at: 2026-08-18 18:05:31 IST)" executed successfully
2026-08-18 18:10:53,692 - WARNING - Run time of job "LiveRunner.process_cycle (trigger: interval[0:05:00], next run at: 2026-08-18 18:15:31 IST)" was missed by 0:00:21.748414
2026-08-18 18:15:31,956 - INFO - Running job "LiveRunner.process_cycle (trigger: interval[0:05:00], next run at: 2026-08-18 18:20:31 IST)" (scheduled at 2026-08-18 18:15:31.941898+05:30)
2026-08-18 18:15:31,965 - INFO - [bot-1787054947727-142f] Starting signal check cycle for BTC/USDT (5m)...
2026-08-18 18:15:32,035 - INFO - Fetching recent candles for BTC/USDT (5m) [Bot: bot-1787054947727-142f]...
2026-08-18 18:15:32,125 - ERROR - CCXT Network/Timeout error for BTC/USDT 5m: binance GET https://api.binance.com/api/v3/klines?interval=5m&limit=1000&symbol=BTCUSDT
2026-08-18 18:15:32,126 - ERROR - System Error in runner execution cycle: binance GET https://api.binance.com/api/v3/klines?interval=5m&limit=1000&symbol=BTCUSDT
Traceback (most recent call last):
  File "/Users/ashishparadkar/Downloads/algo-code-main/.venv/lib/python3.9/site-packages/urllib3/connectionpool.py", line 787, in urlopen
    response = self._make_request(
  File "/Users/ashishparadkar/Downloads/algo-code-main/.venv/lib/python3.9/site-packages/urllib3/connectionpool.py", line 534, in _make_request
    response = conn.getresponse()
  File "/Users/ashishparadkar/Downloads/algo-code-main/.venv/lib/python3.9/site-packages/urllib3/connection.py", line 571, in getresponse
    httplib_response = super().getresponse()
  File "/Library/Developer/CommandLineTools/Library/Frameworks/Python3.framework/Versions/3.9/lib/python3.9/http/client.py", line 1349, in getresponse
    response.begin()
  File "/Library/Developer/CommandLineTools/Library/Frameworks/Python3.framework/Versions/3.9/lib/python3.9/http/client.py", line 316, in begin
    version, status, reason = self._read_status()
  File "/Library/Developer/CommandLineTools/Library/Frameworks/Python3.framework/Versions/3.9/lib/python3.9/http/client.py", line 277, in _read_status
    line = str(self.fp.readline(_MAXLINE + 1), "iso-8859-1")
  File "/Library/Developer/CommandLineTools/Library/Frameworks/Python3.framework/Versions/3.9/lib/python3.9/socket.py", line 704, in readinto
    return self._sock.recv_into(b)
  File "/Library/Developer/CommandLineTools/Library/Frameworks/Python3.framework/Versions/3.9/lib/python3.9/ssl.py", line 1241, in recv_into
    return self.read(nbytes, buffer)
  File "/Library/Developer/CommandLineTools/Library/Frameworks/Python3.framework/Versions/3.9/lib/python3.9/ssl.py", line 1099, in read
    return self._sslobj.read(len, buffer)
ConnectionResetError: [Errno 54] Connection reset by peer

During handling of the above exception, another exception occurred:

Traceback (most recent call last):
  File "/Users/ashishparadkar/Downloads/algo-code-main/.venv/lib/python3.9/site-packages/requests/adapters.py", line 644, in send
    resp = conn.urlopen(
  File "/Users/ashishparadkar/Downloads/algo-code-main/.venv/lib/python3.9/site-packages/urllib3/connectionpool.py", line 841, in urlopen
    retries = retries.increment(
  File "/Users/ashishparadkar/Downloads/algo-code-main/.venv/lib/python3.9/site-packages/urllib3/util/retry.py", line 490, in increment
    raise reraise(type(error), error, _stacktrace)
  File "/Users/ashishparadkar/Downloads/algo-code-main/.venv/lib/python3.9/site-packages/urllib3/util/util.py", line 38, in reraise
    raise value.with_traceback(tb)
  File "/Users/ashishparadkar/Downloads/algo-code-main/.venv/lib/python3.9/site-packages/urllib3/connectionpool.py", line 787, in urlopen
    response = self._make_request(
  File "/Users/ashishparadkar/Downloads/algo-code-main/.venv/lib/python3.9/site-packages/urllib3/connectionpool.py", line 534, in _make_request
    response = conn.getresponse()
  File "/Users/ashishparadkar/Downloads/algo-code-main/.venv/lib/python3.9/site-packages/urllib3/connection.py", line 571, in getresponse
    httplib_response = super().getresponse()
  File "/Library/Developer/CommandLineTools/Library/Frameworks/Python3.framework/Versions/3.9/lib/python3.9/http/client.py", line 1349, in getresponse
    response.begin()
  File "/Library/Developer/CommandLineTools/Library/Frameworks/Python3.framework/Versions/3.9/lib/python3.9/http/client.py", line 316, in begin
    version, status, reason = self._read_status()
  File "/Library/Developer/CommandLineTools/Library/Frameworks/Python3.framework/Versions/3.9/lib/python3.9/http/client.py", line 277, in _read_status
    line = str(self.fp.readline(_MAXLINE + 1), "iso-8859-1")
  File "/Library/Developer/CommandLineTools/Library/Frameworks/Python3.framework/Versions/3.9/lib/python3.9/socket.py", line 704, in readinto
    return self._sock.recv_into(b)
  File "/Library/Developer/CommandLineTools/Library/Frameworks/Python3.framework/Versions/3.9/lib/python3.9/ssl.py", line 1241, in recv_into
    return self.read(nbytes, buffer)
  File "/Library/Developer/CommandLineTools/Library/Frameworks/Python3.framework/Versions/3.9/lib/python3.9/ssl.py", line 1099, in read
    return self._sslobj.read(len, buffer)
urllib3.exceptions.ProtocolError: ('Connection aborted.', ConnectionResetError(54, 'Connection reset by peer'))

During handling of the above exception, another exception occurred:

Traceback (most recent call last):
  File "/Users/ashishparadkar/Downloads/algo-code-main/.venv/lib/python3.9/site-packages/ccxt/base/exchange.py", line 665, in fetch
    response = self.session.request(
  File "/Users/ashishparadkar/Downloads/algo-code-main/.venv/lib/python3.9/site-packages/requests/sessions.py", line 589, in request
    resp = self.send(prep, **send_kwargs)
  File "/Users/ashishparadkar/Downloads/algo-code-main/.venv/lib/python3.9/site-packages/requests/sessions.py", line 703, in send
    r = adapter.send(request, **kwargs)
  File "/Users/ashishparadkar/Downloads/algo-code-main/.venv/lib/python3.9/site-packages/requests/adapters.py", line 659, in send
    raise ConnectionError(err, request=request)
requests.exceptions.ConnectionError: ('Connection aborted.', ConnectionResetError(54, 'Connection reset by peer'))

The above exception was the direct cause of the following exception:

Traceback (most recent call last):
  File "/Users/ashishparadkar/Downloads/algo-code-main/src/live_runner.py", line 167, in process_cycle
    df = self.mainnet_fetcher.fetch_live_ohlcv(self.symbol, self.timeframe, limit=1000)
  File "/Users/ashishparadkar/Downloads/algo-code-main/src/data_fetcher.py", line 193, in fetch_live_ohlcv
    raise net_err
  File "/Users/ashishparadkar/Downloads/algo-code-main/src/data_fetcher.py", line 175, in fetch_live_ohlcv
    candles = self.exchange.fetch_ohlcv(
  File "/Users/ashishparadkar/Downloads/algo-code-main/.venv/lib/python3.9/site-packages/ccxt/binance.py", line 4759, in fetch_ohlcv
    response = self.publicGetKlines(self.extend(request, params))
  File "/Users/ashishparadkar/Downloads/algo-code-main/.venv/lib/python3.9/site-packages/ccxt/base/types.py", line 35, in unbound_method
    return _self.request(self.path, self.api, self.method, params, config=self.config)
  File "/Users/ashishparadkar/Downloads/algo-code-main/.venv/lib/python3.9/site-packages/ccxt/binance.py", line 11724, in request
    response = self.fetch2(path, api, method, params, headers, body, config)
  File "/Users/ashishparadkar/Downloads/algo-code-main/.venv/lib/python3.9/site-packages/ccxt/base/exchange.py", line 5566, in fetch2
    raise e
  File "/Users/ashishparadkar/Downloads/algo-code-main/.venv/lib/python3.9/site-packages/ccxt/base/exchange.py", line 5549, in fetch2
    response = self.fetch(request['url'], request['method'], request['headers'], request['body'])
  File "/Users/ashishparadkar/Downloads/algo-code-main/.venv/lib/python3.9/site-packages/ccxt/base/exchange.py", line 721, in fetch
    raise NetworkError(details) from e
ccxt.base.errors.NetworkError: binance GET https://api.binance.com/api/v3/klines?interval=5m&limit=1000&symbol=BTCUSDT
2026-08-18 18:15:33,191 - INFO - Skipping Telegram notification (disabled): 🚨 <b>CRITICAL ERROR</b>: System Error in runner execution cycle: binance GET https://api.binance.com/api/v3/klines?interval=5m&limit=1000&symbol=BTCUSDT
2026-08-18 18:15:33,321 - INFO - Logged heartbeat status: ERROR
2026-08-18 18:15:33,322 - INFO - Job "LiveRunner.process_cycle (trigger: interval[0:05:00], next run at: 2026-08-18 18:20:31 IST)" executed successfully
2026-08-18 18:20:31,982 - INFO - Running job "LiveRunner.process_cycle (trigger: interval[0:05:00], next run at: 2026-08-18 18:25:31 IST)" (scheduled at 2026-08-18 18:20:31.941898+05:30)
2026-08-18 18:20:31,999 - INFO - [bot-1787054947727-142f] Starting signal check cycle for BTC/USDT (5m)...
2026-08-18 18:20:32,056 - INFO - Fetching recent candles for BTC/USDT (5m) [Bot: bot-1787054947727-142f]...
2026-08-18 18:20:32,753 - INFO - Indicators computed | close=64250.99 ema_9=64275.44 ema_20=64286.50 ema_50=64269.68 ema_200=64201.35 macd=-1.5696 poc=63050.0 val=62750.0 vah=64150.0
2026-08-18 18:20:32,754 - INFO - [bot-1787054947727-142f] Evaluating strategy on completed candle: 2026-08-18T12:45:00+00:00 at Close price: 64242.06
2026-08-18 18:20:32,826 - INFO - Confluence Evaluation | Regime: TRENDING (ADX=42.5) | Direction: HOLD | BullScore: 0.0% | BearScore: 34.8% | Active: ['ema', 'macd', 'rsi', 'vp']
2026-08-18 18:20:32,945 - INFO - Signal evaluated: HOLD. Reason/Details: Confluence score: 35% (HOLD)
2026-08-18 18:20:33,212 - INFO - Logged heartbeat status: OK
2026-08-18 18:20:33,213 - INFO - Job "LiveRunner.process_cycle (trigger: interval[0:05:00], next run at: 2026-08-18 18:25:31 IST)" executed successfully
2026-08-18 18:25:31,960 - INFO - Running job "LiveRunner.process_cycle (trigger: interval[0:05:00], next run at: 2026-08-18 18:30:31 IST)" (scheduled at 2026-08-18 18:25:31.941898+05:30)
2026-08-18 18:25:31,970 - INFO - [bot-1787054947727-142f] Starting signal check cycle for BTC/USDT (5m)...
2026-08-18 18:25:32,016 - INFO - Fetching recent candles for BTC/USDT (5m) [Bot: bot-1787054947727-142f]...
2026-08-18 18:25:32,523 - INFO - Indicators computed | close=64237.72 ema_9=64266.49 ema_20=64281.09 ema_50=64268.10 ema_200=64201.62 macd=-5.5465 poc=63050.0 val=62750.0 vah=64150.0
2026-08-18 18:25:32,524 - INFO - [bot-1787054947727-142f] Evaluating strategy on completed candle: 2026-08-18T12:50:00+00:00 at Close price: 64242.19
2026-08-18 18:25:32,592 - INFO - Confluence Evaluation | Regime: TRENDING (ADX=41.5) | Direction: HOLD | BullScore: 0.0% | BearScore: 67.4% | Active: ['ema', 'macd', 'rsi', 'vp']
2026-08-18 18:25:32,613 - INFO - Signal evaluated: HOLD. Reason/Details: Confluence score: 67% (HOLD)
2026-08-18 18:25:32,674 - INFO - Logged heartbeat status: OK
2026-08-18 18:25:32,674 - INFO - Job "LiveRunner.process_cycle (trigger: interval[0:05:00], next run at: 2026-08-18 18:30:31 IST)" executed successfully
/Users/ashishparadkar/Downloads/algo-code-main/.venv/lib/python3.9/site-packages/urllib3/__init__.py:35: NotOpenSSLWarning: urllib3 v2 only supports OpenSSL 1.1.1+, currently the 'ssl' module is compiled with 'LibreSSL 2.8.3'. See: https://github.com/urllib3/urllib3/issues/3020
  warnings.warn(
2026-08-18 18:38:51,866 - INFO - Initializing scheduled trading bot live runner for bot-1787054947727-142f...
2026-08-18 18:38:51,996 - INFO - SQLite database tables verified/created.
