/Users/ashishparadkar/Downloads/algo-code-main/.venv/lib/python3.9/site-packages/urllib3/__init__.py:35: NotOpenSSLWarning: urllib3 v2 only supports OpenSSL 1.1.1+, currently the 'ssl' module is compiled with 'LibreSSL 2.8.3'. See: https://github.com/urllib3/urllib3/issues/3020
  warnings.warn(
/Users/ashishparadkar/Downloads/algo-code-main/.venv/lib/python3.9/site-packages/urllib3/__init__.py:35: NotOpenSSLWarning: urllib3 v2 only supports OpenSSL 1.1.1+, currently the 'ssl' module is compiled with 'LibreSSL 2.8.3'. See: https://github.com/urllib3/urllib3/issues/3020
  warnings.warn(
2026-08-21 21:40:15,722 - INFO - Bot state startup reconciliation finished: 0 bot(s) reconciled to STOPPED.
2026-08-21 21:40:21,636 - INFO - Telegram notification service initialized successfully (Chat ID: 5657...)
2026-08-21 21:40:22,641 - INFO - Initializing scheduled trading bot live runner for bot-1787315968210-efb5...
2026-08-21 21:40:26,521 - INFO - SQLite database tables verified/created.
2026-08-21 21:40:27,745 - INFO - Initializing CCXT Binance in TESTNET mode.
2026-08-21 21:45:31,254 - INFO - [bot-1787315968210-efb5] Pre-flight instrument resolved: BTC/USDT (SPOT via binance_spot)
2026-08-21 21:45:36,904 - INFO - [bot-1787315968210-efb5] Starting signal check cycle for BTC/USDT (15m)...
2026-08-21 21:45:38,241 - INFO - Fetching recent candles for BTC/USDT (15m) [Bot: bot-1787315968210-efb5] via ProviderManager...
2026-08-21 22:01:21,003 - INFO - Indicators computed | close=77367.48 ema_9=77294.29 ema_20=77245.48 ema_50=76626.12 ema_200=72842.49 macd=115.9313 poc=63050.0 val=62700.0 vah=72550.0
2026-08-21 22:01:21,768 - INFO - [bot-1787315968210-efb5] Evaluating strategy on completed candle: 2026-08-21 16:15:00+00:00 at Close price: 77383.87
2026-08-21 22:01:25,367 - INFO - Confluence Evaluation | Regime: TRENDING (ADX=29.4) | Direction: HOLD | BullScore: 39.5% | BearScore: 21.1% | Active: ['ema', 'macd', 'vp']
2026-08-21 22:01:26,860 - INFO - Signal evaluated: HOLD. Reason/Details: Confluence score: 40% (HOLD)
2026-08-21 22:01:29,031 - INFO - Logged heartbeat status: OK
2026-08-21 22:01:34,728 - INFO - Adding job tentatively -- it will be properly scheduled when the scheduler starts
2026-08-21 22:01:34,778 - INFO - Bot bot-1787315968210-efb5 scheduled to check every 15 minutes.
2026-08-21 22:01:36,073 - INFO - Added job "LiveRunner.process_cycle" to job store "default"
2026-08-21 22:01:36,074 - INFO - Scheduler started
2026-08-21 22:16:34,383 - INFO - Running job "LiveRunner.process_cycle (trigger: interval[0:15:00], next run at: 2026-08-21 22:16:33 IST)" (scheduled at 2026-08-21 22:16:33.992423+05:30)
2026-08-21 22:16:34,636 - INFO - [bot-1787315968210-efb5] Starting signal check cycle for BTC/USDT (15m)...
2026-08-21 22:16:34,854 - INFO - Fetching recent candles for BTC/USDT (15m) [Bot: bot-1787315968210-efb5] via ProviderManager...
2026-08-21 22:16:40,218 - INFO - Indicators computed | close=77422.00 ema_9=77318.96 ema_20=77261.82 ema_50=76657.12 ema_200=72888.00 macd=117.7382 poc=63050.0 val=62700.0 vah=72575.0
2026-08-21 22:16:40,293 - INFO - [bot-1787315968210-efb5] Evaluating strategy on completed candle: 2026-08-21 16:30:00+00:00 at Close price: 77362.04
2026-08-21 22:16:40,535 - INFO - Confluence Evaluation | Regime: TRENDING (ADX=28.9) | Direction: HOLD | BullScore: 39.5% | BearScore: 21.1% | Active: ['ema', 'macd', 'vp']
2026-08-21 22:16:40,931 - INFO - Signal evaluated: HOLD. Reason/Details: Confluence score: 40% (HOLD)
2026-08-21 22:16:41,463 - INFO - Logged heartbeat status: OK
2026-08-21 22:16:41,481 - INFO - Job "LiveRunner.process_cycle (trigger: interval[0:15:00], next run at: 2026-08-21 22:31:33 IST)" executed successfully
2026-08-21 22:31:34,074 - INFO - Running job "LiveRunner.process_cycle (trigger: interval[0:15:00], next run at: 2026-08-21 22:46:33 IST)" (scheduled at 2026-08-21 22:31:33.992423+05:30)
2026-08-21 22:31:34,141 - INFO - [bot-1787315968210-efb5] Starting signal check cycle for BTC/USDT (15m)...
2026-08-21 22:31:34,207 - INFO - Fetching recent candles for BTC/USDT (15m) [Bot: bot-1787315968210-efb5] via ProviderManager...
2026-08-21 22:31:35,982 - INFO - Indicators computed | close=77519.21 ema_9=77369.25 ema_20=77291.85 ema_50=76693.34 ema_200=72934.71 macd=129.8492 poc=63050.0 val=62700.0 vah=72575.0
2026-08-21 22:31:35,990 - INFO - [bot-1787315968210-efb5] Evaluating strategy on completed candle: 2026-08-21 16:45:00+00:00 at Close price: 77486.01
2026-08-21 22:31:36,107 - INFO - Confluence Evaluation | Regime: TRENDING (ADX=27.4) | Direction: HOLD | BullScore: 39.5% | BearScore: 21.1% | Active: ['ema', 'macd', 'vp']
2026-08-21 22:31:36,277 - INFO - Signal evaluated: HOLD. Reason/Details: Confluence score: 40% (HOLD)
2026-08-21 22:31:36,597 - INFO - Logged heartbeat status: OK
2026-08-21 22:31:36,598 - INFO - Job "LiveRunner.process_cycle (trigger: interval[0:15:00], next run at: 2026-08-21 22:46:33 IST)" executed successfully
