/Users/ashishparadkar/Downloads/algo-code-main/.venv/lib/python3.9/site-packages/urllib3/__init__.py:35: NotOpenSSLWarning: urllib3 v2 only supports OpenSSL 1.1.1+, currently the 'ssl' module is compiled with 'LibreSSL 2.8.3'. See: https://github.com/urllib3/urllib3/issues/3020
  warnings.warn(
2026-08-20 12:27:11,191 - INFO - Bot state startup reconciliation finished: 0 bot(s) reconciled to STOPPED.
2026-08-20 12:27:11,413 - INFO - Telegram notification service initialized successfully (Chat ID: 5657...)
2026-08-20 12:27:11,470 - INFO - Initializing scheduled trading bot live runner for bot-1787151504673-0cd2...
2026-08-20 12:27:11,943 - INFO - SQLite database tables verified/created.
2026-08-20 12:27:12,246 - INFO - Initializing CCXT Binance in TESTNET mode.
2026-08-20 12:27:17,779 - INFO - [bot-1787151504673-0cd2] Pre-flight instrument resolved: BTC/USDT (SPOT via binance_spot)
2026-08-20 12:27:17,838 - INFO - [bot-1787151504673-0cd2] Starting signal check cycle for BTC/USDT (1h)...
2026-08-20 12:27:17,856 - INFO - Fetching recent candles for BTC/USDT (1h) [Bot: bot-1787151504673-0cd2] via ProviderManager...
2026-08-20 12:27:41,334 - INFO - Indicators computed | close=69852.00 ema_9=69304.47 ema_20=68352.68 ema_50=66639.51 ema_200=64678.93 macd=1169.6590 poc=63050.0 val=62525.0 vah=65725.0
2026-08-20 12:27:41,340 - INFO - [bot-1787151504673-0cd2] Evaluating strategy on completed candle: 2026-08-20 05:00:00+00:00 at Close price: 69406.54
2026-08-20 12:27:41,440 - INFO - Confluence Evaluation | Regime: TRENDING (ADX=77.9) | Direction: HOLD | BullScore: 39.5% | BearScore: 21.1% | Active: ['ema', 'macd', 'vp']
2026-08-20 12:27:41,558 - INFO - Signal evaluated: HOLD. Reason/Details: Confluence score: 40% (HOLD)
2026-08-20 12:27:41,640 - INFO - Logged heartbeat status: OK
2026-08-20 12:27:41,651 - INFO - Adding job tentatively -- it will be properly scheduled when the scheduler starts
2026-08-20 12:27:41,651 - INFO - Bot bot-1787151504673-0cd2 scheduled to check every 60 minutes.
2026-08-20 12:27:41,656 - INFO - Added job "LiveRunner.process_cycle" to job store "default"
2026-08-20 12:27:41,656 - INFO - Scheduler started
/Users/ashishparadkar/Downloads/algo-code-main/.venv/lib/python3.9/site-packages/urllib3/__init__.py:35: NotOpenSSLWarning: urllib3 v2 only supports OpenSSL 1.1.1+, currently the 'ssl' module is compiled with 'LibreSSL 2.8.3'. See: https://github.com/urllib3/urllib3/issues/3020
  warnings.warn(
2026-08-20 12:39:29,412 - INFO - Bot state startup reconciliation finished: 0 bot(s) reconciled to STOPPED.
2026-08-20 12:39:29,571 - INFO - Telegram notification service initialized successfully (Chat ID: 5657...)
2026-08-20 12:39:29,590 - INFO - Initializing scheduled trading bot live runner for bot-1787151504673-0cd2...
2026-08-20 12:39:29,896 - INFO - SQLite database tables verified/created.
2026-08-20 12:39:29,959 - INFO - Initializing CCXT Binance in TESTNET mode.
2026-08-20 12:39:39,499 - INFO - [bot-1787151504673-0cd2] Pre-flight instrument resolved: BTC/USDT (SPOT via binance_spot)
2026-08-20 12:39:39,842 - INFO - [bot-1787151504673-0cd2] Starting signal check cycle for BTC/USDT (1h)...
2026-08-20 12:39:40,274 - INFO - Fetching recent candles for BTC/USDT (1h) [Bot: bot-1787151504673-0cd2] via ProviderManager...
2026-08-20 12:40:00,573 - INFO - Indicators computed | close=69987.99 ema_9=69441.17 ema_20=68508.42 ema_50=66770.83 ema_200=64731.76 macd=1157.1251 poc=63050.0 val=62525.0 vah=65850.0
2026-08-20 12:40:00,578 - INFO - [bot-1787151504673-0cd2] Evaluating strategy on completed candle: 2026-08-20 06:00:00+00:00 at Close price: 69851.99
2026-08-20 12:40:00,656 - INFO - Confluence Evaluation | Regime: TRENDING (ADX=74.5) | Direction: HOLD | BullScore: 39.5% | BearScore: 21.1% | Active: ['ema', 'macd', 'vp']
2026-08-20 12:40:00,765 - INFO - Signal evaluated: HOLD. Reason/Details: Confluence score: 40% (HOLD)
2026-08-20 12:40:00,822 - INFO - Logged heartbeat status: OK
2026-08-20 12:40:00,831 - INFO - Adding job tentatively -- it will be properly scheduled when the scheduler starts
2026-08-20 12:40:00,831 - INFO - Bot bot-1787151504673-0cd2 scheduled to check every 60 minutes.
2026-08-20 12:40:00,833 - INFO - Added job "LiveRunner.process_cycle" to job store "default"
2026-08-20 12:40:00,833 - INFO - Scheduler started
