/Users/ashishparadkar/Downloads/algo-code-main/.venv/lib/python3.9/site-packages/urllib3/__init__.py:35: NotOpenSSLWarning: urllib3 v2 only supports OpenSSL 1.1.1+, currently the 'ssl' module is compiled with 'LibreSSL 2.8.3'. See: https://github.com/urllib3/urllib3/issues/3020
  warnings.warn(
/Users/ashishparadkar/Downloads/algo-code-main/.venv/lib/python3.9/site-packages/urllib3/__init__.py:35: NotOpenSSLWarning: urllib3 v2 only supports OpenSSL 1.1.1+, currently the 'ssl' module is compiled with 'LibreSSL 2.8.3'. See: https://github.com/urllib3/urllib3/issues/3020
  warnings.warn(
2026-08-21 18:15:19,985 - INFO - Bot state startup reconciliation finished: 0 bot(s) reconciled to STOPPED.
2026-08-21 18:15:24,727 - INFO - Telegram notification service initialized successfully (Chat ID: 5657...)
2026-08-21 18:15:25,469 - INFO - Initializing scheduled trading bot live runner for bot-1787304019960-529b...
2026-08-21 18:15:27,119 - INFO - SQLite database tables verified/created.
2026-08-21 18:15:29,232 - INFO - Initializing CCXT Binance in TESTNET mode.
/Users/ashishparadkar/Downloads/algo-code-main/.venv/lib/python3.9/site-packages/urllib3/__init__.py:35: NotOpenSSLWarning: urllib3 v2 only supports OpenSSL 1.1.1+, currently the 'ssl' module is compiled with 'LibreSSL 2.8.3'. See: https://github.com/urllib3/urllib3/issues/3020
  warnings.warn(
2026-08-21 20:30:02,523 - INFO - Bot state startup reconciliation finished: 0 bot(s) reconciled to STOPPED.
2026-08-21 20:30:12,769 - INFO - Telegram notification service initialized successfully (Chat ID: 5657...)
2026-08-21 20:30:14,898 - INFO - Initializing scheduled trading bot live runner for bot-1787304019960-529b...
2026-08-21 20:30:17,460 - INFO - SQLite database tables verified/created.
2026-08-21 20:30:20,342 - INFO - Initializing CCXT Binance in TESTNET mode.
/Users/ashishparadkar/Downloads/algo-code-main/.venv/lib/python3.9/site-packages/urllib3/__init__.py:35: NotOpenSSLWarning: urllib3 v2 only supports OpenSSL 1.1.1+, currently the 'ssl' module is compiled with 'LibreSSL 2.8.3'. See: https://github.com/urllib3/urllib3/issues/3020
  warnings.warn(
2026-08-21 21:36:48,108 - INFO - Bot state startup reconciliation finished: 0 bot(s) reconciled to STOPPED.
2026-08-21 21:36:54,718 - INFO - Telegram notification service initialized successfully (Chat ID: 5657...)
2026-08-21 21:36:56,274 - INFO - Initializing scheduled trading bot live runner for bot-1787304019960-529b...
2026-08-21 21:36:59,255 - INFO - SQLite database tables verified/created.
2026-08-21 21:37:00,043 - INFO - Initializing CCXT Binance in TESTNET mode.
2026-08-21 21:39:42,141 - INFO - [bot-1787304019960-529b] Pre-flight instrument resolved: ETH/USDT (SPOT via binance_spot)
2026-08-21 21:39:46,156 - INFO - [bot-1787304019960-529b] Starting signal check cycle for ETH/USDT (15m)...
2026-08-21 21:39:47,743 - INFO - Fetching recent candles for ETH/USDT (15m) [Bot: bot-1787304019960-529b] via ProviderManager...
2026-08-21 22:02:49,851 - INFO - Indicators computed | close=2401.58 ema_9=2395.87 ema_20=2392.67 ema_50=2381.30 ema_200=2275.98 macd=3.8982 poc=1900.0 val=1850.0 vah=2300.0
2026-08-21 22:02:50,290 - INFO - [bot-1787304019960-529b] Evaluating strategy on completed candle: 2026-08-21 16:15:00+00:00 at Close price: 2402.91
2026-08-21 22:02:52,502 - INFO - Confluence Evaluation | Regime: RANGING (ADX=19.9) | Direction: HOLD | BullScore: 67.4% | BearScore: 32.6% | Active: ['ema', 'macd', 'rsi', 'vp']
2026-08-21 22:02:53,511 - INFO - Signal evaluated: HOLD. Reason/Details: Confluence score: 67% (HOLD)
2026-08-21 22:02:54,632 - INFO - Logged heartbeat status: OK
2026-08-21 22:02:57,057 - INFO - Adding job tentatively -- it will be properly scheduled when the scheduler starts
2026-08-21 22:02:57,075 - INFO - Bot bot-1787304019960-529b scheduled to check every 15 minutes.
2026-08-21 22:02:58,056 - INFO - Added job "LiveRunner.process_cycle" to job store "default"
2026-08-21 22:02:58,070 - INFO - Scheduler started
2026-08-21 22:17:57,298 - INFO - Running job "LiveRunner.process_cycle (trigger: interval[0:15:00], next run at: 2026-08-21 22:32:56 IST)" (scheduled at 2026-08-21 22:17:56.658082+05:30)
2026-08-21 22:17:57,612 - INFO - [bot-1787304019960-529b] Starting signal check cycle for ETH/USDT (15m)...
2026-08-21 22:17:57,870 - INFO - Fetching recent candles for ETH/USDT (15m) [Bot: bot-1787304019960-529b] via ProviderManager...
2026-08-21 22:17:59,809 - INFO - Indicators computed | close=2404.70 ema_9=2397.64 ema_20=2393.81 ema_50=2382.22 ema_200=2277.26 macd=4.3979 poc=1900.0 val=1850.0 vah=2300.0
2026-08-21 22:17:59,813 - INFO - [bot-1787304019960-529b] Evaluating strategy on completed candle: 2026-08-21 16:30:00+00:00 at Close price: 2401.60
2026-08-21 22:17:59,921 - INFO - Confluence Evaluation | Regime: RANGING (ADX=20.5) | Direction: HOLD | BullScore: 67.4% | BearScore: 32.6% | Active: ['ema', 'macd', 'rsi', 'vp']
2026-08-21 22:18:00,038 - INFO - Signal evaluated: HOLD. Reason/Details: Confluence score: 67% (HOLD)
2026-08-21 22:18:00,264 - INFO - Logged heartbeat status: OK
2026-08-21 22:18:00,265 - INFO - Job "LiveRunner.process_cycle (trigger: interval[0:15:00], next run at: 2026-08-21 22:32:56 IST)" executed successfully
2026-08-21 22:32:56,779 - INFO - Running job "LiveRunner.process_cycle (trigger: interval[0:15:00], next run at: 2026-08-21 22:47:56 IST)" (scheduled at 2026-08-21 22:32:56.658082+05:30)
2026-08-21 22:32:57,398 - INFO - [bot-1787304019960-529b] Starting signal check cycle for ETH/USDT (15m)...
2026-08-21 22:32:57,425 - INFO - Fetching recent candles for ETH/USDT (15m) [Bot: bot-1787304019960-529b] via ProviderManager...
2026-08-21 22:33:00,413 - INFO - Indicators computed | close=2408.14 ema_9=2399.94 ema_20=2395.29 ema_50=2383.28 ema_200=2278.58 macd=5.0907 poc=1900.0 val=1850.0 vah=2300.0
2026-08-21 22:33:00,415 - INFO - [bot-1787304019960-529b] Evaluating strategy on completed candle: 2026-08-21 16:45:00+00:00 at Close price: 2405.97
2026-08-21 22:33:01,103 - INFO - Confluence Evaluation | Regime: RANGING (ADX=19.8) | Direction: HOLD | BullScore: 67.4% | BearScore: 32.6% | Active: ['ema', 'macd', 'rsi', 'vp']
2026-08-21 22:33:01,432 - INFO - Signal evaluated: HOLD. Reason/Details: Confluence score: 67% (HOLD)
2026-08-21 22:33:01,945 - INFO - Logged heartbeat status: OK
2026-08-21 22:33:01,945 - INFO - Job "LiveRunner.process_cycle (trigger: interval[0:15:00], next run at: 2026-08-21 22:47:56 IST)" executed successfully
