/Users/ashishparadkar/Downloads/algo-code-main/.venv/lib/python3.9/site-packages/urllib3/__init__.py:35: NotOpenSSLWarning: urllib3 v2 only supports OpenSSL 1.1.1+, currently the 'ssl' module is compiled with 'LibreSSL 2.8.3'. See: https://github.com/urllib3/urllib3/issues/3020
  warnings.warn(
2026-08-20 22:18:22,957 - INFO - Bot state startup reconciliation finished: 0 bot(s) reconciled to STOPPED.
2026-08-20 22:18:24,483 - INFO - Telegram notification service initialized successfully (Chat ID: 5657...)
2026-08-20 22:18:24,960 - INFO - Initializing scheduled trading bot live runner for bot-1787212530436-4ece...
2026-08-20 22:18:26,444 - INFO - SQLite database tables verified/created.
2026-08-20 22:18:26,525 - INFO - Initializing CCXT Binance in TESTNET mode.
2026-08-20 22:18:57,173 - INFO - [bot-1787212530436-4ece] Pre-flight instrument resolved: SOL/USDT (SPOT via binance_spot)
2026-08-20 22:18:57,540 - INFO - [bot-1787212530436-4ece] Starting signal check cycle for SOL/USDT (5m)...
2026-08-20 22:18:57,569 - INFO - Fetching recent candles for SOL/USDT (5m) [Bot: bot-1787212530436-4ece] via ProviderManager...
2026-08-20 22:19:59,181 - INFO - Indicators computed | close=87.43 ema_9=87.25 ema_20=87.12 ema_50=87.00 ema_200=85.95 macd=0.1331 poc=75.0 val=75.0 vah=75.0
2026-08-20 22:19:59,185 - INFO - [bot-1787212530436-4ece] Evaluating strategy on completed candle: 2026-08-20 16:40:00+00:00 at Close price: 87.51
2026-08-20 22:19:59,331 - INFO - Confluence Evaluation | Regime: TRENDING (ADX=26.1) | Direction: LONG | BullScore: 82.6% | BearScore: 17.4% | Active: ['ema', 'macd', 'rsi', 'vp']
2026-08-20 22:19:59,465 - INFO - Capping position size 219.178082 BTC to available cash equivalent 91.418124 BTC.
2026-08-20 22:19:59,697 - INFO - Created pending signal approval ID 58 for bot bot-1787212530436-4ece (LONG @ $87.51, status: WAITING_APPROVAL)
2026-08-20 22:19:59,785 - INFO - [bot-1787212530436-4ece] Signal LONG generated (ID: 58). Waiting for manual user approval.
2026-08-20 22:20:00,305 - INFO - Logged heartbeat status: OK
2026-08-20 22:20:00,327 - INFO - Adding job tentatively -- it will be properly scheduled when the scheduler starts
2026-08-20 22:20:00,327 - INFO - Bot bot-1787212530436-4ece scheduled to check every 5 minutes.
2026-08-20 22:20:00,333 - INFO - Added job "LiveRunner.process_cycle" to job store "default"
2026-08-20 22:20:00,333 - INFO - Scheduler started
2026-08-20 22:25:00,523 - INFO - Running job "LiveRunner.process_cycle (trigger: interval[0:05:00], next run at: 2026-08-20 22:30:00 IST)" (scheduled at 2026-08-20 22:25:00.325879+05:30)
2026-08-20 22:25:00,604 - INFO - [bot-1787212530436-4ece] Starting signal check cycle for SOL/USDT (5m)...
2026-08-20 22:25:00,670 - INFO - Fetching recent candles for SOL/USDT (5m) [Bot: bot-1787212530436-4ece] via ProviderManager...
2026-08-20 22:25:02,009 - INFO - Indicators computed | close=87.60 ema_9=87.38 ema_20=87.21 ema_50=87.04 ema_200=85.98 macd=0.1708 poc=75.0 val=75.0 vah=75.0
2026-08-20 22:25:02,010 - INFO - [bot-1787212530436-4ece] Evaluating strategy on completed candle: 2026-08-20 16:50:00+00:00 at Close price: 87.61
2026-08-20 22:25:02,126 - INFO - Confluence Evaluation | Regime: TRENDING (ADX=29.1) | Direction: LONG | BullScore: 82.6% | BearScore: 17.4% | Active: ['ema', 'macd', 'rsi', 'vp']
2026-08-20 22:25:02,266 - INFO - Capping position size 210.526316 BTC to available cash equivalent 91.313777 BTC.
2026-08-20 22:25:02,294 - INFO - [bot-1787212530436-4ece] Signal LONG active pending approval already exists (ID: 58).
2026-08-20 22:25:02,500 - INFO - Logged heartbeat status: OK
2026-08-20 22:25:02,501 - INFO - Job "LiveRunner.process_cycle (trigger: interval[0:05:00], next run at: 2026-08-20 22:30:00 IST)" executed successfully
2026-08-20 22:30:00,338 - INFO - Running job "LiveRunner.process_cycle (trigger: interval[0:05:00], next run at: 2026-08-20 22:35:00 IST)" (scheduled at 2026-08-20 22:30:00.325879+05:30)
2026-08-20 22:30:00,348 - INFO - [bot-1787212530436-4ece] Starting signal check cycle for SOL/USDT (5m)...
2026-08-20 22:30:00,389 - INFO - Fetching recent candles for SOL/USDT (5m) [Bot: bot-1787212530436-4ece] via ProviderManager...
2026-08-20 22:30:01,425 - INFO - Indicators computed | close=87.76 ema_9=87.41 ema_20=87.22 ema_50=87.05 ema_200=85.98 macd=0.1836 poc=75.0 val=75.0 vah=75.0
2026-08-20 22:30:01,426 - INFO - [bot-1787212530436-4ece] Evaluating strategy on completed candle: 2026-08-20 16:50:00+00:00 at Close price: 87.61
2026-08-20 22:30:01,484 - INFO - Confluence Evaluation | Regime: TRENDING (ADX=29.1) | Direction: LONG | BullScore: 82.6% | BearScore: 17.4% | Active: ['ema', 'macd', 'rsi', 'vp']
2026-08-20 22:30:01,569 - INFO - Capping position size 210.526316 BTC to available cash equivalent 91.313777 BTC.
2026-08-20 22:30:01,611 - INFO - [bot-1787212530436-4ece] Signal LONG active pending approval already exists (ID: 58).
2026-08-20 22:30:01,786 - INFO - Logged heartbeat status: OK
2026-08-20 22:30:01,786 - INFO - Job "LiveRunner.process_cycle (trigger: interval[0:05:00], next run at: 2026-08-20 22:35:00 IST)" executed successfully
2026-08-20 22:35:00,347 - INFO - Running job "LiveRunner.process_cycle (trigger: interval[0:05:00], next run at: 2026-08-20 22:35:00 IST)" (scheduled at 2026-08-20 22:35:00.325879+05:30)
2026-08-20 22:35:00,382 - INFO - [bot-1787212530436-4ece] Starting signal check cycle for SOL/USDT (5m)...
2026-08-20 22:35:00,446 - INFO - Fetching recent candles for SOL/USDT (5m) [Bot: bot-1787212530436-4ece] via ProviderManager...
2026-08-20 22:35:01,753 - INFO - Indicators computed | close=87.70 ema_9=87.47 ema_20=87.27 ema_50=87.07 ema_200=86.00 macd=0.1982 poc=75.0 val=75.0 vah=75.0
2026-08-20 22:35:01,756 - INFO - [bot-1787212530436-4ece] Evaluating strategy on completed candle: 2026-08-20 16:55:00+00:00 at Close price: 87.76
2026-08-20 22:35:01,870 - INFO - Confluence Evaluation | Regime: TRENDING (ADX=30.7) | Direction: LONG | BullScore: 82.6% | BearScore: 17.4% | Active: ['ema', 'macd', 'rsi', 'vp']
2026-08-20 22:35:01,975 - INFO - Capping position size 202.531646 BTC to available cash equivalent 91.157703 BTC.
2026-08-20 22:35:02,036 - INFO - [bot-1787212530436-4ece] Signal LONG active pending approval already exists (ID: 58).
2026-08-20 22:35:02,263 - INFO - Logged heartbeat status: OK
2026-08-20 22:35:02,268 - INFO - Job "LiveRunner.process_cycle (trigger: interval[0:05:00], next run at: 2026-08-20 22:40:00 IST)" executed successfully
2026-08-20 22:40:00,375 - INFO - Running job "LiveRunner.process_cycle (trigger: interval[0:05:00], next run at: 2026-08-20 22:45:00 IST)" (scheduled at 2026-08-20 22:40:00.325879+05:30)
2026-08-20 22:40:00,380 - INFO - [bot-1787212530436-4ece] Starting signal check cycle for SOL/USDT (5m)...
2026-08-20 22:40:00,423 - INFO - Fetching recent candles for SOL/USDT (5m) [Bot: bot-1787212530436-4ece] via ProviderManager...
2026-08-20 22:40:01,203 - INFO - Indicators computed | close=87.55 ema_9=87.48 ema_20=87.30 ema_50=87.09 ema_200=86.02 macd=0.1955 poc=75.0 val=75.0 vah=75.0
2026-08-20 22:40:01,204 - INFO - [bot-1787212530436-4ece] Evaluating strategy on completed candle: 2026-08-20 17:00:00+00:00 at Close price: 87.70
2026-08-20 22:40:01,275 - INFO - Confluence Evaluation | Regime: TRENDING (ADX=30.8) | Direction: LONG | BullScore: 82.6% | BearScore: 17.4% | Active: ['ema', 'macd', 'rsi', 'vp']
2026-08-20 22:40:01,374 - INFO - Capping position size 290.909091 BTC to available cash equivalent 91.220068 BTC.
2026-08-20 22:40:01,382 - INFO - [bot-1787212530436-4ece] Signal LONG active pending approval already exists (ID: 58).
2026-08-20 22:40:01,593 - INFO - Logged heartbeat status: OK
2026-08-20 22:40:01,594 - INFO - Job "LiveRunner.process_cycle (trigger: interval[0:05:00], next run at: 2026-08-20 22:45:00 IST)" executed successfully
2026-08-20 22:45:00,338 - INFO - Running job "LiveRunner.process_cycle (trigger: interval[0:05:00], next run at: 2026-08-20 22:50:00 IST)" (scheduled at 2026-08-20 22:45:00.325879+05:30)
2026-08-20 22:45:00,344 - INFO - [bot-1787212530436-4ece] Starting signal check cycle for SOL/USDT (5m)...
2026-08-20 22:45:00,386 - INFO - Fetching recent candles for SOL/USDT (5m) [Bot: bot-1787212530436-4ece] via ProviderManager...
2026-08-20 22:45:01,051 - INFO - Indicators computed | close=87.40 ema_9=87.47 ema_20=87.31 ema_50=87.11 ema_200=86.03 macd=0.1798 poc=75.0 val=75.0 vah=75.0
2026-08-20 22:45:01,053 - INFO - [bot-1787212530436-4ece] Evaluating strategy on completed candle: 2026-08-20 17:05:00+00:00 at Close price: 87.56
2026-08-20 22:45:01,127 - INFO - Confluence Evaluation | Regime: TRENDING (ADX=29.0) | Direction: LONG | BullScore: 82.6% | BearScore: 17.4% | Active: ['ema', 'macd', 'rsi', 'vp']
2026-08-20 22:45:01,224 - INFO - Capping position size 615.384615 BTC to available cash equivalent 91.365921 BTC.
2026-08-20 22:45:01,230 - INFO - [bot-1787212530436-4ece] Signal LONG active pending approval already exists (ID: 58).
2026-08-20 22:45:01,393 - INFO - Logged heartbeat status: OK
2026-08-20 22:45:01,393 - INFO - Job "LiveRunner.process_cycle (trigger: interval[0:05:00], next run at: 2026-08-20 22:50:00 IST)" executed successfully
2026-08-20 22:50:00,336 - INFO - Running job "LiveRunner.process_cycle (trigger: interval[0:05:00], next run at: 2026-08-20 22:55:00 IST)" (scheduled at 2026-08-20 22:50:00.325879+05:30)
2026-08-20 22:50:00,341 - INFO - [bot-1787212530436-4ece] Starting signal check cycle for SOL/USDT (5m)...
2026-08-20 22:50:00,380 - INFO - Fetching recent candles for SOL/USDT (5m) [Bot: bot-1787212530436-4ece] via ProviderManager...
2026-08-20 22:50:01,070 - INFO - Indicators computed | close=87.38 ema_9=87.44 ema_20=87.32 ema_50=87.13 ema_200=86.06 macd=0.1484 poc=75.0 val=75.0 vah=75.0
2026-08-20 22:50:01,071 - INFO - [bot-1787212530436-4ece] Evaluating strategy on completed candle: 2026-08-20 17:15:00+00:00 at Close price: 87.38
2026-08-20 22:50:01,140 - INFO - Confluence Evaluation | Regime: TRENDING (ADX=26.8) | Direction: LONG | BullScore: 82.6% | BearScore: 17.4% | Active: ['ema', 'macd', 'rsi', 'vp']
2026-08-20 22:50:01,224 - INFO - Capping position size 888.888889 BTC to available cash equivalent 91.554131 BTC.
2026-08-20 22:50:01,274 - INFO - Created pending signal approval ID 82 for bot bot-1787212530436-4ece (LONG @ $87.38, status: WAITING_APPROVAL)
2026-08-20 22:50:01,362 - INFO - [bot-1787212530436-4ece] Signal LONG generated (ID: 82). Waiting for manual user approval.
2026-08-20 22:50:01,557 - INFO - Logged heartbeat status: OK
2026-08-20 22:50:01,558 - INFO - Job "LiveRunner.process_cycle (trigger: interval[0:05:00], next run at: 2026-08-20 22:55:00 IST)" executed successfully
2026-08-21 00:19:59,381 - WARNING - Run time of job "LiveRunner.process_cycle (trigger: interval[0:05:00], next run at: 2026-08-21 00:20:00 IST)" was missed by 0:04:59.055298
2026-08-21 00:20:00,328 - INFO - Running job "LiveRunner.process_cycle (trigger: interval[0:05:00], next run at: 2026-08-21 00:25:00 IST)" (scheduled at 2026-08-21 00:20:00.325879+05:30)
2026-08-21 00:20:00,344 - INFO - [bot-1787212530436-4ece] Starting signal check cycle for SOL/USDT (5m)...
2026-08-21 00:20:00,387 - INFO - Fetching recent candles for SOL/USDT (5m) [Bot: bot-1787212530436-4ece] via ProviderManager...
2026-08-21 00:20:10,535 - ERROR - Binance Spot Network Error: binance GET https://api.binance.com/api/v3/klines?interval=5m&limit=1000&symbol=SOLUSDT
--- Logging error ---
Traceback (most recent call last):
  File "/Users/ashishparadkar/Downloads/algo-code-main/.venv/lib/python3.9/site-packages/urllib3/connectionpool.py", line 534, in _make_request
    response = conn.getresponse()
  File "/Users/ashishparadkar/Downloads/algo-code-main/.venv/lib/python3.9/site-packages/urllib3/connection.py", line 571, in getresponse
    httplib_response = super().getresponse()
  File "/Library/Developer/CommandLineTools/Library/Frameworks/Python3.framework/Versions/3.9/lib/python3.9/http/client.py", line 1349, in getresponse
    response.begin()
  File "/Library/Developer/CommandLineTools/Library/Frameworks/Python3.framework/Versions/3.9/lib/python3.9/http/client.py", line 316, in begin
    version, status, reason = self._read_status()
  File "/Library/Developer/CommandLineTools/Library/Frameworks/Python3.framework/Versions/3.9/lib/python3.9/http/client.py", line 277, in _read_status
    line = str(self.fp.readline(_MAXLINE + 1), "iso-8859-1")
  File "/Library/Developer/CommandLineTools/Library/Frameworks/Python3.framework/Versions/3.9/lib/python3.9/socket.py", line 704, in readinto
    return self._sock.recv_into(b)
  File "/Library/Developer/CommandLineTools/Library/Frameworks/Python3.framework/Versions/3.9/lib/python3.9/ssl.py", line 1241, in recv_into
    return self.read(nbytes, buffer)
  File "/Library/Developer/CommandLineTools/Library/Frameworks/Python3.framework/Versions/3.9/lib/python3.9/ssl.py", line 1099, in read
    return self._sslobj.read(len, buffer)
socket.timeout: The read operation timed out

The above exception was the direct cause of the following exception:

Traceback (most recent call last):
  File "/Users/ashishparadkar/Downloads/algo-code-main/.venv/lib/python3.9/site-packages/requests/adapters.py", line 644, in send
    resp = conn.urlopen(
  File "/Users/ashishparadkar/Downloads/algo-code-main/.venv/lib/python3.9/site-packages/urllib3/connectionpool.py", line 841, in urlopen
    retries = retries.increment(
  File "/Users/ashishparadkar/Downloads/algo-code-main/.venv/lib/python3.9/site-packages/urllib3/util/retry.py", line 490, in increment
    raise reraise(type(error), error, _stacktrace)
  File "/Users/ashishparadkar/Downloads/algo-code-main/.venv/lib/python3.9/site-packages/urllib3/util/util.py", line 39, in reraise
    raise value
  File "/Users/ashishparadkar/Downloads/algo-code-main/.venv/lib/python3.9/site-packages/urllib3/connectionpool.py", line 787, in urlopen
    response = self._make_request(
  File "/Users/ashishparadkar/Downloads/algo-code-main/.venv/lib/python3.9/site-packages/urllib3/connectionpool.py", line 536, in _make_request
    self._raise_timeout(err=e, url=url, timeout_value=read_timeout)
  File "/Users/ashishparadkar/Downloads/algo-code-main/.venv/lib/python3.9/site-packages/urllib3/connectionpool.py", line 367, in _raise_timeout
    raise ReadTimeoutError(
urllib3.exceptions.ReadTimeoutError: HTTPSConnectionPool(host='api.binance.com', port=443): Read timed out. (read timeout=10.0)

During handling of the above exception, another exception occurred:

Traceback (most recent call last):
  File "/Users/ashishparadkar/Downloads/algo-code-main/.venv/lib/python3.9/site-packages/ccxt/base/exchange.py", line 665, in fetch
    response = self.session.request(
  File "/Users/ashishparadkar/Downloads/algo-code-main/.venv/lib/python3.9/site-packages/requests/sessions.py", line 589, in request
    resp = self.send(prep, **send_kwargs)
  File "/Users/ashishparadkar/Downloads/algo-code-main/.venv/lib/python3.9/site-packages/requests/sessions.py", line 703, in send
    r = adapter.send(request, **kwargs)
  File "/Users/ashishparadkar/Downloads/algo-code-main/.venv/lib/python3.9/site-packages/requests/adapters.py", line 690, in send
    raise ReadTimeout(e, request=request)
requests.exceptions.ReadTimeout: HTTPSConnectionPool(host='api.binance.com', port=443): Read timed out. (read timeout=10.0)

The above exception was the direct cause of the following exception:

Traceback (most recent call last):
  File "/Users/ashishparadkar/Downloads/algo-code-main/src/provider_manager.py", line 351, in fetch_ohlcv_safe
    df = adapter.fetch_ohlcv(instrument, timeframe, limit=limit)
  File "/Users/ashishparadkar/Downloads/algo-code-main/src/provider_manager.py", line 211, in fetch_ohlcv
    raise net_err
  File "/Users/ashishparadkar/Downloads/algo-code-main/src/provider_manager.py", line 183, in fetch_ohlcv
    raw_candles = self.exchange.fetch_ohlcv(
  File "/Users/ashishparadkar/Downloads/algo-code-main/.venv/lib/python3.9/site-packages/ccxt/binance.py", line 4759, in fetch_ohlcv
    response = self.publicGetKlines(self.extend(request, params))
  File "/Users/ashishparadkar/Downloads/algo-code-main/.venv/lib/python3.9/site-packages/ccxt/base/types.py", line 35, in unbound_method
    return _self.request(self.path, self.api, self.method, params, config=self.config)
  File "/Users/ashishparadkar/Downloads/algo-code-main/.venv/lib/python3.9/site-packages/ccxt/binance.py", line 11724, in request
    response = self.fetch2(path, api, method, params, headers, body, config)
  File "/Users/ashishparadkar/Downloads/algo-code-main/.venv/lib/python3.9/site-packages/ccxt/base/exchange.py", line 5566, in fetch2
    raise e
  File "/Users/ashishparadkar/Downloads/algo-code-main/.venv/lib/python3.9/site-packages/ccxt/base/exchange.py", line 5549, in fetch2
    response = self.fetch(request['url'], request['method'], request['headers'], request['body'])
  File "/Users/ashishparadkar/Downloads/algo-code-main/.venv/lib/python3.9/site-packages/ccxt/base/exchange.py", line 698, in fetch
    raise RequestTimeout(details) from e
ccxt.base.errors.RequestTimeout: binance GET https://api.binance.com/api/v3/klines?interval=5m&limit=1000&symbol=SOLUSDT

During handling of the above exception, another exception occurred:

Traceback (most recent call last):
  File "/Library/Developer/CommandLineTools/Library/Frameworks/Python3.framework/Versions/3.9/lib/python3.9/logging/__init__.py", line 1083, in emit
    msg = self.format(record)
  File "/Library/Developer/CommandLineTools/Library/Frameworks/Python3.framework/Versions/3.9/lib/python3.9/logging/__init__.py", line 927, in format
    return fmt.format(record)
  File "/Library/Developer/CommandLineTools/Library/Frameworks/Python3.framework/Versions/3.9/lib/python3.9/logging/__init__.py", line 663, in format
    record.message = record.getMessage()
  File "/Library/Developer/CommandLineTools/Library/Frameworks/Python3.framework/Versions/3.9/lib/python3.9/logging/__init__.py", line 367, in getMessage
    msg = msg % self.args
TypeError: must be real number, not RequestTimeout
Call stack:
  File "/Library/Developer/CommandLineTools/Library/Frameworks/Python3.framework/Versions/3.9/lib/python3.9/threading.py", line 930, in _bootstrap
    self._bootstrap_inner()
  File "/Library/Developer/CommandLineTools/Library/Frameworks/Python3.framework/Versions/3.9/lib/python3.9/threading.py", line 973, in _bootstrap_inner
    self.run()
  File "/Library/Developer/CommandLineTools/Library/Frameworks/Python3.framework/Versions/3.9/lib/python3.9/threading.py", line 910, in run
    self._target(*self._args, **self._kwargs)
  File "/Library/Developer/CommandLineTools/Library/Frameworks/Python3.framework/Versions/3.9/lib/python3.9/concurrent/futures/thread.py", line 77, in _worker
    work_item.run()
  File "/Library/Developer/CommandLineTools/Library/Frameworks/Python3.framework/Versions/3.9/lib/python3.9/concurrent/futures/thread.py", line 52, in run
    result = self.fn(*self.args, **self.kwargs)
  File "/Users/ashishparadkar/Downloads/algo-code-main/.venv/lib/python3.9/site-packages/apscheduler/executors/base.py", line 131, in run_job
    retval = job.func(*job.args, **job.kwargs)
  File "/Users/ashishparadkar/Downloads/algo-code-main/src/live_runner.py", line 199, in process_cycle
    df, _ = self.provider_manager.fetch_ohlcv_safe(self.symbol, self.timeframe, limit=1000)
  File "/Users/ashishparadkar/Downloads/algo-code-main/src/provider_manager.py", line 362, in fetch_ohlcv_safe
    logger.warning(
Message: 'Retryable network failure for %s (Attempt %d/%d). Backing off %.2fs: %s'
Arguments: ('SOL/USDT', 1, 3, RequestTimeout('binance GET https://api.binance.com/api/v3/klines?interval=5m&limit=1000&symbol=SOLUSDT'))
2026-08-21 00:20:14,332 - INFO - Indicators computed | close=86.92 ema_9=87.01 ema_20=87.16 ema_50=87.17 ema_200=86.26 macd=-0.1188 poc=75.0 val=75.0 vah=75.0
2026-08-21 00:20:14,334 - INFO - [bot-1787212530436-4ece] Evaluating strategy on completed candle: 2026-08-20 18:45:00+00:00 at Close price: 86.95
2026-08-21 00:20:14,438 - INFO - Confluence Evaluation | Regime: TRENDING (ADX=39.5) | Direction: HOLD | BullScore: 0.0% | BearScore: 67.4% | Active: ['ema', 'macd', 'rsi', 'vp']
2026-08-21 00:20:14,578 - INFO - Signal evaluated: HOLD. Reason/Details: Confluence score: 67% (HOLD)
2026-08-21 00:20:14,767 - INFO - Logged heartbeat status: OK
2026-08-21 00:20:14,767 - INFO - Job "LiveRunner.process_cycle (trigger: interval[0:05:00], next run at: 2026-08-21 00:25:00 IST)" executed successfully
2026-08-21 00:25:00,347 - INFO - Running job "LiveRunner.process_cycle (trigger: interval[0:05:00], next run at: 2026-08-21 00:30:00 IST)" (scheduled at 2026-08-21 00:25:00.325879+05:30)
2026-08-21 00:25:00,382 - INFO - [bot-1787212530436-4ece] Starting signal check cycle for SOL/USDT (5m)...
2026-08-21 00:25:00,423 - INFO - Fetching recent candles for SOL/USDT (5m) [Bot: bot-1787212530436-4ece] via ProviderManager...
2026-08-21 00:25:01,208 - INFO - Indicators computed | close=87.03 ema_9=87.03 ema_20=87.17 ema_50=87.18 ema_200=86.26 macd=-0.1100 poc=75.0 val=75.0 vah=75.0
2026-08-21 00:25:01,214 - INFO - [bot-1787212530436-4ece] Evaluating strategy on completed candle: 2026-08-20 18:45:00+00:00 at Close price: 86.95
2026-08-21 00:25:01,299 - INFO - Confluence Evaluation | Regime: TRENDING (ADX=39.5) | Direction: HOLD | BullScore: 0.0% | BearScore: 67.4% | Active: ['ema', 'macd', 'rsi', 'vp']
2026-08-21 00:25:01,364 - INFO - Signal evaluated: HOLD. Reason/Details: Confluence score: 67% (HOLD)
2026-08-21 00:25:01,445 - INFO - Logged heartbeat status: OK
2026-08-21 00:25:01,446 - INFO - Job "LiveRunner.process_cycle (trigger: interval[0:05:00], next run at: 2026-08-21 00:30:00 IST)" executed successfully
/Users/ashishparadkar/Downloads/algo-code-main/.venv/lib/python3.9/site-packages/urllib3/__init__.py:35: NotOpenSSLWarning: urllib3 v2 only supports OpenSSL 1.1.1+, currently the 'ssl' module is compiled with 'LibreSSL 2.8.3'. See: https://github.com/urllib3/urllib3/issues/3020
  warnings.warn(
2026-08-21 06:21:51,202 - INFO - Bot state startup reconciliation finished: 0 bot(s) reconciled to STOPPED.
2026-08-21 06:21:51,715 - INFO - Telegram notification service initialized successfully (Chat ID: 5657...)
2026-08-21 06:21:52,573 - INFO - Initializing scheduled trading bot live runner for bot-1787212530436-4ece...
2026-08-21 06:21:53,177 - INFO - SQLite database tables verified/created.
2026-08-21 06:21:54,455 - INFO - Initializing CCXT Binance in TESTNET mode.
2026-08-21 06:22:31,834 - INFO - [bot-1787212530436-4ece] Pre-flight instrument resolved: SOL/USDT (SPOT via binance_spot)
2026-08-21 06:22:32,649 - INFO - [bot-1787212530436-4ece] Starting signal check cycle for SOL/USDT (5m)...
2026-08-21 06:22:32,970 - INFO - Fetching recent candles for SOL/USDT (5m) [Bot: bot-1787212530436-4ece] via ProviderManager...
2026-08-21 06:23:14,155 - INFO - Indicators computed | close=88.27 ema_9=88.12 ema_20=87.95 ema_50=87.71 ema_200=86.94 macd=0.1881 poc=75.0 val=75.0 vah=75.0
2026-08-21 06:23:14,207 - INFO - [bot-1787212530436-4ece] Evaluating strategy on completed candle: 2026-08-21 00:45:00+00:00 at Close price: 88.10
2026-08-21 06:23:14,363 - INFO - Confluence Evaluation | Regime: TRENDING (ADX=52.2) | Direction: LONG | BullScore: 82.6% | BearScore: 17.4% | Active: ['ema', 'macd', 'rsi', 'vp']
2026-08-21 06:23:14,441 - INFO - Capping position size 400.000000 BTC to available cash equivalent 90.805902 BTC.
2026-08-21 06:23:14,495 - INFO - Created pending signal approval ID 110 for bot bot-1787212530436-4ece (LONG @ $88.10, status: WAITING_APPROVAL)
2026-08-21 06:23:14,547 - INFO - [bot-1787212530436-4ece] Signal LONG generated (ID: 110). Waiting for manual user approval.
2026-08-21 06:23:14,668 - INFO - Logged heartbeat status: OK
2026-08-21 06:23:14,705 - INFO - Adding job tentatively -- it will be properly scheduled when the scheduler starts
2026-08-21 06:23:14,705 - INFO - Bot bot-1787212530436-4ece scheduled to check every 5 minutes.
2026-08-21 06:23:14,709 - INFO - Added job "LiveRunner.process_cycle" to job store "default"
2026-08-21 06:23:14,709 - INFO - Scheduler started
2026-08-21 06:28:14,947 - INFO - Running job "LiveRunner.process_cycle (trigger: interval[0:05:00], next run at: 2026-08-21 06:33:14 IST)" (scheduled at 2026-08-21 06:28:14.704420+05:30)
2026-08-21 06:28:15,004 - INFO - [bot-1787212530436-4ece] Starting signal check cycle for SOL/USDT (5m)...
2026-08-21 06:28:15,042 - INFO - Fetching recent candles for SOL/USDT (5m) [Bot: bot-1787212530436-4ece] via ProviderManager...
2026-08-21 06:28:15,826 - INFO - Indicators computed | close=88.23 ema_9=88.13 ema_20=87.97 ema_50=87.73 ema_200=86.96 macd=0.1839 poc=75.0 val=75.0 vah=75.0
2026-08-21 06:28:15,829 - INFO - [bot-1787212530436-4ece] Evaluating strategy on completed candle: 2026-08-21 00:50:00+00:00 at Close price: 88.22
2026-08-21 06:28:15,895 - INFO - Confluence Evaluation | Regime: TRENDING (ADX=53.3) | Direction: LONG | BullScore: 82.6% | BearScore: 17.4% | Active: ['ema', 'macd', 'rsi', 'vp']
2026-08-21 06:28:15,999 - INFO - Capping position size 307.692308 BTC to available cash equivalent 90.682385 BTC.
2026-08-21 06:28:16,079 - INFO - [bot-1787212530436-4ece] Signal LONG active pending approval already exists (ID: 110).
2026-08-21 06:28:16,192 - INFO - Logged heartbeat status: OK
2026-08-21 06:28:16,193 - INFO - Job "LiveRunner.process_cycle (trigger: interval[0:05:00], next run at: 2026-08-21 06:33:14 IST)" executed successfully
2026-08-21 06:33:14,756 - INFO - Running job "LiveRunner.process_cycle (trigger: interval[0:05:00], next run at: 2026-08-21 06:38:14 IST)" (scheduled at 2026-08-21 06:33:14.704420+05:30)
2026-08-21 06:33:14,768 - INFO - [bot-1787212530436-4ece] Starting signal check cycle for SOL/USDT (5m)...
2026-08-21 06:33:14,805 - INFO - Fetching recent candles for SOL/USDT (5m) [Bot: bot-1787212530436-4ece] via ProviderManager...
2026-08-21 06:33:15,759 - INFO - Indicators computed | close=88.27 ema_9=88.16 ema_20=88.00 ema_50=87.75 ema_200=86.97 macd=0.1848 poc=75.0 val=75.0 vah=75.0
2026-08-21 06:33:15,760 - INFO - [bot-1787212530436-4ece] Evaluating strategy on completed candle: 2026-08-21 00:55:00+00:00 at Close price: 88.23
2026-08-21 06:33:15,839 - INFO - Confluence Evaluation | Regime: TRENDING (ADX=53.9) | Direction: LONG | BullScore: 82.6% | BearScore: 17.4% | Active: ['ema', 'macd', 'rsi', 'vp']
2026-08-21 06:33:15,941 - INFO - Capping position size 301.886792 BTC to available cash equivalent 90.672107 BTC.
2026-08-21 06:33:15,951 - INFO - [bot-1787212530436-4ece] Signal LONG active pending approval already exists (ID: 110).
2026-08-21 06:33:16,037 - INFO - Logged heartbeat status: OK
2026-08-21 06:33:16,044 - INFO - Job "LiveRunner.process_cycle (trigger: interval[0:05:00], next run at: 2026-08-21 06:38:14 IST)" executed successfully
2026-08-21 06:38:14,722 - INFO - Running job "LiveRunner.process_cycle (trigger: interval[0:05:00], next run at: 2026-08-21 06:43:14 IST)" (scheduled at 2026-08-21 06:38:14.704420+05:30)
2026-08-21 06:38:14,747 - INFO - [bot-1787212530436-4ece] Starting signal check cycle for SOL/USDT (5m)...
2026-08-21 06:38:14,803 - INFO - Fetching recent candles for SOL/USDT (5m) [Bot: bot-1787212530436-4ece] via ProviderManager...
2026-08-21 06:38:16,517 - INFO - Indicators computed | close=88.38 ema_9=88.21 ema_20=88.04 ema_50=87.77 ema_200=86.98 macd=0.1959 poc=75.0 val=75.0 vah=75.0
2026-08-21 06:38:16,519 - INFO - [bot-1787212530436-4ece] Evaluating strategy on completed candle: 2026-08-21 01:00:00+00:00 at Close price: 88.33
2026-08-21 06:38:16,584 - INFO - Confluence Evaluation | Regime: TRENDING (ADX=53.8) | Direction: LONG | BullScore: 82.6% | BearScore: 17.4% | Active: ['ema', 'macd', 'rsi', 'vp']
2026-08-21 06:38:16,683 - INFO - Capping position size 253.968254 BTC to available cash equivalent 90.569455 BTC.
2026-08-21 06:38:16,695 - INFO - [bot-1787212530436-4ece] Signal LONG active pending approval already exists (ID: 110).
2026-08-21 06:38:17,245 - INFO - Logged heartbeat status: OK
2026-08-21 06:38:17,246 - INFO - Job "LiveRunner.process_cycle (trigger: interval[0:05:00], next run at: 2026-08-21 06:43:14 IST)" executed successfully
2026-08-21 06:43:14,729 - INFO - Running job "LiveRunner.process_cycle (trigger: interval[0:05:00], next run at: 2026-08-21 06:48:14 IST)" (scheduled at 2026-08-21 06:43:14.704420+05:30)
2026-08-21 06:43:14,757 - INFO - [bot-1787212530436-4ece] Starting signal check cycle for SOL/USDT (5m)...
2026-08-21 06:43:14,841 - INFO - Fetching recent candles for SOL/USDT (5m) [Bot: bot-1787212530436-4ece] via ProviderManager...
2026-08-21 06:43:16,884 - INFO - Indicators computed | close=88.34 ema_9=88.23 ema_20=88.07 ema_50=87.79 ema_200=87.00 macd=0.1935 poc=75.0 val=75.0 vah=75.0
2026-08-21 06:43:16,887 - INFO - [bot-1787212530436-4ece] Evaluating strategy on completed candle: 2026-08-21 01:05:00+00:00 at Close price: 88.35
2026-08-21 06:43:17,022 - INFO - Confluence Evaluation | Regime: TRENDING (ADX=53.7) | Direction: LONG | BullScore: 82.6% | BearScore: 17.4% | Active: ['ema', 'macd', 'rsi', 'vp']
2026-08-21 06:43:17,069 - INFO - Capping position size 250.000000 BTC to available cash equivalent 90.548953 BTC.
2026-08-21 06:43:17,079 - INFO - [bot-1787212530436-4ece] Signal LONG active pending approval already exists (ID: 110).
2026-08-21 06:43:17,259 - INFO - Logged heartbeat status: OK
2026-08-21 06:43:17,260 - INFO - Job "LiveRunner.process_cycle (trigger: interval[0:05:00], next run at: 2026-08-21 06:48:14 IST)" executed successfully
2026-08-21 06:48:14,734 - INFO - Running job "LiveRunner.process_cycle (trigger: interval[0:05:00], next run at: 2026-08-21 06:53:14 IST)" (scheduled at 2026-08-21 06:48:14.704420+05:30)
2026-08-21 06:48:14,744 - INFO - [bot-1787212530436-4ece] Starting signal check cycle for SOL/USDT (5m)...
2026-08-21 06:48:14,794 - INFO - Fetching recent candles for SOL/USDT (5m) [Bot: bot-1787212530436-4ece] via ProviderManager...
2026-08-21 06:48:15,247 - INFO - Indicators computed | close=89.04 ema_9=88.40 ema_20=88.16 ema_50=87.84 ema_200=87.02 macd=0.2491 poc=75.0 val=75.0 vah=75.0
2026-08-21 06:48:15,249 - INFO - [bot-1787212530436-4ece] Evaluating strategy on completed candle: 2026-08-21 01:10:00+00:00 at Close price: 88.37
2026-08-21 06:48:15,311 - INFO - Confluence Evaluation | Regime: TRENDING (ADX=53.9) | Direction: LONG | BullScore: 82.6% | BearScore: 17.4% | Active: ['ema', 'macd', 'rsi', 'vp']
2026-08-21 06:48:15,406 - INFO - Capping position size 333.333333 BTC to available cash equivalent 90.528460 BTC.
2026-08-21 06:48:15,428 - INFO - [bot-1787212530436-4ece] Signal LONG active pending approval already exists (ID: 110).
2026-08-21 06:48:15,543 - INFO - Logged heartbeat status: OK
2026-08-21 06:48:15,543 - INFO - Job "LiveRunner.process_cycle (trigger: interval[0:05:00], next run at: 2026-08-21 06:53:14 IST)" executed successfully
2026-08-21 06:53:14,721 - INFO - Running job "LiveRunner.process_cycle (trigger: interval[0:05:00], next run at: 2026-08-21 06:58:14 IST)" (scheduled at 2026-08-21 06:53:14.704420+05:30)
2026-08-21 06:53:14,731 - INFO - [bot-1787212530436-4ece] Starting signal check cycle for SOL/USDT (5m)...
2026-08-21 06:53:14,781 - INFO - Fetching recent candles for SOL/USDT (5m) [Bot: bot-1787212530436-4ece] via ProviderManager...
2026-08-21 06:53:15,204 - INFO - Indicators computed | close=88.29 ema_9=88.33 ema_20=88.15 ema_50=87.85 ema_200=87.03 macd=0.2095 poc=75.0 val=75.0 vah=75.0
2026-08-21 06:53:15,206 - INFO - [bot-1787212530436-4ece] Evaluating strategy on completed candle: 2026-08-21 01:15:00+00:00 at Close price: 88.74
2026-08-21 06:53:15,278 - INFO - Confluence Evaluation | Regime: TRENDING (ADX=53.4) | Direction: LONG | BullScore: 82.6% | BearScore: 17.4% | Active: ['ema', 'macd', 'rsi', 'vp']
2026-08-21 06:53:15,307 - INFO - Capping position size 188.235294 BTC to available cash equivalent 90.151003 BTC.
2026-08-21 06:53:15,369 - INFO - Created pending signal approval ID 140 for bot bot-1787212530436-4ece (LONG @ $88.74, status: WAITING_APPROVAL)
2026-08-21 06:53:15,434 - INFO - [bot-1787212530436-4ece] Signal LONG generated (ID: 140). Waiting for manual user approval.
2026-08-21 06:53:15,642 - INFO - Logged heartbeat status: OK
2026-08-21 06:53:15,643 - INFO - Job "LiveRunner.process_cycle (trigger: interval[0:05:00], next run at: 2026-08-21 06:58:14 IST)" executed successfully
2026-08-21 06:58:14,724 - INFO - Running job "LiveRunner.process_cycle (trigger: interval[0:05:00], next run at: 2026-08-21 07:03:14 IST)" (scheduled at 2026-08-21 06:58:14.704420+05:30)
2026-08-21 06:58:14,734 - INFO - [bot-1787212530436-4ece] Starting signal check cycle for SOL/USDT (5m)...
2026-08-21 06:58:14,784 - INFO - Fetching recent candles for SOL/USDT (5m) [Bot: bot-1787212530436-4ece] via ProviderManager...
2026-08-21 06:58:15,656 - INFO - Indicators computed | close=88.37 ema_9=88.35 ema_20=88.18 ema_50=87.87 ema_200=87.04 macd=0.2069 poc=75.0 val=75.0 vah=75.0
2026-08-21 06:58:15,661 - INFO - [bot-1787212530436-4ece] Evaluating strategy on completed candle: 2026-08-21 01:20:00+00:00 at Close price: 88.38
2026-08-21 06:58:15,779 - INFO - Confluence Evaluation | Regime: TRENDING (ADX=51.9) | Direction: LONG | BullScore: 82.6% | BearScore: 17.4% | Active: ['ema', 'macd', 'rsi', 'vp']
2026-08-21 06:58:15,870 - INFO - Capping position size 457.142857 BTC to available cash equivalent 90.518217 BTC.
2026-08-21 06:58:15,970 - INFO - [bot-1787212530436-4ece] Signal LONG active pending approval already exists (ID: 140).
2026-08-21 06:58:16,301 - INFO - Logged heartbeat status: OK
2026-08-21 06:58:16,302 - INFO - Job "LiveRunner.process_cycle (trigger: interval[0:05:00], next run at: 2026-08-21 07:03:14 IST)" executed successfully
2026-08-21 07:03:14,721 - INFO - Running job "LiveRunner.process_cycle (trigger: interval[0:05:00], next run at: 2026-08-21 07:08:14 IST)" (scheduled at 2026-08-21 07:03:14.704420+05:30)
2026-08-21 07:03:14,729 - INFO - [bot-1787212530436-4ece] Starting signal check cycle for SOL/USDT (5m)...
2026-08-21 07:03:14,768 - INFO - Fetching recent candles for SOL/USDT (5m) [Bot: bot-1787212530436-4ece] via ProviderManager...
2026-08-21 07:03:15,120 - INFO - Indicators computed | close=88.70 ema_9=88.42 ema_20=88.23 ema_50=87.91 ema_200=87.06 macd=0.2231 poc=75.0 val=75.0 vah=75.0
2026-08-21 07:03:15,121 - INFO - [bot-1787212530436-4ece] Evaluating strategy on completed candle: 2026-08-21 01:25:00+00:00 at Close price: 88.37
2026-08-21 07:03:15,176 - INFO - Confluence Evaluation | Regime: TRENDING (ADX=48.8) | Direction: LONG | BullScore: 82.6% | BearScore: 17.4% | Active: ['ema', 'macd', 'rsi', 'vp']
2026-08-21 07:03:15,263 - INFO - Capping position size 640.000000 BTC to available cash equivalent 90.528460 BTC.
2026-08-21 07:03:15,317 - INFO - [bot-1787212530436-4ece] Signal LONG active pending approval already exists (ID: 140).
2026-08-21 07:03:15,415 - INFO - Logged heartbeat status: OK
2026-08-21 07:03:15,415 - INFO - Job "LiveRunner.process_cycle (trigger: interval[0:05:00], next run at: 2026-08-21 07:08:14 IST)" executed successfully
/Users/ashishparadkar/Downloads/algo-code-main/.venv/lib/python3.9/site-packages/urllib3/__init__.py:35: NotOpenSSLWarning: urllib3 v2 only supports OpenSSL 1.1.1+, currently the 'ssl' module is compiled with 'LibreSSL 2.8.3'. See: https://github.com/urllib3/urllib3/issues/3020
  warnings.warn(
2026-08-21 12:14:29,937 - INFO - Bot state startup reconciliation finished: 0 bot(s) reconciled to STOPPED.
2026-08-21 12:14:30,913 - INFO - Telegram notification service initialized successfully (Chat ID: 5657...)
2026-08-21 12:14:30,930 - INFO - Initializing scheduled trading bot live runner for bot-1787212530436-4ece...
2026-08-21 12:14:31,508 - INFO - SQLite database tables verified/created.
2026-08-21 12:14:32,356 - INFO - Initializing CCXT Binance in TESTNET mode.
2026-08-21 12:15:07,072 - INFO - [bot-1787212530436-4ece] Pre-flight instrument resolved: SOL/USDT (SPOT via binance_spot)
2026-08-21 12:15:07,720 - INFO - [bot-1787212530436-4ece] Starting signal check cycle for SOL/USDT (5m)...
2026-08-21 12:15:08,192 - INFO - Fetching recent candles for SOL/USDT (5m) [Bot: bot-1787212530436-4ece] via ProviderManager...
2026-08-21 12:16:02,707 - INFO - Indicators computed | close=89.85 ema_9=90.22 ema_20=90.13 ema_50=89.69 ema_200=88.25 macd=0.1806 poc=75.0 val=75.0 vah=75.0
2026-08-21 12:16:02,720 - INFO - [bot-1787212530436-4ece] Evaluating strategy on completed candle: 2026-08-21 06:40:00+00:00 at Close price: 90.09
2026-08-21 12:16:03,262 - INFO - Confluence Evaluation | Regime: TRENDING (ADX=44.1) | Direction: HOLD | BullScore: 17.4% | BearScore: 17.4% | Active: ['ema', 'macd', 'rsi', 'vp']
2026-08-21 12:16:03,572 - INFO - Signal evaluated: HOLD. Reason/Details: Confluence score: 17% (HOLD)
2026-08-21 12:16:04,038 - INFO - Logged heartbeat status: OK
2026-08-21 12:16:04,069 - INFO - Adding job tentatively -- it will be properly scheduled when the scheduler starts
2026-08-21 12:16:04,069 - INFO - Bot bot-1787212530436-4ece scheduled to check every 5 minutes.
2026-08-21 12:16:04,076 - INFO - Added job "LiveRunner.process_cycle" to job store "default"
2026-08-21 12:16:04,077 - INFO - Scheduler started
2026-08-21 12:21:04,107 - INFO - Running job "LiveRunner.process_cycle (trigger: interval[0:05:00], next run at: 2026-08-21 12:21:04 IST)" (scheduled at 2026-08-21 12:21:04.066568+05:30)
2026-08-21 12:21:04,117 - INFO - [bot-1787212530436-4ece] Starting signal check cycle for SOL/USDT (5m)...
2026-08-21 12:21:04,178 - INFO - Fetching recent candles for SOL/USDT (5m) [Bot: bot-1787212530436-4ece] via ProviderManager...
2026-08-21 12:21:04,724 - INFO - Indicators computed | close=90.24 ema_9=90.30 ema_20=90.18 ema_50=89.73 ema_200=88.28 macd=0.1983 poc=75.0 val=75.0 vah=75.0
2026-08-21 12:21:04,725 - INFO - [bot-1787212530436-4ece] Evaluating strategy on completed candle: 2026-08-21 06:45:00+00:00 at Close price: 90.33
2026-08-21 12:21:04,817 - INFO - Confluence Evaluation | Regime: TRENDING (ADX=42.3) | Direction: HOLD | BullScore: 50.0% | BearScore: 17.4% | Active: ['ema', 'macd', 'rsi', 'vp']
2026-08-21 12:21:04,924 - INFO - Signal evaluated: HOLD. Reason/Details: Confluence score: 50% (HOLD)
2026-08-21 12:21:05,145 - INFO - Logged heartbeat status: OK
2026-08-21 12:21:05,147 - INFO - Job "LiveRunner.process_cycle (trigger: interval[0:05:00], next run at: 2026-08-21 12:26:04 IST)" executed successfully
2026-08-21 12:26:04,103 - INFO - Running job "LiveRunner.process_cycle (trigger: interval[0:05:00], next run at: 2026-08-21 12:31:04 IST)" (scheduled at 2026-08-21 12:26:04.066568+05:30)
2026-08-21 12:26:04,149 - INFO - [bot-1787212530436-4ece] Starting signal check cycle for SOL/USDT (5m)...
2026-08-21 12:26:04,225 - INFO - Fetching recent candles for SOL/USDT (5m) [Bot: bot-1787212530436-4ece] via ProviderManager...
2026-08-21 12:26:04,974 - INFO - Indicators computed | close=90.16 ema_9=90.26 ema_20=90.17 ema_50=89.74 ema_200=88.30 macd=0.1674 poc=75.0 val=75.0 vah=75.0
2026-08-21 12:26:04,976 - INFO - [bot-1787212530436-4ece] Evaluating strategy on completed candle: 2026-08-21 06:50:00+00:00 at Close price: 90.14
2026-08-21 12:26:05,142 - INFO - Confluence Evaluation | Regime: TRENDING (ADX=40.2) | Direction: HOLD | BullScore: 0.0% | BearScore: 34.8% | Active: ['ema', 'macd', 'rsi', 'vp']
2026-08-21 12:26:05,286 - INFO - Signal evaluated: HOLD. Reason/Details: Confluence score: 35% (HOLD)
2026-08-21 12:26:05,486 - INFO - Logged heartbeat status: OK
2026-08-21 12:26:05,487 - INFO - Job "LiveRunner.process_cycle (trigger: interval[0:05:00], next run at: 2026-08-21 12:31:04 IST)" executed successfully
2026-08-21 12:31:04,078 - INFO - Running job "LiveRunner.process_cycle (trigger: interval[0:05:00], next run at: 2026-08-21 12:36:04 IST)" (scheduled at 2026-08-21 12:31:04.066568+05:30)
2026-08-21 12:31:04,090 - INFO - [bot-1787212530436-4ece] Starting signal check cycle for SOL/USDT (5m)...
2026-08-21 12:31:04,145 - INFO - Fetching recent candles for SOL/USDT (5m) [Bot: bot-1787212530436-4ece] via ProviderManager...
2026-08-21 12:31:04,917 - INFO - Indicators computed | close=90.41 ema_9=90.30 ema_20=90.20 ema_50=89.77 ema_200=88.32 macd=0.1724 poc=75.0 val=75.0 vah=75.0
2026-08-21 12:31:04,924 - INFO - [bot-1787212530436-4ece] Evaluating strategy on completed candle: 2026-08-21 06:55:00+00:00 at Close price: 90.24
2026-08-21 12:31:05,046 - INFO - Confluence Evaluation | Regime: TRENDING (ADX=37.4) | Direction: HOLD | BullScore: 32.6% | BearScore: 34.8% | Active: ['ema', 'macd', 'rsi', 'vp']
2026-08-21 12:31:05,150 - INFO - Signal evaluated: HOLD. Reason/Details: Confluence score: 35% (HOLD)
2026-08-21 12:31:05,360 - INFO - Logged heartbeat status: OK
2026-08-21 12:31:05,362 - INFO - Job "LiveRunner.process_cycle (trigger: interval[0:05:00], next run at: 2026-08-21 12:36:04 IST)" executed successfully
2026-08-21 12:36:04,106 - INFO - Running job "LiveRunner.process_cycle (trigger: interval[0:05:00], next run at: 2026-08-21 12:41:04 IST)" (scheduled at 2026-08-21 12:36:04.066568+05:30)
2026-08-21 12:36:04,114 - INFO - [bot-1787212530436-4ece] Starting signal check cycle for SOL/USDT (5m)...
2026-08-21 12:36:04,158 - INFO - Fetching recent candles for SOL/USDT (5m) [Bot: bot-1787212530436-4ece] via ProviderManager...
2026-08-21 12:36:04,546 - INFO - Indicators computed | close=90.51 ema_9=90.36 ema_20=90.24 ema_50=89.81 ema_200=88.34 macd=0.1853 poc=75.0 val=75.0 vah=75.0
2026-08-21 12:36:04,546 - INFO - [bot-1787212530436-4ece] Evaluating strategy on completed candle: 2026-08-21 07:00:00+00:00 at Close price: 90.54
2026-08-21 12:36:04,604 - INFO - Confluence Evaluation | Regime: TRENDING (ADX=33.3) | Direction: HOLD | BullScore: 50.0% | BearScore: 17.4% | Active: ['ema', 'macd', 'rsi', 'vp']
2026-08-21 12:36:04,691 - INFO - Signal evaluated: HOLD. Reason/Details: Confluence score: 50% (HOLD)
2026-08-21 12:36:04,899 - INFO - Logged heartbeat status: OK
2026-08-21 12:36:04,900 - INFO - Job "LiveRunner.process_cycle (trigger: interval[0:05:00], next run at: 2026-08-21 12:41:04 IST)" executed successfully
2026-08-21 12:41:04,085 - INFO - Running job "LiveRunner.process_cycle (trigger: interval[0:05:00], next run at: 2026-08-21 12:46:04 IST)" (scheduled at 2026-08-21 12:41:04.066568+05:30)
2026-08-21 12:41:04,100 - INFO - [bot-1787212530436-4ece] Starting signal check cycle for SOL/USDT (5m)...
2026-08-21 12:41:04,147 - INFO - Fetching recent candles for SOL/USDT (5m) [Bot: bot-1787212530436-4ece] via ProviderManager...
2026-08-21 12:41:04,622 - INFO - Indicators computed | close=90.66 ema_9=90.44 ema_20=90.29 ema_50=89.84 ema_200=88.36 macd=0.2039 poc=75.0 val=75.0 vah=75.0
2026-08-21 12:41:04,625 - INFO - [bot-1787212530436-4ece] Evaluating strategy on completed candle: 2026-08-21 07:05:00+00:00 at Close price: 90.62
2026-08-21 12:41:04,700 - INFO - Confluence Evaluation | Regime: TRENDING (ADX=30.7) | Direction: HOLD | BullScore: 50.0% | BearScore: 17.4% | Active: ['ema', 'macd', 'rsi', 'vp']
2026-08-21 12:41:04,798 - INFO - Signal evaluated: HOLD. Reason/Details: Confluence score: 50% (HOLD)
2026-08-21 12:41:05,025 - INFO - Logged heartbeat status: OK
2026-08-21 12:41:05,028 - INFO - Job "LiveRunner.process_cycle (trigger: interval[0:05:00], next run at: 2026-08-21 12:46:04 IST)" executed successfully
2026-08-21 12:46:04,080 - INFO - Running job "LiveRunner.process_cycle (trigger: interval[0:05:00], next run at: 2026-08-21 12:51:04 IST)" (scheduled at 2026-08-21 12:46:04.066568+05:30)
2026-08-21 12:46:04,113 - INFO - [bot-1787212530436-4ece] Starting signal check cycle for SOL/USDT (5m)...
2026-08-21 12:46:04,175 - INFO - Fetching recent candles for SOL/USDT (5m) [Bot: bot-1787212530436-4ece] via ProviderManager...
2026-08-21 12:46:04,690 - INFO - Indicators computed | close=90.85 ema_9=90.54 ema_20=90.36 ema_50=89.89 ema_200=88.39 macd=0.2331 poc=75.0 val=75.0 vah=75.0
2026-08-21 12:46:04,692 - INFO - [bot-1787212530436-4ece] Evaluating strategy on completed candle: 2026-08-21 07:10:00+00:00 at Close price: 90.80
2026-08-21 12:46:04,784 - INFO - Confluence Evaluation | Regime: TRENDING (ADX=27.6) | Direction: HOLD | BullScore: 32.6% | BearScore: 34.8% | Active: ['ema', 'macd', 'rsi', 'vp']
2026-08-21 12:46:04,904 - INFO - Signal evaluated: HOLD. Reason/Details: Confluence score: 35% (HOLD)
2026-08-21 12:46:05,104 - INFO - Logged heartbeat status: OK
2026-08-21 12:46:05,105 - INFO - Job "LiveRunner.process_cycle (trigger: interval[0:05:00], next run at: 2026-08-21 12:51:04 IST)" executed successfully
2026-08-21 12:51:04,117 - INFO - Running job "LiveRunner.process_cycle (trigger: interval[0:05:00], next run at: 2026-08-21 12:56:04 IST)" (scheduled at 2026-08-21 12:51:04.066568+05:30)
2026-08-21 12:51:04,127 - INFO - [bot-1787212530436-4ece] Starting signal check cycle for SOL/USDT (5m)...
2026-08-21 12:51:04,181 - INFO - Fetching recent candles for SOL/USDT (5m) [Bot: bot-1787212530436-4ece] via ProviderManager...
2026-08-21 12:51:04,830 - INFO - Indicators computed | close=90.85 ema_9=90.62 ema_20=90.41 ema_50=89.93 ema_200=88.42 macd=0.2495 poc=75.0 val=75.0 vah=75.0
2026-08-21 12:51:04,833 - INFO - [bot-1787212530436-4ece] Evaluating strategy on completed candle: 2026-08-21 07:15:00+00:00 at Close price: 90.93
2026-08-21 12:51:04,942 - INFO - Confluence Evaluation | Regime: RANGING (ADX=23.7) | Direction: HOLD | BullScore: 34.8% | BearScore: 65.2% | Active: ['ema', 'macd', 'rsi', 'vp']
2026-08-21 12:51:05,076 - INFO - Signal evaluated: HOLD. Reason/Details: Confluence score: 65% (HOLD)
2026-08-21 12:51:05,322 - INFO - Logged heartbeat status: OK
2026-08-21 12:51:05,322 - INFO - Job "LiveRunner.process_cycle (trigger: interval[0:05:00], next run at: 2026-08-21 12:56:04 IST)" executed successfully
2026-08-21 12:56:04,086 - INFO - Running job "LiveRunner.process_cycle (trigger: interval[0:05:00], next run at: 2026-08-21 13:01:04 IST)" (scheduled at 2026-08-21 12:56:04.066568+05:30)
2026-08-21 12:56:04,097 - INFO - [bot-1787212530436-4ece] Starting signal check cycle for SOL/USDT (5m)...
2026-08-21 12:56:04,147 - INFO - Fetching recent candles for SOL/USDT (5m) [Bot: bot-1787212530436-4ece] via ProviderManager...
2026-08-21 12:56:04,688 - INFO - Indicators computed | close=90.48 ema_9=90.51 ema_20=90.37 ema_50=89.93 ema_200=88.43 macd=0.1941 poc=75.0 val=75.0 vah=75.0
2026-08-21 12:56:04,689 - INFO - [bot-1787212530436-4ece] Evaluating strategy on completed candle: 2026-08-21 07:20:00+00:00 at Close price: 90.35
2026-08-21 12:56:04,750 - INFO - Confluence Evaluation | Regime: RANGING (ADX=20.2) | Direction: HOLD | BullScore: 0.0% | BearScore: 65.2% | Active: ['ema', 'macd', 'rsi', 'vp']
2026-08-21 12:56:04,847 - INFO - Signal evaluated: HOLD. Reason/Details: Confluence score: 65% (HOLD)
2026-08-21 12:56:05,075 - INFO - Logged heartbeat status: OK
2026-08-21 12:56:05,075 - INFO - Job "LiveRunner.process_cycle (trigger: interval[0:05:00], next run at: 2026-08-21 13:01:04 IST)" executed successfully
2026-08-21 13:01:04,083 - INFO - Running job "LiveRunner.process_cycle (trigger: interval[0:05:00], next run at: 2026-08-21 13:06:04 IST)" (scheduled at 2026-08-21 13:01:04.066568+05:30)
2026-08-21 13:01:04,130 - INFO - [bot-1787212530436-4ece] Starting signal check cycle for SOL/USDT (5m)...
2026-08-21 13:01:04,180 - INFO - Fetching recent candles for SOL/USDT (5m) [Bot: bot-1787212530436-4ece] via ProviderManager...
2026-08-21 13:01:04,614 - INFO - Indicators computed | close=90.05 ema_9=90.39 ema_20=90.33 ema_50=89.93 ema_200=88.45 macd=0.1332 poc=75.0 val=75.0 vah=75.0
2026-08-21 13:01:04,615 - INFO - [bot-1787212530436-4ece] Evaluating strategy on completed candle: 2026-08-21 07:25:00+00:00 at Close price: 90.28
2026-08-21 13:01:04,681 - INFO - Confluence Evaluation | Regime: RANGING (ADX=17.3) | Direction: HOLD | BullScore: 0.0% | BearScore: 65.2% | Active: ['ema', 'macd', 'rsi', 'vp']
2026-08-21 13:01:04,786 - INFO - Signal evaluated: HOLD. Reason/Details: Confluence score: 65% (HOLD)
2026-08-21 13:01:05,002 - INFO - Logged heartbeat status: OK
2026-08-21 13:01:05,002 - INFO - Job "LiveRunner.process_cycle (trigger: interval[0:05:00], next run at: 2026-08-21 13:06:04 IST)" executed successfully
2026-08-21 13:06:04,120 - INFO - Running job "LiveRunner.process_cycle (trigger: interval[0:05:00], next run at: 2026-08-21 13:11:04 IST)" (scheduled at 2026-08-21 13:06:04.066568+05:30)
2026-08-21 13:06:04,161 - INFO - [bot-1787212530436-4ece] Starting signal check cycle for SOL/USDT (5m)...
2026-08-21 13:06:04,226 - INFO - Fetching recent candles for SOL/USDT (5m) [Bot: bot-1787212530436-4ece] via ProviderManager...
2026-08-21 13:06:04,698 - INFO - Indicators computed | close=90.25 ema_9=90.38 ema_20=90.33 ema_50=89.95 ema_200=88.46 macd=0.1204 poc=75.0 val=75.0 vah=75.0
2026-08-21 13:06:04,699 - INFO - [bot-1787212530436-4ece] Evaluating strategy on completed candle: 2026-08-21 07:30:00+00:00 at Close price: 90.18
2026-08-21 13:06:04,778 - INFO - Confluence Evaluation | Regime: RANGING (ADX=15.6) | Direction: HOLD | BullScore: 32.6% | BearScore: 32.6% | Active: ['ema', 'macd', 'rsi', 'vp']
2026-08-21 13:06:04,892 - INFO - Signal evaluated: HOLD. Reason/Details: Confluence score: 33% (HOLD)
2026-08-21 13:06:05,136 - INFO - Logged heartbeat status: OK
2026-08-21 13:06:05,136 - INFO - Job "LiveRunner.process_cycle (trigger: interval[0:05:00], next run at: 2026-08-21 13:11:04 IST)" executed successfully
2026-08-21 13:11:04,084 - INFO - Running job "LiveRunner.process_cycle (trigger: interval[0:05:00], next run at: 2026-08-21 13:16:04 IST)" (scheduled at 2026-08-21 13:11:04.066568+05:30)
2026-08-21 13:11:04,108 - INFO - [bot-1787212530436-4ece] Starting signal check cycle for SOL/USDT (5m)...
2026-08-21 13:11:04,160 - INFO - Fetching recent candles for SOL/USDT (5m) [Bot: bot-1787212530436-4ece] via ProviderManager...
2026-08-21 13:11:04,762 - INFO - Indicators computed | close=90.51 ema_9=90.43 ema_20=90.36 ema_50=89.98 ema_200=88.49 macd=0.1327 poc=75.0 val=75.0 vah=75.0
2026-08-21 13:11:04,764 - INFO - [bot-1787212530436-4ece] Evaluating strategy on completed candle: 2026-08-21 07:35:00+00:00 at Close price: 90.43
2026-08-21 13:11:04,840 - INFO - Confluence Evaluation | Regime: RANGING (ADX=13.9) | Direction: HOLD | BullScore: 50.0% | BearScore: 32.6% | Active: ['ema', 'macd', 'rsi', 'vp']
2026-08-21 13:11:04,938 - INFO - Signal evaluated: HOLD. Reason/Details: Confluence score: 50% (HOLD)
2026-08-21 13:11:05,149 - INFO - Logged heartbeat status: OK
2026-08-21 13:11:05,149 - INFO - Job "LiveRunner.process_cycle (trigger: interval[0:05:00], next run at: 2026-08-21 13:16:04 IST)" executed successfully
2026-08-21 13:16:04,076 - INFO - Running job "LiveRunner.process_cycle (trigger: interval[0:05:00], next run at: 2026-08-21 13:21:04 IST)" (scheduled at 2026-08-21 13:16:04.066568+05:30)
2026-08-21 13:16:04,082 - INFO - [bot-1787212530436-4ece] Starting signal check cycle for SOL/USDT (5m)...
2026-08-21 13:16:04,113 - INFO - Fetching recent candles for SOL/USDT (5m) [Bot: bot-1787212530436-4ece] via ProviderManager...
2026-08-21 13:16:04,487 - INFO - Indicators computed | close=90.63 ema_9=90.49 ema_20=90.39 ema_50=90.00 ema_200=88.51 macd=0.1441 poc=75.0 val=75.0 vah=75.0
2026-08-21 13:16:04,488 - INFO - [bot-1787212530436-4ece] Evaluating strategy on completed candle: 2026-08-21 07:40:00+00:00 at Close price: 90.59
2026-08-21 13:16:04,546 - INFO - Confluence Evaluation | Regime: RANGING (ADX=12.8) | Direction: HOLD | BullScore: 50.0% | BearScore: 32.6% | Active: ['ema', 'macd', 'rsi', 'vp']
2026-08-21 13:16:04,640 - INFO - Signal evaluated: HOLD. Reason/Details: Confluence score: 50% (HOLD)
2026-08-21 13:16:04,838 - INFO - Logged heartbeat status: OK
2026-08-21 13:16:04,839 - INFO - Job "LiveRunner.process_cycle (trigger: interval[0:05:00], next run at: 2026-08-21 13:21:04 IST)" executed successfully
2026-08-21 13:21:04,115 - INFO - Running job "LiveRunner.process_cycle (trigger: interval[0:05:00], next run at: 2026-08-21 13:26:04 IST)" (scheduled at 2026-08-21 13:21:04.066568+05:30)
2026-08-21 13:21:04,127 - INFO - [bot-1787212530436-4ece] Starting signal check cycle for SOL/USDT (5m)...
2026-08-21 13:21:04,173 - INFO - Fetching recent candles for SOL/USDT (5m) [Bot: bot-1787212530436-4ece] via ProviderManager...
2026-08-21 13:21:14,254 - ERROR - Binance Spot Network Error: binance GET https://api.binance.com/api/v3/klines?interval=5m&limit=1000&symbol=SOLUSDT
--- Logging error ---
Traceback (most recent call last):
  File "/Users/ashishparadkar/Downloads/algo-code-main/.venv/lib/python3.9/site-packages/urllib3/connectionpool.py", line 534, in _make_request
    response = conn.getresponse()
  File "/Users/ashishparadkar/Downloads/algo-code-main/.venv/lib/python3.9/site-packages/urllib3/connection.py", line 571, in getresponse
    httplib_response = super().getresponse()
  File "/Library/Developer/CommandLineTools/Library/Frameworks/Python3.framework/Versions/3.9/lib/python3.9/http/client.py", line 1349, in getresponse
    response.begin()
  File "/Library/Developer/CommandLineTools/Library/Frameworks/Python3.framework/Versions/3.9/lib/python3.9/http/client.py", line 316, in begin
    version, status, reason = self._read_status()
  File "/Library/Developer/CommandLineTools/Library/Frameworks/Python3.framework/Versions/3.9/lib/python3.9/http/client.py", line 277, in _read_status
    line = str(self.fp.readline(_MAXLINE + 1), "iso-8859-1")
  File "/Library/Developer/CommandLineTools/Library/Frameworks/Python3.framework/Versions/3.9/lib/python3.9/socket.py", line 704, in readinto
    return self._sock.recv_into(b)
  File "/Library/Developer/CommandLineTools/Library/Frameworks/Python3.framework/Versions/3.9/lib/python3.9/ssl.py", line 1241, in recv_into
    return self.read(nbytes, buffer)
  File "/Library/Developer/CommandLineTools/Library/Frameworks/Python3.framework/Versions/3.9/lib/python3.9/ssl.py", line 1099, in read
    return self._sslobj.read(len, buffer)
socket.timeout: The read operation timed out

The above exception was the direct cause of the following exception:

Traceback (most recent call last):
  File "/Users/ashishparadkar/Downloads/algo-code-main/.venv/lib/python3.9/site-packages/requests/adapters.py", line 644, in send
    resp = conn.urlopen(
  File "/Users/ashishparadkar/Downloads/algo-code-main/.venv/lib/python3.9/site-packages/urllib3/connectionpool.py", line 841, in urlopen
    retries = retries.increment(
  File "/Users/ashishparadkar/Downloads/algo-code-main/.venv/lib/python3.9/site-packages/urllib3/util/retry.py", line 490, in increment
    raise reraise(type(error), error, _stacktrace)
  File "/Users/ashishparadkar/Downloads/algo-code-main/.venv/lib/python3.9/site-packages/urllib3/util/util.py", line 39, in reraise
    raise value
  File "/Users/ashishparadkar/Downloads/algo-code-main/.venv/lib/python3.9/site-packages/urllib3/connectionpool.py", line 787, in urlopen
    response = self._make_request(
  File "/Users/ashishparadkar/Downloads/algo-code-main/.venv/lib/python3.9/site-packages/urllib3/connectionpool.py", line 536, in _make_request
    self._raise_timeout(err=e, url=url, timeout_value=read_timeout)
  File "/Users/ashishparadkar/Downloads/algo-code-main/.venv/lib/python3.9/site-packages/urllib3/connectionpool.py", line 367, in _raise_timeout
    raise ReadTimeoutError(
urllib3.exceptions.ReadTimeoutError: HTTPSConnectionPool(host='api.binance.com', port=443): Read timed out. (read timeout=10.0)

During handling of the above exception, another exception occurred:

Traceback (most recent call last):
  File "/Users/ashishparadkar/Downloads/algo-code-main/.venv/lib/python3.9/site-packages/ccxt/base/exchange.py", line 665, in fetch
    response = self.session.request(
  File "/Users/ashishparadkar/Downloads/algo-code-main/.venv/lib/python3.9/site-packages/requests/sessions.py", line 589, in request
    resp = self.send(prep, **send_kwargs)
  File "/Users/ashishparadkar/Downloads/algo-code-main/.venv/lib/python3.9/site-packages/requests/sessions.py", line 703, in send
    r = adapter.send(request, **kwargs)
  File "/Users/ashishparadkar/Downloads/algo-code-main/.venv/lib/python3.9/site-packages/requests/adapters.py", line 690, in send
    raise ReadTimeout(e, request=request)
requests.exceptions.ReadTimeout: HTTPSConnectionPool(host='api.binance.com', port=443): Read timed out. (read timeout=10.0)

The above exception was the direct cause of the following exception:

Traceback (most recent call last):
  File "/Users/ashishparadkar/Downloads/algo-code-main/src/provider_manager.py", line 351, in fetch_ohlcv_safe
    df = adapter.fetch_ohlcv(instrument, timeframe, limit=limit)
  File "/Users/ashishparadkar/Downloads/algo-code-main/src/provider_manager.py", line 211, in fetch_ohlcv
    raise net_err
  File "/Users/ashishparadkar/Downloads/algo-code-main/src/provider_manager.py", line 183, in fetch_ohlcv
    raw_candles = self.exchange.fetch_ohlcv(
  File "/Users/ashishparadkar/Downloads/algo-code-main/.venv/lib/python3.9/site-packages/ccxt/binance.py", line 4759, in fetch_ohlcv
    response = self.publicGetKlines(self.extend(request, params))
  File "/Users/ashishparadkar/Downloads/algo-code-main/.venv/lib/python3.9/site-packages/ccxt/base/types.py", line 35, in unbound_method
    return _self.request(self.path, self.api, self.method, params, config=self.config)
  File "/Users/ashishparadkar/Downloads/algo-code-main/.venv/lib/python3.9/site-packages/ccxt/binance.py", line 11724, in request
    response = self.fetch2(path, api, method, params, headers, body, config)
  File "/Users/ashishparadkar/Downloads/algo-code-main/.venv/lib/python3.9/site-packages/ccxt/base/exchange.py", line 5566, in fetch2
    raise e
  File "/Users/ashishparadkar/Downloads/algo-code-main/.venv/lib/python3.9/site-packages/ccxt/base/exchange.py", line 5549, in fetch2
    response = self.fetch(request['url'], request['method'], request['headers'], request['body'])
  File "/Users/ashishparadkar/Downloads/algo-code-main/.venv/lib/python3.9/site-packages/ccxt/base/exchange.py", line 698, in fetch
    raise RequestTimeout(details) from e
ccxt.base.errors.RequestTimeout: binance GET https://api.binance.com/api/v3/klines?interval=5m&limit=1000&symbol=SOLUSDT

During handling of the above exception, another exception occurred:

Traceback (most recent call last):
  File "/Library/Developer/CommandLineTools/Library/Frameworks/Python3.framework/Versions/3.9/lib/python3.9/logging/__init__.py", line 1083, in emit
    msg = self.format(record)
  File "/Library/Developer/CommandLineTools/Library/Frameworks/Python3.framework/Versions/3.9/lib/python3.9/logging/__init__.py", line 927, in format
    return fmt.format(record)
  File "/Library/Developer/CommandLineTools/Library/Frameworks/Python3.framework/Versions/3.9/lib/python3.9/logging/__init__.py", line 663, in format
    record.message = record.getMessage()
  File "/Library/Developer/CommandLineTools/Library/Frameworks/Python3.framework/Versions/3.9/lib/python3.9/logging/__init__.py", line 367, in getMessage
    msg = msg % self.args
TypeError: must be real number, not RequestTimeout
Call stack:
  File "/Library/Developer/CommandLineTools/Library/Frameworks/Python3.framework/Versions/3.9/lib/python3.9/threading.py", line 930, in _bootstrap
    self._bootstrap_inner()
  File "/Library/Developer/CommandLineTools/Library/Frameworks/Python3.framework/Versions/3.9/lib/python3.9/threading.py", line 973, in _bootstrap_inner
    self.run()
  File "/Library/Developer/CommandLineTools/Library/Frameworks/Python3.framework/Versions/3.9/lib/python3.9/threading.py", line 910, in run
    self._target(*self._args, **self._kwargs)
  File "/Library/Developer/CommandLineTools/Library/Frameworks/Python3.framework/Versions/3.9/lib/python3.9/concurrent/futures/thread.py", line 77, in _worker
    work_item.run()
  File "/Library/Developer/CommandLineTools/Library/Frameworks/Python3.framework/Versions/3.9/lib/python3.9/concurrent/futures/thread.py", line 52, in run
    result = self.fn(*self.args, **self.kwargs)
  File "/Users/ashishparadkar/Downloads/algo-code-main/.venv/lib/python3.9/site-packages/apscheduler/executors/base.py", line 131, in run_job
    retval = job.func(*job.args, **job.kwargs)
  File "/Users/ashishparadkar/Downloads/algo-code-main/src/live_runner.py", line 199, in process_cycle
    df, _ = self.provider_manager.fetch_ohlcv_safe(self.symbol, self.timeframe, limit=1000)
  File "/Users/ashishparadkar/Downloads/algo-code-main/src/provider_manager.py", line 362, in fetch_ohlcv_safe
    logger.warning(
Message: 'Retryable network failure for %s (Attempt %d/%d). Backing off %.2fs: %s'
Arguments: ('SOL/USDT', 1, 3, RequestTimeout('binance GET https://api.binance.com/api/v3/klines?interval=5m&limit=1000&symbol=SOLUSDT'))
2026-08-21 13:21:16,220 - ERROR - Binance Spot Network Error: binance GET https://api.binance.com/api/v3/klines?interval=5m&limit=1000&symbol=SOLUSDT
--- Logging error ---
Traceback (most recent call last):
  File "/Users/ashishparadkar/Downloads/algo-code-main/.venv/lib/python3.9/site-packages/urllib3/connection.py", line 204, in _new_conn
    sock = connection.create_connection(
  File "/Users/ashishparadkar/Downloads/algo-code-main/.venv/lib/python3.9/site-packages/urllib3/util/connection.py", line 60, in create_connection
    for res in socket.getaddrinfo(host, port, family, socket.SOCK_STREAM):
  File "/Library/Developer/CommandLineTools/Library/Frameworks/Python3.framework/Versions/3.9/lib/python3.9/socket.py", line 953, in getaddrinfo
    for res in _socket.getaddrinfo(host, port, family, type, proto, flags):
socket.gaierror: [Errno 8] nodename nor servname provided, or not known

The above exception was the direct cause of the following exception:

Traceback (most recent call last):
  File "/Users/ashishparadkar/Downloads/algo-code-main/.venv/lib/python3.9/site-packages/urllib3/connectionpool.py", line 787, in urlopen
    response = self._make_request(
  File "/Users/ashishparadkar/Downloads/algo-code-main/.venv/lib/python3.9/site-packages/urllib3/connectionpool.py", line 488, in _make_request
    raise new_e
  File "/Users/ashishparadkar/Downloads/algo-code-main/.venv/lib/python3.9/site-packages/urllib3/connectionpool.py", line 464, in _make_request
    self._validate_conn(conn)
  File "/Users/ashishparadkar/Downloads/algo-code-main/.venv/lib/python3.9/site-packages/urllib3/connectionpool.py", line 1093, in _validate_conn
    conn.connect()
  File "/Users/ashishparadkar/Downloads/algo-code-main/.venv/lib/python3.9/site-packages/urllib3/connection.py", line 759, in connect
    self.sock = sock = self._new_conn()
  File "/Users/ashishparadkar/Downloads/algo-code-main/.venv/lib/python3.9/site-packages/urllib3/connection.py", line 211, in _new_conn
    raise NameResolutionError(self.host, self, e) from e
urllib3.exceptions.NameResolutionError: HTTPSConnection(host='api.binance.com', port=443): Failed to resolve 'api.binance.com' ([Errno 8] nodename nor servname provided, or not known)

The above exception was the direct cause of the following exception:

Traceback (most recent call last):
  File "/Users/ashishparadkar/Downloads/algo-code-main/.venv/lib/python3.9/site-packages/requests/adapters.py", line 644, in send
    resp = conn.urlopen(
  File "/Users/ashishparadkar/Downloads/algo-code-main/.venv/lib/python3.9/site-packages/urllib3/connectionpool.py", line 841, in urlopen
    retries = retries.increment(
  File "/Users/ashishparadkar/Downloads/algo-code-main/.venv/lib/python3.9/site-packages/urllib3/util/retry.py", line 535, in increment
    raise MaxRetryError(_pool, url, reason) from reason  # type: ignore[arg-type]
urllib3.exceptions.MaxRetryError: HTTPSConnectionPool(host='api.binance.com', port=443): Max retries exceeded with url: /api/v3/klines?interval=5m&limit=1000&symbol=SOLUSDT (Caused by NameResolutionError("HTTPSConnection(host='api.binance.com', port=443): Failed to resolve 'api.binance.com' ([Errno 8] nodename nor servname provided, or not known)"))

During handling of the above exception, another exception occurred:

Traceback (most recent call last):
  File "/Users/ashishparadkar/Downloads/algo-code-main/.venv/lib/python3.9/site-packages/ccxt/base/exchange.py", line 665, in fetch
    response = self.session.request(
  File "/Users/ashishparadkar/Downloads/algo-code-main/.venv/lib/python3.9/site-packages/requests/sessions.py", line 589, in request
    resp = self.send(prep, **send_kwargs)
  File "/Users/ashishparadkar/Downloads/algo-code-main/.venv/lib/python3.9/site-packages/requests/sessions.py", line 703, in send
    r = adapter.send(request, **kwargs)
  File "/Users/ashishparadkar/Downloads/algo-code-main/.venv/lib/python3.9/site-packages/requests/adapters.py", line 677, in send
    raise ConnectionError(e, request=request)
requests.exceptions.ConnectionError: HTTPSConnectionPool(host='api.binance.com', port=443): Max retries exceeded with url: /api/v3/klines?interval=5m&limit=1000&symbol=SOLUSDT (Caused by NameResolutionError("HTTPSConnection(host='api.binance.com', port=443): Failed to resolve 'api.binance.com' ([Errno 8] nodename nor servname provided, or not known)"))

The above exception was the direct cause of the following exception:

Traceback (most recent call last):
  File "/Users/ashishparadkar/Downloads/algo-code-main/src/provider_manager.py", line 351, in fetch_ohlcv_safe
    df = adapter.fetch_ohlcv(instrument, timeframe, limit=limit)
  File "/Users/ashishparadkar/Downloads/algo-code-main/src/provider_manager.py", line 211, in fetch_ohlcv
    raise net_err
  File "/Users/ashishparadkar/Downloads/algo-code-main/src/provider_manager.py", line 183, in fetch_ohlcv
    raw_candles = self.exchange.fetch_ohlcv(
  File "/Users/ashishparadkar/Downloads/algo-code-main/.venv/lib/python3.9/site-packages/ccxt/binance.py", line 4759, in fetch_ohlcv
    response = self.publicGetKlines(self.extend(request, params))
  File "/Users/ashishparadkar/Downloads/algo-code-main/.venv/lib/python3.9/site-packages/ccxt/base/types.py", line 35, in unbound_method
    return _self.request(self.path, self.api, self.method, params, config=self.config)
  File "/Users/ashishparadkar/Downloads/algo-code-main/.venv/lib/python3.9/site-packages/ccxt/binance.py", line 11724, in request
    response = self.fetch2(path, api, method, params, headers, body, config)
  File "/Users/ashishparadkar/Downloads/algo-code-main/.venv/lib/python3.9/site-packages/ccxt/base/exchange.py", line 5566, in fetch2
    raise e
  File "/Users/ashishparadkar/Downloads/algo-code-main/.venv/lib/python3.9/site-packages/ccxt/base/exchange.py", line 5549, in fetch2
    response = self.fetch(request['url'], request['method'], request['headers'], request['body'])
  File "/Users/ashishparadkar/Downloads/algo-code-main/.venv/lib/python3.9/site-packages/ccxt/base/exchange.py", line 721, in fetch
    raise NetworkError(details) from e
ccxt.base.errors.NetworkError: binance GET https://api.binance.com/api/v3/klines?interval=5m&limit=1000&symbol=SOLUSDT

During handling of the above exception, another exception occurred:

Traceback (most recent call last):
  File "/Library/Developer/CommandLineTools/Library/Frameworks/Python3.framework/Versions/3.9/lib/python3.9/logging/__init__.py", line 1083, in emit
    msg = self.format(record)
  File "/Library/Developer/CommandLineTools/Library/Frameworks/Python3.framework/Versions/3.9/lib/python3.9/logging/__init__.py", line 927, in format
    return fmt.format(record)
  File "/Library/Developer/CommandLineTools/Library/Frameworks/Python3.framework/Versions/3.9/lib/python3.9/logging/__init__.py", line 663, in format
    record.message = record.getMessage()
  File "/Library/Developer/CommandLineTools/Library/Frameworks/Python3.framework/Versions/3.9/lib/python3.9/logging/__init__.py", line 367, in getMessage
    msg = msg % self.args
TypeError: must be real number, not NetworkError
Call stack:
  File "/Library/Developer/CommandLineTools/Library/Frameworks/Python3.framework/Versions/3.9/lib/python3.9/threading.py", line 930, in _bootstrap
    self._bootstrap_inner()
  File "/Library/Developer/CommandLineTools/Library/Frameworks/Python3.framework/Versions/3.9/lib/python3.9/threading.py", line 973, in _bootstrap_inner
    self.run()
  File "/Library/Developer/CommandLineTools/Library/Frameworks/Python3.framework/Versions/3.9/lib/python3.9/threading.py", line 910, in run
    self._target(*self._args, **self._kwargs)
  File "/Library/Developer/CommandLineTools/Library/Frameworks/Python3.framework/Versions/3.9/lib/python3.9/concurrent/futures/thread.py", line 77, in _worker
    work_item.run()
  File "/Library/Developer/CommandLineTools/Library/Frameworks/Python3.framework/Versions/3.9/lib/python3.9/concurrent/futures/thread.py", line 52, in run
    result = self.fn(*self.args, **self.kwargs)
  File "/Users/ashishparadkar/Downloads/algo-code-main/.venv/lib/python3.9/site-packages/apscheduler/executors/base.py", line 131, in run_job
    retval = job.func(*job.args, **job.kwargs)
  File "/Users/ashishparadkar/Downloads/algo-code-main/src/live_runner.py", line 199, in process_cycle
    df, _ = self.provider_manager.fetch_ohlcv_safe(self.symbol, self.timeframe, limit=1000)
  File "/Users/ashishparadkar/Downloads/algo-code-main/src/provider_manager.py", line 362, in fetch_ohlcv_safe
    logger.warning(
Message: 'Retryable network failure for %s (Attempt %d/%d). Backing off %.2fs: %s'
Arguments: ('SOL/USDT', 2, 3, NetworkError('binance GET https://api.binance.com/api/v3/klines?interval=5m&limit=1000&symbol=SOLUSDT'))
2026-08-21 13:21:18,678 - ERROR - Binance Spot Network Error: binance GET https://api.binance.com/api/v3/klines?interval=5m&limit=1000&symbol=SOLUSDT
2026-08-21 13:21:18,678 - ERROR - System Error in runner execution cycle: binance GET https://api.binance.com/api/v3/klines?interval=5m&limit=1000&symbol=SOLUSDT
Traceback (most recent call last):
  File "/Users/ashishparadkar/Downloads/algo-code-main/.venv/lib/python3.9/site-packages/urllib3/connection.py", line 204, in _new_conn
    sock = connection.create_connection(
  File "/Users/ashishparadkar/Downloads/algo-code-main/.venv/lib/python3.9/site-packages/urllib3/util/connection.py", line 60, in create_connection
    for res in socket.getaddrinfo(host, port, family, socket.SOCK_STREAM):
  File "/Library/Developer/CommandLineTools/Library/Frameworks/Python3.framework/Versions/3.9/lib/python3.9/socket.py", line 953, in getaddrinfo
    for res in _socket.getaddrinfo(host, port, family, type, proto, flags):
socket.gaierror: [Errno 8] nodename nor servname provided, or not known

The above exception was the direct cause of the following exception:

Traceback (most recent call last):
  File "/Users/ashishparadkar/Downloads/algo-code-main/.venv/lib/python3.9/site-packages/urllib3/connectionpool.py", line 787, in urlopen
    response = self._make_request(
  File "/Users/ashishparadkar/Downloads/algo-code-main/.venv/lib/python3.9/site-packages/urllib3/connectionpool.py", line 488, in _make_request
    raise new_e
  File "/Users/ashishparadkar/Downloads/algo-code-main/.venv/lib/python3.9/site-packages/urllib3/connectionpool.py", line 464, in _make_request
    self._validate_conn(conn)
  File "/Users/ashishparadkar/Downloads/algo-code-main/.venv/lib/python3.9/site-packages/urllib3/connectionpool.py", line 1093, in _validate_conn
    conn.connect()
  File "/Users/ashishparadkar/Downloads/algo-code-main/.venv/lib/python3.9/site-packages/urllib3/connection.py", line 759, in connect
    self.sock = sock = self._new_conn()
  File "/Users/ashishparadkar/Downloads/algo-code-main/.venv/lib/python3.9/site-packages/urllib3/connection.py", line 211, in _new_conn
    raise NameResolutionError(self.host, self, e) from e
urllib3.exceptions.NameResolutionError: HTTPSConnection(host='api.binance.com', port=443): Failed to resolve 'api.binance.com' ([Errno 8] nodename nor servname provided, or not known)

The above exception was the direct cause of the following exception:

Traceback (most recent call last):
  File "/Users/ashishparadkar/Downloads/algo-code-main/.venv/lib/python3.9/site-packages/requests/adapters.py", line 644, in send
    resp = conn.urlopen(
  File "/Users/ashishparadkar/Downloads/algo-code-main/.venv/lib/python3.9/site-packages/urllib3/connectionpool.py", line 841, in urlopen
    retries = retries.increment(
  File "/Users/ashishparadkar/Downloads/algo-code-main/.venv/lib/python3.9/site-packages/urllib3/util/retry.py", line 535, in increment
    raise MaxRetryError(_pool, url, reason) from reason  # type: ignore[arg-type]
urllib3.exceptions.MaxRetryError: HTTPSConnectionPool(host='api.binance.com', port=443): Max retries exceeded with url: /api/v3/klines?interval=5m&limit=1000&symbol=SOLUSDT (Caused by NameResolutionError("HTTPSConnection(host='api.binance.com', port=443): Failed to resolve 'api.binance.com' ([Errno 8] nodename nor servname provided, or not known)"))

During handling of the above exception, another exception occurred:

Traceback (most recent call last):
  File "/Users/ashishparadkar/Downloads/algo-code-main/.venv/lib/python3.9/site-packages/ccxt/base/exchange.py", line 665, in fetch
    response = self.session.request(
  File "/Users/ashishparadkar/Downloads/algo-code-main/.venv/lib/python3.9/site-packages/requests/sessions.py", line 589, in request
    resp = self.send(prep, **send_kwargs)
  File "/Users/ashishparadkar/Downloads/algo-code-main/.venv/lib/python3.9/site-packages/requests/sessions.py", line 703, in send
    r = adapter.send(request, **kwargs)
  File "/Users/ashishparadkar/Downloads/algo-code-main/.venv/lib/python3.9/site-packages/requests/adapters.py", line 677, in send
    raise ConnectionError(e, request=request)
requests.exceptions.ConnectionError: HTTPSConnectionPool(host='api.binance.com', port=443): Max retries exceeded with url: /api/v3/klines?interval=5m&limit=1000&symbol=SOLUSDT (Caused by NameResolutionError("HTTPSConnection(host='api.binance.com', port=443): Failed to resolve 'api.binance.com' ([Errno 8] nodename nor servname provided, or not known)"))

The above exception was the direct cause of the following exception:

Traceback (most recent call last):
  File "/Users/ashishparadkar/Downloads/algo-code-main/src/live_runner.py", line 199, in process_cycle
    df, _ = self.provider_manager.fetch_ohlcv_safe(self.symbol, self.timeframe, limit=1000)
  File "/Users/ashishparadkar/Downloads/algo-code-main/src/provider_manager.py", line 359, in fetch_ohlcv_safe
    raise retryable_err
  File "/Users/ashishparadkar/Downloads/algo-code-main/src/provider_manager.py", line 351, in fetch_ohlcv_safe
    df = adapter.fetch_ohlcv(instrument, timeframe, limit=limit)
  File "/Users/ashishparadkar/Downloads/algo-code-main/src/provider_manager.py", line 211, in fetch_ohlcv
    raise net_err
  File "/Users/ashishparadkar/Downloads/algo-code-main/src/provider_manager.py", line 183, in fetch_ohlcv
    raw_candles = self.exchange.fetch_ohlcv(
  File "/Users/ashishparadkar/Downloads/algo-code-main/.venv/lib/python3.9/site-packages/ccxt/binance.py", line 4759, in fetch_ohlcv
    response = self.publicGetKlines(self.extend(request, params))
  File "/Users/ashishparadkar/Downloads/algo-code-main/.venv/lib/python3.9/site-packages/ccxt/base/types.py", line 35, in unbound_method
    return _self.request(self.path, self.api, self.method, params, config=self.config)
  File "/Users/ashishparadkar/Downloads/algo-code-main/.venv/lib/python3.9/site-packages/ccxt/binance.py", line 11724, in request
    response = self.fetch2(path, api, method, params, headers, body, config)
  File "/Users/ashishparadkar/Downloads/algo-code-main/.venv/lib/python3.9/site-packages/ccxt/base/exchange.py", line 5566, in fetch2
    raise e
  File "/Users/ashishparadkar/Downloads/algo-code-main/.venv/lib/python3.9/site-packages/ccxt/base/exchange.py", line 5549, in fetch2
    response = self.fetch(request['url'], request['method'], request['headers'], request['body'])
  File "/Users/ashishparadkar/Downloads/algo-code-main/.venv/lib/python3.9/site-packages/ccxt/base/exchange.py", line 721, in fetch
    raise NetworkError(details) from e
ccxt.base.errors.NetworkError: binance GET https://api.binance.com/api/v3/klines?interval=5m&limit=1000&symbol=SOLUSDT
2026-08-21 13:21:18,769 - WARNING - [bot-1787212530436-4ece] Marked bot as non-retryable configuration error to prevent infinite error storm.
2026-08-21 13:21:18,909 - WARNING - Telegram alert [GENERAL] failed (Connection Error: HTTPSConnectionPool(host='api.telegram.org', port=443): Max retries exceeded with url: /bot8865086302:AAHhh3VL9czoQRSnw8Hf9iyDEwGJnqQTtqc/sendMessage (Caused by NameResolutionError("HTTPSConnection(host='api.telegram.org', port=443): Failed to resolve 'api.telegram.org' ([Errno 8] nodename nor servname provided, or not known)"))). Re-queueing retry 1/3 in 1.0s
2026-08-21 13:21:19,078 - INFO - Logged heartbeat status: ERROR
2026-08-21 13:21:19,079 - INFO - Job "LiveRunner.process_cycle (trigger: interval[0:05:00], next run at: 2026-08-21 13:26:04 IST)" executed successfully
2026-08-21 13:21:19,922 - WARNING - Telegram alert [GENERAL] failed (Connection Error: HTTPSConnectionPool(host='api.telegram.org', port=443): Max retries exceeded with url: /bot8865086302:AAHhh3VL9czoQRSnw8Hf9iyDEwGJnqQTtqc/sendMessage (Caused by NameResolutionError("HTTPSConnection(host='api.telegram.org', port=443): Failed to resolve 'api.telegram.org' ([Errno 8] nodename nor servname provided, or not known)"))). Re-queueing retry 2/3 in 2.0s
2026-08-21 13:21:20,932 - WARNING - Telegram alert [GENERAL] failed (Connection Error: HTTPSConnectionPool(host='api.telegram.org', port=443): Max retries exceeded with url: /bot8865086302:AAHhh3VL9czoQRSnw8Hf9iyDEwGJnqQTtqc/sendMessage (Caused by NameResolutionError("HTTPSConnection(host='api.telegram.org', port=443): Failed to resolve 'api.telegram.org' ([Errno 8] nodename nor servname provided, or not known)"))). Re-queueing retry 3/3 in 4.0s
2026-08-21 13:21:21,941 - ERROR - Telegram alert [GENERAL] failed permanently after 3 retries: Connection Error: HTTPSConnectionPool(host='api.telegram.org', port=443): Max retries exceeded with url: /bot8865086302:AAHhh3VL9czoQRSnw8Hf9iyDEwGJnqQTtqc/sendMessage (Caused by NameResolutionError("HTTPSConnection(host='api.telegram.org', port=443): Failed to resolve 'api.telegram.org' ([Errno 8] nodename nor servname provided, or not known)"))
2026-08-21 13:26:04,078 - INFO - Running job "LiveRunner.process_cycle (trigger: interval[0:05:00], next run at: 2026-08-21 13:31:04 IST)" (scheduled at 2026-08-21 13:26:04.066568+05:30)
2026-08-21 13:26:04,081 - ERROR - [bot-1787212530436-4ece] Halting runner cycle: Bot is configured with unexecutable instrument 'SOL/USDT'. Error: Fatal Non-Retryable Error: binance GET https://api.binance.com/api/v3/klines?interval=5m&limit=1000&symbol=SOLUSDT
2026-08-21 13:26:04,245 - INFO - Job "LiveRunner.process_cycle (trigger: interval[0:05:00], next run at: 2026-08-21 13:31:04 IST)" executed successfully
2026-08-21 13:31:04,081 - INFO - Running job "LiveRunner.process_cycle (trigger: interval[0:05:00], next run at: 2026-08-21 13:36:04 IST)" (scheduled at 2026-08-21 13:31:04.066568+05:30)
2026-08-21 13:31:04,086 - ERROR - [bot-1787212530436-4ece] Halting runner cycle: Bot is configured with unexecutable instrument 'SOL/USDT'. Error: Fatal Non-Retryable Error: binance GET https://api.binance.com/api/v3/klines?interval=5m&limit=1000&symbol=SOLUSDT
2026-08-21 13:31:04,260 - INFO - Job "LiveRunner.process_cycle (trigger: interval[0:05:00], next run at: 2026-08-21 13:36:04 IST)" executed successfully
2026-08-21 13:36:04,145 - INFO - Running job "LiveRunner.process_cycle (trigger: interval[0:05:00], next run at: 2026-08-21 13:41:04 IST)" (scheduled at 2026-08-21 13:36:04.066568+05:30)
2026-08-21 13:36:04,154 - ERROR - [bot-1787212530436-4ece] Halting runner cycle: Bot is configured with unexecutable instrument 'SOL/USDT'. Error: Fatal Non-Retryable Error: binance GET https://api.binance.com/api/v3/klines?interval=5m&limit=1000&symbol=SOLUSDT
2026-08-21 13:36:04,396 - INFO - Job "LiveRunner.process_cycle (trigger: interval[0:05:00], next run at: 2026-08-21 13:41:04 IST)" executed successfully
/Users/ashishparadkar/Downloads/algo-code-main/.venv/lib/python3.9/site-packages/urllib3/__init__.py:35: NotOpenSSLWarning: urllib3 v2 only supports OpenSSL 1.1.1+, currently the 'ssl' module is compiled with 'LibreSSL 2.8.3'. See: https://github.com/urllib3/urllib3/issues/3020
  warnings.warn(
/Users/ashishparadkar/Downloads/algo-code-main/.venv/lib/python3.9/site-packages/urllib3/__init__.py:35: NotOpenSSLWarning: urllib3 v2 only supports OpenSSL 1.1.1+, currently the 'ssl' module is compiled with 'LibreSSL 2.8.3'. See: https://github.com/urllib3/urllib3/issues/3020
  warnings.warn(
2026-08-21 15:31:11,587 - INFO - Bot state startup reconciliation finished: 0 bot(s) reconciled to STOPPED.
2026-08-21 15:31:12,997 - INFO - Telegram notification service initialized successfully (Chat ID: 5657...)
2026-08-21 15:31:13,066 - INFO - Initializing scheduled trading bot live runner for bot-1787212530436-4ece...
2026-08-21 15:31:13,817 - INFO - SQLite database tables verified/created.
2026-08-21 15:31:16,212 - INFO - Initializing CCXT Binance in TESTNET mode.
/Users/ashishparadkar/Downloads/algo-code-main/.venv/lib/python3.9/site-packages/urllib3/__init__.py:35: NotOpenSSLWarning: urllib3 v2 only supports OpenSSL 1.1.1+, currently the 'ssl' module is compiled with 'LibreSSL 2.8.3'. See: https://github.com/urllib3/urllib3/issues/3020
  warnings.warn(
2026-08-21 18:14:29,606 - INFO - Bot state startup reconciliation finished: 0 bot(s) reconciled to STOPPED.
2026-08-21 18:14:30,970 - INFO - Telegram notification service initialized successfully (Chat ID: 5657...)
2026-08-21 18:14:31,866 - INFO - Initializing scheduled trading bot live runner for bot-1787212530436-4ece...
2026-08-21 18:14:32,768 - INFO - SQLite database tables verified/created.
2026-08-21 18:14:34,088 - INFO - Initializing CCXT Binance in TESTNET mode.
2026-08-21 18:15:35,049 - INFO - [bot-1787212530436-4ece] Pre-flight instrument resolved: SOL/USDT (SPOT via binance_spot)
2026-08-21 18:15:37,161 - INFO - [bot-1787212530436-4ece] Starting signal check cycle for SOL/USDT (5m)...
2026-08-21 18:15:37,687 - INFO - Fetching recent candles for SOL/USDT (5m) [Bot: bot-1787212530436-4ece] via ProviderManager...
/Users/ashishparadkar/Downloads/algo-code-main/.venv/lib/python3.9/site-packages/urllib3/__init__.py:35: NotOpenSSLWarning: urllib3 v2 only supports OpenSSL 1.1.1+, currently the 'ssl' module is compiled with 'LibreSSL 2.8.3'. See: https://github.com/urllib3/urllib3/issues/3020
  warnings.warn(
2026-08-21 20:28:04,182 - INFO - Bot state startup reconciliation finished: 0 bot(s) reconciled to STOPPED.
2026-08-21 20:28:06,670 - INFO - Telegram notification service initialized successfully (Chat ID: 5657...)
2026-08-21 20:28:06,689 - INFO - Initializing scheduled trading bot live runner for bot-1787212530436-4ece...
2026-08-21 20:28:07,478 - INFO - SQLite database tables verified/created.
2026-08-21 20:28:08,260 - INFO - Initializing CCXT Binance in TESTNET mode.
2026-08-21 20:30:04,041 - INFO - [bot-1787212530436-4ece] Pre-flight instrument resolved: SOL/USDT (SPOT via binance_spot)
2026-08-21 20:30:05,785 - INFO - [bot-1787212530436-4ece] Starting signal check cycle for SOL/USDT (5m)...
2026-08-21 20:30:05,817 - INFO - Fetching recent candles for SOL/USDT (5m) [Bot: bot-1787212530436-4ece] via ProviderManager...
/Users/ashishparadkar/Downloads/algo-code-main/.venv/lib/python3.9/site-packages/urllib3/__init__.py:35: NotOpenSSLWarning: urllib3 v2 only supports OpenSSL 1.1.1+, currently the 'ssl' module is compiled with 'LibreSSL 2.8.3'. See: https://github.com/urllib3/urllib3/issues/3020
  warnings.warn(
2026-08-21 21:34:19,840 - INFO - Bot state startup reconciliation finished: 0 bot(s) reconciled to STOPPED.
2026-08-21 21:34:23,073 - INFO - Telegram notification service initialized successfully (Chat ID: 5657...)
2026-08-21 21:34:23,097 - INFO - Initializing scheduled trading bot live runner for bot-1787212530436-4ece...
2026-08-21 21:34:23,956 - INFO - SQLite database tables verified/created.
2026-08-21 21:34:26,365 - INFO - Initializing CCXT Binance in TESTNET mode.
2026-08-21 21:37:06,477 - INFO - [bot-1787212530436-4ece] Pre-flight instrument resolved: SOL/USDT (SPOT via binance_spot)
2026-08-21 21:37:10,341 - INFO - [bot-1787212530436-4ece] Starting signal check cycle for SOL/USDT (5m)...
2026-08-21 21:37:11,428 - INFO - Fetching recent candles for SOL/USDT (5m) [Bot: bot-1787212530436-4ece] via ProviderManager...
2026-08-21 22:03:16,524 - INFO - Indicators computed | close=91.50 ema_9=91.33 ema_20=91.35 ema_50=91.24 ema_200=90.25 macd=0.0093 poc=75.0 val=75.0 vah=75.0
2026-08-21 22:03:17,112 - INFO - [bot-1787212530436-4ece] Evaluating strategy on completed candle: 2026-08-21 16:25:00+00:00 at Close price: 91.51
2026-08-21 22:03:18,711 - INFO - Confluence Evaluation | Regime: TRENDING (ADX=35.3) | Direction: HOLD | BullScore: 32.6% | BearScore: 67.4% | Active: ['ema', 'macd', 'rsi', 'vp']
2026-08-21 22:03:19,405 - INFO - Signal evaluated: HOLD. Reason/Details: Confluence score: 67% (HOLD)
2026-08-21 22:03:20,840 - INFO - Logged heartbeat status: OK
2026-08-21 22:03:24,123 - INFO - Adding job tentatively -- it will be properly scheduled when the scheduler starts
2026-08-21 22:03:24,170 - INFO - Bot bot-1787212530436-4ece scheduled to check every 5 minutes.
2026-08-21 22:03:25,344 - INFO - Added job "LiveRunner.process_cycle" to job store "default"
2026-08-21 22:03:25,345 - INFO - Scheduler started
2026-08-21 22:08:23,625 - INFO - Running job "LiveRunner.process_cycle (trigger: interval[0:05:00], next run at: 2026-08-21 22:13:23 IST)" (scheduled at 2026-08-21 22:08:23.558590+05:30)
2026-08-21 22:08:23,868 - INFO - [bot-1787212530436-4ece] Starting signal check cycle for SOL/USDT (5m)...
2026-08-21 22:08:23,934 - INFO - Fetching recent candles for SOL/USDT (5m) [Bot: bot-1787212530436-4ece] via ProviderManager...
2026-08-21 22:08:24,823 - INFO - Indicators computed | close=91.44 ema_9=91.36 ema_20=91.36 ema_50=91.24 ema_200=90.26 macd=0.0176 poc=75.0 val=75.0 vah=75.0
2026-08-21 22:08:24,824 - INFO - [bot-1787212530436-4ece] Evaluating strategy on completed candle: 2026-08-21 16:30:00+00:00 at Close price: 91.52
2026-08-21 22:08:24,925 - INFO - Confluence Evaluation | Regime: TRENDING (ADX=32.9) | Direction: HOLD | BullScore: 32.6% | BearScore: 34.8% | Active: ['ema', 'macd', 'rsi', 'vp']
2026-08-21 22:08:25,054 - INFO - Signal evaluated: HOLD. Reason/Details: Confluence score: 35% (HOLD)
2026-08-21 22:08:25,304 - INFO - Logged heartbeat status: OK
2026-08-21 22:08:25,305 - INFO - Job "LiveRunner.process_cycle (trigger: interval[0:05:00], next run at: 2026-08-21 22:13:23 IST)" executed successfully
2026-08-21 22:13:23,592 - INFO - Running job "LiveRunner.process_cycle (trigger: interval[0:05:00], next run at: 2026-08-21 22:18:23 IST)" (scheduled at 2026-08-21 22:13:23.558590+05:30)
2026-08-21 22:13:23,619 - INFO - [bot-1787212530436-4ece] Starting signal check cycle for SOL/USDT (5m)...
2026-08-21 22:13:23,685 - INFO - Fetching recent candles for SOL/USDT (5m) [Bot: bot-1787212530436-4ece] via ProviderManager...
2026-08-21 22:13:24,550 - INFO - Indicators computed | close=91.41 ema_9=91.39 ema_20=91.38 ema_50=91.26 ema_200=90.27 macd=0.0295 poc=75.0 val=75.0 vah=75.0
2026-08-21 22:13:24,554 - INFO - [bot-1787212530436-4ece] Evaluating strategy on completed candle: 2026-08-21 16:35:00+00:00 at Close price: 91.59
2026-08-21 22:13:24,684 - INFO - LONG signal blocked | Location blocked (Close 91.59 outside Value Area [73.50 - 76.50], VAL=75.00, VAH=75.00) | context={'close': 91.59, 'ema_9': 91.38839763928361, 'ema_20': 91.37506947835311, 'ema_50': 91.24986974854684, 'ema_200': 90.26007095397489, 'macd_line': 0.02956168449264851, 'macd_signal': 0.03348612307182361, 'macd_hist': -0.003924438579175099, 'poc': np.float64(75.0), 'val': np.float64(75.0), 'vah': np.float64(75.0)}
2026-08-21 22:13:24,789 - INFO - Confluence Evaluation | Regime: TRENDING (ADX=30.8) | Direction: HOLD | BullScore: 50.0% | BearScore: 17.4% | Active: ['ema', 'macd', 'rsi', 'vp']
2026-08-21 22:13:24,984 - INFO - Signal evaluated: HOLD. Reason/Details: LONG setup blocked: Location blocked (Close 91.59 outside Value Area [73.50 - 76.50], VAL=75.00, VAH=75.00)
2026-08-21 22:13:25,402 - INFO - Logged heartbeat status: OK
2026-08-21 22:13:25,402 - INFO - Job "LiveRunner.process_cycle (trigger: interval[0:05:00], next run at: 2026-08-21 22:18:23 IST)" executed successfully
2026-08-21 22:18:23,584 - INFO - Running job "LiveRunner.process_cycle (trigger: interval[0:05:00], next run at: 2026-08-21 22:23:23 IST)" (scheduled at 2026-08-21 22:18:23.558590+05:30)
2026-08-21 22:18:23,604 - INFO - [bot-1787212530436-4ece] Starting signal check cycle for SOL/USDT (5m)...
2026-08-21 22:18:23,664 - INFO - Fetching recent candles for SOL/USDT (5m) [Bot: bot-1787212530436-4ece] via ProviderManager...
2026-08-21 22:18:24,208 - INFO - Indicators computed | close=91.61 ema_9=91.43 ema_20=91.40 ema_50=91.27 ema_200=90.28 macd=0.0438 poc=75.0 val=75.0 vah=75.0
2026-08-21 22:18:24,210 - INFO - [bot-1787212530436-4ece] Evaluating strategy on completed candle: 2026-08-21 16:40:00+00:00 at Close price: 91.39
2026-08-21 22:18:24,298 - INFO - Confluence Evaluation | Regime: TRENDING (ADX=29.8) | Direction: HOLD | BullScore: 32.6% | BearScore: 34.8% | Active: ['ema', 'macd', 'rsi', 'vp']
2026-08-21 22:18:24,399 - INFO - Signal evaluated: HOLD. Reason/Details: Confluence score: 35% (HOLD)
2026-08-21 22:18:24,647 - INFO - Logged heartbeat status: OK
2026-08-21 22:18:24,648 - INFO - Job "LiveRunner.process_cycle (trigger: interval[0:05:00], next run at: 2026-08-21 22:23:23 IST)" executed successfully
2026-08-21 22:23:23,702 - INFO - Running job "LiveRunner.process_cycle (trigger: interval[0:05:00], next run at: 2026-08-21 22:28:23 IST)" (scheduled at 2026-08-21 22:23:23.558590+05:30)
2026-08-21 22:23:23,758 - INFO - [bot-1787212530436-4ece] Starting signal check cycle for SOL/USDT (5m)...
2026-08-21 22:23:23,853 - INFO - Fetching recent candles for SOL/USDT (5m) [Bot: bot-1787212530436-4ece] via ProviderManager...
2026-08-21 22:23:24,523 - INFO - Indicators computed | close=91.71 ema_9=91.50 ema_20=91.44 ema_50=91.29 ema_200=90.30 macd=0.0692 poc=75.0 val=75.0 vah=75.0
2026-08-21 22:23:24,526 - INFO - [bot-1787212530436-4ece] Evaluating strategy on completed candle: 2026-08-21 16:45:00+00:00 at Close price: 91.70
2026-08-21 22:23:24,635 - INFO - Confluence Evaluation | Regime: TRENDING (ADX=28.6) | Direction: LONG | BullScore: 82.6% | BearScore: 17.4% | Active: ['ema', 'macd', 'rsi', 'vp']
2026-08-21 22:23:24,792 - INFO - Capping position size 275.862069 BTC to available cash equivalent 87.241003 BTC.
2026-08-21 22:23:24,925 - INFO - Created pending signal approval ID 232 for bot bot-1787212530436-4ece (LONG @ $91.70, status: WAITING_APPROVAL)
2026-08-21 22:23:25,034 - INFO - [bot-1787212530436-4ece] Signal LONG generated (ID: 232). Waiting for manual user approval.
2026-08-21 22:23:25,256 - INFO - Logged heartbeat status: OK
2026-08-21 22:23:25,257 - INFO - Job "LiveRunner.process_cycle (trigger: interval[0:05:00], next run at: 2026-08-21 22:28:23 IST)" executed successfully
2026-08-21 22:28:23,608 - INFO - Running job "LiveRunner.process_cycle (trigger: interval[0:05:00], next run at: 2026-08-21 22:33:23 IST)" (scheduled at 2026-08-21 22:28:23.558590+05:30)
2026-08-21 22:28:23,628 - INFO - [bot-1787212530436-4ece] Starting signal check cycle for SOL/USDT (5m)...
2026-08-21 22:28:23,687 - INFO - Fetching recent candles for SOL/USDT (5m) [Bot: bot-1787212530436-4ece] via ProviderManager...
2026-08-21 22:28:24,358 - INFO - Indicators computed | close=91.63 ema_9=91.53 ema_20=91.46 ema_50=91.30 ema_200=90.31 macd=0.0770 poc=75.0 val=75.0 vah=75.0
2026-08-21 22:28:24,360 - INFO - [bot-1787212530436-4ece] Evaluating strategy on completed candle: 2026-08-21 16:50:00+00:00 at Close price: 91.72
2026-08-21 22:28:24,467 - INFO - Confluence Evaluation | Regime: TRENDING (ADX=27.0) | Direction: LONG | BullScore: 82.6% | BearScore: 17.4% | Active: ['ema', 'macd', 'rsi', 'vp']
2026-08-21 22:28:24,573 - INFO - Capping position size 326.530612 BTC to available cash equivalent 87.221980 BTC.
2026-08-21 22:28:24,640 - INFO - [bot-1787212530436-4ece] Signal LONG active pending approval already exists (ID: 232).
2026-08-21 22:28:24,886 - INFO - Logged heartbeat status: OK
2026-08-21 22:28:24,889 - INFO - Job "LiveRunner.process_cycle (trigger: interval[0:05:00], next run at: 2026-08-21 22:33:23 IST)" executed successfully
2026-08-21 22:33:23,603 - INFO - Running job "LiveRunner.process_cycle (trigger: interval[0:05:00], next run at: 2026-08-21 22:38:23 IST)" (scheduled at 2026-08-21 22:33:23.558590+05:30)
2026-08-21 22:33:23,673 - INFO - [bot-1787212530436-4ece] Starting signal check cycle for SOL/USDT (5m)...
2026-08-21 22:33:23,700 - INFO - Fetching recent candles for SOL/USDT (5m) [Bot: bot-1787212530436-4ece] via ProviderManager...
2026-08-21 22:33:25,238 - INFO - Indicators computed | close=91.61 ema_9=91.55 ema_20=91.47 ema_50=91.32 ema_200=90.33 macd=0.0800 poc=75.0 val=75.0 vah=75.0
2026-08-21 22:33:25,246 - INFO - [bot-1787212530436-4ece] Evaluating strategy on completed candle: 2026-08-21 16:55:00+00:00 at Close price: 91.63
2026-08-21 22:33:25,493 - INFO - Confluence Evaluation | Regime: TRENDING (ADX=27.1) | Direction: LONG | BullScore: 82.6% | BearScore: 17.4% | Active: ['ema', 'macd', 'rsi', 'vp']
2026-08-21 22:33:25,634 - INFO - Capping position size 400.000000 BTC to available cash equivalent 87.307650 BTC.
2026-08-21 22:33:25,736 - INFO - [bot-1787212530436-4ece] Signal LONG active pending approval already exists (ID: 232).
2026-08-21 22:33:26,025 - INFO - Logged heartbeat status: OK
2026-08-21 22:33:26,026 - INFO - Job "LiveRunner.process_cycle (trigger: interval[0:05:00], next run at: 2026-08-21 22:38:23 IST)" executed successfully
2026-08-21 22:38:23,667 - INFO - Running job "LiveRunner.process_cycle (trigger: interval[0:05:00], next run at: 2026-08-21 22:43:23 IST)" (scheduled at 2026-08-21 22:38:23.558590+05:30)
2026-08-21 22:38:23,724 - INFO - [bot-1787212530436-4ece] Starting signal check cycle for SOL/USDT (5m)...
2026-08-21 22:38:23,783 - INFO - Fetching recent candles for SOL/USDT (5m) [Bot: bot-1787212530436-4ece] via ProviderManager...
2026-08-21 22:38:24,338 - INFO - Indicators computed | close=91.81 ema_9=91.60 ema_20=91.51 ema_50=91.34 ema_200=90.34 macd=0.0993 poc=75.0 val=75.0 vah=75.0
2026-08-21 22:38:24,339 - INFO - [bot-1787212530436-4ece] Evaluating strategy on completed candle: 2026-08-21 17:00:00+00:00 at Close price: 91.64
2026-08-21 22:38:24,428 - INFO - Confluence Evaluation | Regime: TRENDING (ADX=26.9) | Direction: LONG | BullScore: 82.6% | BearScore: 17.4% | Active: ['ema', 'macd', 'rsi', 'vp']
2026-08-21 22:38:24,527 - INFO - Capping position size 390.243902 BTC to available cash equivalent 87.298123 BTC.
2026-08-21 22:38:24,594 - INFO - [bot-1787212530436-4ece] Signal LONG active pending approval already exists (ID: 232).
2026-08-21 22:38:24,832 - INFO - Logged heartbeat status: OK
2026-08-21 22:38:24,833 - INFO - Job "LiveRunner.process_cycle (trigger: interval[0:05:00], next run at: 2026-08-21 22:43:23 IST)" executed successfully
/Users/ashishparadkar/Downloads/algo-code-main/.venv/lib/python3.9/site-packages/urllib3/__init__.py:35: NotOpenSSLWarning: urllib3 v2 only supports OpenSSL 1.1.1+, currently the 'ssl' module is compiled with 'LibreSSL 2.8.3'. See: https://github.com/urllib3/urllib3/issues/3020
  warnings.warn(
/Users/ashishparadkar/Downloads/algo-code-main/.venv/lib/python3.9/site-packages/urllib3/__init__.py:35: NotOpenSSLWarning: urllib3 v2 only supports OpenSSL 1.1.1+, currently the 'ssl' module is compiled with 'LibreSSL 2.8.3'. See: https://github.com/urllib3/urllib3/issues/3020
  warnings.warn(
2026-08-21 22:46:04,533 - INFO - Bot state startup reconciliation finished: 0 bot(s) reconciled to STOPPED.
2026-08-21 22:46:05,138 - INFO - Telegram notification service initialized successfully (Chat ID: 5657...)
2026-08-21 22:46:05,150 - INFO - Initializing scheduled trading bot live runner for bot-1787212530436-4ece...
2026-08-21 22:46:05,684 - INFO - SQLite database tables verified/created.
2026-08-21 22:46:06,155 - INFO - Initializing CCXT Binance in TESTNET mode.
2026-08-21 22:46:16,524 - INFO - [bot-1787212530436-4ece] Pre-flight instrument resolved: BTC/USDT (SPOT via binance_spot)
2026-08-21 22:46:16,560 - INFO - [bot-1787212530436-4ece] Starting signal check cycle for BTC/USDT (5m)...
2026-08-21 22:46:16,642 - INFO - Fetching recent candles for BTC/USDT (5m) [Bot: bot-1787212530436-4ece] via ProviderManager...
2026-08-21 22:46:44,030 - INFO - Indicators computed | close=77387.32 ema_9=77456.12 ema_20=77394.91 ema_50=77308.85 ema_200=76223.63 macd=62.0335 poc=69350.0 val=64025.0 vah=74600.0
2026-08-21 22:46:44,039 - INFO - [bot-1787212530436-4ece] Evaluating strategy on completed candle: 2026-08-21 17:10:00+00:00 at Close price: 77561.30
2026-08-21 22:46:44,475 - INFO - Confluence Evaluation | Regime: TRENDING (ADX=37.2) | Direction: LONG | BullScore: 78.9% | BearScore: 21.1% | Active: ['ema', 'macd', 'vp']
2026-08-21 22:46:44,921 - INFO - Capping position size 1.027063 BTC to available cash equivalent 0.128930 BTC.
2026-08-21 22:46:45,009 - INFO - [bot-1787212530436-4ece] Signal LONG active pending approval already exists (ID: 232).
2026-08-21 22:46:45,294 - INFO - Logged heartbeat status: OK
2026-08-21 22:46:45,433 - INFO - Adding job tentatively -- it will be properly scheduled when the scheduler starts
2026-08-21 22:46:45,434 - INFO - Bot bot-1787212530436-4ece scheduled to check every 5 minutes.
2026-08-21 22:46:45,439 - INFO - Added job "LiveRunner.process_cycle" to job store "default"
2026-08-21 22:46:45,440 - INFO - Scheduler started
