/Users/ashishparadkar/Downloads/algo-code-main/.venv/lib/python3.9/site-packages/urllib3/__init__.py:35: NotOpenSSLWarning: urllib3 v2 only supports OpenSSL 1.1.1+, currently the 'ssl' module is compiled with 'LibreSSL 2.8.3'. See: https://github.com/urllib3/urllib3/issues/3020
  warnings.warn(
2026-08-21 12:14:58,005 - INFO - Bot state startup reconciliation finished: 0 bot(s) reconciled to STOPPED.
2026-08-21 12:14:58,690 - INFO - Telegram notification service initialized successfully (Chat ID: 5657...)
2026-08-21 12:14:58,932 - INFO - Initializing scheduled trading bot live runner for bot-1787294339334-0969...
2026-08-21 12:14:59,448 - INFO - SQLite database tables verified/created.
2026-08-21 12:15:00,074 - INFO - Initializing CCXT Binance in TESTNET mode.
2026-08-21 12:15:32,219 - INFO - [bot-1787294339334-0969] Pre-flight instrument resolved: BTC/USDT (SPOT via binance_spot)
2026-08-21 12:15:32,851 - INFO - [bot-1787294339334-0969] Starting signal check cycle for BTC/USDT (15m)...
2026-08-21 12:15:32,878 - INFO - Fetching recent candles for BTC/USDT (15m) [Bot: bot-1787294339334-0969] via ProviderManager...
2026-08-21 12:16:09,907 - INFO - Indicators computed | close=75322.00 ema_9=75243.88 ema_20=74923.63 ema_50=74043.77 ema_200=70705.60 macd=429.3642 poc=63050.0 val=62525.0 vah=70625.0
2026-08-21 12:16:09,922 - INFO - [bot-1787294339334-0969] Evaluating strategy on completed candle: 2026-08-21 06:30:00+00:00 at Close price: 75394.97
2026-08-21 12:16:10,120 - INFO - Confluence Evaluation | Regime: TRENDING (ADX=65.8) | Direction: HOLD | BullScore: 50.0% | BearScore: 17.4% | Active: ['ema', 'macd', 'rsi', 'vp']
2026-08-21 12:16:10,247 - INFO - Signal evaluated: HOLD. Reason/Details: Confluence score: 50% (HOLD)
2026-08-21 12:16:10,454 - INFO - Logged heartbeat status: OK
2026-08-21 12:16:10,475 - INFO - Adding job tentatively -- it will be properly scheduled when the scheduler starts
2026-08-21 12:16:10,476 - INFO - Bot bot-1787294339334-0969 scheduled to check every 15 minutes.
2026-08-21 12:16:10,478 - INFO - Added job "LiveRunner.process_cycle" to job store "default"
2026-08-21 12:16:10,480 - INFO - Scheduler started
2026-08-21 12:31:10,804 - INFO - Running job "LiveRunner.process_cycle (trigger: interval[0:15:00], next run at: 2026-08-21 12:46:10 IST)" (scheduled at 2026-08-21 12:31:10.475317+05:30)
2026-08-21 12:31:10,900 - INFO - [bot-1787294339334-0969] Starting signal check cycle for BTC/USDT (15m)...
2026-08-21 12:31:10,983 - INFO - Fetching recent candles for BTC/USDT (15m) [Bot: bot-1787294339334-0969] via ProviderManager...
2026-08-21 12:31:12,075 - INFO - Indicators computed | close=75710.10 ema_9=75389.00 ema_20=75026.47 ema_50=74121.33 ema_200=70758.59 macd=460.9930 poc=63050.0 val=62525.0 vah=70875.0
2026-08-21 12:31:12,080 - INFO - [bot-1787294339334-0969] Evaluating strategy on completed candle: 2026-08-21 06:45:00+00:00 at Close price: 75646.21
2026-08-21 12:31:12,182 - INFO - Confluence Evaluation | Regime: TRENDING (ADX=65.4) | Direction: HOLD | BullScore: 50.0% | BearScore: 17.4% | Active: ['ema', 'macd', 'rsi', 'vp']
2026-08-21 12:31:12,337 - INFO - Signal evaluated: HOLD. Reason/Details: Confluence score: 50% (HOLD)
2026-08-21 12:31:12,543 - INFO - Logged heartbeat status: OK
2026-08-21 12:31:12,558 - INFO - Job "LiveRunner.process_cycle (trigger: interval[0:15:00], next run at: 2026-08-21 12:46:10 IST)" executed successfully
2026-08-21 12:46:10,534 - INFO - Running job "LiveRunner.process_cycle (trigger: interval[0:15:00], next run at: 2026-08-21 13:01:10 IST)" (scheduled at 2026-08-21 12:46:10.475317+05:30)
2026-08-21 12:46:10,552 - INFO - [bot-1787294339334-0969] Starting signal check cycle for BTC/USDT (15m)...
2026-08-21 12:46:10,594 - INFO - Fetching recent candles for BTC/USDT (15m) [Bot: bot-1787294339334-0969] via ProviderManager...
2026-08-21 12:46:11,382 - INFO - Indicators computed | close=76372.75 ema_9=75627.33 ema_20=75177.08 ema_50=74219.41 ema_200=70817.01 macd=529.1247 poc=63050.0 val=62525.0 vah=71125.0
2026-08-21 12:46:11,383 - INFO - [bot-1787294339334-0969] Evaluating strategy on completed candle: 2026-08-21 07:00:00+00:00 at Close price: 75969.99
2026-08-21 12:46:11,412 - INFO - Confluence Evaluation | Regime: TRENDING (ADX=65.5) | Direction: LONG | BullScore: 82.6% | BearScore: 17.4% | Active: ['ema', 'macd', 'rsi', 'vp']
2026-08-21 12:46:11,496 - INFO - Capping position size 0.212520 BTC to available cash equivalent 0.131631 BTC.
2026-08-21 12:46:11,612 - INFO - Created pending signal approval ID 167 for bot bot-1787294339334-0969 (LONG @ $75969.99, status: WAITING_APPROVAL)
2026-08-21 12:46:11,706 - INFO - [bot-1787294339334-0969] Signal LONG generated (ID: 167). Waiting for manual user approval.
2026-08-21 12:46:11,896 - INFO - Logged heartbeat status: OK
2026-08-21 12:46:11,897 - INFO - Job "LiveRunner.process_cycle (trigger: interval[0:15:00], next run at: 2026-08-21 13:01:10 IST)" executed successfully
2026-08-21 13:01:10,572 - INFO - Running job "LiveRunner.process_cycle (trigger: interval[0:15:00], next run at: 2026-08-21 13:16:10 IST)" (scheduled at 2026-08-21 13:01:10.475317+05:30)
2026-08-21 13:01:10,609 - INFO - [bot-1787294339334-0969] Starting signal check cycle for BTC/USDT (15m)...
2026-08-21 13:01:10,663 - INFO - Fetching recent candles for BTC/USDT (15m) [Bot: bot-1787294339334-0969] via ProviderManager...
2026-08-21 13:01:11,262 - INFO - Indicators computed | close=76456.62 ema_9=75799.21 ema_20=75302.19 ema_50=74308.56 ema_200=70873.50 macd=569.2395 poc=63050.0 val=62525.0 vah=71300.0
2026-08-21 13:01:11,264 - INFO - [bot-1787294339334-0969] Evaluating strategy on completed candle: 2026-08-21 07:15:00+00:00 at Close price: 76410.38
2026-08-21 13:01:11,296 - INFO - Confluence Evaluation | Regime: TRENDING (ADX=66.2) | Direction: LONG | BullScore: 82.6% | BearScore: 17.4% | Active: ['ema', 'macd', 'rsi', 'vp']
2026-08-21 13:01:11,409 - INFO - Capping position size 0.144772 BTC to available cash equivalent 0.130872 BTC.
2026-08-21 13:01:11,416 - INFO - [bot-1787294339334-0969] Signal LONG active pending approval already exists (ID: 167).
2026-08-21 13:01:11,620 - INFO - Logged heartbeat status: OK
2026-08-21 13:01:11,621 - INFO - Job "LiveRunner.process_cycle (trigger: interval[0:15:00], next run at: 2026-08-21 13:16:10 IST)" executed successfully
2026-08-21 13:16:10,542 - INFO - Running job "LiveRunner.process_cycle (trigger: interval[0:15:00], next run at: 2026-08-21 13:31:10 IST)" (scheduled at 2026-08-21 13:16:10.475317+05:30)
2026-08-21 13:16:10,560 - INFO - [bot-1787294339334-0969] Starting signal check cycle for BTC/USDT (15m)...
2026-08-21 13:16:10,608 - INFO - Fetching recent candles for BTC/USDT (15m) [Bot: bot-1787294339334-0969] via ProviderManager...
2026-08-21 13:16:11,241 - INFO - Indicators computed | close=76479.99 ema_9=75957.65 ema_20=75426.36 ema_50=74398.97 ema_200=70930.65 macd=602.2715 poc=63050.0 val=62525.0 vah=71425.0
2026-08-21 13:16:11,242 - INFO - [bot-1787294339334-0969] Evaluating strategy on completed candle: 2026-08-21 07:30:00+00:00 at Close price: 76595.89
2026-08-21 13:16:11,271 - INFO - Confluence Evaluation | Regime: TRENDING (ADX=67.0) | Direction: LONG | BullScore: 82.6% | BearScore: 17.4% | Active: ['ema', 'macd', 'rsi', 'vp']
2026-08-21 13:16:11,381 - INFO - Capping position size 0.145859 BTC to available cash equivalent 0.130555 BTC.
2026-08-21 13:16:11,470 - INFO - [bot-1787294339334-0969] Signal LONG active pending approval already exists (ID: 167).
2026-08-21 13:16:11,830 - INFO - Logged heartbeat status: OK
2026-08-21 13:16:11,831 - INFO - Job "LiveRunner.process_cycle (trigger: interval[0:15:00], next run at: 2026-08-21 13:31:10 IST)" executed successfully
2026-08-21 13:31:10,587 - INFO - Running job "LiveRunner.process_cycle (trigger: interval[0:15:00], next run at: 2026-08-21 13:31:10 IST)" (scheduled at 2026-08-21 13:31:10.475317+05:30)
2026-08-21 13:31:10,692 - INFO - [bot-1787294339334-0969] Starting signal check cycle for BTC/USDT (15m)...
2026-08-21 13:31:10,885 - INFO - Fetching recent candles for BTC/USDT (15m) [Bot: bot-1787294339334-0969] via ProviderManager...
2026-08-21 13:31:21,034 - ERROR - Binance Spot Network Error: binance GET https://api.binance.com/api/v3/klines?interval=15m&limit=1000&symbol=BTCUSDT
--- Logging error ---
Traceback (most recent call last):
  File "/Users/ashishparadkar/Downloads/algo-code-main/.venv/lib/python3.9/site-packages/urllib3/connectionpool.py", line 534, in _make_request
    response = conn.getresponse()
  File "/Users/ashishparadkar/Downloads/algo-code-main/.venv/lib/python3.9/site-packages/urllib3/connection.py", line 571, in getresponse
    httplib_response = super().getresponse()
  File "/Library/Developer/CommandLineTools/Library/Frameworks/Python3.framework/Versions/3.9/lib/python3.9/http/client.py", line 1349, in getresponse
    response.begin()
  File "/Library/Developer/CommandLineTools/Library/Frameworks/Python3.framework/Versions/3.9/lib/python3.9/http/client.py", line 316, in begin
    version, status, reason = self._read_status()
  File "/Library/Developer/CommandLineTools/Library/Frameworks/Python3.framework/Versions/3.9/lib/python3.9/http/client.py", line 277, in _read_status
    line = str(self.fp.readline(_MAXLINE + 1), "iso-8859-1")
  File "/Library/Developer/CommandLineTools/Library/Frameworks/Python3.framework/Versions/3.9/lib/python3.9/socket.py", line 704, in readinto
    return self._sock.recv_into(b)
  File "/Library/Developer/CommandLineTools/Library/Frameworks/Python3.framework/Versions/3.9/lib/python3.9/ssl.py", line 1241, in recv_into
    return self.read(nbytes, buffer)
  File "/Library/Developer/CommandLineTools/Library/Frameworks/Python3.framework/Versions/3.9/lib/python3.9/ssl.py", line 1099, in read
    return self._sslobj.read(len, buffer)
socket.timeout: The read operation timed out

The above exception was the direct cause of the following exception:

Traceback (most recent call last):
  File "/Users/ashishparadkar/Downloads/algo-code-main/.venv/lib/python3.9/site-packages/requests/adapters.py", line 644, in send
    resp = conn.urlopen(
  File "/Users/ashishparadkar/Downloads/algo-code-main/.venv/lib/python3.9/site-packages/urllib3/connectionpool.py", line 841, in urlopen
    retries = retries.increment(
  File "/Users/ashishparadkar/Downloads/algo-code-main/.venv/lib/python3.9/site-packages/urllib3/util/retry.py", line 490, in increment
    raise reraise(type(error), error, _stacktrace)
  File "/Users/ashishparadkar/Downloads/algo-code-main/.venv/lib/python3.9/site-packages/urllib3/util/util.py", line 39, in reraise
    raise value
  File "/Users/ashishparadkar/Downloads/algo-code-main/.venv/lib/python3.9/site-packages/urllib3/connectionpool.py", line 787, in urlopen
    response = self._make_request(
  File "/Users/ashishparadkar/Downloads/algo-code-main/.venv/lib/python3.9/site-packages/urllib3/connectionpool.py", line 536, in _make_request
    self._raise_timeout(err=e, url=url, timeout_value=read_timeout)
  File "/Users/ashishparadkar/Downloads/algo-code-main/.venv/lib/python3.9/site-packages/urllib3/connectionpool.py", line 367, in _raise_timeout
    raise ReadTimeoutError(
urllib3.exceptions.ReadTimeoutError: HTTPSConnectionPool(host='api.binance.com', port=443): Read timed out. (read timeout=10.0)

During handling of the above exception, another exception occurred:

Traceback (most recent call last):
  File "/Users/ashishparadkar/Downloads/algo-code-main/.venv/lib/python3.9/site-packages/ccxt/base/exchange.py", line 665, in fetch
    response = self.session.request(
  File "/Users/ashishparadkar/Downloads/algo-code-main/.venv/lib/python3.9/site-packages/requests/sessions.py", line 589, in request
    resp = self.send(prep, **send_kwargs)
  File "/Users/ashishparadkar/Downloads/algo-code-main/.venv/lib/python3.9/site-packages/requests/sessions.py", line 703, in send
    r = adapter.send(request, **kwargs)
  File "/Users/ashishparadkar/Downloads/algo-code-main/.venv/lib/python3.9/site-packages/requests/adapters.py", line 690, in send
    raise ReadTimeout(e, request=request)
requests.exceptions.ReadTimeout: HTTPSConnectionPool(host='api.binance.com', port=443): Read timed out. (read timeout=10.0)

The above exception was the direct cause of the following exception:

Traceback (most recent call last):
  File "/Users/ashishparadkar/Downloads/algo-code-main/src/provider_manager.py", line 351, in fetch_ohlcv_safe
    df = adapter.fetch_ohlcv(instrument, timeframe, limit=limit)
  File "/Users/ashishparadkar/Downloads/algo-code-main/src/provider_manager.py", line 211, in fetch_ohlcv
    raise net_err
  File "/Users/ashishparadkar/Downloads/algo-code-main/src/provider_manager.py", line 183, in fetch_ohlcv
    raw_candles = self.exchange.fetch_ohlcv(
  File "/Users/ashishparadkar/Downloads/algo-code-main/.venv/lib/python3.9/site-packages/ccxt/binance.py", line 4759, in fetch_ohlcv
    response = self.publicGetKlines(self.extend(request, params))
  File "/Users/ashishparadkar/Downloads/algo-code-main/.venv/lib/python3.9/site-packages/ccxt/base/types.py", line 35, in unbound_method
    return _self.request(self.path, self.api, self.method, params, config=self.config)
  File "/Users/ashishparadkar/Downloads/algo-code-main/.venv/lib/python3.9/site-packages/ccxt/binance.py", line 11724, in request
    response = self.fetch2(path, api, method, params, headers, body, config)
  File "/Users/ashishparadkar/Downloads/algo-code-main/.venv/lib/python3.9/site-packages/ccxt/base/exchange.py", line 5566, in fetch2
    raise e
  File "/Users/ashishparadkar/Downloads/algo-code-main/.venv/lib/python3.9/site-packages/ccxt/base/exchange.py", line 5549, in fetch2
    response = self.fetch(request['url'], request['method'], request['headers'], request['body'])
  File "/Users/ashishparadkar/Downloads/algo-code-main/.venv/lib/python3.9/site-packages/ccxt/base/exchange.py", line 698, in fetch
    raise RequestTimeout(details) from e
ccxt.base.errors.RequestTimeout: binance GET https://api.binance.com/api/v3/klines?interval=15m&limit=1000&symbol=BTCUSDT

During handling of the above exception, another exception occurred:

Traceback (most recent call last):
  File "/Library/Developer/CommandLineTools/Library/Frameworks/Python3.framework/Versions/3.9/lib/python3.9/logging/__init__.py", line 1083, in emit
    msg = self.format(record)
  File "/Library/Developer/CommandLineTools/Library/Frameworks/Python3.framework/Versions/3.9/lib/python3.9/logging/__init__.py", line 927, in format
    return fmt.format(record)
  File "/Library/Developer/CommandLineTools/Library/Frameworks/Python3.framework/Versions/3.9/lib/python3.9/logging/__init__.py", line 663, in format
    record.message = record.getMessage()
  File "/Library/Developer/CommandLineTools/Library/Frameworks/Python3.framework/Versions/3.9/lib/python3.9/logging/__init__.py", line 367, in getMessage
    msg = msg % self.args
TypeError: must be real number, not RequestTimeout
Call stack:
  File "/Library/Developer/CommandLineTools/Library/Frameworks/Python3.framework/Versions/3.9/lib/python3.9/threading.py", line 930, in _bootstrap
    self._bootstrap_inner()
  File "/Library/Developer/CommandLineTools/Library/Frameworks/Python3.framework/Versions/3.9/lib/python3.9/threading.py", line 973, in _bootstrap_inner
    self.run()
  File "/Library/Developer/CommandLineTools/Library/Frameworks/Python3.framework/Versions/3.9/lib/python3.9/threading.py", line 910, in run
    self._target(*self._args, **self._kwargs)
  File "/Library/Developer/CommandLineTools/Library/Frameworks/Python3.framework/Versions/3.9/lib/python3.9/concurrent/futures/thread.py", line 77, in _worker
    work_item.run()
  File "/Library/Developer/CommandLineTools/Library/Frameworks/Python3.framework/Versions/3.9/lib/python3.9/concurrent/futures/thread.py", line 52, in run
    result = self.fn(*self.args, **self.kwargs)
  File "/Users/ashishparadkar/Downloads/algo-code-main/.venv/lib/python3.9/site-packages/apscheduler/executors/base.py", line 131, in run_job
    retval = job.func(*job.args, **job.kwargs)
  File "/Users/ashishparadkar/Downloads/algo-code-main/src/live_runner.py", line 199, in process_cycle
    df, _ = self.provider_manager.fetch_ohlcv_safe(self.symbol, self.timeframe, limit=1000)
  File "/Users/ashishparadkar/Downloads/algo-code-main/src/provider_manager.py", line 362, in fetch_ohlcv_safe
    logger.warning(
Message: 'Retryable network failure for %s (Attempt %d/%d). Backing off %.2fs: %s'
Arguments: ('BTC/USDT', 1, 3, RequestTimeout('binance GET https://api.binance.com/api/v3/klines?interval=15m&limit=1000&symbol=BTCUSDT'))
2026-08-21 13:31:24,324 - INFO - Indicators computed | close=76387.95 ema_9=76016.29 ema_20=75503.17 ema_50=74470.51 ema_200=70983.27 macd=594.6883 poc=63050.0 val=62525.0 vah=71500.0
2026-08-21 13:31:24,325 - INFO - [bot-1787294339334-0969] Evaluating strategy on completed candle: 2026-08-21 07:45:00+00:00 at Close price: 76308.65
2026-08-21 13:31:24,438 - INFO - Confluence Evaluation | Regime: TRENDING (ADX=67.2) | Direction: LONG | BullScore: 82.6% | BearScore: 17.4% | Active: ['ema', 'macd', 'rsi', 'vp']
2026-08-21 13:31:24,544 - INFO - Capping position size 0.184510 BTC to available cash equivalent 0.131047 BTC.
2026-08-21 13:31:24,651 - INFO - Created pending signal approval ID 199 for bot bot-1787294339334-0969 (LONG @ $76308.65, status: WAITING_APPROVAL)
2026-08-21 13:31:24,696 - INFO - [bot-1787294339334-0969] Signal LONG generated (ID: 199). Waiting for manual user approval.
2026-08-21 13:31:24,936 - INFO - Logged heartbeat status: OK
2026-08-21 13:31:24,937 - INFO - Job "LiveRunner.process_cycle (trigger: interval[0:15:00], next run at: 2026-08-21 13:46:10 IST)" executed successfully
/Users/ashishparadkar/Downloads/algo-code-main/.venv/lib/python3.9/site-packages/urllib3/__init__.py:35: NotOpenSSLWarning: urllib3 v2 only supports OpenSSL 1.1.1+, currently the 'ssl' module is compiled with 'LibreSSL 2.8.3'. See: https://github.com/urllib3/urllib3/issues/3020
  warnings.warn(
2026-08-21 15:31:37,102 - INFO - Bot state startup reconciliation finished: 0 bot(s) reconciled to STOPPED.
2026-08-21 15:31:40,362 - INFO - Telegram notification service initialized successfully (Chat ID: 5657...)
2026-08-21 15:31:41,474 - INFO - Initializing scheduled trading bot live runner for bot-1787294339334-0969...
2026-08-21 15:31:44,452 - INFO - SQLite database tables verified/created.
2026-08-21 15:31:47,015 - INFO - Initializing CCXT Binance in TESTNET mode.
/Users/ashishparadkar/Downloads/algo-code-main/.venv/lib/python3.9/site-packages/urllib3/__init__.py:35: NotOpenSSLWarning: urllib3 v2 only supports OpenSSL 1.1.1+, currently the 'ssl' module is compiled with 'LibreSSL 2.8.3'. See: https://github.com/urllib3/urllib3/issues/3020
  warnings.warn(
2026-08-21 17:10:09,285 - INFO - Bot state startup reconciliation finished: 0 bot(s) reconciled to STOPPED.
2026-08-21 17:10:09,662 - INFO - Telegram notification service initialized successfully (Chat ID: 5657...)
2026-08-21 17:10:09,706 - INFO - Initializing scheduled trading bot live runner for bot-1787294339334-0969...
2026-08-21 17:10:09,879 - INFO - SQLite database tables verified/created.
2026-08-21 17:10:09,988 - INFO - Initializing CCXT Binance in TESTNET mode.
2026-08-21 17:10:13,352 - INFO - [bot-1787294339334-0969] Pre-flight instrument resolved: BTC/USDT (SPOT via binance_spot)
2026-08-21 17:10:13,444 - INFO - [bot-1787294339334-0969] Starting signal check cycle for BTC/USDT (15m)...
2026-08-21 17:10:13,494 - INFO - Fetching recent candles for BTC/USDT (15m) [Bot: bot-1787294339334-0969] via ProviderManager...
2026-08-21 17:10:19,144 - INFO - Indicators computed | close=76994.99 ema_9=77532.38 ema_20=77190.03 ema_50=75902.64 ema_200=71879.42 macd=573.6788 poc=63050.0 val=62525.0 vah=71950.0
2026-08-21 17:10:19,148 - INFO - [bot-1787294339334-0969] Evaluating strategy on completed candle: 2026-08-21 11:15:00+00:00 at Close price: 77419.01
2026-08-21 17:10:19,225 - INFO - Confluence Evaluation | Regime: TRENDING (ADX=76.3) | Direction: HOLD | BullScore: 50.0% | BearScore: 17.4% | Active: ['ema', 'macd', 'rsi', 'vp']
2026-08-21 17:10:19,318 - INFO - Signal evaluated: HOLD. Reason/Details: Confluence score: 50% (HOLD)
2026-08-21 17:10:19,526 - INFO - Logged heartbeat status: OK
2026-08-21 17:10:19,542 - INFO - Adding job tentatively -- it will be properly scheduled when the scheduler starts
2026-08-21 17:10:19,543 - INFO - Bot bot-1787294339334-0969 scheduled to check every 15 minutes.
2026-08-21 17:10:19,545 - INFO - Added job "LiveRunner.process_cycle" to job store "default"
2026-08-21 17:10:19,545 - INFO - Scheduler started
2026-08-21 17:25:19,555 - INFO - Running job "LiveRunner.process_cycle (trigger: interval[0:15:00], next run at: 2026-08-21 17:25:19 IST)" (scheduled at 2026-08-21 17:25:19.542436+05:30)
2026-08-21 17:25:19,566 - INFO - [bot-1787294339334-0969] Starting signal check cycle for BTC/USDT (15m)...
2026-08-21 17:25:19,612 - INFO - Fetching recent candles for BTC/USDT (15m) [Bot: bot-1787294339334-0969] via ProviderManager...
2026-08-21 17:25:20,370 - INFO - Indicators computed | close=76967.34 ema_9=77393.97 ema_20=77155.14 ema_50=75938.41 ema_200=71928.48 macd=479.7106 poc=63050.0 val=62525.0 vah=71950.0
2026-08-21 17:25:20,374 - INFO - [bot-1787294339334-0969] Evaluating strategy on completed candle: 2026-08-21 11:30:00+00:00 at Close price: 76836.21
2026-08-21 17:25:20,443 - INFO - Confluence Evaluation | Regime: TRENDING (ADX=72.3) | Direction: HOLD | BullScore: 0.0% | BearScore: 34.8% | Active: ['ema', 'macd', 'rsi', 'vp']
2026-08-21 17:25:20,541 - INFO - Signal evaluated: HOLD. Reason/Details: Confluence score: 35% (HOLD)
2026-08-21 17:25:20,740 - INFO - Logged heartbeat status: OK
2026-08-21 17:25:20,741 - INFO - Job "LiveRunner.process_cycle (trigger: interval[0:15:00], next run at: 2026-08-21 17:40:19 IST)" executed successfully
2026-08-21 17:40:19,663 - INFO - Running job "LiveRunner.process_cycle (trigger: interval[0:15:00], next run at: 2026-08-21 17:55:19 IST)" (scheduled at 2026-08-21 17:40:19.542436+05:30)
2026-08-21 17:40:19,679 - INFO - [bot-1787294339334-0969] Starting signal check cycle for BTC/USDT (15m)...
2026-08-21 17:40:19,722 - INFO - Fetching recent candles for BTC/USDT (15m) [Bot: bot-1787294339334-0969] via ProviderManager...
2026-08-21 17:40:20,352 - INFO - Indicators computed | close=76787.38 ema_9=77233.45 ema_20=77099.00 ema_50=75962.48 ema_200=71974.41 macd=381.0990 poc=63050.0 val=62525.0 vah=71975.0
2026-08-21 17:40:20,354 - INFO - [bot-1787294339334-0969] Evaluating strategy on completed candle: 2026-08-21 11:45:00+00:00 at Close price: 76722.32
2026-08-21 17:40:20,422 - INFO - Confluence Evaluation | Regime: TRENDING (ADX=68.0) | Direction: HOLD | BullScore: 0.0% | BearScore: 34.8% | Active: ['ema', 'macd', 'rsi', 'vp']
2026-08-21 17:40:20,511 - INFO - Signal evaluated: HOLD. Reason/Details: Confluence score: 35% (HOLD)
2026-08-21 17:40:20,704 - INFO - Logged heartbeat status: OK
2026-08-21 17:40:20,705 - INFO - Job "LiveRunner.process_cycle (trigger: interval[0:15:00], next run at: 2026-08-21 17:55:19 IST)" executed successfully
2026-08-21 17:55:19,774 - INFO - Running job "LiveRunner.process_cycle (trigger: interval[0:15:00], next run at: 2026-08-21 18:10:19 IST)" (scheduled at 2026-08-21 17:55:19.542436+05:30)
2026-08-21 17:55:21,544 - INFO - [bot-1787294339334-0969] Starting signal check cycle for BTC/USDT (15m)...
2026-08-21 17:55:21,775 - INFO - Fetching recent candles for BTC/USDT (15m) [Bot: bot-1787294339334-0969] via ProviderManager...
2026-08-21 17:55:33,800 - INFO - Indicators computed | close=76696.28 ema_9=77146.00 ema_20=77071.41 ema_50=75995.96 ema_200=72022.63 macd=315.2359 poc=63050.0 val=62525.0 vah=72000.0
2026-08-21 17:55:34,209 - INFO - [bot-1787294339334-0969] Evaluating strategy on completed candle: 2026-08-21 12:00:00+00:00 at Close price: 76912.29
2026-08-21 17:55:35,358 - INFO - Confluence Evaluation | Regime: TRENDING (ADX=63.1) | Direction: HOLD | BullScore: 0.0% | BearScore: 34.8% | Active: ['ema', 'macd', 'rsi', 'vp']
2026-08-21 17:55:36,176 - INFO - Signal evaluated: HOLD. Reason/Details: Confluence score: 35% (HOLD)
2026-08-21 17:55:37,224 - INFO - Logged heartbeat status: OK
2026-08-21 17:55:37,226 - INFO - Job "LiveRunner.process_cycle (trigger: interval[0:15:00], next run at: 2026-08-21 18:10:19 IST)" executed successfully
/Users/ashishparadkar/Downloads/algo-code-main/.venv/lib/python3.9/site-packages/urllib3/__init__.py:35: NotOpenSSLWarning: urllib3 v2 only supports OpenSSL 1.1.1+, currently the 'ssl' module is compiled with 'LibreSSL 2.8.3'. See: https://github.com/urllib3/urllib3/issues/3020
  warnings.warn(
2026-08-21 18:14:44,303 - INFO - Bot state startup reconciliation finished: 0 bot(s) reconciled to STOPPED.
2026-08-21 18:14:47,341 - INFO - Telegram notification service initialized successfully (Chat ID: 5657...)
2026-08-21 18:14:47,371 - INFO - Initializing scheduled trading bot live runner for bot-1787294339334-0969...
2026-08-21 18:14:49,620 - INFO - SQLite database tables verified/created.
2026-08-21 18:14:51,595 - INFO - Initializing CCXT Binance in TESTNET mode.
2026-08-21 18:16:42,622 - INFO - [bot-1787294339334-0969] Pre-flight instrument resolved: BTC/USDT (SPOT via binance_spot)
2026-08-21 18:16:43,792 - INFO - [bot-1787294339334-0969] Starting signal check cycle for BTC/USDT (15m)...
2026-08-21 18:16:43,806 - INFO - Fetching recent candles for BTC/USDT (15m) [Bot: bot-1787294339334-0969] via ProviderManager...
/Users/ashishparadkar/Downloads/algo-code-main/.venv/lib/python3.9/site-packages/urllib3/__init__.py:35: NotOpenSSLWarning: urllib3 v2 only supports OpenSSL 1.1.1+, currently the 'ssl' module is compiled with 'LibreSSL 2.8.3'. See: https://github.com/urllib3/urllib3/issues/3020
  warnings.warn(
2026-08-21 20:28:29,379 - INFO - Bot state startup reconciliation finished: 0 bot(s) reconciled to STOPPED.
2026-08-21 20:28:32,749 - INFO - Telegram notification service initialized successfully (Chat ID: 5657...)
2026-08-21 20:28:33,445 - INFO - Initializing scheduled trading bot live runner for bot-1787294339334-0969...
2026-08-21 20:28:34,726 - INFO - SQLite database tables verified/created.
2026-08-21 20:28:36,406 - INFO - Initializing CCXT Binance in TESTNET mode.
2026-08-21 20:31:14,338 - INFO - [bot-1787294339334-0969] Pre-flight instrument resolved: BTC/USDT (SPOT via binance_spot)
2026-08-21 20:31:22,163 - INFO - [bot-1787294339334-0969] Starting signal check cycle for BTC/USDT (15m)...
2026-08-21 20:31:25,495 - INFO - Fetching recent candles for BTC/USDT (15m) [Bot: bot-1787294339334-0969] via ProviderManager...
/Users/ashishparadkar/Downloads/algo-code-main/.venv/lib/python3.9/site-packages/urllib3/__init__.py:35: NotOpenSSLWarning: urllib3 v2 only supports OpenSSL 1.1.1+, currently the 'ssl' module is compiled with 'LibreSSL 2.8.3'. See: https://github.com/urllib3/urllib3/issues/3020
  warnings.warn(
2026-08-21 21:35:03,849 - INFO - Bot state startup reconciliation finished: 0 bot(s) reconciled to STOPPED.
2026-08-21 21:35:08,179 - INFO - Telegram notification service initialized successfully (Chat ID: 5657...)
2026-08-21 21:35:08,295 - INFO - Initializing scheduled trading bot live runner for bot-1787294339334-0969...
2026-08-21 21:35:10,479 - INFO - SQLite database tables verified/created.
2026-08-21 21:35:10,549 - INFO - Initializing CCXT Binance in TESTNET mode.
2026-08-21 21:37:54,123 - INFO - [bot-1787294339334-0969] Pre-flight instrument resolved: BTC/USDT (SPOT via binance_spot)
2026-08-21 21:37:58,454 - INFO - [bot-1787294339334-0969] Starting signal check cycle for BTC/USDT (15m)...
2026-08-21 21:37:58,543 - INFO - Fetching recent candles for BTC/USDT (15m) [Bot: bot-1787294339334-0969] via ProviderManager...
2026-08-21 22:02:44,873 - INFO - Indicators computed | close=77299.66 ema_9=77280.72 ema_20=77239.02 ema_50=76623.46 ema_200=72841.81 macd=110.5211 poc=63050.0 val=62700.0 vah=72550.0
2026-08-21 22:02:45,535 - INFO - [bot-1787294339334-0969] Evaluating strategy on completed candle: 2026-08-21 16:15:00+00:00 at Close price: 77383.87
2026-08-21 22:02:48,437 - INFO - Confluence Evaluation | Regime: TRENDING (ADX=29.4) | Direction: HOLD | BullScore: 50.0% | BearScore: 17.4% | Active: ['ema', 'macd', 'rsi', 'vp']
2026-08-21 22:02:49,548 - INFO - Signal evaluated: HOLD. Reason/Details: Confluence score: 50% (HOLD)
2026-08-21 22:02:50,744 - INFO - Logged heartbeat status: OK
2026-08-21 22:02:54,179 - INFO - Adding job tentatively -- it will be properly scheduled when the scheduler starts
2026-08-21 22:02:54,201 - INFO - Bot bot-1787294339334-0969 scheduled to check every 15 minutes.
2026-08-21 22:02:55,390 - INFO - Added job "LiveRunner.process_cycle" to job store "default"
2026-08-21 22:02:55,395 - INFO - Scheduler started
2026-08-21 22:17:53,767 - INFO - Running job "LiveRunner.process_cycle (trigger: interval[0:15:00], next run at: 2026-08-21 22:32:53 IST)" (scheduled at 2026-08-21 22:17:53.476285+05:30)
2026-08-21 22:17:53,954 - INFO - [bot-1787294339334-0969] Starting signal check cycle for BTC/USDT (15m)...
2026-08-21 22:17:54,093 - INFO - Fetching recent candles for BTC/USDT (15m) [Bot: bot-1787294339334-0969] via ProviderManager...
2026-08-21 22:17:55,421 - INFO - Indicators computed | close=77414.67 ema_9=77317.49 ema_20=77261.12 ema_50=76656.84 ema_200=72887.93 macd=117.1535 poc=63050.0 val=62700.0 vah=72575.0
2026-08-21 22:17:55,428 - INFO - [bot-1787294339334-0969] Evaluating strategy on completed candle: 2026-08-21 16:30:00+00:00 at Close price: 77362.04
2026-08-21 22:17:55,556 - INFO - Confluence Evaluation | Regime: TRENDING (ADX=28.9) | Direction: HOLD | BullScore: 50.0% | BearScore: 17.4% | Active: ['ema', 'macd', 'rsi', 'vp']
2026-08-21 22:17:55,662 - INFO - Signal evaluated: HOLD. Reason/Details: Confluence score: 50% (HOLD)
2026-08-21 22:17:55,905 - INFO - Logged heartbeat status: OK
2026-08-21 22:17:55,911 - INFO - Job "LiveRunner.process_cycle (trigger: interval[0:15:00], next run at: 2026-08-21 22:32:53 IST)" executed successfully
2026-08-21 22:32:53,630 - INFO - Running job "LiveRunner.process_cycle (trigger: interval[0:15:00], next run at: 2026-08-21 22:47:53 IST)" (scheduled at 2026-08-21 22:32:53.476285+05:30)
2026-08-21 22:32:53,783 - INFO - [bot-1787294339334-0969] Starting signal check cycle for BTC/USDT (15m)...
2026-08-21 22:32:53,856 - INFO - Fetching recent candles for BTC/USDT (15m) [Bot: bot-1787294339334-0969] via ProviderManager...
2026-08-21 22:32:58,775 - INFO - Indicators computed | close=77584.01 ema_9=77382.21 ema_20=77298.02 ema_50=76695.88 ema_200=72935.36 macd=135.0184 poc=63050.0 val=62700.0 vah=72600.0
2026-08-21 22:32:58,783 - INFO - [bot-1787294339334-0969] Evaluating strategy on completed candle: 2026-08-21 16:45:00+00:00 at Close price: 77486.01
2026-08-21 22:32:59,082 - INFO - Confluence Evaluation | Regime: TRENDING (ADX=27.4) | Direction: HOLD | BullScore: 50.0% | BearScore: 17.4% | Active: ['ema', 'macd', 'rsi', 'vp']
2026-08-21 22:32:59,416 - INFO - Signal evaluated: HOLD. Reason/Details: Confluence score: 50% (HOLD)
2026-08-21 22:32:59,582 - INFO - Logged heartbeat status: OK
2026-08-21 22:32:59,582 - INFO - Job "LiveRunner.process_cycle (trigger: interval[0:15:00], next run at: 2026-08-21 22:47:53 IST)" executed successfully
/Users/ashishparadkar/Downloads/algo-code-main/.venv/lib/python3.9/site-packages/urllib3/__init__.py:35: NotOpenSSLWarning: urllib3 v2 only supports OpenSSL 1.1.1+, currently the 'ssl' module is compiled with 'LibreSSL 2.8.3'. See: https://github.com/urllib3/urllib3/issues/3020
  warnings.warn(
2026-08-21 22:46:07,714 - INFO - Bot state startup reconciliation finished: 0 bot(s) reconciled to STOPPED.
2026-08-21 22:46:07,960 - INFO - Telegram notification service initialized successfully (Chat ID: 5657...)
2026-08-21 22:46:08,170 - INFO - Initializing scheduled trading bot live runner for bot-1787294339334-0969...
2026-08-21 22:46:08,251 - INFO - SQLite database tables verified/created.
2026-08-21 22:46:08,657 - INFO - Initializing CCXT Binance in TESTNET mode.
2026-08-21 22:46:19,210 - INFO - [bot-1787294339334-0969] Pre-flight instrument resolved: BTC/USDT (SPOT via binance_spot)
2026-08-21 22:46:19,248 - INFO - [bot-1787294339334-0969] Starting signal check cycle for BTC/USDT (15m)...
2026-08-21 22:46:19,256 - INFO - Fetching recent candles for BTC/USDT (15m) [Bot: bot-1787294339334-0969] via ProviderManager...
2026-08-21 22:46:47,329 - INFO - Indicators computed | close=77368.00 ema_9=77375.73 ema_20=77302.73 ema_50=76721.39 ema_200=72979.24 macd=124.3875 poc=63050.0 val=62700.0 vah=72600.0
2026-08-21 22:46:47,337 - INFO - [bot-1787294339334-0969] Evaluating strategy on completed candle: 2026-08-21 17:00:00+00:00 at Close price: 77561.30
2026-08-21 22:46:47,838 - INFO - Confluence Evaluation | Regime: RANGING (ADX=24.4) | Direction: HOLD | BullScore: 50.0% | BearScore: 32.6% | Active: ['ema', 'macd', 'rsi', 'vp']
2026-08-21 22:46:47,991 - INFO - Signal evaluated: HOLD. Reason/Details: Confluence score: 50% (HOLD)
2026-08-21 22:46:48,173 - INFO - Logged heartbeat status: OK
2026-08-21 22:46:48,182 - INFO - Adding job tentatively -- it will be properly scheduled when the scheduler starts
2026-08-21 22:46:48,183 - INFO - Bot bot-1787294339334-0969 scheduled to check every 15 minutes.
2026-08-21 22:46:48,185 - INFO - Added job "LiveRunner.process_cycle" to job store "default"
2026-08-21 22:46:48,185 - INFO - Scheduler started
/Users/ashishparadkar/Downloads/algo-code-main/.venv/lib/python3.9/site-packages/urllib3/__init__.py:35: NotOpenSSLWarning: urllib3 v2 only supports OpenSSL 1.1.1+, currently the 'ssl' module is compiled with 'LibreSSL 2.8.3'. See: https://github.com/urllib3/urllib3/issues/3020
  warnings.warn(
