/Users/ashishparadkar/Downloads/algo-code-main/.venv/lib/python3.9/site-packages/urllib3/__init__.py:35: NotOpenSSLWarning: urllib3 v2 only supports OpenSSL 1.1.1+, currently the 'ssl' module is compiled with 'LibreSSL 2.8.3'. See: https://github.com/urllib3/urllib3/issues/3020
  warnings.warn(
2026-08-21 21:43:27,503 - INFO - Bot state startup reconciliation finished: 0 bot(s) reconciled to STOPPED.
2026-08-21 21:43:39,712 - INFO - Telegram notification service initialized successfully (Chat ID: 5657...)
2026-08-21 21:43:42,116 - INFO - Initializing scheduled trading bot live runner for bot-1787324187651-e5d9...
2026-08-21 21:43:42,211 - INFO - SQLite database tables verified/created.
2026-08-21 21:43:45,451 - INFO - Initializing CCXT Binance in TESTNET mode.
2026-08-21 21:46:47,234 - INFO - [bot-1787324187651-e5d9] Pre-flight instrument resolved: ETH/USDT (SPOT via binance_spot)
2026-08-21 21:46:50,900 - INFO - [bot-1787324187651-e5d9] Starting signal check cycle for ETH/USDT (15m)...
2026-08-21 21:46:50,933 - INFO - Fetching recent candles for ETH/USDT (15m) [Bot: bot-1787324187651-e5d9] via ProviderManager...
2026-08-21 21:57:32,518 - INFO - Indicators computed | close=2396.13 ema_9=2393.08 ema_20=2391.08 ema_50=2380.20 ema_200=2274.65 macd=2.9821 poc=1900.0 val=1850.0 vah=2300.0
2026-08-21 21:57:34,952 - INFO - [bot-1787324187651-e5d9] Evaluating strategy on completed candle: 2026-08-21 16:00:00+00:00 at Close price: 2384.74
2026-08-21 21:57:44,896 - INFO - Confluence Evaluation | Regime: RANGING (ADX=19.7) | Direction: HOLD | BullScore: 0.0% | BearScore: 65.2% | Active: ['ema', 'macd', 'rsi', 'vp']
2026-08-21 21:57:49,730 - INFO - Signal evaluated: HOLD. Reason/Details: Confluence score: 65% (HOLD)
2026-08-21 21:57:55,415 - INFO - Logged heartbeat status: OK
2026-08-21 21:58:03,816 - INFO - Adding job tentatively -- it will be properly scheduled when the scheduler starts
2026-08-21 21:58:04,127 - INFO - Bot bot-1787324187651-e5d9 scheduled to check every 15 minutes.
2026-08-21 21:58:07,019 - INFO - Added job "LiveRunner.process_cycle" to job store "default"
2026-08-21 21:58:07,027 - INFO - Scheduler started
2026-08-21 22:13:03,034 - INFO - Running job "LiveRunner.process_cycle (trigger: interval[0:15:00], next run at: 2026-08-21 22:28:02 IST)" (scheduled at 2026-08-21 22:13:02.684605+05:30)
2026-08-21 22:13:03,363 - INFO - [bot-1787324187651-e5d9] Starting signal check cycle for ETH/USDT (15m)...
2026-08-21 22:13:03,525 - INFO - Fetching recent candles for ETH/USDT (15m) [Bot: bot-1787324187651-e5d9] via ProviderManager...
2026-08-21 22:13:06,784 - INFO - Indicators computed | close=2400.66 ema_9=2395.68 ema_20=2392.58 ema_50=2381.26 ema_200=2275.97 macd=3.8248 poc=1900.0 val=1850.0 vah=2300.0
2026-08-21 22:13:06,802 - INFO - [bot-1787324187651-e5d9] Evaluating strategy on completed candle: 2026-08-21 16:15:00+00:00 at Close price: 2402.91
2026-08-21 22:13:06,921 - INFO - Confluence Evaluation | Regime: RANGING (ADX=19.9) | Direction: HOLD | BullScore: 67.4% | BearScore: 32.6% | Active: ['ema', 'macd', 'rsi', 'vp']
2026-08-21 22:13:06,969 - INFO - Signal evaluated: HOLD. Reason/Details: Confluence score: 67% (HOLD)
2026-08-21 22:13:07,252 - INFO - Logged heartbeat status: OK
2026-08-21 22:13:07,259 - INFO - Job "LiveRunner.process_cycle (trigger: interval[0:15:00], next run at: 2026-08-21 22:28:02 IST)" executed successfully
2026-08-21 22:28:02,854 - INFO - Running job "LiveRunner.process_cycle (trigger: interval[0:15:00], next run at: 2026-08-21 22:43:02 IST)" (scheduled at 2026-08-21 22:28:02.684605+05:30)
2026-08-21 22:28:02,990 - INFO - [bot-1787324187651-e5d9] Starting signal check cycle for ETH/USDT (15m)...
2026-08-21 22:28:03,051 - INFO - Fetching recent candles for ETH/USDT (15m) [Bot: bot-1787324187651-e5d9] via ProviderManager...
2026-08-21 22:28:03,910 - INFO - Indicators computed | close=2407.82 ema_9=2398.26 ema_20=2394.11 ema_50=2382.34 ema_200=2277.29 macd=4.6468 poc=1900.0 val=1850.0 vah=2300.0
2026-08-21 22:28:03,912 - INFO - [bot-1787324187651-e5d9] Evaluating strategy on completed candle: 2026-08-21 16:30:00+00:00 at Close price: 2401.60
2026-08-21 22:28:04,024 - INFO - Confluence Evaluation | Regime: RANGING (ADX=20.5) | Direction: HOLD | BullScore: 67.4% | BearScore: 32.6% | Active: ['ema', 'macd', 'rsi', 'vp']
2026-08-21 22:28:04,163 - INFO - Signal evaluated: HOLD. Reason/Details: Confluence score: 67% (HOLD)
2026-08-21 22:28:04,387 - INFO - Logged heartbeat status: OK
2026-08-21 22:28:04,389 - INFO - Job "LiveRunner.process_cycle (trigger: interval[0:15:00], next run at: 2026-08-21 22:43:02 IST)" executed successfully
