/Users/ashishparadkar/Downloads/algo-code-main/.venv/lib/python3.9/site-packages/urllib3/__init__.py:35: NotOpenSSLWarning: urllib3 v2 only supports OpenSSL 1.1.1+, currently the 'ssl' module is compiled with 'LibreSSL 2.8.3'. See: https://github.com/urllib3/urllib3/issues/3020
  warnings.warn(
2026-08-21 21:42:23,377 - INFO - Bot state startup reconciliation finished: 0 bot(s) reconciled to STOPPED.
2026-08-21 21:42:33,240 - INFO - Telegram notification service initialized successfully (Chat ID: 5657...)
2026-08-21 21:42:35,894 - INFO - Initializing scheduled trading bot live runner for bot-1787324186240-2511...
2026-08-21 21:42:39,143 - INFO - SQLite database tables verified/created.
2026-08-21 21:42:44,667 - INFO - Initializing CCXT Binance in TESTNET mode.
2026-08-21 21:45:46,762 - INFO - [bot-1787324186240-2511] Pre-flight instrument resolved: BTC/USDT (SPOT via binance_spot)
2026-08-21 21:45:51,111 - INFO - [bot-1787324186240-2511] Starting signal check cycle for BTC/USDT (5m)...
2026-08-21 21:45:51,805 - INFO - Fetching recent candles for BTC/USDT (5m) [Bot: bot-1787324186240-2511] via ProviderManager...
2026-08-21 22:00:12,398 - INFO - Indicators computed | close=77343.99 ema_9=77207.05 ema_20=77255.01 ema_50=77230.19 ema_200=76093.12 macd=-26.7907 poc=64250.0 val=64025.0 vah=74400.0
2026-08-21 22:00:14,162 - INFO - [bot-1787324186240-2511] Evaluating strategy on completed candle: 2026-08-21 16:20:00+00:00 at Close price: 77150.00
2026-08-21 22:00:21,351 - INFO - Confluence Evaluation | Regime: TRENDING (ADX=38.1) | Direction: HOLD | BullScore: 44.1% | BearScore: 11.8% | Active: ['ema_9', 'ema_20', 'rsi', 'vwap', 'supertrend', 'atr']
2026-08-21 22:00:23,664 - INFO - Signal evaluated: HOLD. Reason/Details: Confluence score: 44% (HOLD)
2026-08-21 22:00:26,900 - INFO - Logged heartbeat status: OK
2026-08-21 22:00:32,622 - INFO - Adding job tentatively -- it will be properly scheduled when the scheduler starts
2026-08-21 22:00:32,672 - INFO - Bot bot-1787324186240-2511 scheduled to check every 5 minutes.
2026-08-21 22:00:34,719 - INFO - Added job "LiveRunner.process_cycle" to job store "default"
2026-08-21 22:00:34,723 - INFO - Scheduler started
2026-08-21 22:05:32,868 - INFO - Running job "LiveRunner.process_cycle (trigger: interval[0:05:00], next run at: 2026-08-21 22:10:31 IST)" (scheduled at 2026-08-21 22:05:31.900718+05:30)
2026-08-21 22:05:33,321 - INFO - [bot-1787324186240-2511] Starting signal check cycle for BTC/USDT (5m)...
2026-08-21 22:05:33,698 - INFO - Fetching recent candles for BTC/USDT (5m) [Bot: bot-1787324186240-2511] via ProviderManager...
2026-08-21 22:05:39,538 - INFO - Indicators computed | close=77326.00 ema_9=77256.92 ema_20=77272.04 ema_50=77239.46 ema_200=76118.04 macd=-6.7121 poc=69350.0 val=64025.0 vah=74450.0
2026-08-21 22:05:39,540 - INFO - [bot-1787324186240-2511] Evaluating strategy on completed candle: 2026-08-21 16:30:00+00:00 at Close price: 77338.12
2026-08-21 22:05:39,842 - INFO - Confluence Evaluation | Regime: TRENDING (ADX=39.7) | Direction: HOLD | BullScore: 44.1% | BearScore: 55.9% | Active: ['ema_9', 'ema_20', 'rsi', 'vwap', 'supertrend', 'atr']
2026-08-21 22:05:40,021 - INFO - Signal evaluated: HOLD. Reason/Details: Confluence score: 56% (HOLD)
2026-08-21 22:05:40,315 - INFO - Logged heartbeat status: OK
2026-08-21 22:05:40,319 - INFO - Job "LiveRunner.process_cycle (trigger: interval[0:05:00], next run at: 2026-08-21 22:10:31 IST)" executed successfully
2026-08-21 22:10:31,943 - INFO - Running job "LiveRunner.process_cycle (trigger: interval[0:05:00], next run at: 2026-08-21 22:15:31 IST)" (scheduled at 2026-08-21 22:10:31.900718+05:30)
2026-08-21 22:10:32,000 - INFO - [bot-1787324186240-2511] Starting signal check cycle for BTC/USDT (5m)...
2026-08-21 22:10:32,069 - INFO - Fetching recent candles for BTC/USDT (5m) [Bot: bot-1787324186240-2511] via ProviderManager...
2026-08-21 22:10:32,885 - INFO - Indicators computed | close=77288.62 ema_9=77261.70 ema_20=77272.78 ema_50=77241.02 ema_200=76129.59 macd=-4.7567 poc=69350.0 val=64025.0 vah=74475.0
2026-08-21 22:10:32,888 - INFO - [bot-1787324186240-2511] Evaluating strategy on completed candle: 2026-08-21 16:35:00+00:00 at Close price: 77316.28
2026-08-21 22:10:33,008 - INFO - Confluence Evaluation | Regime: TRENDING (ADX=39.7) | Direction: HOLD | BullScore: 44.1% | BearScore: 55.9% | Active: ['ema_9', 'ema_20', 'rsi', 'vwap', 'supertrend', 'atr']
2026-08-21 22:10:33,135 - INFO - Signal evaluated: HOLD. Reason/Details: Confluence score: 56% (HOLD)
2026-08-21 22:10:33,576 - INFO - Logged heartbeat status: OK
2026-08-21 22:10:33,585 - INFO - Job "LiveRunner.process_cycle (trigger: interval[0:05:00], next run at: 2026-08-21 22:15:31 IST)" executed successfully
2026-08-21 22:15:31,953 - INFO - Running job "LiveRunner.process_cycle (trigger: interval[0:05:00], next run at: 2026-08-21 22:20:31 IST)" (scheduled at 2026-08-21 22:15:31.900718+05:30)
2026-08-21 22:15:32,068 - INFO - [bot-1787324186240-2511] Starting signal check cycle for BTC/USDT (5m)...
2026-08-21 22:15:32,171 - INFO - Fetching recent candles for BTC/USDT (5m) [Bot: bot-1787324186240-2511] via ProviderManager...
2026-08-21 22:15:34,296 - INFO - Indicators computed | close=77322.66 ema_9=77285.64 ema_20=77283.86 ema_50=77246.99 ema_200=76142.19 macd=4.6744 poc=69350.0 val=64025.0 vah=74500.0
2026-08-21 22:15:34,303 - INFO - [bot-1787324186240-2511] Evaluating strategy on completed candle: 2026-08-21 16:40:00+00:00 at Close price: 77362.04
2026-08-21 22:15:34,806 - INFO - Confluence Evaluation | Regime: TRENDING (ADX=40.2) | Direction: LONG | BullScore: 88.2% | BearScore: 11.8% | Active: ['ema_9', 'ema_20', 'rsi', 'vwap', 'supertrend', 'atr']
2026-08-21 22:15:35,164 - INFO - Capping position size 0.527565 BTC to available cash equivalent 0.129262 BTC.
2026-08-21 22:15:36,003 - INFO - Created pending signal approval ID 223 for bot bot-1787324186240-2511 (LONG @ $77362.04, status: WAITING_APPROVAL)
2026-08-21 22:15:36,393 - INFO - [bot-1787324186240-2511] Signal LONG generated (ID: 223). Waiting for manual user approval.
2026-08-21 22:15:36,796 - INFO - Logged heartbeat status: OK
2026-08-21 22:15:36,797 - INFO - Job "LiveRunner.process_cycle (trigger: interval[0:05:00], next run at: 2026-08-21 22:20:31 IST)" executed successfully
2026-08-21 22:20:31,950 - INFO - Running job "LiveRunner.process_cycle (trigger: interval[0:05:00], next run at: 2026-08-21 22:25:31 IST)" (scheduled at 2026-08-21 22:20:31.900718+05:30)
2026-08-21 22:20:31,987 - INFO - [bot-1787324186240-2511] Starting signal check cycle for BTC/USDT (5m)...
2026-08-21 22:20:32,046 - INFO - Fetching recent candles for BTC/USDT (5m) [Bot: bot-1787324186240-2511] via ProviderManager...
2026-08-21 22:20:33,035 - INFO - Indicators computed | close=77531.65 ema_9=77368.05 ema_20=77325.34 ema_50=77265.97 ema_200=76158.06 macd=36.8749 poc=69350.0 val=64025.0 vah=74525.0
2026-08-21 22:20:33,038 - INFO - [bot-1787324186240-2511] Evaluating strategy on completed candle: 2026-08-21 16:45:00+00:00 at Close price: 77530.19
2026-08-21 22:20:33,208 - INFO - LONG signal blocked | Location blocked (Close 77530.19 outside Value Area [62744.50 - 76015.50], VAL=64025.00, VAH=74525.00) | context={'close': 77530.19, 'ema_9': 77327.14786556269, 'ema_20': 77303.62543003306, 'ema_50': 77255.12450110391, 'ema_200': 76144.25262187838, 'macd_line': 21.229475276821177, 'macd_signal': 6.32280964717363, 'macd_hist': 14.906665629647547, 'poc': np.float64(69350.0), 'val': np.float64(64025.0), 'vah': np.float64(74525.0)}
2026-08-21 22:20:33,222 - INFO - Confluence Evaluation | Regime: TRENDING (ADX=39.6) | Direction: LONG | BullScore: 88.2% | BearScore: 11.8% | Active: ['ema_9', 'ema_20', 'rsi', 'vwap', 'supertrend', 'atr']
2026-08-21 22:20:33,321 - INFO - Signal evaluated: HOLD. Reason/Details: Confluence score: 88% (LONG) meets 75% threshold
2026-08-21 22:20:33,559 - INFO - Logged heartbeat status: OK
2026-08-21 22:20:33,561 - INFO - Job "LiveRunner.process_cycle (trigger: interval[0:05:00], next run at: 2026-08-21 22:25:31 IST)" executed successfully
2026-08-21 22:25:31,942 - INFO - Running job "LiveRunner.process_cycle (trigger: interval[0:05:00], next run at: 2026-08-21 22:30:31 IST)" (scheduled at 2026-08-21 22:25:31.900718+05:30)
2026-08-21 22:25:31,990 - INFO - [bot-1787324186240-2511] Starting signal check cycle for BTC/USDT (5m)...
2026-08-21 22:25:32,043 - INFO - Fetching recent candles for BTC/USDT (5m) [Bot: bot-1787324186240-2511] via ProviderManager...
2026-08-21 22:25:32,591 - INFO - Indicators computed | close=77478.10 ema_9=77380.19 ema_20=77334.58 ema_50=77271.96 ema_200=76170.59 macd=40.6436 poc=69350.0 val=64025.0 vah=74525.0
2026-08-21 22:25:32,593 - INFO - [bot-1787324186240-2511] Evaluating strategy on completed candle: 2026-08-21 16:50:00+00:00 at Close price: 77470.00
2026-08-21 22:25:32,663 - INFO - Confluence Evaluation | Regime: TRENDING (ADX=39.0) | Direction: HOLD | BullScore: 44.1% | BearScore: 55.9% | Active: ['ema_9', 'ema_20', 'rsi', 'vwap', 'supertrend', 'atr']
2026-08-21 22:25:32,844 - INFO - Signal evaluated: HOLD. Reason/Details: Confluence score: 56% (HOLD)
2026-08-21 22:25:33,126 - INFO - Logged heartbeat status: OK
2026-08-21 22:25:33,126 - INFO - Job "LiveRunner.process_cycle (trigger: interval[0:05:00], next run at: 2026-08-21 22:30:31 IST)" executed successfully
2026-08-21 22:30:31,998 - INFO - Running job "LiveRunner.process_cycle (trigger: interval[0:05:00], next run at: 2026-08-21 22:35:31 IST)" (scheduled at 2026-08-21 22:30:31.900718+05:30)
2026-08-21 22:30:32,065 - INFO - [bot-1787324186240-2511] Starting signal check cycle for BTC/USDT (5m)...
2026-08-21 22:30:32,141 - INFO - Fetching recent candles for BTC/USDT (5m) [Bot: bot-1787324186240-2511] via ProviderManager...
2026-08-21 22:30:33,242 - INFO - Indicators computed | close=77486.91 ema_9=77402.80 ema_20=77349.77 ema_50=77280.69 ema_200=76183.76 macd=48.1762 poc=69350.0 val=64025.0 vah=74550.0
2026-08-21 22:30:33,260 - INFO - [bot-1787324186240-2511] Evaluating strategy on completed candle: 2026-08-21 16:55:00+00:00 at Close price: 77486.01
2026-08-21 22:30:33,476 - INFO - Confluence Evaluation | Regime: TRENDING (ADX=37.1) | Direction: LONG | BullScore: 100.0% | BearScore: 0.0% | Active: ['ema_9', 'ema_20', 'rsi', 'vwap', 'supertrend', 'atr']
2026-08-21 22:30:33,665 - INFO - Capping position size 0.618009 BTC to available cash equivalent 0.129056 BTC.
2026-08-21 22:30:33,767 - INFO - [bot-1787324186240-2511] Signal LONG active pending approval already exists (ID: 223).
2026-08-21 22:30:34,012 - INFO - Logged heartbeat status: OK
2026-08-21 22:30:34,014 - INFO - Job "LiveRunner.process_cycle (trigger: interval[0:05:00], next run at: 2026-08-21 22:35:31 IST)" executed successfully
2026-08-21 22:35:31,931 - INFO - Running job "LiveRunner.process_cycle (trigger: interval[0:05:00], next run at: 2026-08-21 22:40:31 IST)" (scheduled at 2026-08-21 22:35:31.900718+05:30)
2026-08-21 22:35:31,966 - INFO - [bot-1787324186240-2511] Starting signal check cycle for BTC/USDT (5m)...
2026-08-21 22:35:32,214 - INFO - Fetching recent candles for BTC/USDT (5m) [Bot: bot-1787324186240-2511] via ProviderManager...
2026-08-21 22:35:39,998 - INFO - Indicators computed | close=77528.01 ema_9=77433.46 ema_20=77369.77 ema_50=77291.71 ema_200=76197.48 macd=58.4742 poc=69350.0 val=64025.0 vah=74575.0
2026-08-21 22:35:40,166 - INFO - [bot-1787324186240-2511] Evaluating strategy on completed candle: 2026-08-21 17:00:00+00:00 at Close price: 77522.00
2026-08-21 22:35:40,369 - INFO - Confluence Evaluation | Regime: TRENDING (ADX=34.7) | Direction: LONG | BullScore: 100.0% | BearScore: 0.0% | Active: ['ema_9', 'ema_20', 'rsi', 'vwap', 'supertrend', 'atr']
2026-08-21 22:35:41,003 - INFO - Capping position size 0.614874 BTC to available cash equivalent 0.128996 BTC.
2026-08-21 22:35:41,779 - INFO - [bot-1787324186240-2511] Signal LONG active pending approval already exists (ID: 223).
2026-08-21 22:35:42,212 - INFO - Logged heartbeat status: OK
2026-08-21 22:35:42,226 - INFO - Job "LiveRunner.process_cycle (trigger: interval[0:05:00], next run at: 2026-08-21 22:40:31 IST)" executed successfully
2026-08-21 22:40:32,099 - INFO - Running job "LiveRunner.process_cycle (trigger: interval[0:05:00], next run at: 2026-08-21 22:45:31 IST)" (scheduled at 2026-08-21 22:40:31.900718+05:30)
2026-08-21 22:40:32,142 - INFO - [bot-1787324186240-2511] Starting signal check cycle for BTC/USDT (5m)...
2026-08-21 22:40:32,193 - INFO - Fetching recent candles for BTC/USDT (5m) [Bot: bot-1787324186240-2511] via ProviderManager...
2026-08-21 22:40:32,838 - INFO - Indicators computed | close=77645.97 ema_9=77490.26 ema_20=77403.77 ema_50=77308.97 ema_200=76212.78 macd=78.5966 poc=69350.0 val=64025.0 vah=74575.0
2026-08-21 22:40:32,839 - INFO - [bot-1787324186240-2511] Evaluating strategy on completed candle: 2026-08-21 17:05:00+00:00 at Close price: 77617.37
2026-08-21 22:40:32,913 - INFO - Confluence Evaluation | Regime: TRENDING (ADX=35.6) | Direction: LONG | BullScore: 100.0% | BearScore: 0.0% | Active: ['ema_9', 'ema_20', 'rsi', 'vwap', 'supertrend', 'atr']
2026-08-21 22:40:33,010 - INFO - Capping position size 0.530941 BTC to available cash equivalent 0.128837 BTC.
2026-08-21 22:40:33,017 - INFO - [bot-1787324186240-2511] Signal LONG active pending approval already exists (ID: 223).
2026-08-21 22:40:33,247 - INFO - Logged heartbeat status: OK
2026-08-21 22:40:33,248 - INFO - Job "LiveRunner.process_cycle (trigger: interval[0:05:00], next run at: 2026-08-21 22:45:31 IST)" executed successfully
