/Users/ashishparadkar/Downloads/algo-code-main/.venv/lib/python3.9/site-packages/urllib3/__init__.py:35: NotOpenSSLWarning: urllib3 v2 only supports OpenSSL 1.1.1+, currently the 'ssl' module is compiled with 'LibreSSL 2.8.3'. See: https://github.com/urllib3/urllib3/issues/3020
  warnings.warn(
/Users/ashishparadkar/Downloads/algo-code-main/.venv/lib/python3.9/site-packages/urllib3/__init__.py:35: NotOpenSSLWarning: urllib3 v2 only supports OpenSSL 1.1.1+, currently the 'ssl' module is compiled with 'LibreSSL 2.8.3'. See: https://github.com/urllib3/urllib3/issues/3020
  warnings.warn(
2026-08-20 22:17:28,633 - INFO - Bot state startup reconciliation finished: 0 bot(s) reconciled to STOPPED.
2026-08-20 22:17:29,888 - INFO - Telegram notification service initialized successfully (Chat ID: 5657...)
2026-08-20 22:17:29,900 - INFO - Initializing scheduled trading bot live runner for bot-1787212200438-49ad...
2026-08-20 22:17:30,516 - INFO - SQLite database tables verified/created.
2026-08-20 22:17:31,952 - INFO - Initializing CCXT Binance in TESTNET mode.
2026-08-20 22:18:08,056 - INFO - [bot-1787212200438-49ad] Pre-flight instrument resolved: BTC-260828-70000-C (OPTION via deribit_options)
2026-08-20 22:18:08,116 - INFO - [bot-1787212200438-49ad] Starting signal check cycle for BTC-260828-70000-C (1h)...
2026-08-20 22:18:08,136 - INFO - Fetching recent candles for BTC-260828-70000-C (1h) [Bot: bot-1787212200438-49ad] via ProviderManager...
2026-08-20 22:18:08,137 - ERROR - System Error in runner execution cycle: OPTIONS EXECUTION UNSUPPORTED: Dedicated Options Broker (Deribit API) is not connected for BTC-260828-70000-C. Trading options requires configuring options gateway credentials.
Traceback (most recent call last):
  File "/Users/ashishparadkar/Downloads/algo-code-main/src/live_runner.py", line 199, in process_cycle
    df, _ = self.provider_manager.fetch_ohlcv_safe(self.symbol, self.timeframe, limit=1000)
  File "/Users/ashishparadkar/Downloads/algo-code-main/src/provider_manager.py", line 355, in fetch_ohlcv_safe
    raise non_retryable
  File "/Users/ashishparadkar/Downloads/algo-code-main/src/provider_manager.py", line 351, in fetch_ohlcv_safe
    df = adapter.fetch_ohlcv(instrument, timeframe, limit=limit)
  File "/Users/ashishparadkar/Downloads/algo-code-main/src/provider_manager.py", line 284, in fetch_ohlcv
    raise ccxt.NotSupported(
ccxt.base.errors.NotSupported: OPTIONS EXECUTION UNSUPPORTED: Dedicated Options Broker (Deribit API) is not connected for BTC-260828-70000-C. Trading options requires configuring options gateway credentials.
2026-08-20 22:18:08,873 - WARNING - [bot-1787212200438-49ad] Marked bot as non-retryable configuration error to prevent infinite error storm.
2026-08-20 22:18:09,879 - INFO - Logged heartbeat status: ERROR
2026-08-20 22:18:09,917 - INFO - Adding job tentatively -- it will be properly scheduled when the scheduler starts
2026-08-20 22:18:09,917 - INFO - Bot bot-1787212200438-49ad scheduled to check every 60 minutes.
2026-08-20 22:18:10,339 - INFO - Added job "LiveRunner.process_cycle" to job store "default"
2026-08-20 22:18:10,340 - INFO - Scheduler started
/Users/ashishparadkar/Downloads/algo-code-main/.venv/lib/python3.9/site-packages/urllib3/__init__.py:35: NotOpenSSLWarning: urllib3 v2 only supports OpenSSL 1.1.1+, currently the 'ssl' module is compiled with 'LibreSSL 2.8.3'. See: https://github.com/urllib3/urllib3/issues/3020
  warnings.warn(
2026-08-21 06:21:06,440 - INFO - Bot state startup reconciliation finished: 0 bot(s) reconciled to STOPPED.
2026-08-21 06:21:07,868 - INFO - Telegram notification service initialized successfully (Chat ID: 5657...)
2026-08-21 06:21:07,895 - INFO - Initializing scheduled trading bot live runner for bot-1787212200438-49ad...
2026-08-21 06:21:08,355 - INFO - SQLite database tables verified/created.
2026-08-21 06:21:09,578 - INFO - Initializing CCXT Binance in TESTNET mode.
2026-08-21 06:21:33,832 - INFO - [bot-1787212200438-49ad] Pre-flight instrument resolved: BTC-260828-70000-C (OPTION via deribit_options)
2026-08-21 06:21:34,447 - INFO - [bot-1787212200438-49ad] Starting signal check cycle for BTC-260828-70000-C (1h)...
2026-08-21 06:21:34,462 - INFO - Fetching recent candles for BTC-260828-70000-C (1h) [Bot: bot-1787212200438-49ad] via ProviderManager...
2026-08-21 06:21:34,462 - ERROR - System Error in runner execution cycle: OPTIONS EXECUTION UNSUPPORTED: Dedicated Options Broker (Deribit API) is not connected for BTC-260828-70000-C. Trading options requires configuring options gateway credentials.
Traceback (most recent call last):
  File "/Users/ashishparadkar/Downloads/algo-code-main/src/live_runner.py", line 199, in process_cycle
    df, _ = self.provider_manager.fetch_ohlcv_safe(self.symbol, self.timeframe, limit=1000)
  File "/Users/ashishparadkar/Downloads/algo-code-main/src/provider_manager.py", line 355, in fetch_ohlcv_safe
    raise non_retryable
  File "/Users/ashishparadkar/Downloads/algo-code-main/src/provider_manager.py", line 351, in fetch_ohlcv_safe
    df = adapter.fetch_ohlcv(instrument, timeframe, limit=limit)
  File "/Users/ashishparadkar/Downloads/algo-code-main/src/provider_manager.py", line 284, in fetch_ohlcv
    raise ccxt.NotSupported(
ccxt.base.errors.NotSupported: OPTIONS EXECUTION UNSUPPORTED: Dedicated Options Broker (Deribit API) is not connected for BTC-260828-70000-C. Trading options requires configuring options gateway credentials.
2026-08-21 06:21:34,964 - WARNING - [bot-1787212200438-49ad] Marked bot as non-retryable configuration error to prevent infinite error storm.
2026-08-21 06:21:36,429 - INFO - Logged heartbeat status: ERROR
2026-08-21 06:21:36,522 - INFO - Adding job tentatively -- it will be properly scheduled when the scheduler starts
2026-08-21 06:21:36,523 - INFO - Bot bot-1787212200438-49ad scheduled to check every 60 minutes.
2026-08-21 06:21:36,529 - INFO - Added job "LiveRunner.process_cycle" to job store "default"
2026-08-21 06:21:36,529 - INFO - Scheduler started
/Users/ashishparadkar/Downloads/algo-code-main/.venv/lib/python3.9/site-packages/urllib3/__init__.py:35: NotOpenSSLWarning: urllib3 v2 only supports OpenSSL 1.1.1+, currently the 'ssl' module is compiled with 'LibreSSL 2.8.3'. See: https://github.com/urllib3/urllib3/issues/3020
  warnings.warn(
2026-08-21 12:13:39,745 - INFO - Bot state startup reconciliation finished: 0 bot(s) reconciled to STOPPED.
2026-08-21 12:13:40,684 - INFO - Telegram notification service initialized successfully (Chat ID: 5657...)
2026-08-21 12:13:40,707 - INFO - Initializing scheduled trading bot live runner for bot-1787212200438-49ad...
2026-08-21 12:13:41,550 - INFO - SQLite database tables verified/created.
2026-08-21 12:13:42,421 - INFO - Initializing CCXT Binance in TESTNET mode.
2026-08-21 12:14:11,950 - INFO - [bot-1787212200438-49ad] Pre-flight instrument resolved: BTC-260828-70000-C (OPTION via deribit_options)
2026-08-21 12:14:12,034 - INFO - [bot-1787212200438-49ad] Starting signal check cycle for BTC-260828-70000-C (1h)...
2026-08-21 12:14:12,869 - INFO - Fetching recent candles for BTC-260828-70000-C (1h) [Bot: bot-1787212200438-49ad] via ProviderManager...
2026-08-21 12:14:12,870 - ERROR - System Error in runner execution cycle: OPTIONS EXECUTION UNSUPPORTED: Dedicated Options Broker (Deribit API) is not connected for BTC-260828-70000-C. Trading options requires configuring options gateway credentials.
Traceback (most recent call last):
  File "/Users/ashishparadkar/Downloads/algo-code-main/src/live_runner.py", line 199, in process_cycle
    df, _ = self.provider_manager.fetch_ohlcv_safe(self.symbol, self.timeframe, limit=1000)
  File "/Users/ashishparadkar/Downloads/algo-code-main/src/provider_manager.py", line 355, in fetch_ohlcv_safe
    raise non_retryable
  File "/Users/ashishparadkar/Downloads/algo-code-main/src/provider_manager.py", line 351, in fetch_ohlcv_safe
    df = adapter.fetch_ohlcv(instrument, timeframe, limit=limit)
  File "/Users/ashishparadkar/Downloads/algo-code-main/src/provider_manager.py", line 284, in fetch_ohlcv
    raise ccxt.NotSupported(
ccxt.base.errors.NotSupported: OPTIONS EXECUTION UNSUPPORTED: Dedicated Options Broker (Deribit API) is not connected for BTC-260828-70000-C. Trading options requires configuring options gateway credentials.
2026-08-21 12:14:13,386 - WARNING - [bot-1787212200438-49ad] Marked bot as non-retryable configuration error to prevent infinite error storm.
2026-08-21 12:14:14,808 - INFO - Logged heartbeat status: ERROR
2026-08-21 12:14:15,218 - INFO - Adding job tentatively -- it will be properly scheduled when the scheduler starts
2026-08-21 12:14:15,218 - INFO - Bot bot-1787212200438-49ad scheduled to check every 60 minutes.
2026-08-21 12:14:15,222 - INFO - Added job "LiveRunner.process_cycle" to job store "default"
2026-08-21 12:14:15,223 - INFO - Scheduler started
2026-08-21 13:14:15,619 - INFO - Running job "LiveRunner.process_cycle (trigger: interval[1:00:00], next run at: 2026-08-21 14:14:15 IST)" (scheduled at 2026-08-21 13:14:15.217843+05:30)
2026-08-21 13:14:15,637 - ERROR - [bot-1787212200438-49ad] Halting runner cycle: Bot is configured with unexecutable instrument 'BTC-260828-70000-C'. Error: Fatal Non-Retryable Error: OPTIONS EXECUTION UNSUPPORTED: Dedicated Options Broker (Deribit API) is not connected for BTC-260828-70000-C. Trading options requires configuring options gateway credentials.
2026-08-21 13:14:15,888 - INFO - Job "LiveRunner.process_cycle (trigger: interval[1:00:00], next run at: 2026-08-21 14:14:15 IST)" executed successfully
/Users/ashishparadkar/Downloads/algo-code-main/.venv/lib/python3.9/site-packages/urllib3/__init__.py:35: NotOpenSSLWarning: urllib3 v2 only supports OpenSSL 1.1.1+, currently the 'ssl' module is compiled with 'LibreSSL 2.8.3'. See: https://github.com/urllib3/urllib3/issues/3020
  warnings.warn(
2026-08-21 14:51:01,035 - INFO - Bot state startup reconciliation finished: 0 bot(s) reconciled to STOPPED.
2026-08-21 14:51:01,998 - INFO - Telegram notification service initialized successfully (Chat ID: 5657...)
2026-08-21 14:51:02,415 - INFO - Initializing scheduled trading bot live runner for bot-1787212200438-49ad...
2026-08-21 14:51:03,078 - INFO - SQLite database tables verified/created.
2026-08-21 14:51:03,825 - INFO - Initializing CCXT Binance in TESTNET mode.
2026-08-21 14:51:35,785 - INFO - [bot-1787212200438-49ad] Pre-flight instrument resolved: BTC-260828-70000-C (OPTION via deribit_options)
2026-08-21 14:51:36,772 - INFO - [bot-1787212200438-49ad] Starting signal check cycle for BTC-260828-70000-C (1h)...
2026-08-21 14:51:36,797 - INFO - Fetching recent candles for BTC-260828-70000-C (1h) [Bot: bot-1787212200438-49ad] via ProviderManager...
2026-08-21 14:51:36,810 - ERROR - System Error in runner execution cycle: OPTIONS EXECUTION UNSUPPORTED: Dedicated Options Broker (Deribit API) is not connected for BTC-260828-70000-C. Trading options requires configuring options gateway credentials.
Traceback (most recent call last):
  File "/Users/ashishparadkar/Downloads/algo-code-main/src/live_runner.py", line 199, in process_cycle
    df, _ = self.provider_manager.fetch_ohlcv_safe(self.symbol, self.timeframe, limit=1000)
  File "/Users/ashishparadkar/Downloads/algo-code-main/src/provider_manager.py", line 355, in fetch_ohlcv_safe
    raise non_retryable
  File "/Users/ashishparadkar/Downloads/algo-code-main/src/provider_manager.py", line 351, in fetch_ohlcv_safe
    df = adapter.fetch_ohlcv(instrument, timeframe, limit=limit)
  File "/Users/ashishparadkar/Downloads/algo-code-main/src/provider_manager.py", line 284, in fetch_ohlcv
    raise ccxt.NotSupported(
ccxt.base.errors.NotSupported: OPTIONS EXECUTION UNSUPPORTED: Dedicated Options Broker (Deribit API) is not connected for BTC-260828-70000-C. Trading options requires configuring options gateway credentials.
2026-08-21 14:51:38,010 - WARNING - [bot-1787212200438-49ad] Marked bot as non-retryable configuration error to prevent infinite error storm.
2026-08-21 14:51:38,652 - INFO - Logged heartbeat status: ERROR
2026-08-21 14:51:39,321 - INFO - Adding job tentatively -- it will be properly scheduled when the scheduler starts
2026-08-21 14:51:39,322 - INFO - Bot bot-1787212200438-49ad scheduled to check every 60 minutes.
2026-08-21 14:51:39,489 - INFO - Added job "LiveRunner.process_cycle" to job store "default"
2026-08-21 14:51:39,489 - INFO - Scheduler started
/Users/ashishparadkar/Downloads/algo-code-main/.venv/lib/python3.9/site-packages/urllib3/__init__.py:35: NotOpenSSLWarning: urllib3 v2 only supports OpenSSL 1.1.1+, currently the 'ssl' module is compiled with 'LibreSSL 2.8.3'. See: https://github.com/urllib3/urllib3/issues/3020
  warnings.warn(
2026-08-21 15:30:24,115 - INFO - Bot state startup reconciliation finished: 0 bot(s) reconciled to STOPPED.
2026-08-21 15:30:24,713 - INFO - Telegram notification service initialized successfully (Chat ID: 5657...)
2026-08-21 15:30:24,869 - INFO - Initializing scheduled trading bot live runner for bot-1787212200438-49ad...
2026-08-21 15:30:25,482 - INFO - SQLite database tables verified/created.
2026-08-21 15:30:26,039 - INFO - Initializing CCXT Binance in TESTNET mode.
2026-08-21 15:30:52,110 - INFO - [bot-1787212200438-49ad] Pre-flight instrument resolved: BTC-260828-70000-C (OPTION via deribit_options)
2026-08-21 15:30:52,588 - INFO - [bot-1787212200438-49ad] Starting signal check cycle for BTC-260828-70000-C (1h)...
2026-08-21 15:30:52,600 - INFO - Fetching recent candles for BTC-260828-70000-C (1h) [Bot: bot-1787212200438-49ad] via ProviderManager...
2026-08-21 15:30:52,600 - ERROR - System Error in runner execution cycle: OPTIONS EXECUTION UNSUPPORTED: Dedicated Options Broker (Deribit API) is not connected for BTC-260828-70000-C. Trading options requires configuring options gateway credentials.
Traceback (most recent call last):
  File "/Users/ashishparadkar/Downloads/algo-code-main/src/live_runner.py", line 199, in process_cycle
    df, _ = self.provider_manager.fetch_ohlcv_safe(self.symbol, self.timeframe, limit=1000)
  File "/Users/ashishparadkar/Downloads/algo-code-main/src/provider_manager.py", line 355, in fetch_ohlcv_safe
    raise non_retryable
  File "/Users/ashishparadkar/Downloads/algo-code-main/src/provider_manager.py", line 351, in fetch_ohlcv_safe
    df = adapter.fetch_ohlcv(instrument, timeframe, limit=limit)
  File "/Users/ashishparadkar/Downloads/algo-code-main/src/provider_manager.py", line 284, in fetch_ohlcv
    raise ccxt.NotSupported(
ccxt.base.errors.NotSupported: OPTIONS EXECUTION UNSUPPORTED: Dedicated Options Broker (Deribit API) is not connected for BTC-260828-70000-C. Trading options requires configuring options gateway credentials.
2026-08-21 15:30:53,444 - WARNING - [bot-1787212200438-49ad] Marked bot as non-retryable configuration error to prevent infinite error storm.
2026-08-21 15:30:55,298 - INFO - Logged heartbeat status: ERROR
2026-08-21 15:30:55,316 - INFO - Adding job tentatively -- it will be properly scheduled when the scheduler starts
2026-08-21 15:30:55,317 - INFO - Bot bot-1787212200438-49ad scheduled to check every 60 minutes.
2026-08-21 15:30:55,320 - INFO - Added job "LiveRunner.process_cycle" to job store "default"
2026-08-21 15:30:55,320 - INFO - Scheduler started
/Users/ashishparadkar/Downloads/algo-code-main/.venv/lib/python3.9/site-packages/urllib3/__init__.py:35: NotOpenSSLWarning: urllib3 v2 only supports OpenSSL 1.1.1+, currently the 'ssl' module is compiled with 'LibreSSL 2.8.3'. See: https://github.com/urllib3/urllib3/issues/3020
  warnings.warn(
2026-08-21 18:13:32,989 - INFO - Bot state startup reconciliation finished: 0 bot(s) reconciled to STOPPED.
2026-08-21 18:13:34,105 - INFO - Telegram notification service initialized successfully (Chat ID: 5657...)
2026-08-21 18:13:34,117 - INFO - Initializing scheduled trading bot live runner for bot-1787212200438-49ad...
2026-08-21 18:13:34,571 - INFO - SQLite database tables verified/created.
2026-08-21 18:13:35,141 - INFO - Initializing CCXT Binance in TESTNET mode.
2026-08-21 18:14:01,128 - INFO - [bot-1787212200438-49ad] Pre-flight instrument resolved: BTC-260828-70000-C (OPTION via deribit_options)
2026-08-21 18:14:02,105 - INFO - [bot-1787212200438-49ad] Starting signal check cycle for BTC-260828-70000-C (1h)...
2026-08-21 18:14:02,116 - INFO - Fetching recent candles for BTC-260828-70000-C (1h) [Bot: bot-1787212200438-49ad] via ProviderManager...
2026-08-21 18:14:02,117 - ERROR - System Error in runner execution cycle: OPTIONS EXECUTION UNSUPPORTED: Dedicated Options Broker (Deribit API) is not connected for BTC-260828-70000-C. Trading options requires configuring options gateway credentials.
Traceback (most recent call last):
  File "/Users/ashishparadkar/Downloads/algo-code-main/src/live_runner.py", line 199, in process_cycle
    df, _ = self.provider_manager.fetch_ohlcv_safe(self.symbol, self.timeframe, limit=1000)
  File "/Users/ashishparadkar/Downloads/algo-code-main/src/provider_manager.py", line 355, in fetch_ohlcv_safe
    raise non_retryable
  File "/Users/ashishparadkar/Downloads/algo-code-main/src/provider_manager.py", line 351, in fetch_ohlcv_safe
    df = adapter.fetch_ohlcv(instrument, timeframe, limit=limit)
  File "/Users/ashishparadkar/Downloads/algo-code-main/src/provider_manager.py", line 284, in fetch_ohlcv
    raise ccxt.NotSupported(
ccxt.base.errors.NotSupported: OPTIONS EXECUTION UNSUPPORTED: Dedicated Options Broker (Deribit API) is not connected for BTC-260828-70000-C. Trading options requires configuring options gateway credentials.
2026-08-21 18:14:02,713 - WARNING - [bot-1787212200438-49ad] Marked bot as non-retryable configuration error to prevent infinite error storm.
2026-08-21 18:14:04,193 - INFO - Logged heartbeat status: ERROR
2026-08-21 18:14:04,504 - INFO - Adding job tentatively -- it will be properly scheduled when the scheduler starts
2026-08-21 18:14:04,504 - INFO - Bot bot-1787212200438-49ad scheduled to check every 60 minutes.
2026-08-21 18:14:04,520 - INFO - Added job "LiveRunner.process_cycle" to job store "default"
2026-08-21 18:14:04,526 - INFO - Scheduler started
/Users/ashishparadkar/Downloads/algo-code-main/.venv/lib/python3.9/site-packages/urllib3/__init__.py:35: NotOpenSSLWarning: urllib3 v2 only supports OpenSSL 1.1.1+, currently the 'ssl' module is compiled with 'LibreSSL 2.8.3'. See: https://github.com/urllib3/urllib3/issues/3020
  warnings.warn(
2026-08-21 20:27:07,384 - INFO - Bot state startup reconciliation finished: 0 bot(s) reconciled to STOPPED.
2026-08-21 20:27:08,331 - INFO - Telegram notification service initialized successfully (Chat ID: 5657...)
2026-08-21 20:27:08,341 - INFO - Initializing scheduled trading bot live runner for bot-1787212200438-49ad...
2026-08-21 20:27:08,737 - INFO - SQLite database tables verified/created.
2026-08-21 20:27:09,133 - INFO - Initializing CCXT Binance in TESTNET mode.
2026-08-21 20:27:37,611 - INFO - [bot-1787212200438-49ad] Pre-flight instrument resolved: BTC-260828-70000-C (OPTION via deribit_options)
2026-08-21 20:27:38,660 - INFO - [bot-1787212200438-49ad] Starting signal check cycle for BTC-260828-70000-C (1h)...
2026-08-21 20:27:39,243 - INFO - Fetching recent candles for BTC-260828-70000-C (1h) [Bot: bot-1787212200438-49ad] via ProviderManager...
2026-08-21 20:27:39,243 - ERROR - System Error in runner execution cycle: OPTIONS EXECUTION UNSUPPORTED: Dedicated Options Broker (Deribit API) is not connected for BTC-260828-70000-C. Trading options requires configuring options gateway credentials.
Traceback (most recent call last):
  File "/Users/ashishparadkar/Downloads/algo-code-main/src/live_runner.py", line 199, in process_cycle
    df, _ = self.provider_manager.fetch_ohlcv_safe(self.symbol, self.timeframe, limit=1000)
  File "/Users/ashishparadkar/Downloads/algo-code-main/src/provider_manager.py", line 355, in fetch_ohlcv_safe
    raise non_retryable
  File "/Users/ashishparadkar/Downloads/algo-code-main/src/provider_manager.py", line 351, in fetch_ohlcv_safe
    df = adapter.fetch_ohlcv(instrument, timeframe, limit=limit)
  File "/Users/ashishparadkar/Downloads/algo-code-main/src/provider_manager.py", line 284, in fetch_ohlcv
    raise ccxt.NotSupported(
ccxt.base.errors.NotSupported: OPTIONS EXECUTION UNSUPPORTED: Dedicated Options Broker (Deribit API) is not connected for BTC-260828-70000-C. Trading options requires configuring options gateway credentials.
2026-08-21 20:27:40,641 - WARNING - [bot-1787212200438-49ad] Marked bot as non-retryable configuration error to prevent infinite error storm.
2026-08-21 20:27:41,642 - INFO - Logged heartbeat status: ERROR
2026-08-21 20:27:41,679 - INFO - Adding job tentatively -- it will be properly scheduled when the scheduler starts
2026-08-21 20:27:41,680 - INFO - Bot bot-1787212200438-49ad scheduled to check every 60 minutes.
2026-08-21 20:27:41,686 - INFO - Added job "LiveRunner.process_cycle" to job store "default"
2026-08-21 20:27:41,686 - INFO - Scheduler started
/Users/ashishparadkar/Downloads/algo-code-main/.venv/lib/python3.9/site-packages/urllib3/__init__.py:35: NotOpenSSLWarning: urllib3 v2 only supports OpenSSL 1.1.1+, currently the 'ssl' module is compiled with 'LibreSSL 2.8.3'. See: https://github.com/urllib3/urllib3/issues/3020
  warnings.warn(
2026-08-21 21:32:53,807 - INFO - Bot state startup reconciliation finished: 0 bot(s) reconciled to STOPPED.
2026-08-21 21:32:55,082 - INFO - Telegram notification service initialized successfully (Chat ID: 5657...)
2026-08-21 21:32:55,113 - INFO - Initializing scheduled trading bot live runner for bot-1787212200438-49ad...
2026-08-21 21:32:56,123 - INFO - SQLite database tables verified/created.
2026-08-21 21:32:57,647 - INFO - Initializing CCXT Binance in TESTNET mode.
2026-08-21 21:33:45,634 - INFO - [bot-1787212200438-49ad] Pre-flight instrument resolved: BTC-260828-70000-C (OPTION via deribit_options)
2026-08-21 21:33:47,262 - INFO - [bot-1787212200438-49ad] Starting signal check cycle for BTC-260828-70000-C (1h)...
2026-08-21 21:33:47,302 - INFO - Fetching recent candles for BTC-260828-70000-C (1h) [Bot: bot-1787212200438-49ad] via ProviderManager...
2026-08-21 21:33:47,306 - ERROR - System Error in runner execution cycle: OPTIONS EXECUTION UNSUPPORTED: Dedicated Options Broker (Deribit API) is not connected for BTC-260828-70000-C. Trading options requires configuring options gateway credentials.
Traceback (most recent call last):
  File "/Users/ashishparadkar/Downloads/algo-code-main/src/live_runner.py", line 199, in process_cycle
    df, _ = self.provider_manager.fetch_ohlcv_safe(self.symbol, self.timeframe, limit=1000)
  File "/Users/ashishparadkar/Downloads/algo-code-main/src/provider_manager.py", line 355, in fetch_ohlcv_safe
    raise non_retryable
  File "/Users/ashishparadkar/Downloads/algo-code-main/src/provider_manager.py", line 351, in fetch_ohlcv_safe
    df = adapter.fetch_ohlcv(instrument, timeframe, limit=limit)
  File "/Users/ashishparadkar/Downloads/algo-code-main/src/provider_manager.py", line 284, in fetch_ohlcv
    raise ccxt.NotSupported(
ccxt.base.errors.NotSupported: OPTIONS EXECUTION UNSUPPORTED: Dedicated Options Broker (Deribit API) is not connected for BTC-260828-70000-C. Trading options requires configuring options gateway credentials.
2026-08-21 21:33:49,541 - WARNING - [bot-1787212200438-49ad] Marked bot as non-retryable configuration error to prevent infinite error storm.
2026-08-21 21:33:52,676 - INFO - Logged heartbeat status: ERROR
2026-08-21 21:33:52,713 - INFO - Adding job tentatively -- it will be properly scheduled when the scheduler starts
2026-08-21 21:33:52,713 - INFO - Bot bot-1787212200438-49ad scheduled to check every 60 minutes.
2026-08-21 21:33:53,553 - INFO - Added job "LiveRunner.process_cycle" to job store "default"
2026-08-21 21:33:53,553 - INFO - Scheduler started
2026-08-21 22:33:53,183 - INFO - Running job "LiveRunner.process_cycle (trigger: interval[1:00:00], next run at: 2026-08-21 23:33:52 IST)" (scheduled at 2026-08-21 22:33:52.712401+05:30)
2026-08-21 22:33:53,277 - ERROR - [bot-1787212200438-49ad] Halting runner cycle: Bot is configured with unexecutable instrument 'BTC-260828-70000-C'. Error: Fatal Non-Retryable Error: OPTIONS EXECUTION UNSUPPORTED: Dedicated Options Broker (Deribit API) is not connected for BTC-260828-70000-C. Trading options requires configuring options gateway credentials.
2026-08-21 22:33:53,879 - INFO - Job "LiveRunner.process_cycle (trigger: interval[1:00:00], next run at: 2026-08-21 23:33:52 IST)" executed successfully
/Users/ashishparadkar/Downloads/algo-code-main/.venv/lib/python3.9/site-packages/urllib3/__init__.py:35: NotOpenSSLWarning: urllib3 v2 only supports OpenSSL 1.1.1+, currently the 'ssl' module is compiled with 'LibreSSL 2.8.3'. See: https://github.com/urllib3/urllib3/issues/3020
  warnings.warn(
2026-08-21 22:44:57,747 - INFO - Bot state startup reconciliation finished: 0 bot(s) reconciled to STOPPED.
2026-08-21 22:44:58,893 - INFO - Telegram notification service initialized successfully (Chat ID: 5657...)
2026-08-21 22:44:58,913 - INFO - Initializing scheduled trading bot live runner for bot-1787212200438-49ad...
2026-08-21 22:44:59,893 - INFO - SQLite database tables verified/created.
2026-08-21 22:45:01,129 - INFO - Initializing CCXT Binance in TESTNET mode.
2026-08-21 22:45:40,280 - INFO - [bot-1787212200438-49ad] Pre-flight instrument resolved: BTC-260828-70000-C (OPTION via deribit_options)
2026-08-21 22:45:41,092 - INFO - [bot-1787212200438-49ad] Starting signal check cycle for BTC-260828-70000-C (1h)...
2026-08-21 22:45:41,100 - INFO - Fetching recent candles for BTC-260828-70000-C (1h) [Bot: bot-1787212200438-49ad] via ProviderManager...
2026-08-21 22:45:41,102 - ERROR - System Error in runner execution cycle: OPTIONS EXECUTION UNSUPPORTED: Dedicated Options Broker (Deribit API) is not connected for BTC-260828-70000-C. Trading options requires configuring options gateway credentials.
Traceback (most recent call last):
  File "/Users/ashishparadkar/Downloads/algo-code-main/src/live_runner.py", line 199, in process_cycle
    df, _ = self.provider_manager.fetch_ohlcv_safe(self.symbol, self.timeframe, limit=1000)
  File "/Users/ashishparadkar/Downloads/algo-code-main/src/provider_manager.py", line 355, in fetch_ohlcv_safe
    raise non_retryable
  File "/Users/ashishparadkar/Downloads/algo-code-main/src/provider_manager.py", line 351, in fetch_ohlcv_safe
    df = adapter.fetch_ohlcv(instrument, timeframe, limit=limit)
  File "/Users/ashishparadkar/Downloads/algo-code-main/src/provider_manager.py", line 284, in fetch_ohlcv
    raise ccxt.NotSupported(
ccxt.base.errors.NotSupported: OPTIONS EXECUTION UNSUPPORTED: Dedicated Options Broker (Deribit API) is not connected for BTC-260828-70000-C. Trading options requires configuring options gateway credentials.
2026-08-21 22:45:42,203 - WARNING - [bot-1787212200438-49ad] Marked bot as non-retryable configuration error to prevent infinite error storm.
2026-08-21 22:45:43,997 - INFO - Logged heartbeat status: ERROR
2026-08-21 22:45:44,030 - INFO - Adding job tentatively -- it will be properly scheduled when the scheduler starts
2026-08-21 22:45:44,030 - INFO - Bot bot-1787212200438-49ad scheduled to check every 60 minutes.
2026-08-21 22:45:44,033 - INFO - Added job "LiveRunner.process_cycle" to job store "default"
2026-08-21 22:45:44,033 - INFO - Scheduler started
