/Users/ashishparadkar/Downloads/algo-code-main/.venv/lib/python3.9/site-packages/urllib3/__init__.py:35: NotOpenSSLWarning: urllib3 v2 only supports OpenSSL 1.1.1+, currently the 'ssl' module is compiled with 'LibreSSL 2.8.3'. See: https://github.com/urllib3/urllib3/issues/3020
  warnings.warn(
/Users/ashishparadkar/Downloads/algo-code-main/.venv/lib/python3.9/site-packages/urllib3/__init__.py:35: NotOpenSSLWarning: urllib3 v2 only supports OpenSSL 1.1.1+, currently the 'ssl' module is compiled with 'LibreSSL 2.8.3'. See: https://github.com/urllib3/urllib3/issues/3020
  warnings.warn(
2026-08-21 21:39:40,938 - INFO - Bot state startup reconciliation finished: 0 bot(s) reconciled to STOPPED.
2026-08-21 21:39:49,771 - INFO - Telegram notification service initialized successfully (Chat ID: 5657...)
2026-08-21 21:39:51,159 - INFO - Initializing scheduled trading bot live runner for bot-1787315856568-f1f1...
2026-08-21 21:39:54,173 - INFO - SQLite database tables verified/created.
2026-08-21 21:39:57,211 - INFO - Initializing CCXT Binance in TESTNET mode.
2026-08-21 21:44:20,037 - INFO - [bot-1787315856568-f1f1] Pre-flight instrument resolved: BTC/USDT (SPOT via binance_spot)
2026-08-21 21:44:29,673 - INFO - [bot-1787315856568-f1f1] Starting signal check cycle for BTC/USDT (15m)...
2026-08-21 21:44:37,206 - ERROR - Audit batch write failed: database is locked
2026-08-21 21:44:43,122 - ERROR - Error logging bot activity for bot-1787315856568-f1f1: database is locked
2026-08-21 21:44:44,429 - INFO - Fetching recent candles for BTC/USDT (15m) [Bot: bot-1787315856568-f1f1] via ProviderManager...
2026-08-21 22:02:29,326 - INFO - Indicators computed | close=77299.66 ema_9=77280.72 ema_20=77239.02 ema_50=76623.46 ema_200=72841.81 macd=110.5211 poc=63050.0 val=62700.0 vah=72550.0
2026-08-21 22:02:29,832 - INFO - [bot-1787315856568-f1f1] Evaluating strategy on completed candle: 2026-08-21 16:15:00+00:00 at Close price: 77383.87
2026-08-21 22:02:31,960 - INFO - Confluence Evaluation | Regime: TRENDING (ADX=29.4) | Direction: HOLD | BullScore: 39.5% | BearScore: 21.1% | Active: ['ema', 'macd', 'vp']
2026-08-21 22:02:32,731 - INFO - Signal evaluated: HOLD. Reason/Details: Confluence score: 40% (HOLD)
2026-08-21 22:02:34,312 - INFO - Logged heartbeat status: OK
2026-08-21 22:02:37,154 - INFO - Adding job tentatively -- it will be properly scheduled when the scheduler starts
2026-08-21 22:02:37,174 - INFO - Bot bot-1787315856568-f1f1 scheduled to check every 15 minutes.
2026-08-21 22:02:37,846 - INFO - Added job "LiveRunner.process_cycle" to job store "default"
2026-08-21 22:02:37,846 - INFO - Scheduler started
2026-08-21 22:17:37,290 - INFO - Running job "LiveRunner.process_cycle (trigger: interval[0:15:00], next run at: 2026-08-21 22:17:36 IST)" (scheduled at 2026-08-21 22:17:36.775351+05:30)
2026-08-21 22:17:37,603 - INFO - [bot-1787315856568-f1f1] Starting signal check cycle for BTC/USDT (15m)...
2026-08-21 22:17:37,735 - INFO - Fetching recent candles for BTC/USDT (15m) [Bot: bot-1787315856568-f1f1] via ProviderManager...
2026-08-21 22:17:41,486 - INFO - Indicators computed | close=77405.79 ema_9=77315.72 ema_20=77260.28 ema_50=76656.49 ema_200=72887.84 macd=116.4451 poc=63050.0 val=62700.0 vah=72575.0
2026-08-21 22:17:41,492 - INFO - [bot-1787315856568-f1f1] Evaluating strategy on completed candle: 2026-08-21 16:30:00+00:00 at Close price: 77362.04
2026-08-21 22:17:41,606 - INFO - Confluence Evaluation | Regime: TRENDING (ADX=28.9) | Direction: HOLD | BullScore: 39.5% | BearScore: 21.1% | Active: ['ema', 'macd', 'vp']
2026-08-21 22:17:41,719 - INFO - Signal evaluated: HOLD. Reason/Details: Confluence score: 40% (HOLD)
2026-08-21 22:17:41,989 - INFO - Logged heartbeat status: OK
2026-08-21 22:17:41,991 - INFO - Job "LiveRunner.process_cycle (trigger: interval[0:15:00], next run at: 2026-08-21 22:32:36 IST)" executed successfully
2026-08-21 22:32:36,953 - INFO - Running job "LiveRunner.process_cycle (trigger: interval[0:15:00], next run at: 2026-08-21 22:47:36 IST)" (scheduled at 2026-08-21 22:32:36.775351+05:30)
2026-08-21 22:32:37,282 - INFO - [bot-1787315856568-f1f1] Starting signal check cycle for BTC/USDT (15m)...
2026-08-21 22:32:37,389 - INFO - Fetching recent candles for BTC/USDT (15m) [Bot: bot-1787315856568-f1f1] via ProviderManager...
2026-08-21 22:32:41,896 - INFO - Indicators computed | close=77615.99 ema_9=77388.61 ema_20=77301.07 ema_50=76697.14 ema_200=72935.68 macd=137.5695 poc=63050.0 val=62700.0 vah=72600.0
2026-08-21 22:32:41,898 - INFO - [bot-1787315856568-f1f1] Evaluating strategy on completed candle: 2026-08-21 16:45:00+00:00 at Close price: 77486.01
2026-08-21 22:32:42,210 - INFO - Confluence Evaluation | Regime: TRENDING (ADX=27.4) | Direction: HOLD | BullScore: 39.5% | BearScore: 21.1% | Active: ['ema', 'macd', 'vp']
2026-08-21 22:32:42,237 - INFO - Signal evaluated: HOLD. Reason/Details: Confluence score: 40% (HOLD)
2026-08-21 22:32:42,673 - INFO - Logged heartbeat status: OK
2026-08-21 22:32:42,677 - INFO - Job "LiveRunner.process_cycle (trigger: interval[0:15:00], next run at: 2026-08-21 22:47:36 IST)" executed successfully
