/Users/ashishparadkar/Downloads/algo-code-main/.venv/lib/python3.9/site-packages/urllib3/__init__.py:35: NotOpenSSLWarning: urllib3 v2 only supports OpenSSL 1.1.1+, currently the 'ssl' module is compiled with 'LibreSSL 2.8.3'. See: https://github.com/urllib3/urllib3/issues/3020
  warnings.warn(
/Users/ashishparadkar/Downloads/algo-code-main/.venv/lib/python3.9/site-packages/urllib3/__init__.py:35: NotOpenSSLWarning: urllib3 v2 only supports OpenSSL 1.1.1+, currently the 'ssl' module is compiled with 'LibreSSL 2.8.3'. See: https://github.com/urllib3/urllib3/issues/3020
  warnings.warn(
/Users/ashishparadkar/Downloads/algo-code-main/.venv/lib/python3.9/site-packages/urllib3/__init__.py:35: NotOpenSSLWarning: urllib3 v2 only supports OpenSSL 1.1.1+, currently the 'ssl' module is compiled with 'LibreSSL 2.8.3'. See: https://github.com/urllib3/urllib3/issues/3020
  warnings.warn(
2026-08-21 21:39:07,729 - INFO - Bot state startup reconciliation finished: 0 bot(s) reconciled to STOPPED.
2026-08-21 21:39:17,445 - INFO - Telegram notification service initialized successfully (Chat ID: 5657...)
2026-08-21 21:39:19,747 - INFO - Initializing scheduled trading bot live runner for idem-bot-eb58e9...
2026-08-21 21:39:22,495 - INFO - SQLite database tables verified/created.
2026-08-21 21:39:26,600 - INFO - Initializing CCXT Binance in TESTNET mode.
2026-08-21 21:43:54,787 - INFO - [idem-bot-eb58e9] Pre-flight instrument resolved: BTC/USDT (SPOT via binance_spot)
2026-08-21 21:44:03,870 - INFO - [idem-bot-eb58e9] Starting signal check cycle for BTC/USDT (15m)...
2026-08-21 21:44:13,601 - ERROR - Audit batch write failed: database is locked
2026-08-21 21:44:17,638 - ERROR - Error logging bot activity for idem-bot-eb58e9: database is locked
2026-08-21 21:44:17,654 - INFO - Fetching recent candles for BTC/USDT (15m) [Bot: idem-bot-eb58e9] via ProviderManager...
2026-08-21 22:02:16,347 - INFO - Indicators computed | close=77286.00 ema_9=77277.99 ema_20=77237.72 ema_50=76622.92 ema_200=72841.68 macd=109.4314 poc=63050.0 val=62700.0 vah=72550.0
2026-08-21 22:02:16,966 - INFO - [idem-bot-eb58e9] Evaluating strategy on completed candle: 2026-08-21 16:15:00+00:00 at Close price: 77383.87
2026-08-21 22:02:19,817 - INFO - Confluence Evaluation | Regime: TRENDING (ADX=29.4) | Direction: HOLD | BullScore: 39.5% | BearScore: 21.1% | Active: ['ema', 'macd', 'vp']
2026-08-21 22:02:20,876 - INFO - Signal evaluated: HOLD. Reason/Details: Confluence score: 40% (HOLD)
2026-08-21 22:02:22,181 - INFO - Logged heartbeat status: OK
2026-08-21 22:02:25,612 - INFO - Adding job tentatively -- it will be properly scheduled when the scheduler starts
2026-08-21 22:02:25,615 - INFO - Bot idem-bot-eb58e9 scheduled to check every 15 minutes.
2026-08-21 22:02:26,480 - INFO - Added job "LiveRunner.process_cycle" to job store "default"
2026-08-21 22:02:26,499 - INFO - Scheduler started
2026-08-21 22:17:25,824 - INFO - Running job "LiveRunner.process_cycle (trigger: interval[0:15:00], next run at: 2026-08-21 22:32:25 IST)" (scheduled at 2026-08-21 22:17:25.111683+05:30)
2026-08-21 22:17:25,972 - INFO - [idem-bot-eb58e9] Starting signal check cycle for BTC/USDT (15m)...
2026-08-21 22:17:26,072 - INFO - Fetching recent candles for BTC/USDT (15m) [Bot: idem-bot-eb58e9] via ProviderManager...
2026-08-21 22:17:27,958 - INFO - Indicators computed | close=77410.08 ema_9=77316.57 ema_20=77260.69 ema_50=76656.66 ema_200=72887.88 macd=116.7873 poc=63050.0 val=62700.0 vah=72575.0
2026-08-21 22:17:27,967 - INFO - [idem-bot-eb58e9] Evaluating strategy on completed candle: 2026-08-21 16:30:00+00:00 at Close price: 77362.04
2026-08-21 22:17:28,352 - INFO - Confluence Evaluation | Regime: TRENDING (ADX=28.9) | Direction: HOLD | BullScore: 39.5% | BearScore: 21.1% | Active: ['ema', 'macd', 'vp']
2026-08-21 22:17:28,687 - INFO - Signal evaluated: HOLD. Reason/Details: Confluence score: 40% (HOLD)
2026-08-21 22:17:29,068 - INFO - Logged heartbeat status: OK
2026-08-21 22:17:29,073 - INFO - Job "LiveRunner.process_cycle (trigger: interval[0:15:00], next run at: 2026-08-21 22:32:25 IST)" executed successfully
2026-08-21 22:32:25,241 - INFO - Running job "LiveRunner.process_cycle (trigger: interval[0:15:00], next run at: 2026-08-21 22:47:25 IST)" (scheduled at 2026-08-21 22:32:25.111683+05:30)
2026-08-21 22:32:25,363 - INFO - [idem-bot-eb58e9] Starting signal check cycle for BTC/USDT (15m)...
2026-08-21 22:32:25,441 - INFO - Fetching recent candles for BTC/USDT (15m) [Bot: idem-bot-eb58e9] via ProviderManager...
2026-08-21 22:32:26,558 - INFO - Indicators computed | close=77605.65 ema_9=77386.54 ema_20=77300.08 ema_50=76696.73 ema_200=72935.57 macd=136.7447 poc=63050.0 val=62700.0 vah=72600.0
2026-08-21 22:32:26,561 - INFO - [idem-bot-eb58e9] Evaluating strategy on completed candle: 2026-08-21 16:45:00+00:00 at Close price: 77486.01
2026-08-21 22:32:26,682 - INFO - Confluence Evaluation | Regime: TRENDING (ADX=27.4) | Direction: HOLD | BullScore: 39.5% | BearScore: 21.1% | Active: ['ema', 'macd', 'vp']
2026-08-21 22:32:26,887 - INFO - Signal evaluated: HOLD. Reason/Details: Confluence score: 40% (HOLD)
2026-08-21 22:32:27,217 - INFO - Logged heartbeat status: OK
2026-08-21 22:32:27,218 - INFO - Job "LiveRunner.process_cycle (trigger: interval[0:15:00], next run at: 2026-08-21 22:47:25 IST)" executed successfully
