/Users/ashishparadkar/Downloads/algo-code-main/.venv/lib/python3.9/site-packages/urllib3/__init__.py:35: NotOpenSSLWarning: urllib3 v2 only supports OpenSSL 1.1.1+, currently the 'ssl' module is compiled with 'LibreSSL 2.8.3'. See: https://github.com/urllib3/urllib3/issues/3020
  warnings.warn(
2026-08-20 22:17:51,806 - INFO - Bot state startup reconciliation finished: 0 bot(s) reconciled to STOPPED.
2026-08-20 22:17:52,993 - INFO - Telegram notification service initialized successfully (Chat ID: 5657...)
2026-08-20 22:17:53,159 - INFO - Initializing scheduled trading bot live runner for bot-1787212339455-1ae2...
2026-08-20 22:17:53,240 - INFO - SQLite database tables verified/created.
2026-08-20 22:17:54,277 - INFO - Initializing CCXT Binance in TESTNET mode.
2026-08-20 22:18:29,332 - INFO - [bot-1787212339455-1ae2] Pre-flight instrument resolved: NIFTY (INDEX via zerodha)
2026-08-20 22:18:29,435 - INFO - [bot-1787212339455-1ae2] Starting signal check cycle for NIFTY (15m)...
2026-08-20 22:18:30,023 - INFO - Fetching recent candles for NIFTY (15m) [Bot: bot-1787212339455-1ae2] via ProviderManager...
2026-08-20 22:18:30,025 - ERROR - System Error in runner execution cycle: PROVIDER_CAPABILITY_MISMATCH: Adapter Binance Spot API does not support INDEX instrument NIFTY.
Traceback (most recent call last):
  File "/Users/ashishparadkar/Downloads/algo-code-main/src/live_runner.py", line 199, in process_cycle
    df, _ = self.provider_manager.fetch_ohlcv_safe(self.symbol, self.timeframe, limit=1000)
  File "/Users/ashishparadkar/Downloads/algo-code-main/src/provider_manager.py", line 341, in fetch_ohlcv_safe
    raise ccxt.NotSupported(
ccxt.base.errors.NotSupported: PROVIDER_CAPABILITY_MISMATCH: Adapter Binance Spot API does not support INDEX instrument NIFTY.
2026-08-20 22:18:30,908 - WARNING - [bot-1787212339455-1ae2] Marked bot as non-retryable configuration error to prevent infinite error storm.
2026-08-20 22:18:32,543 - INFO - Logged heartbeat status: ERROR
2026-08-20 22:18:32,818 - INFO - Adding job tentatively -- it will be properly scheduled when the scheduler starts
2026-08-20 22:18:32,819 - INFO - Bot bot-1787212339455-1ae2 scheduled to check every 15 minutes.
2026-08-20 22:18:33,228 - INFO - Added job "LiveRunner.process_cycle" to job store "default"
2026-08-20 22:18:33,228 - INFO - Scheduler started
2026-08-20 22:33:33,026 - INFO - Running job "LiveRunner.process_cycle (trigger: interval[0:15:00], next run at: 2026-08-20 22:48:32 IST)" (scheduled at 2026-08-20 22:33:32.817082+05:30)
2026-08-20 22:33:33,046 - ERROR - [bot-1787212339455-1ae2] Halting runner cycle: Bot is configured with unexecutable instrument 'NIFTY'. Error: Fatal Non-Retryable Error: PROVIDER_CAPABILITY_MISMATCH: Adapter Binance Spot API does not support INDEX instrument NIFTY.
2026-08-20 22:33:33,236 - INFO - Job "LiveRunner.process_cycle (trigger: interval[0:15:00], next run at: 2026-08-20 22:48:32 IST)" executed successfully
2026-08-20 22:48:32,892 - INFO - Running job "LiveRunner.process_cycle (trigger: interval[0:15:00], next run at: 2026-08-20 23:03:32 IST)" (scheduled at 2026-08-20 22:48:32.817082+05:30)
2026-08-20 22:48:32,897 - ERROR - [bot-1787212339455-1ae2] Halting runner cycle: Bot is configured with unexecutable instrument 'NIFTY'. Error: Fatal Non-Retryable Error: PROVIDER_CAPABILITY_MISMATCH: Adapter Binance Spot API does not support INDEX instrument NIFTY.
2026-08-20 22:48:33,064 - INFO - Job "LiveRunner.process_cycle (trigger: interval[0:15:00], next run at: 2026-08-20 23:03:32 IST)" executed successfully
/Users/ashishparadkar/Downloads/algo-code-main/.venv/lib/python3.9/site-packages/urllib3/__init__.py:35: NotOpenSSLWarning: urllib3 v2 only supports OpenSSL 1.1.1+, currently the 'ssl' module is compiled with 'LibreSSL 2.8.3'. See: https://github.com/urllib3/urllib3/issues/3020
  warnings.warn(
2026-08-21 06:21:21,572 - INFO - Bot state startup reconciliation finished: 0 bot(s) reconciled to STOPPED.
2026-08-21 06:21:22,087 - INFO - Telegram notification service initialized successfully (Chat ID: 5657...)
2026-08-21 06:21:22,313 - INFO - Initializing scheduled trading bot live runner for bot-1787212339455-1ae2...
2026-08-21 06:21:22,641 - INFO - SQLite database tables verified/created.
2026-08-21 06:21:22,894 - INFO - Initializing CCXT Binance in TESTNET mode.
2026-08-21 06:21:51,271 - INFO - [bot-1787212339455-1ae2] Pre-flight instrument resolved: NIFTY (INDEX via zerodha)
2026-08-21 06:21:51,808 - INFO - [bot-1787212339455-1ae2] Starting signal check cycle for NIFTY (15m)...
2026-08-21 06:21:52,570 - INFO - Fetching recent candles for NIFTY (15m) [Bot: bot-1787212339455-1ae2] via ProviderManager...
2026-08-21 06:21:52,571 - ERROR - System Error in runner execution cycle: PROVIDER_CAPABILITY_MISMATCH: Adapter Binance Spot API does not support INDEX instrument NIFTY.
Traceback (most recent call last):
  File "/Users/ashishparadkar/Downloads/algo-code-main/src/live_runner.py", line 199, in process_cycle
    df, _ = self.provider_manager.fetch_ohlcv_safe(self.symbol, self.timeframe, limit=1000)
  File "/Users/ashishparadkar/Downloads/algo-code-main/src/provider_manager.py", line 341, in fetch_ohlcv_safe
    raise ccxt.NotSupported(
ccxt.base.errors.NotSupported: PROVIDER_CAPABILITY_MISMATCH: Adapter Binance Spot API does not support INDEX instrument NIFTY.
2026-08-21 06:21:53,805 - WARNING - [bot-1787212339455-1ae2] Marked bot as non-retryable configuration error to prevent infinite error storm.
2026-08-21 06:21:54,808 - INFO - Logged heartbeat status: ERROR
2026-08-21 06:21:54,832 - INFO - Adding job tentatively -- it will be properly scheduled when the scheduler starts
2026-08-21 06:21:54,832 - INFO - Bot bot-1787212339455-1ae2 scheduled to check every 15 minutes.
2026-08-21 06:21:54,837 - INFO - Added job "LiveRunner.process_cycle" to job store "default"
2026-08-21 06:21:54,837 - INFO - Scheduler started
2026-08-21 06:36:55,116 - INFO - Running job "LiveRunner.process_cycle (trigger: interval[0:15:00], next run at: 2026-08-21 06:51:54 IST)" (scheduled at 2026-08-21 06:36:54.831602+05:30)
2026-08-21 06:36:55,152 - ERROR - [bot-1787212339455-1ae2] Halting runner cycle: Bot is configured with unexecutable instrument 'NIFTY'. Error: Fatal Non-Retryable Error: PROVIDER_CAPABILITY_MISMATCH: Adapter Binance Spot API does not support INDEX instrument NIFTY.
2026-08-21 06:36:55,414 - INFO - Job "LiveRunner.process_cycle (trigger: interval[0:15:00], next run at: 2026-08-21 06:51:54 IST)" executed successfully
2026-08-21 06:51:54,910 - INFO - Running job "LiveRunner.process_cycle (trigger: interval[0:15:00], next run at: 2026-08-21 07:06:54 IST)" (scheduled at 2026-08-21 06:51:54.831602+05:30)
2026-08-21 06:51:54,918 - ERROR - [bot-1787212339455-1ae2] Halting runner cycle: Bot is configured with unexecutable instrument 'NIFTY'. Error: Fatal Non-Retryable Error: PROVIDER_CAPABILITY_MISMATCH: Adapter Binance Spot API does not support INDEX instrument NIFTY.
2026-08-21 06:51:55,117 - INFO - Job "LiveRunner.process_cycle (trigger: interval[0:15:00], next run at: 2026-08-21 07:06:54 IST)" executed successfully
/Users/ashishparadkar/Downloads/algo-code-main/.venv/lib/python3.9/site-packages/urllib3/__init__.py:35: NotOpenSSLWarning: urllib3 v2 only supports OpenSSL 1.1.1+, currently the 'ssl' module is compiled with 'LibreSSL 2.8.3'. See: https://github.com/urllib3/urllib3/issues/3020
  warnings.warn(
2026-08-21 12:14:01,796 - INFO - Bot state startup reconciliation finished: 0 bot(s) reconciled to STOPPED.
2026-08-21 12:14:02,380 - INFO - Telegram notification service initialized successfully (Chat ID: 5657...)
2026-08-21 12:14:02,750 - INFO - Initializing scheduled trading bot live runner for bot-1787212339455-1ae2...
2026-08-21 12:14:03,085 - INFO - SQLite database tables verified/created.
2026-08-21 12:14:03,869 - INFO - Initializing CCXT Binance in TESTNET mode.
2026-08-21 12:14:33,223 - INFO - [bot-1787212339455-1ae2] Pre-flight instrument resolved: NIFTY (INDEX via zerodha)
2026-08-21 12:14:33,312 - INFO - [bot-1787212339455-1ae2] Starting signal check cycle for NIFTY (15m)...
2026-08-21 12:14:33,938 - INFO - Fetching recent candles for NIFTY (15m) [Bot: bot-1787212339455-1ae2] via ProviderManager...
2026-08-21 12:14:33,947 - ERROR - System Error in runner execution cycle: PROVIDER_CAPABILITY_MISMATCH: Adapter Binance Spot API does not support INDEX instrument NIFTY.
Traceback (most recent call last):
  File "/Users/ashishparadkar/Downloads/algo-code-main/src/live_runner.py", line 199, in process_cycle
    df, _ = self.provider_manager.fetch_ohlcv_safe(self.symbol, self.timeframe, limit=1000)
  File "/Users/ashishparadkar/Downloads/algo-code-main/src/provider_manager.py", line 341, in fetch_ohlcv_safe
    raise ccxt.NotSupported(
ccxt.base.errors.NotSupported: PROVIDER_CAPABILITY_MISMATCH: Adapter Binance Spot API does not support INDEX instrument NIFTY.
2026-08-21 12:14:34,311 - WARNING - [bot-1787212339455-1ae2] Marked bot as non-retryable configuration error to prevent infinite error storm.
2026-08-21 12:14:36,966 - INFO - Logged heartbeat status: ERROR
2026-08-21 12:14:37,337 - INFO - Adding job tentatively -- it will be properly scheduled when the scheduler starts
2026-08-21 12:14:37,338 - INFO - Bot bot-1787212339455-1ae2 scheduled to check every 15 minutes.
2026-08-21 12:14:37,343 - INFO - Added job "LiveRunner.process_cycle" to job store "default"
2026-08-21 12:14:37,343 - INFO - Scheduler started
2026-08-21 12:29:37,641 - INFO - Running job "LiveRunner.process_cycle (trigger: interval[0:15:00], next run at: 2026-08-21 12:44:37 IST)" (scheduled at 2026-08-21 12:29:37.334985+05:30)
2026-08-21 12:29:37,666 - ERROR - [bot-1787212339455-1ae2] Halting runner cycle: Bot is configured with unexecutable instrument 'NIFTY'. Error: Fatal Non-Retryable Error: PROVIDER_CAPABILITY_MISMATCH: Adapter Binance Spot API does not support INDEX instrument NIFTY.
2026-08-21 12:29:37,952 - INFO - Job "LiveRunner.process_cycle (trigger: interval[0:15:00], next run at: 2026-08-21 12:44:37 IST)" executed successfully
2026-08-21 12:44:37,399 - INFO - Running job "LiveRunner.process_cycle (trigger: interval[0:15:00], next run at: 2026-08-21 12:59:37 IST)" (scheduled at 2026-08-21 12:44:37.334985+05:30)
2026-08-21 12:44:37,401 - ERROR - [bot-1787212339455-1ae2] Halting runner cycle: Bot is configured with unexecutable instrument 'NIFTY'. Error: Fatal Non-Retryable Error: PROVIDER_CAPABILITY_MISMATCH: Adapter Binance Spot API does not support INDEX instrument NIFTY.
2026-08-21 12:44:37,609 - INFO - Job "LiveRunner.process_cycle (trigger: interval[0:15:00], next run at: 2026-08-21 12:59:37 IST)" executed successfully
2026-08-21 12:59:37,430 - INFO - Running job "LiveRunner.process_cycle (trigger: interval[0:15:00], next run at: 2026-08-21 13:14:37 IST)" (scheduled at 2026-08-21 12:59:37.334985+05:30)
2026-08-21 12:59:37,448 - ERROR - [bot-1787212339455-1ae2] Halting runner cycle: Bot is configured with unexecutable instrument 'NIFTY'. Error: Fatal Non-Retryable Error: PROVIDER_CAPABILITY_MISMATCH: Adapter Binance Spot API does not support INDEX instrument NIFTY.
2026-08-21 12:59:37,658 - INFO - Job "LiveRunner.process_cycle (trigger: interval[0:15:00], next run at: 2026-08-21 13:14:37 IST)" executed successfully
2026-08-21 13:14:37,406 - INFO - Running job "LiveRunner.process_cycle (trigger: interval[0:15:00], next run at: 2026-08-21 13:29:37 IST)" (scheduled at 2026-08-21 13:14:37.334985+05:30)
2026-08-21 13:14:37,408 - ERROR - [bot-1787212339455-1ae2] Halting runner cycle: Bot is configured with unexecutable instrument 'NIFTY'. Error: Fatal Non-Retryable Error: PROVIDER_CAPABILITY_MISMATCH: Adapter Binance Spot API does not support INDEX instrument NIFTY.
2026-08-21 13:14:37,603 - INFO - Job "LiveRunner.process_cycle (trigger: interval[0:15:00], next run at: 2026-08-21 13:29:37 IST)" executed successfully
2026-08-21 13:29:37,422 - INFO - Running job "LiveRunner.process_cycle (trigger: interval[0:15:00], next run at: 2026-08-21 13:44:37 IST)" (scheduled at 2026-08-21 13:29:37.334985+05:30)
2026-08-21 13:29:37,425 - ERROR - [bot-1787212339455-1ae2] Halting runner cycle: Bot is configured with unexecutable instrument 'NIFTY'. Error: Fatal Non-Retryable Error: PROVIDER_CAPABILITY_MISMATCH: Adapter Binance Spot API does not support INDEX instrument NIFTY.
2026-08-21 13:29:37,614 - INFO - Job "LiveRunner.process_cycle (trigger: interval[0:15:00], next run at: 2026-08-21 13:44:37 IST)" executed successfully
/Users/ashishparadkar/Downloads/algo-code-main/.venv/lib/python3.9/site-packages/urllib3/__init__.py:35: NotOpenSSLWarning: urllib3 v2 only supports OpenSSL 1.1.1+, currently the 'ssl' module is compiled with 'LibreSSL 2.8.3'. See: https://github.com/urllib3/urllib3/issues/3020
  warnings.warn(
2026-08-21 14:51:21,502 - INFO - Bot state startup reconciliation finished: 0 bot(s) reconciled to STOPPED.
2026-08-21 14:51:23,055 - INFO - Telegram notification service initialized successfully (Chat ID: 5657...)
2026-08-21 14:51:23,486 - INFO - Initializing scheduled trading bot live runner for bot-1787212339455-1ae2...
2026-08-21 14:51:24,143 - INFO - SQLite database tables verified/created.
2026-08-21 14:51:25,173 - INFO - Initializing CCXT Binance in TESTNET mode.
/Users/ashishparadkar/Downloads/algo-code-main/.venv/lib/python3.9/site-packages/urllib3/__init__.py:35: NotOpenSSLWarning: urllib3 v2 only supports OpenSSL 1.1.1+, currently the 'ssl' module is compiled with 'LibreSSL 2.8.3'. See: https://github.com/urllib3/urllib3/issues/3020
  warnings.warn(
2026-08-21 15:30:37,750 - INFO - Bot state startup reconciliation finished: 0 bot(s) reconciled to STOPPED.
2026-08-21 15:30:37,982 - INFO - Telegram notification service initialized successfully (Chat ID: 5657...)
2026-08-21 15:30:37,998 - INFO - Initializing scheduled trading bot live runner for bot-1787212339455-1ae2...
2026-08-21 15:30:38,566 - INFO - SQLite database tables verified/created.
2026-08-21 15:30:39,294 - INFO - Initializing CCXT Binance in TESTNET mode.
2026-08-21 15:31:13,500 - INFO - [bot-1787212339455-1ae2] Pre-flight instrument resolved: NIFTY (INDEX via zerodha)
2026-08-21 15:31:14,517 - INFO - [bot-1787212339455-1ae2] Starting signal check cycle for NIFTY (15m)...
2026-08-21 15:31:14,527 - INFO - Fetching recent candles for NIFTY (15m) [Bot: bot-1787212339455-1ae2] via ProviderManager...
2026-08-21 15:31:14,527 - ERROR - System Error in runner execution cycle: PROVIDER_CAPABILITY_MISMATCH: Adapter Binance Spot API does not support INDEX instrument NIFTY.
Traceback (most recent call last):
  File "/Users/ashishparadkar/Downloads/algo-code-main/src/live_runner.py", line 199, in process_cycle
    df, _ = self.provider_manager.fetch_ohlcv_safe(self.symbol, self.timeframe, limit=1000)
  File "/Users/ashishparadkar/Downloads/algo-code-main/src/provider_manager.py", line 341, in fetch_ohlcv_safe
    raise ccxt.NotSupported(
ccxt.base.errors.NotSupported: PROVIDER_CAPABILITY_MISMATCH: Adapter Binance Spot API does not support INDEX instrument NIFTY.
2026-08-21 15:31:16,120 - WARNING - [bot-1787212339455-1ae2] Marked bot as non-retryable configuration error to prevent infinite error storm.
2026-08-21 15:31:17,957 - INFO - Logged heartbeat status: ERROR
2026-08-21 15:31:18,534 - INFO - Adding job tentatively -- it will be properly scheduled when the scheduler starts
2026-08-21 15:31:18,534 - INFO - Bot bot-1787212339455-1ae2 scheduled to check every 15 minutes.
2026-08-21 15:31:18,537 - INFO - Added job "LiveRunner.process_cycle" to job store "default"
2026-08-21 15:31:18,537 - INFO - Scheduler started
/Users/ashishparadkar/Downloads/algo-code-main/.venv/lib/python3.9/site-packages/urllib3/__init__.py:35: NotOpenSSLWarning: urllib3 v2 only supports OpenSSL 1.1.1+, currently the 'ssl' module is compiled with 'LibreSSL 2.8.3'. See: https://github.com/urllib3/urllib3/issues/3020
  warnings.warn(
2026-08-21 18:13:51,428 - INFO - Bot state startup reconciliation finished: 0 bot(s) reconciled to STOPPED.
2026-08-21 18:13:52,229 - INFO - Telegram notification service initialized successfully (Chat ID: 5657...)
2026-08-21 18:13:52,430 - INFO - Initializing scheduled trading bot live runner for bot-1787212339455-1ae2...
2026-08-21 18:13:52,979 - INFO - SQLite database tables verified/created.
2026-08-21 18:13:53,046 - INFO - Initializing CCXT Binance in TESTNET mode.
2026-08-21 18:14:28,873 - INFO - [bot-1787212339455-1ae2] Pre-flight instrument resolved: NIFTY (INDEX via zerodha)
2026-08-21 18:14:30,000 - INFO - [bot-1787212339455-1ae2] Starting signal check cycle for NIFTY (15m)...
2026-08-21 18:14:30,012 - INFO - Fetching recent candles for NIFTY (15m) [Bot: bot-1787212339455-1ae2] via ProviderManager...
2026-08-21 18:14:30,013 - ERROR - System Error in runner execution cycle: PROVIDER_CAPABILITY_MISMATCH: Adapter Binance Spot API does not support INDEX instrument NIFTY.
Traceback (most recent call last):
  File "/Users/ashishparadkar/Downloads/algo-code-main/src/live_runner.py", line 199, in process_cycle
    df, _ = self.provider_manager.fetch_ohlcv_safe(self.symbol, self.timeframe, limit=1000)
  File "/Users/ashishparadkar/Downloads/algo-code-main/src/provider_manager.py", line 341, in fetch_ohlcv_safe
    raise ccxt.NotSupported(
ccxt.base.errors.NotSupported: PROVIDER_CAPABILITY_MISMATCH: Adapter Binance Spot API does not support INDEX instrument NIFTY.
2026-08-21 18:14:30,087 - WARNING - [bot-1787212339455-1ae2] Marked bot as non-retryable configuration error to prevent infinite error storm.
2026-08-21 18:14:33,274 - INFO - Logged heartbeat status: ERROR
2026-08-21 18:14:34,290 - INFO - Adding job tentatively -- it will be properly scheduled when the scheduler starts
2026-08-21 18:14:34,310 - INFO - Bot bot-1787212339455-1ae2 scheduled to check every 15 minutes.
2026-08-21 18:14:34,326 - INFO - Added job "LiveRunner.process_cycle" to job store "default"
2026-08-21 18:14:34,326 - INFO - Scheduler started
/Users/ashishparadkar/Downloads/algo-code-main/.venv/lib/python3.9/site-packages/urllib3/__init__.py:35: NotOpenSSLWarning: urllib3 v2 only supports OpenSSL 1.1.1+, currently the 'ssl' module is compiled with 'LibreSSL 2.8.3'. See: https://github.com/urllib3/urllib3/issues/3020
  warnings.warn(
2026-08-21 20:27:20,388 - INFO - Bot state startup reconciliation finished: 0 bot(s) reconciled to STOPPED.
2026-08-21 20:27:21,356 - INFO - Telegram notification service initialized successfully (Chat ID: 5657...)
2026-08-21 20:27:21,366 - INFO - Initializing scheduled trading bot live runner for bot-1787212339455-1ae2...
2026-08-21 20:27:21,395 - INFO - SQLite database tables verified/created.
2026-08-21 20:27:23,245 - INFO - Initializing CCXT Binance in TESTNET mode.
2026-08-21 20:28:00,691 - INFO - [bot-1787212339455-1ae2] Pre-flight instrument resolved: NIFTY (INDEX via zerodha)
2026-08-21 20:28:01,470 - INFO - [bot-1787212339455-1ae2] Starting signal check cycle for NIFTY (15m)...
2026-08-21 20:28:01,482 - INFO - Fetching recent candles for NIFTY (15m) [Bot: bot-1787212339455-1ae2] via ProviderManager...
2026-08-21 20:28:01,482 - ERROR - System Error in runner execution cycle: PROVIDER_CAPABILITY_MISMATCH: Adapter Binance Spot API does not support INDEX instrument NIFTY.
Traceback (most recent call last):
  File "/Users/ashishparadkar/Downloads/algo-code-main/src/live_runner.py", line 199, in process_cycle
    df, _ = self.provider_manager.fetch_ohlcv_safe(self.symbol, self.timeframe, limit=1000)
  File "/Users/ashishparadkar/Downloads/algo-code-main/src/provider_manager.py", line 341, in fetch_ohlcv_safe
    raise ccxt.NotSupported(
ccxt.base.errors.NotSupported: PROVIDER_CAPABILITY_MISMATCH: Adapter Binance Spot API does not support INDEX instrument NIFTY.
2026-08-21 20:28:03,560 - WARNING - [bot-1787212339455-1ae2] Marked bot as non-retryable configuration error to prevent infinite error storm.
2026-08-21 20:28:06,507 - INFO - Logged heartbeat status: ERROR
2026-08-21 20:28:07,260 - INFO - Adding job tentatively -- it will be properly scheduled when the scheduler starts
2026-08-21 20:28:07,260 - INFO - Bot bot-1787212339455-1ae2 scheduled to check every 15 minutes.
2026-08-21 20:28:07,270 - INFO - Added job "LiveRunner.process_cycle" to job store "default"
2026-08-21 20:28:07,270 - INFO - Scheduler started
/Users/ashishparadkar/Downloads/algo-code-main/.venv/lib/python3.9/site-packages/urllib3/__init__.py:35: NotOpenSSLWarning: urllib3 v2 only supports OpenSSL 1.1.1+, currently the 'ssl' module is compiled with 'LibreSSL 2.8.3'. See: https://github.com/urllib3/urllib3/issues/3020
  warnings.warn(
2026-08-21 21:33:25,788 - INFO - Bot state startup reconciliation finished: 0 bot(s) reconciled to STOPPED.
2026-08-21 21:33:28,299 - INFO - Telegram notification service initialized successfully (Chat ID: 5657...)
2026-08-21 21:33:28,867 - INFO - Initializing scheduled trading bot live runner for bot-1787212339455-1ae2...
2026-08-21 21:33:29,890 - INFO - SQLite database tables verified/created.
2026-08-21 21:33:31,280 - INFO - Initializing CCXT Binance in TESTNET mode.
2026-08-21 21:34:27,641 - INFO - [bot-1787212339455-1ae2] Pre-flight instrument resolved: NIFTY (INDEX via zerodha)
2026-08-21 21:34:29,291 - INFO - [bot-1787212339455-1ae2] Starting signal check cycle for NIFTY (15m)...
2026-08-21 21:34:29,987 - INFO - Fetching recent candles for NIFTY (15m) [Bot: bot-1787212339455-1ae2] via ProviderManager...
2026-08-21 21:34:29,987 - ERROR - System Error in runner execution cycle: PROVIDER_CAPABILITY_MISMATCH: Adapter Binance Spot API does not support INDEX instrument NIFTY.
Traceback (most recent call last):
  File "/Users/ashishparadkar/Downloads/algo-code-main/src/live_runner.py", line 199, in process_cycle
    df, _ = self.provider_manager.fetch_ohlcv_safe(self.symbol, self.timeframe, limit=1000)
  File "/Users/ashishparadkar/Downloads/algo-code-main/src/provider_manager.py", line 341, in fetch_ohlcv_safe
    raise ccxt.NotSupported(
ccxt.base.errors.NotSupported: PROVIDER_CAPABILITY_MISMATCH: Adapter Binance Spot API does not support INDEX instrument NIFTY.
2026-08-21 21:34:33,543 - WARNING - [bot-1787212339455-1ae2] Marked bot as non-retryable configuration error to prevent infinite error storm.
2026-08-21 21:34:35,752 - INFO - Logged heartbeat status: ERROR
2026-08-21 21:34:37,426 - INFO - Adding job tentatively -- it will be properly scheduled when the scheduler starts
2026-08-21 21:34:37,426 - INFO - Bot bot-1787212339455-1ae2 scheduled to check every 15 minutes.
2026-08-21 21:34:37,438 - INFO - Added job "LiveRunner.process_cycle" to job store "default"
2026-08-21 21:34:37,439 - INFO - Scheduler started
2026-08-21 21:49:43,877 - WARNING - Run time of job "LiveRunner.process_cycle (trigger: interval[0:15:00], next run at: 2026-08-21 22:04:37 IST)" was missed by 0:00:05.813832
2026-08-21 22:04:37,976 - INFO - Running job "LiveRunner.process_cycle (trigger: interval[0:15:00], next run at: 2026-08-21 22:19:37 IST)" (scheduled at 2026-08-21 22:04:37.426022+05:30)
2026-08-21 22:04:38,049 - ERROR - [bot-1787212339455-1ae2] Halting runner cycle: Bot is configured with unexecutable instrument 'NIFTY'. Error: Fatal Non-Retryable Error: PROVIDER_CAPABILITY_MISMATCH: Adapter Binance Spot API does not support INDEX instrument NIFTY.
2026-08-21 22:04:38,559 - INFO - Job "LiveRunner.process_cycle (trigger: interval[0:15:00], next run at: 2026-08-21 22:19:37 IST)" executed successfully
2026-08-21 22:19:37,495 - INFO - Running job "LiveRunner.process_cycle (trigger: interval[0:15:00], next run at: 2026-08-21 22:19:37 IST)" (scheduled at 2026-08-21 22:19:37.426022+05:30)
2026-08-21 22:19:37,511 - ERROR - [bot-1787212339455-1ae2] Halting runner cycle: Bot is configured with unexecutable instrument 'NIFTY'. Error: Fatal Non-Retryable Error: PROVIDER_CAPABILITY_MISMATCH: Adapter Binance Spot API does not support INDEX instrument NIFTY.
2026-08-21 22:19:37,767 - INFO - Job "LiveRunner.process_cycle (trigger: interval[0:15:00], next run at: 2026-08-21 22:34:37 IST)" executed successfully
2026-08-21 22:34:37,539 - INFO - Running job "LiveRunner.process_cycle (trigger: interval[0:15:00], next run at: 2026-08-21 22:49:37 IST)" (scheduled at 2026-08-21 22:34:37.426022+05:30)
2026-08-21 22:34:37,554 - ERROR - [bot-1787212339455-1ae2] Halting runner cycle: Bot is configured with unexecutable instrument 'NIFTY'. Error: Fatal Non-Retryable Error: PROVIDER_CAPABILITY_MISMATCH: Adapter Binance Spot API does not support INDEX instrument NIFTY.
2026-08-21 22:34:38,511 - INFO - Job "LiveRunner.process_cycle (trigger: interval[0:15:00], next run at: 2026-08-21 22:49:37 IST)" executed successfully
/Users/ashishparadkar/Downloads/algo-code-main/.venv/lib/python3.9/site-packages/urllib3/__init__.py:35: NotOpenSSLWarning: urllib3 v2 only supports OpenSSL 1.1.1+, currently the 'ssl' module is compiled with 'LibreSSL 2.8.3'. See: https://github.com/urllib3/urllib3/issues/3020
  warnings.warn(
2026-08-21 22:45:17,300 - INFO - Bot state startup reconciliation finished: 0 bot(s) reconciled to STOPPED.
2026-08-21 22:45:18,871 - INFO - Telegram notification service initialized successfully (Chat ID: 5657...)
2026-08-21 22:45:19,601 - INFO - Initializing scheduled trading bot live runner for bot-1787212339455-1ae2...
2026-08-21 22:45:20,279 - INFO - SQLite database tables verified/created.
2026-08-21 22:45:21,719 - INFO - Initializing CCXT Binance in TESTNET mode.
