/Users/ashishparadkar/Downloads/algo-code-main/.venv/lib/python3.9/site-packages/urllib3/__init__.py:35: NotOpenSSLWarning: urllib3 v2 only supports OpenSSL 1.1.1+, currently the 'ssl' module is compiled with 'LibreSSL 2.8.3'. See: https://github.com/urllib3/urllib3/issues/3020
  warnings.warn(
/Users/ashishparadkar/Downloads/algo-code-main/.venv/lib/python3.9/site-packages/urllib3/__init__.py:35: NotOpenSSLWarning: urllib3 v2 only supports OpenSSL 1.1.1+, currently the 'ssl' module is compiled with 'LibreSSL 2.8.3'. See: https://github.com/urllib3/urllib3/issues/3020
  warnings.warn(
2026-08-21 21:40:21,304 - INFO - Bot state startup reconciliation finished: 0 bot(s) reconciled to STOPPED.
2026-08-21 21:40:28,515 - INFO - Telegram notification service initialized successfully (Chat ID: 5657...)
2026-08-21 21:40:29,222 - INFO - Initializing scheduled trading bot live runner for bot-1787316056670-af06...
2026-08-21 21:40:30,706 - INFO - SQLite database tables verified/created.
2026-08-21 21:40:34,297 - INFO - Initializing CCXT Binance in TESTNET mode.
2026-08-21 21:45:12,241 - INFO - [bot-1787316056670-af06] Pre-flight instrument resolved: BTC/USDT (SPOT via binance_spot)
2026-08-21 21:45:18,935 - INFO - [bot-1787316056670-af06] Starting signal check cycle for BTC/USDT (15m)...
2026-08-21 21:45:19,754 - INFO - Fetching recent candles for BTC/USDT (15m) [Bot: bot-1787316056670-af06] via ProviderManager...
2026-08-21 22:01:14,629 - INFO - Indicators computed | close=77368.01 ema_9=77294.39 ema_20=77245.53 ema_50=76626.14 ema_200=72842.49 macd=115.9735 poc=63050.0 val=62700.0 vah=72550.0
2026-08-21 22:01:15,469 - INFO - [bot-1787316056670-af06] Evaluating strategy on completed candle: 2026-08-21 16:15:00+00:00 at Close price: 77383.87
2026-08-21 22:01:20,454 - INFO - Confluence Evaluation | Regime: TRENDING (ADX=29.4) | Direction: HOLD | BullScore: 39.5% | BearScore: 21.1% | Active: ['ema', 'macd', 'vp']
2026-08-21 22:01:22,091 - INFO - Signal evaluated: HOLD. Reason/Details: Confluence score: 40% (HOLD)
2026-08-21 22:01:24,190 - INFO - Logged heartbeat status: OK
2026-08-21 22:01:29,229 - INFO - Adding job tentatively -- it will be properly scheduled when the scheduler starts
2026-08-21 22:01:29,467 - INFO - Bot bot-1787316056670-af06 scheduled to check every 15 minutes.
2026-08-21 22:01:31,688 - INFO - Added job "LiveRunner.process_cycle" to job store "default"
2026-08-21 22:01:31,688 - INFO - Scheduler started
2026-08-21 22:16:29,301 - INFO - Running job "LiveRunner.process_cycle (trigger: interval[0:15:00], next run at: 2026-08-21 22:31:28 IST)" (scheduled at 2026-08-21 22:16:28.398676+05:30)
2026-08-21 22:16:29,772 - INFO - [bot-1787316056670-af06] Starting signal check cycle for BTC/USDT (15m)...
2026-08-21 22:16:29,863 - INFO - Fetching recent candles for BTC/USDT (15m) [Bot: bot-1787316056670-af06] via ProviderManager...
2026-08-21 22:16:34,900 - INFO - Indicators computed | close=77368.00 ema_9=77308.16 ema_20=77256.68 ema_50=76655.01 ema_200=72887.46 macd=113.4305 poc=63050.0 val=62700.0 vah=72575.0
2026-08-21 22:16:34,921 - INFO - [bot-1787316056670-af06] Evaluating strategy on completed candle: 2026-08-21 16:30:00+00:00 at Close price: 77362.04
2026-08-21 22:16:35,377 - INFO - Confluence Evaluation | Regime: TRENDING (ADX=28.9) | Direction: HOLD | BullScore: 39.5% | BearScore: 21.1% | Active: ['ema', 'macd', 'vp']
2026-08-21 22:16:35,672 - INFO - Signal evaluated: HOLD. Reason/Details: Confluence score: 40% (HOLD)
2026-08-21 22:16:36,021 - INFO - Logged heartbeat status: OK
2026-08-21 22:16:36,035 - INFO - Job "LiveRunner.process_cycle (trigger: interval[0:15:00], next run at: 2026-08-21 22:31:28 IST)" executed successfully
2026-08-21 22:31:28,598 - INFO - Running job "LiveRunner.process_cycle (trigger: interval[0:15:00], next run at: 2026-08-21 22:46:28 IST)" (scheduled at 2026-08-21 22:31:28.398676+05:30)
2026-08-21 22:31:28,746 - INFO - [bot-1787316056670-af06] Starting signal check cycle for BTC/USDT (15m)...
2026-08-21 22:31:28,842 - INFO - Fetching recent candles for BTC/USDT (15m) [Bot: bot-1787316056670-af06] via ProviderManager...
2026-08-21 22:31:31,109 - INFO - Indicators computed | close=77522.01 ema_9=77369.81 ema_20=77292.12 ema_50=76693.45 ema_200=72934.74 macd=130.0725 poc=63050.0 val=62700.0 vah=72575.0
2026-08-21 22:31:31,112 - INFO - [bot-1787316056670-af06] Evaluating strategy on completed candle: 2026-08-21 16:45:00+00:00 at Close price: 77486.01
2026-08-21 22:31:31,428 - INFO - Confluence Evaluation | Regime: TRENDING (ADX=27.4) | Direction: HOLD | BullScore: 39.5% | BearScore: 21.1% | Active: ['ema', 'macd', 'vp']
2026-08-21 22:31:31,626 - INFO - Signal evaluated: HOLD. Reason/Details: Confluence score: 40% (HOLD)
2026-08-21 22:31:31,990 - INFO - Logged heartbeat status: OK
2026-08-21 22:31:31,990 - INFO - Job "LiveRunner.process_cycle (trigger: interval[0:15:00], next run at: 2026-08-21 22:46:28 IST)" executed successfully
