2026-08-15 19:38:02,462 - INFO - Initializing scheduled trading bot live runner for bot-1786796663366-dfe5...
2026-08-15 20:22:07,024 - INFO - BotWatchdog thread started.
2026-08-15 20:22:07,025 - INFO - BotWatchdog singleton background thread started.
2026-08-15 20:22:07,084 - INFO - Initializing scheduled trading bot live runner for bot-1786796663366-dfe5...
2026-08-15 20:23:06,429 - INFO - Initializing scheduled trading bot live runner for bot-1786796663366-dfe5...
2026-08-15 20:25:11,602 - INFO - Initializing scheduled trading bot live runner for bot-1786796663366-dfe5...
2026-08-15 20:54:01,501 - INFO - BotWatchdog thread started.
2026-08-15 20:54:01,501 - INFO - BotWatchdog singleton background thread started.
2026-08-15 20:54:01,682 - INFO - Initializing scheduled trading bot live runner for bot-1786796663366-dfe5...
2026-08-15 20:54:02,376 - INFO - SQLite database tables verified/created.
2026-08-15 20:54:02,534 - INFO - Initializing CCXT Binance in TESTNET mode.
2026-08-15 20:54:03,687 - INFO - Initializing CCXT Binance in MAINNET mode (Public endpoints).
2026-08-15 20:54:03,851 - INFO - Sending Telegram alert...
2026-08-15 20:54:15,715 - INFO - Telegram alert sent successfully.
2026-08-15 20:54:15,722 - INFO - [bot-1786796663366-dfe5] Starting signal check cycle for ETH/USDT (15m)...
2026-08-15 20:54:15,730 - INFO - Fetching recent candles for ETH/USDT (15m) [Bot: bot-1786796663366-dfe5]...
2026-08-15 20:54:31,534 - INFO - Indicators computed | close=1883.65 ema_9=1883.03 ema_20=1882.20 ema_50=1881.55 ema_200=1882.15 macd=0.7804 poc=1875.0 val=1875.0 vah=1900.0
2026-08-15 20:54:31,672 - INFO - [bot-1786796663366-dfe5] Evaluating strategy on completed candle: 2026-08-15T15:00:00+00:00 at Close price: 1883.66
2026-08-15 20:54:42,940 - ERROR - Error logging bot activity for bot-1786796663366-dfe5: database is locked
2026-08-15 20:54:43,070 - INFO - Confluence Evaluation | Regime: TRENDING (ADX=36.0) | Direction: LONG | BullScore: 100.0% | BearScore: 0.0% | Active: ['ema', 'macd', 'rsi', 'vp']
2026-08-15 20:54:48,839 - INFO - Capping position size 24.570025 BTC to available cash equivalent 2.654407 BTC.
2026-08-15 20:54:54,847 - INFO - Created pending signal approval ID 118 for bot bot-1786796663366-dfe5 (LONG @ $1883.66, status: WAITING_APPROVAL)
2026-08-15 21:43:15,998 - INFO - BotWatchdog thread started.
2026-08-15 21:43:15,998 - INFO - BotWatchdog singleton background thread started.
2026-08-15 21:43:16,042 - INFO - Initializing scheduled trading bot live runner for bot-1786796663366-dfe5...
2026-08-15 21:43:16,052 - INFO - SQLite database tables verified/created.
2026-08-15 21:43:16,065 - INFO - Initializing CCXT Binance in TESTNET mode.
2026-08-15 21:43:17,174 - INFO - Initializing CCXT Binance in MAINNET mode (Public endpoints).
2026-08-15 21:43:17,183 - INFO - Sending Telegram alert...
2026-08-15 21:43:17,866 - INFO - Telegram alert sent successfully.
2026-08-15 21:43:17,870 - INFO - [bot-1786796663366-dfe5] Starting signal check cycle for ETH/USDT (15m)...
2026-08-15 21:43:17,877 - INFO - Fetching recent candles for ETH/USDT (15m) [Bot: bot-1786796663366-dfe5]...
2026-08-15 21:43:20,376 - INFO - Indicators computed | close=1884.74 ema_9=1884.05 ema_20=1882.98 ema_50=1881.97 ema_200=1882.24 macd=1.0599 poc=1875.0 val=1875.0 vah=1900.0
2026-08-15 21:43:20,377 - INFO - [bot-1786796663366-dfe5] Evaluating strategy on completed candle: 2026-08-15T15:45:00+00:00 at Close price: 1884.91
2026-08-15 21:43:20,392 - INFO - Confluence Evaluation | Regime: TRENDING (ADX=47.6) | Direction: LONG | BullScore: 82.6% | BearScore: 0.0% | Active: ['ema', 'macd', 'rsi', 'vp']
2026-08-15 21:43:20,410 - INFO - Capping position size 23.474178 BTC to available cash equivalent 2.652647 BTC.
2026-08-15 21:43:20,416 - INFO - Created pending signal approval ID 147 for bot bot-1786796663366-dfe5 (LONG @ $1884.91, status: WAITING_APPROVAL)
2026-08-15 21:43:21,266 - INFO - [bot-1786796663366-dfe5] Signal LONG generated (ID: 147). Waiting for manual user approval.
2026-08-15 21:43:21,341 - INFO - Logged heartbeat status: OK
2026-08-15 21:43:21,346 - INFO - Adding job tentatively -- it will be properly scheduled when the scheduler starts
2026-08-15 21:43:21,346 - INFO - Bot bot-1786796663366-dfe5 scheduled to check every 15 minutes.
2026-08-15 21:43:21,346 - INFO - Added job "LiveRunner.process_cycle" to job store "default"
2026-08-15 21:43:21,346 - INFO - Scheduler started
2026-08-15 21:58:21,347 - INFO - Running job "LiveRunner.process_cycle (trigger: interval[0:15:00], next run at: 2026-08-15 21:58:21 IST)" (scheduled at 2026-08-15 21:58:21.345943+05:30)
2026-08-15 21:58:21,352 - INFO - [bot-1786796663366-dfe5] Starting signal check cycle for ETH/USDT (15m)...
2026-08-15 21:58:21,361 - INFO - Fetching recent candles for ETH/USDT (15m) [Bot: bot-1786796663366-dfe5]...
2026-08-15 21:58:22,161 - INFO - Indicators computed | close=1885.55 ema_9=1884.32 ema_20=1883.21 ema_50=1882.10 ema_200=1882.27 macd=1.1182 poc=1875.0 val=1875.0 vah=1900.0
2026-08-15 21:58:22,161 - INFO - [bot-1786796663366-dfe5] Evaluating strategy on completed candle: 2026-08-15T16:00:00+00:00 at Close price: 1884.56
2026-08-15 21:58:22,195 - INFO - Confluence Evaluation | Regime: TRENDING (ADX=50.3) | Direction: LONG | BullScore: 82.6% | BearScore: 0.0% | Active: ['ema', 'macd', 'rsi', 'vp']
2026-08-15 21:58:22,223 - INFO - Capping position size 30.030030 BTC to available cash equivalent 2.653139 BTC.
2026-08-15 21:58:22,229 - INFO - [bot-1786796663366-dfe5] Signal LONG active pending approval already exists (ID: 147).
2026-08-15 21:58:22,403 - INFO - Logged heartbeat status: OK
2026-08-15 21:58:22,403 - INFO - Job "LiveRunner.process_cycle (trigger: interval[0:15:00], next run at: 2026-08-15 22:13:21 IST)" executed successfully
2026-08-16 11:54:54,797 - INFO - BotWatchdog thread started.
2026-08-16 11:54:54,797 - INFO - BotWatchdog singleton background thread started.
2026-08-16 11:54:54,850 - INFO - Initializing scheduled trading bot live runner for bot-1786796663366-dfe5...
2026-08-16 11:54:54,864 - INFO - SQLite database tables verified/created.
2026-08-16 11:54:54,885 - INFO - Initializing CCXT Binance in TESTNET mode.
2026-08-16 11:54:56,974 - INFO - Initializing CCXT Binance in MAINNET mode (Public endpoints).
2026-08-16 11:54:56,993 - INFO - Sending Telegram alert...
2026-08-16 11:54:57,888 - INFO - Telegram alert sent successfully.
2026-08-16 11:54:57,893 - INFO - [bot-1786796663366-dfe5] Starting signal check cycle for ETH/USDT (15m)...
2026-08-16 11:54:57,901 - INFO - Fetching recent candles for ETH/USDT (15m) [Bot: bot-1786796663366-dfe5]...
2026-08-16 11:55:02,969 - INFO - Indicators computed | close=1879.39 ema_9=1880.81 ema_20=1881.71 ema_50=1882.43 ema_200=1882.57 macd=-0.8216 poc=1875.0 val=1875.0 vah=1900.0
2026-08-16 11:55:02,970 - INFO - [bot-1786796663366-dfe5] Evaluating strategy on completed candle: 2026-08-16T06:00:00+00:00 at Close price: 1879.80
2026-08-16 11:55:02,995 - INFO - Confluence Evaluation | Regime: RANGING (ADX=20.1) | Direction: HOLD | BullScore: 32.6% | BearScore: 67.4% | Active: ['ema', 'macd', 'rsi', 'vp']
2026-08-16 11:55:03,014 - INFO - Signal evaluated: HOLD. Reason/Details: Confluence score: 67% (HOLD)
2026-08-16 11:55:03,193 - INFO - Logged heartbeat status: OK
2026-08-16 11:55:03,204 - INFO - Adding job tentatively -- it will be properly scheduled when the scheduler starts
2026-08-16 11:55:03,204 - INFO - Bot bot-1786796663366-dfe5 scheduled to check every 15 minutes.
2026-08-16 11:55:03,205 - INFO - Added job "LiveRunner.process_cycle" to job store "default"
2026-08-16 11:55:03,205 - INFO - Scheduler started
