2026-08-16 17:04:25,362 - INFO - Initializing scheduled trading bot live runner for bot-1786880057436-b40a...
2026-08-16 17:04:25,377 - INFO - SQLite database tables verified/created.
2026-08-16 17:04:25,385 - INFO - Initializing CCXT Binance in TESTNET mode.
2026-08-16 17:04:27,120 - INFO - Initializing CCXT Binance in MAINNET mode (Public endpoints).
2026-08-16 17:04:27,173 - INFO - Sending Telegram alert...
2026-08-16 17:04:28,191 - INFO - Telegram alert sent successfully.
2026-08-16 17:04:28,199 - INFO - [bot-1786880057436-b40a] Starting signal check cycle for ETH/USDT (15m)...
2026-08-16 17:04:28,207 - INFO - Fetching recent candles for ETH/USDT (15m) [Bot: bot-1786880057436-b40a]...
2026-08-16 17:04:31,807 - INFO - Indicators computed | close=1880.65 ema_9=1880.68 ema_20=1880.86 ema_50=1881.51 ema_200=1882.24 macd=-0.2925 poc=1875.0 val=1875.0 vah=1900.0
2026-08-16 17:04:31,808 - INFO - [bot-1786880057436-b40a] Evaluating strategy on completed candle: 2026-08-16T11:15:00+00:00 at Close price: 1880.64
2026-08-16 17:04:32,089 - INFO - Confluence Evaluation | Regime: RANGING (ADX=16.6) | Direction: HOLD | BullScore: 32.6% | BearScore: 50.0% | Active: ['ema', 'macd', 'rsi', 'vp']
2026-08-16 17:04:32,096 - INFO - Signal evaluated: HOLD. Reason/Details: Confluence score: 50% (HOLD)
2026-08-16 17:04:37,475 - INFO - Logged heartbeat status: OK
2026-08-16 17:04:37,477 - INFO - Adding job tentatively -- it will be properly scheduled when the scheduler starts
2026-08-16 17:04:37,477 - INFO - Bot bot-1786880057436-b40a scheduled to check every 15 minutes.
2026-08-16 17:04:37,477 - INFO - Added job "LiveRunner.process_cycle" to job store "default"
2026-08-16 17:04:37,477 - INFO - Scheduler started
2026-08-16 17:28:23,828 - INFO - Initializing scheduled trading bot live runner for bot-1786880057436-b40a...
2026-08-16 17:28:23,891 - INFO - SQLite database tables verified/created.
2026-08-16 17:28:23,924 - INFO - Initializing CCXT Binance in TESTNET mode.
2026-08-16 17:28:25,404 - INFO - Initializing CCXT Binance in MAINNET mode (Public endpoints).
2026-08-16 17:28:25,994 - INFO - Sending Telegram alert...
2026-08-16 17:28:27,049 - INFO - Telegram alert sent successfully.
2026-08-16 17:28:27,251 - INFO - [bot-1786880057436-b40a] Starting signal check cycle for ETH/USDT (15m)...
2026-08-16 17:28:27,466 - WARNING - Global Kill switch active! Found flag file or config switch.
2026-08-16 17:28:27,467 - WARNING - Kill switch file active. Skipping cycle.
2026-08-16 17:28:27,467 - INFO - Sending Telegram alert...
2026-08-16 17:28:28,761 - INFO - Telegram alert sent successfully.
2026-08-16 17:28:28,951 - INFO - Logged heartbeat status: OK
2026-08-16 17:28:29,176 - INFO - Adding job tentatively -- it will be properly scheduled when the scheduler starts
2026-08-16 17:28:29,176 - INFO - Bot bot-1786880057436-b40a scheduled to check every 15 minutes.
2026-08-16 17:28:29,176 - INFO - Added job "LiveRunner.process_cycle" to job store "default"
2026-08-16 17:28:29,177 - INFO - Scheduler started
2026-08-16 17:28:38,486 - ERROR - Audit batch write failed: database is locked
2026-08-16 18:12:26,340 - INFO - Initializing scheduled trading bot live runner for bot-1786880057436-b40a...
2026-08-16 18:12:26,929 - INFO - SQLite database tables verified/created.
2026-08-16 18:12:28,830 - INFO - Initializing CCXT Binance in TESTNET mode.
2026-08-16 18:12:31,236 - INFO - Initializing CCXT Binance in MAINNET mode (Public endpoints).
2026-08-16 18:12:31,644 - INFO - Sending Telegram alert...
2026-08-16 18:12:32,711 - INFO - Telegram alert sent successfully.
2026-08-16 18:12:32,782 - INFO - [bot-1786880057436-b40a] Starting signal check cycle for ETH/USDT (15m)...
2026-08-16 18:12:33,083 - INFO - Fetching recent candles for ETH/USDT (15m) [Bot: bot-1786880057436-b40a]...
2026-08-16 18:12:35,723 - INFO - Indicators computed | close=1879.50 ema_9=1880.37 ema_20=1880.65 ema_50=1881.32 ema_200=1882.16 macd=-0.3437 poc=1875.0 val=1875.0 vah=1900.0
2026-08-16 18:12:35,723 - INFO - [bot-1786880057436-b40a] Evaluating strategy on completed candle: 2026-08-16T12:15:00+00:00 at Close price: 1880.61
2026-08-16 18:12:38,913 - INFO - Confluence Evaluation | Regime: RANGING (ADX=15.3) | Direction: HOLD | BullScore: 32.6% | BearScore: 50.0% | Active: ['ema', 'macd', 'rsi', 'vp']
2026-08-16 18:12:39,130 - INFO - Signal evaluated: HOLD. Reason/Details: Confluence score: 50% (HOLD)
2026-08-16 18:12:40,011 - INFO - Logged heartbeat status: OK
2026-08-16 18:12:40,018 - INFO - Adding job tentatively -- it will be properly scheduled when the scheduler starts
2026-08-16 18:12:40,018 - INFO - Bot bot-1786880057436-b40a scheduled to check every 15 minutes.
2026-08-16 18:12:40,019 - INFO - Added job "LiveRunner.process_cycle" to job store "default"
2026-08-16 18:12:40,019 - INFO - Scheduler started
2026-08-16 18:14:36,057 - INFO - Initializing scheduled trading bot live runner for bot-1786880057436-b40a...
2026-08-16 18:14:36,088 - INFO - SQLite database tables verified/created.
2026-08-16 18:14:36,092 - INFO - Initializing CCXT Binance in TESTNET mode.
2026-08-16 18:14:39,181 - INFO - Initializing CCXT Binance in MAINNET mode (Public endpoints).
2026-08-16 18:14:39,188 - INFO - Sending Telegram alert...
2026-08-16 18:14:40,012 - INFO - Telegram alert sent successfully.
2026-08-16 18:14:40,014 - INFO - [bot-1786880057436-b40a] Starting signal check cycle for ETH/USDT (15m)...
2026-08-16 18:14:40,019 - INFO - Fetching recent candles for ETH/USDT (15m) [Bot: bot-1786880057436-b40a]...
2026-08-16 18:14:43,068 - INFO - Indicators computed | close=1879.51 ema_9=1880.37 ema_20=1880.65 ema_50=1881.32 ema_200=1882.16 macd=-0.3429 poc=1875.0 val=1875.0 vah=1900.0
2026-08-16 18:14:43,069 - INFO - [bot-1786880057436-b40a] Evaluating strategy on completed candle: 2026-08-16T12:15:00+00:00 at Close price: 1880.61
2026-08-16 18:14:43,081 - INFO - Confluence Evaluation | Regime: RANGING (ADX=15.3) | Direction: HOLD | BullScore: 32.6% | BearScore: 50.0% | Active: ['ema', 'macd', 'rsi', 'vp']
2026-08-16 18:14:43,088 - INFO - Signal evaluated: HOLD. Reason/Details: Confluence score: 50% (HOLD)
2026-08-16 18:14:43,123 - INFO - Logged heartbeat status: OK
2026-08-16 18:14:43,126 - INFO - Adding job tentatively -- it will be properly scheduled when the scheduler starts
2026-08-16 18:14:43,126 - INFO - Bot bot-1786880057436-b40a scheduled to check every 15 minutes.
2026-08-16 18:14:43,126 - INFO - Added job "LiveRunner.process_cycle" to job store "default"
2026-08-16 18:14:43,126 - INFO - Scheduler started
2026-08-16 18:17:51,638 - INFO - Initializing scheduled trading bot live runner for bot-1786880057436-b40a...
2026-08-16 18:17:51,841 - INFO - SQLite database tables verified/created.
2026-08-16 18:17:52,099 - INFO - Initializing CCXT Binance in TESTNET mode.
2026-08-16 18:17:54,588 - INFO - Initializing CCXT Binance in MAINNET mode (Public endpoints).
2026-08-16 18:17:54,682 - INFO - Sending Telegram alert...
2026-08-16 18:17:55,725 - INFO - Telegram alert sent successfully.
2026-08-16 18:17:55,729 - INFO - [bot-1786880057436-b40a] Starting signal check cycle for ETH/USDT (15m)...
2026-08-16 18:17:55,732 - INFO - Fetching recent candles for ETH/USDT (15m) [Bot: bot-1786880057436-b40a]...
2026-08-16 18:18:28,025 - INFO - Indicators computed | close=1879.67 ema_9=1880.23 ema_20=1880.55 ema_50=1881.25 ema_200=1882.14 macd=-0.3807 poc=1875.0 val=1875.0 vah=1900.0
2026-08-16 18:18:28,260 - INFO - [bot-1786880057436-b40a] Evaluating strategy on completed candle: 2026-08-16T12:30:00+00:00 at Close price: 1879.50
2026-08-16 18:18:38,985 - INFO - Confluence Evaluation | Regime: RANGING (ADX=19.1) | Direction: HOLD | BullScore: 32.6% | BearScore: 67.4% | Active: ['ema', 'macd', 'rsi', 'vp']
2026-08-16 18:18:39,023 - INFO - Signal evaluated: HOLD. Reason/Details: Confluence score: 67% (HOLD)
2026-08-16 18:18:39,118 - INFO - Logged heartbeat status: OK
2026-08-16 18:18:39,349 - INFO - Adding job tentatively -- it will be properly scheduled when the scheduler starts
2026-08-16 18:18:39,349 - INFO - Bot bot-1786880057436-b40a scheduled to check every 15 minutes.
2026-08-16 18:18:39,360 - INFO - Added job "LiveRunner.process_cycle" to job store "default"
2026-08-16 18:18:39,360 - INFO - Scheduler started
2026-08-16 18:35:32,187 - INFO - Initializing scheduled trading bot live runner for bot-1786880057436-b40a...
2026-08-16 18:35:33,452 - INFO - SQLite database tables verified/created.
2026-08-16 18:35:34,634 - INFO - Initializing CCXT Binance in TESTNET mode.
2026-08-16 18:35:37,356 - INFO - Initializing CCXT Binance in MAINNET mode (Public endpoints).
2026-08-16 18:35:38,393 - INFO - Sending Telegram alert...
2026-08-16 18:35:50,279 - ERROR - Error logging Telegram event: database is locked
2026-08-16 18:35:50,280 - INFO - Telegram alert sent successfully.
2026-08-16 18:35:51,359 - INFO - [bot-1786880057436-b40a] Starting signal check cycle for ETH/USDT (15m)...
2026-08-16 18:35:55,628 - INFO - Fetching recent candles for ETH/USDT (15m) [Bot: bot-1786880057436-b40a]...
2026-08-16 18:36:00,146 - INFO - Indicators computed | close=1880.23 ema_9=1880.26 ema_20=1880.54 ema_50=1881.22 ema_200=1882.12 macd=-0.3508 poc=1875.0 val=1875.0 vah=1900.0
2026-08-16 18:36:00,146 - INFO - [bot-1786880057436-b40a] Evaluating strategy on completed candle: 2026-08-16T12:45:00+00:00 at Close price: 1879.83
2026-08-16 18:36:03,985 - INFO - Confluence Evaluation | Regime: RANGING (ADX=22.0) | Direction: HOLD | BullScore: 32.6% | BearScore: 67.4% | Active: ['ema', 'macd', 'rsi', 'vp']
2026-08-16 18:36:14,714 - ERROR - Error logging bot decision for bot-1786880057436-b40a: database is locked
2026-08-16 18:36:18,704 - INFO - Signal evaluated: HOLD. Reason/Details: Confluence score: 67% (HOLD)
2026-08-16 18:36:29,748 - ERROR - Error logging heartbeat to DB: database is locked
2026-08-16 18:36:33,187 - INFO - Logged heartbeat status: OK
2026-08-16 18:36:33,189 - INFO - Adding job tentatively -- it will be properly scheduled when the scheduler starts
2026-08-16 18:36:33,189 - INFO - Bot bot-1786880057436-b40a scheduled to check every 15 minutes.
2026-08-16 18:36:33,189 - INFO - Added job "LiveRunner.process_cycle" to job store "default"
2026-08-16 18:36:33,189 - INFO - Scheduler started
2026-08-16 19:05:51,232 - INFO - Initializing scheduled trading bot live runner for bot-1786880057436-b40a...
2026-08-16 19:05:51,302 - INFO - SQLite database tables verified/created.
2026-08-16 19:05:51,329 - INFO - Initializing CCXT Binance in TESTNET mode.
2026-08-16 19:05:53,892 - INFO - Initializing CCXT Binance in MAINNET mode (Public endpoints).
2026-08-16 19:05:54,939 - INFO - Sending Telegram alert...
2026-08-16 19:05:56,654 - INFO - Telegram alert sent successfully.
2026-08-16 19:05:57,095 - INFO - [bot-1786880057436-b40a] Starting signal check cycle for ETH/USDT (15m)...
2026-08-16 19:05:58,626 - WARNING - Global Kill switch active! Found flag file or config switch.
2026-08-16 19:05:58,626 - WARNING - Kill switch file active. Skipping cycle.
2026-08-16 19:05:58,626 - INFO - Sending Telegram alert...
2026-08-16 19:05:59,726 - INFO - Telegram alert sent successfully.
2026-08-16 19:06:04,386 - INFO - Logged heartbeat status: OK
2026-08-16 19:06:04,392 - INFO - Adding job tentatively -- it will be properly scheduled when the scheduler starts
2026-08-16 19:06:04,393 - INFO - Bot bot-1786880057436-b40a scheduled to check every 15 minutes.
2026-08-16 19:06:04,393 - INFO - Added job "LiveRunner.process_cycle" to job store "default"
2026-08-16 19:06:04,393 - INFO - Scheduler started
2026-08-16 19:06:06,150 - ERROR - Audit batch write failed: database is locked
2026-08-16 19:11:25,005 - INFO - Initializing scheduled trading bot live runner for bot-1786880057436-b40a...
2026-08-16 19:11:30,069 - INFO - SQLite database tables verified/created.
2026-08-16 19:11:30,390 - INFO - Initializing CCXT Binance in TESTNET mode.
2026-08-16 19:11:35,029 - INFO - Initializing CCXT Binance in MAINNET mode (Public endpoints).
2026-08-16 19:11:35,542 - INFO - Sending Telegram alert...
2026-08-16 19:11:36,259 - INFO - Telegram alert sent successfully.
2026-08-16 19:11:36,608 - INFO - [bot-1786880057436-b40a] Starting signal check cycle for ETH/USDT (15m)...
2026-08-16 19:11:38,107 - INFO - Fetching recent candles for ETH/USDT (15m) [Bot: bot-1786880057436-b40a]...
2026-08-16 19:11:44,118 - ERROR - Error fetching live OHLCV for ETH/USDT 15m: binance does not have market symbol ETH/USDT
2026-08-16 19:11:44,170 - ERROR - System Error in runner execution cycle: binance does not have market symbol ETH/USDT
Traceback (most recent call last):
  File "H:\algo\algo\btc-bot\src\live_runner.py", line 167, in process_cycle
    df = self.mainnet_fetcher.fetch_live_ohlcv(self.symbol, self.timeframe, limit=1000)
  File "H:\algo\algo\btc-bot\src\data_fetcher.py", line 196, in fetch_live_ohlcv
    raise e
  File "H:\algo\algo\btc-bot\src\data_fetcher.py", line 175, in fetch_live_ohlcv
    candles = self.exchange.fetch_ohlcv(
        symbol=symbol,
        timeframe=timeframe,
        limit=limit
    )
  File "H:\algo\algo\.venv\Lib\site-packages\ccxt\binance.py", line 4718, in fetch_ohlcv
    market = self.market(symbol)
  File "H:\algo\algo\.venv\Lib\site-packages\ccxt\binance.py", line 2916, in market
    raise BadSymbol(self.id + ' does not have market symbol ' + symbol)
ccxt.base.errors.BadSymbol: binance does not have market symbol ETH/USDT
2026-08-16 19:11:46,606 - ERROR - Audit batch write failed: database is locked
2026-08-16 19:11:56,068 - INFO - Sending Telegram alert...
2026-08-16 19:12:07,810 - INFO - Telegram alert sent successfully.
2026-08-16 19:12:28,505 - ERROR - Error logging bot status: database is locked
2026-08-16 19:12:35,145 - INFO - Logged heartbeat status: ERROR
2026-08-16 19:12:35,150 - INFO - Adding job tentatively -- it will be properly scheduled when the scheduler starts
2026-08-16 19:12:35,150 - INFO - Bot bot-1786880057436-b40a scheduled to check every 15 minutes.
2026-08-16 19:12:35,150 - INFO - Added job "LiveRunner.process_cycle" to job store "default"
2026-08-16 19:12:35,150 - INFO - Scheduler started
