/Users/ashishparadkar/Downloads/algo-code-main/.venv/lib/python3.9/site-packages/urllib3/__init__.py:35: NotOpenSSLWarning: urllib3 v2 only supports OpenSSL 1.1.1+, currently the 'ssl' module is compiled with 'LibreSSL 2.8.3'. See: https://github.com/urllib3/urllib3/issues/3020
  warnings.warn(
2026-08-18 17:55:52,593 - INFO - Initializing scheduled trading bot live runner for bot-1787055936758-bec1...
2026-08-18 17:55:52,646 - INFO - SQLite database tables verified/created.
2026-08-18 17:55:52,716 - WARNING - Telegram alerts are DISABLED. Set TELEGRAM_BOT_TOKEN and TELEGRAM_CHAT_ID in your .env file.
2026-08-18 17:55:52,721 - INFO - Initializing CCXT Binance in TESTNET mode.
2026-08-18 17:55:54,681 - INFO - Initializing CCXT Binance in MAINNET mode (Public endpoints).
2026-08-18 17:55:54,698 - INFO - Skipping Telegram notification (disabled): 🚀 <b>op Started</b>
• <b>Symbol</b>: BTC/USDT
• <b>Timeframe</b>: 5m
• <b>Status</b>: RUNNING
2026-08-18 17:55:54,702 - INFO - [bot-1787055936758-bec1] Starting signal check cycle for BTC/USDT (5m)...
2026-08-18 17:55:54,756 - INFO - Fetching recent candles for BTC/USDT (5m) [Bot: bot-1787055936758-bec1]...
2026-08-18 17:55:58,592 - INFO - Indicators computed | close=64298.00 ema_9=64312.72 ema_20=64303.81 ema_50=64271.55 ema_200=64198.24 macd=18.5586 poc=63050.0 val=62750.0 vah=64150.0
2026-08-18 17:55:58,596 - INFO - [bot-1787055936758-bec1] Evaluating strategy on completed candle: 2026-08-18T12:20:00+00:00 at Close price: 64298.00
2026-08-18 17:55:58,654 - INFO - Confluence Evaluation | Regime: TRENDING (ADX=53.5) | Direction: HOLD | BullScore: 38.5% | BearScore: 30.8% | Active: ['vp', 'stochastic', 'bollinger']
2026-08-18 17:55:58,741 - INFO - Signal evaluated: HOLD. Reason/Details: Confluence score: 38% (HOLD)
2026-08-18 17:55:58,941 - INFO - Logged heartbeat status: OK
2026-08-18 17:55:58,954 - INFO - Adding job tentatively -- it will be properly scheduled when the scheduler starts
2026-08-18 17:55:58,954 - INFO - Bot bot-1787055936758-bec1 scheduled to check every 5 minutes.
2026-08-18 17:55:58,958 - INFO - Added job "LiveRunner.process_cycle" to job store "default"
2026-08-18 17:55:58,958 - INFO - Scheduler started
2026-08-18 18:06:20,706 - WARNING - Run time of job "LiveRunner.process_cycle (trigger: interval[0:05:00], next run at: 2026-08-18 18:10:58 IST)" was missed by 0:00:21.751841
2026-08-18 18:10:58,973 - INFO - Running job "LiveRunner.process_cycle (trigger: interval[0:05:00], next run at: 2026-08-18 18:15:58 IST)" (scheduled at 2026-08-18 18:10:58.953814+05:30)
2026-08-18 18:10:58,992 - INFO - [bot-1787055936758-bec1] Starting signal check cycle for BTC/USDT (5m)...
2026-08-18 18:10:59,052 - INFO - Fetching recent candles for BTC/USDT (5m) [Bot: bot-1787055936758-bec1]...
2026-08-18 18:10:59,593 - INFO - Indicators computed | close=64260.14 ema_9=64292.65 ema_20=64295.89 ema_50=64271.84 ema_200=64200.50 macd=6.7633 poc=63050.0 val=62750.0 vah=64150.0
2026-08-18 18:10:59,600 - INFO - [bot-1787055936758-bec1] Evaluating strategy on completed candle: 2026-08-18T12:35:00+00:00 at Close price: 64260.14
2026-08-18 18:10:59,657 - INFO - Confluence Evaluation | Regime: TRENDING (ADX=46.8) | Direction: HOLD | BullScore: 0.0% | BearScore: 69.2% | Active: ['vp', 'stochastic', 'bollinger']
2026-08-18 18:10:59,759 - INFO - Signal evaluated: HOLD. Reason/Details: Confluence score: 69% (HOLD)
2026-08-18 18:10:59,984 - INFO - Logged heartbeat status: OK
2026-08-18 18:10:59,984 - INFO - Job "LiveRunner.process_cycle (trigger: interval[0:05:00], next run at: 2026-08-18 18:15:58 IST)" executed successfully
2026-08-18 18:15:58,976 - INFO - Running job "LiveRunner.process_cycle (trigger: interval[0:05:00], next run at: 2026-08-18 18:20:58 IST)" (scheduled at 2026-08-18 18:15:58.953814+05:30)
2026-08-18 18:15:58,983 - INFO - [bot-1787055936758-bec1] Starting signal check cycle for BTC/USDT (5m)...
2026-08-18 18:15:59,041 - INFO - Fetching recent candles for BTC/USDT (5m) [Bot: bot-1787055936758-bec1]...
2026-08-18 18:15:59,686 - INFO - Indicators computed | close=64248.00 ema_9=64282.74 ema_20=64290.80 ema_50=64270.68 ema_200=64200.91 macd=1.9601 poc=63050.0 val=62750.0 vah=64150.0
2026-08-18 18:15:59,687 - INFO - [bot-1787055936758-bec1] Evaluating strategy on completed candle: 2026-08-18T12:40:00+00:00 at Close price: 64254.01
2026-08-18 18:15:59,741 - INFO - SHORT signal blocked | Trend blocked (Close 64254.01 >= EMA200 64200.44) | Momentum blocked (MACD 6.2743 >= 0) | context={'close': 64254.01, 'ema_9': 64291.42652327306, 'ema_20': 64295.30517511526, 'ema_50': 64271.602200820016, 'ema_200': 64200.43571117145, 'macd_line': 6.27430327678303, 'macd_signal': 19.830844266057284, 'macd_hist': -13.556540989274254, 'poc': np.float64(63050.0), 'val': np.float64(62750.0), 'vah': np.float64(64150.0)}
2026-08-18 18:15:59,745 - INFO - Confluence Evaluation | Regime: TRENDING (ADX=44.5) | Direction: HOLD | BullScore: 0.0% | BearScore: 69.2% | Active: ['vp', 'stochastic', 'bollinger']
2026-08-18 18:15:59,836 - INFO - Signal evaluated: HOLD. Reason/Details: SHORT setup blocked: Trend blocked (Close 64254.01 >= EMA200 64200.44) | Momentum blocked (MACD 6.2743 >= 0)
2026-08-18 18:15:59,837 - INFO - Skipping Telegram notification (disabled): 🚫 <b>SIGNAL BLOCKED</b>
• <b>Reason</b>: SHORT setup blocked: Trend blocked (Close 64254.01 >= EMA200 64200.44) | Momentum blocked (MACD 6.2743 >= 0)
2026-08-18 18:16:00,042 - INFO - Logged heartbeat status: OK
2026-08-18 18:16:00,043 - INFO - Job "LiveRunner.process_cycle (trigger: interval[0:05:00], next run at: 2026-08-18 18:20:58 IST)" executed successfully
2026-08-18 18:20:58,989 - INFO - Running job "LiveRunner.process_cycle (trigger: interval[0:05:00], next run at: 2026-08-18 18:25:58 IST)" (scheduled at 2026-08-18 18:20:58.953814+05:30)
2026-08-18 18:20:58,998 - INFO - [bot-1787055936758-bec1] Starting signal check cycle for BTC/USDT (5m)...
2026-08-18 18:20:59,047 - INFO - Fetching recent candles for BTC/USDT (5m) [Bot: bot-1787055936758-bec1]...
2026-08-18 18:20:59,546 - INFO - Indicators computed | close=64251.00 ema_9=64275.44 ema_20=64286.50 ema_50=64269.68 ema_200=64201.35 macd=-1.5688 poc=63050.0 val=62750.0 vah=64150.0
2026-08-18 18:20:59,547 - INFO - [bot-1787055936758-bec1] Evaluating strategy on completed candle: 2026-08-18T12:45:00+00:00 at Close price: 64242.06
2026-08-18 18:20:59,607 - INFO - Confluence Evaluation | Regime: TRENDING (ADX=42.5) | Direction: HOLD | BullScore: 0.0% | BearScore: 69.2% | Active: ['vp', 'stochastic', 'bollinger']
2026-08-18 18:20:59,707 - INFO - Signal evaluated: HOLD. Reason/Details: Confluence score: 69% (HOLD)
2026-08-18 18:20:59,905 - INFO - Logged heartbeat status: OK
2026-08-18 18:20:59,905 - INFO - Job "LiveRunner.process_cycle (trigger: interval[0:05:00], next run at: 2026-08-18 18:25:58 IST)" executed successfully
2026-08-18 18:25:58,977 - INFO - Running job "LiveRunner.process_cycle (trigger: interval[0:05:00], next run at: 2026-08-18 18:30:58 IST)" (scheduled at 2026-08-18 18:25:58.953814+05:30)
2026-08-18 18:25:59,019 - INFO - [bot-1787055936758-bec1] Starting signal check cycle for BTC/USDT (5m)...
2026-08-18 18:25:59,079 - INFO - Fetching recent candles for BTC/USDT (5m) [Bot: bot-1787055936758-bec1]...
2026-08-18 18:25:59,678 - INFO - Indicators computed | close=64237.71 ema_9=64266.49 ema_20=64281.09 ema_50=64268.10 ema_200=64201.62 macd=-5.5473 poc=63050.0 val=62750.0 vah=64150.0
2026-08-18 18:25:59,679 - INFO - [bot-1787055936758-bec1] Evaluating strategy on completed candle: 2026-08-18T12:50:00+00:00 at Close price: 64242.19
2026-08-18 18:25:59,764 - INFO - Confluence Evaluation | Regime: TRENDING (ADX=41.5) | Direction: HOLD | BullScore: 38.5% | BearScore: 30.8% | Active: ['vp', 'stochastic', 'bollinger']
2026-08-18 18:25:59,827 - INFO - Signal evaluated: HOLD. Reason/Details: Confluence score: 38% (HOLD)
2026-08-18 18:26:00,015 - INFO - Logged heartbeat status: OK
2026-08-18 18:26:00,016 - INFO - Job "LiveRunner.process_cycle (trigger: interval[0:05:00], next run at: 2026-08-18 18:30:58 IST)" executed successfully
/Users/ashishparadkar/Downloads/algo-code-main/.venv/lib/python3.9/site-packages/urllib3/__init__.py:35: NotOpenSSLWarning: urllib3 v2 only supports OpenSSL 1.1.1+, currently the 'ssl' module is compiled with 'LibreSSL 2.8.3'. See: https://github.com/urllib3/urllib3/issues/3020
  warnings.warn(
