/Users/ashishparadkar/Downloads/algo-code-main/.venv/lib/python3.9/site-packages/urllib3/__init__.py:35: NotOpenSSLWarning: urllib3 v2 only supports OpenSSL 1.1.1+, currently the 'ssl' module is compiled with 'LibreSSL 2.8.3'. See: https://github.com/urllib3/urllib3/issues/3020
  warnings.warn(
/Users/ashishparadkar/Downloads/algo-code-main/.venv/lib/python3.9/site-packages/urllib3/__init__.py:35: NotOpenSSLWarning: urllib3 v2 only supports OpenSSL 1.1.1+, currently the 'ssl' module is compiled with 'LibreSSL 2.8.3'. See: https://github.com/urllib3/urllib3/issues/3020
  warnings.warn(
/Users/ashishparadkar/Downloads/algo-code-main/.venv/lib/python3.9/site-packages/urllib3/__init__.py:35: NotOpenSSLWarning: urllib3 v2 only supports OpenSSL 1.1.1+, currently the 'ssl' module is compiled with 'LibreSSL 2.8.3'. See: https://github.com/urllib3/urllib3/issues/3020
  warnings.warn(
2026-08-21 21:38:58,108 - INFO - Bot state startup reconciliation finished: 0 bot(s) reconciled to STOPPED.
2026-08-21 21:39:04,963 - INFO - Telegram notification service initialized successfully (Chat ID: 5657...)
2026-08-21 21:39:07,326 - INFO - Initializing scheduled trading bot live runner for bot-1787306389585-ce71...
2026-08-21 21:39:09,841 - INFO - SQLite database tables verified/created.
2026-08-21 21:39:09,912 - INFO - Initializing CCXT Binance in TESTNET mode.
2026-08-21 21:42:54,440 - INFO - [bot-1787306389585-ce71] Pre-flight instrument resolved: SOL/USDT (SPOT via binance_spot)
2026-08-21 21:43:07,244 - INFO - [bot-1787306389585-ce71] Starting signal check cycle for SOL/USDT (5m)...
2026-08-21 21:43:09,566 - INFO - Fetching recent candles for SOL/USDT (5m) [Bot: bot-1787306389585-ce71] via ProviderManager...
2026-08-21 22:03:28,274 - INFO - Indicators computed | close=91.43 ema_9=91.32 ema_20=91.34 ema_50=91.23 ema_200=90.25 macd=0.0038 poc=75.0 val=75.0 vah=75.0
2026-08-21 22:03:28,370 - INFO - [bot-1787306389585-ce71] Evaluating strategy on completed candle: 2026-08-21 16:25:00+00:00 at Close price: 91.51
2026-08-21 22:03:28,906 - INFO - Confluence Evaluation | Regime: TRENDING (ADX=35.3) | Direction: HOLD | BullScore: 32.6% | BearScore: 67.4% | Active: ['ema', 'macd', 'rsi', 'vp']
2026-08-21 22:03:29,347 - INFO - Signal evaluated: HOLD. Reason/Details: Confluence score: 67% (HOLD)
2026-08-21 22:03:29,729 - INFO - Logged heartbeat status: OK
2026-08-21 22:03:30,965 - INFO - Adding job tentatively -- it will be properly scheduled when the scheduler starts
2026-08-21 22:03:30,965 - INFO - Bot bot-1787306389585-ce71 scheduled to check every 5 minutes.
2026-08-21 22:03:31,330 - INFO - Added job "LiveRunner.process_cycle" to job store "default"
2026-08-21 22:03:31,330 - INFO - Scheduler started
2026-08-21 22:08:30,825 - INFO - Running job "LiveRunner.process_cycle (trigger: interval[0:05:00], next run at: 2026-08-21 22:13:30 IST)" (scheduled at 2026-08-21 22:08:30.774596+05:30)
2026-08-21 22:08:30,861 - INFO - [bot-1787306389585-ce71] Starting signal check cycle for SOL/USDT (5m)...
2026-08-21 22:08:30,932 - INFO - Fetching recent candles for SOL/USDT (5m) [Bot: bot-1787306389585-ce71] via ProviderManager...
2026-08-21 22:08:31,604 - INFO - Indicators computed | close=91.48 ema_9=91.37 ema_20=91.36 ema_50=91.25 ema_200=90.26 macd=0.0208 poc=75.0 val=75.0 vah=75.0
2026-08-21 22:08:31,606 - INFO - [bot-1787306389585-ce71] Evaluating strategy on completed candle: 2026-08-21 16:30:00+00:00 at Close price: 91.52
2026-08-21 22:08:31,708 - INFO - Confluence Evaluation | Regime: TRENDING (ADX=32.9) | Direction: HOLD | BullScore: 32.6% | BearScore: 34.8% | Active: ['ema', 'macd', 'rsi', 'vp']
2026-08-21 22:08:31,822 - INFO - Signal evaluated: HOLD. Reason/Details: Confluence score: 35% (HOLD)
2026-08-21 22:08:32,022 - INFO - Logged heartbeat status: OK
2026-08-21 22:08:32,022 - INFO - Job "LiveRunner.process_cycle (trigger: interval[0:05:00], next run at: 2026-08-21 22:13:30 IST)" executed successfully
2026-08-21 22:13:30,807 - INFO - Running job "LiveRunner.process_cycle (trigger: interval[0:05:00], next run at: 2026-08-21 22:18:30 IST)" (scheduled at 2026-08-21 22:13:30.774596+05:30)
2026-08-21 22:13:30,905 - INFO - [bot-1787306389585-ce71] Starting signal check cycle for SOL/USDT (5m)...
2026-08-21 22:13:30,950 - INFO - Fetching recent candles for SOL/USDT (5m) [Bot: bot-1787306389585-ce71] via ProviderManager...
2026-08-21 22:13:31,795 - INFO - Indicators computed | close=91.38 ema_9=91.39 ema_20=91.38 ema_50=91.25 ema_200=90.27 macd=0.0271 poc=75.0 val=75.0 vah=75.0
2026-08-21 22:13:31,800 - INFO - [bot-1787306389585-ce71] Evaluating strategy on completed candle: 2026-08-21 16:35:00+00:00 at Close price: 91.59
2026-08-21 22:13:31,951 - INFO - LONG signal blocked | Location blocked (Close 91.59 outside Value Area [73.50 - 76.50], VAL=75.00, VAH=75.00) | context={'close': 91.59, 'ema_9': 91.38839763928361, 'ema_20': 91.37506947835311, 'ema_50': 91.24986974854684, 'ema_200': 90.26007095397489, 'macd_line': 0.02956168449264851, 'macd_signal': 0.03348612307182361, 'macd_hist': -0.003924438579175099, 'poc': np.float64(75.0), 'val': np.float64(75.0), 'vah': np.float64(75.0)}
2026-08-21 22:13:31,971 - INFO - Confluence Evaluation | Regime: TRENDING (ADX=30.8) | Direction: HOLD | BullScore: 50.0% | BearScore: 17.4% | Active: ['ema', 'macd', 'rsi', 'vp']
2026-08-21 22:13:32,053 - INFO - Signal evaluated: HOLD. Reason/Details: LONG setup blocked: Location blocked (Close 91.59 outside Value Area [73.50 - 76.50], VAL=75.00, VAH=75.00)
2026-08-21 22:13:32,222 - INFO - Logged heartbeat status: OK
2026-08-21 22:13:32,222 - INFO - Job "LiveRunner.process_cycle (trigger: interval[0:05:00], next run at: 2026-08-21 22:18:30 IST)" executed successfully
2026-08-21 22:18:30,789 - INFO - Running job "LiveRunner.process_cycle (trigger: interval[0:05:00], next run at: 2026-08-21 22:23:30 IST)" (scheduled at 2026-08-21 22:18:30.774596+05:30)
2026-08-21 22:18:30,807 - INFO - [bot-1787306389585-ce71] Starting signal check cycle for SOL/USDT (5m)...
2026-08-21 22:18:30,849 - INFO - Fetching recent candles for SOL/USDT (5m) [Bot: bot-1787306389585-ce71] via ProviderManager...
2026-08-21 22:18:31,551 - INFO - Indicators computed | close=91.62 ema_9=91.43 ema_20=91.40 ema_50=91.27 ema_200=90.28 macd=0.0446 poc=75.0 val=75.0 vah=75.0
2026-08-21 22:18:31,552 - INFO - [bot-1787306389585-ce71] Evaluating strategy on completed candle: 2026-08-21 16:40:00+00:00 at Close price: 91.39
2026-08-21 22:18:31,621 - INFO - Confluence Evaluation | Regime: TRENDING (ADX=29.8) | Direction: HOLD | BullScore: 32.6% | BearScore: 34.8% | Active: ['ema', 'macd', 'rsi', 'vp']
2026-08-21 22:18:31,719 - INFO - Signal evaluated: HOLD. Reason/Details: Confluence score: 35% (HOLD)
2026-08-21 22:18:31,943 - INFO - Logged heartbeat status: OK
2026-08-21 22:18:31,944 - INFO - Job "LiveRunner.process_cycle (trigger: interval[0:05:00], next run at: 2026-08-21 22:23:30 IST)" executed successfully
2026-08-21 22:23:30,827 - INFO - Running job "LiveRunner.process_cycle (trigger: interval[0:05:00], next run at: 2026-08-21 22:28:30 IST)" (scheduled at 2026-08-21 22:23:30.774596+05:30)
2026-08-21 22:23:30,869 - INFO - [bot-1787306389585-ce71] Starting signal check cycle for SOL/USDT (5m)...
2026-08-21 22:23:30,931 - INFO - Fetching recent candles for SOL/USDT (5m) [Bot: bot-1787306389585-ce71] via ProviderManager...
2026-08-21 22:23:31,466 - INFO - Indicators computed | close=91.72 ema_9=91.50 ema_20=91.44 ema_50=91.29 ema_200=90.30 macd=0.0700 poc=75.0 val=75.0 vah=75.0
2026-08-21 22:23:31,467 - INFO - [bot-1787306389585-ce71] Evaluating strategy on completed candle: 2026-08-21 16:45:00+00:00 at Close price: 91.70
2026-08-21 22:23:31,537 - INFO - Confluence Evaluation | Regime: TRENDING (ADX=28.6) | Direction: LONG | BullScore: 82.6% | BearScore: 17.4% | Active: ['ema', 'macd', 'rsi', 'vp']
2026-08-21 22:23:31,660 - INFO - Capping position size 275.862069 BTC to available cash equivalent 87.241003 BTC.
2026-08-21 22:23:31,808 - INFO - Created pending signal approval ID 233 for bot bot-1787306389585-ce71 (LONG @ $91.70, status: WAITING_APPROVAL)
2026-08-21 22:23:31,870 - INFO - [bot-1787306389585-ce71] Signal LONG generated (ID: 233). Waiting for manual user approval.
2026-08-21 22:23:32,069 - INFO - Logged heartbeat status: OK
2026-08-21 22:23:32,069 - INFO - Job "LiveRunner.process_cycle (trigger: interval[0:05:00], next run at: 2026-08-21 22:28:30 IST)" executed successfully
2026-08-21 22:28:30,797 - INFO - Running job "LiveRunner.process_cycle (trigger: interval[0:05:00], next run at: 2026-08-21 22:33:30 IST)" (scheduled at 2026-08-21 22:28:30.774596+05:30)
2026-08-21 22:28:30,849 - INFO - [bot-1787306389585-ce71] Starting signal check cycle for SOL/USDT (5m)...
2026-08-21 22:28:30,915 - INFO - Fetching recent candles for SOL/USDT (5m) [Bot: bot-1787306389585-ce71] via ProviderManager...
2026-08-21 22:28:31,755 - INFO - Indicators computed | close=91.62 ema_9=91.53 ema_20=91.45 ema_50=91.30 ema_200=90.31 macd=0.0762 poc=75.0 val=75.0 vah=75.0
2026-08-21 22:28:31,757 - INFO - [bot-1787306389585-ce71] Evaluating strategy on completed candle: 2026-08-21 16:50:00+00:00 at Close price: 91.72
2026-08-21 22:28:31,848 - INFO - Confluence Evaluation | Regime: TRENDING (ADX=27.0) | Direction: LONG | BullScore: 82.6% | BearScore: 17.4% | Active: ['ema', 'macd', 'rsi', 'vp']
2026-08-21 22:28:31,962 - INFO - Capping position size 326.530612 BTC to available cash equivalent 87.221980 BTC.
2026-08-21 22:28:32,024 - INFO - [bot-1787306389585-ce71] Signal LONG active pending approval already exists (ID: 233).
2026-08-21 22:28:32,259 - INFO - Logged heartbeat status: OK
2026-08-21 22:28:32,259 - INFO - Job "LiveRunner.process_cycle (trigger: interval[0:05:00], next run at: 2026-08-21 22:33:30 IST)" executed successfully
2026-08-21 22:33:30,819 - INFO - Running job "LiveRunner.process_cycle (trigger: interval[0:05:00], next run at: 2026-08-21 22:33:30 IST)" (scheduled at 2026-08-21 22:33:30.774596+05:30)
2026-08-21 22:33:30,886 - INFO - [bot-1787306389585-ce71] Starting signal check cycle for SOL/USDT (5m)...
2026-08-21 22:33:30,908 - INFO - Fetching recent candles for SOL/USDT (5m) [Bot: bot-1787306389585-ce71] via ProviderManager...
2026-08-21 22:33:31,709 - INFO - Indicators computed | close=91.60 ema_9=91.54 ema_20=91.47 ema_50=91.32 ema_200=90.33 macd=0.0792 poc=75.0 val=75.0 vah=75.0
2026-08-21 22:33:31,713 - INFO - [bot-1787306389585-ce71] Evaluating strategy on completed candle: 2026-08-21 16:55:00+00:00 at Close price: 91.63
2026-08-21 22:33:31,770 - INFO - Confluence Evaluation | Regime: TRENDING (ADX=27.1) | Direction: LONG | BullScore: 82.6% | BearScore: 17.4% | Active: ['ema', 'macd', 'rsi', 'vp']
2026-08-21 22:33:31,808 - INFO - Capping position size 400.000000 BTC to available cash equivalent 87.307650 BTC.
2026-08-21 22:33:31,824 - INFO - [bot-1787306389585-ce71] Signal LONG active pending approval already exists (ID: 233).
2026-08-21 22:33:31,931 - INFO - Logged heartbeat status: OK
2026-08-21 22:33:31,931 - INFO - Job "LiveRunner.process_cycle (trigger: interval[0:05:00], next run at: 2026-08-21 22:38:30 IST)" executed successfully
2026-08-21 22:38:30,875 - INFO - Running job "LiveRunner.process_cycle (trigger: interval[0:05:00], next run at: 2026-08-21 22:43:30 IST)" (scheduled at 2026-08-21 22:38:30.774596+05:30)
2026-08-21 22:38:30,920 - INFO - [bot-1787306389585-ce71] Starting signal check cycle for SOL/USDT (5m)...
2026-08-21 22:38:30,984 - INFO - Fetching recent candles for SOL/USDT (5m) [Bot: bot-1787306389585-ce71] via ProviderManager...
2026-08-21 22:38:31,543 - INFO - Indicators computed | close=91.81 ema_9=91.60 ema_20=91.51 ema_50=91.34 ema_200=90.34 macd=0.0993 poc=75.0 val=75.0 vah=75.0
2026-08-21 22:38:31,544 - INFO - [bot-1787306389585-ce71] Evaluating strategy on completed candle: 2026-08-21 17:00:00+00:00 at Close price: 91.64
2026-08-21 22:38:31,637 - INFO - Confluence Evaluation | Regime: TRENDING (ADX=26.9) | Direction: LONG | BullScore: 82.6% | BearScore: 17.4% | Active: ['ema', 'macd', 'rsi', 'vp']
2026-08-21 22:38:31,799 - INFO - Capping position size 390.243902 BTC to available cash equivalent 87.298123 BTC.
2026-08-21 22:38:31,873 - INFO - [bot-1787306389585-ce71] Signal LONG active pending approval already exists (ID: 233).
2026-08-21 22:38:32,124 - INFO - Logged heartbeat status: OK
2026-08-21 22:38:32,125 - INFO - Job "LiveRunner.process_cycle (trigger: interval[0:05:00], next run at: 2026-08-21 22:43:30 IST)" executed successfully
