/Users/ashishparadkar/Downloads/algo-code-main/.venv/lib/python3.9/site-packages/urllib3/__init__.py:35: NotOpenSSLWarning: urllib3 v2 only supports OpenSSL 1.1.1+, currently the 'ssl' module is compiled with 'LibreSSL 2.8.3'. See: https://github.com/urllib3/urllib3/issues/3020
  warnings.warn(
2026-08-21 21:43:21,224 - INFO - Bot state startup reconciliation finished: 0 bot(s) reconciled to STOPPED.
2026-08-21 21:43:30,953 - INFO - Telegram notification service initialized successfully (Chat ID: 5657...)
2026-08-21 21:43:33,089 - INFO - Initializing scheduled trading bot live runner for bot-1787324187525-8201...
2026-08-21 21:43:33,210 - INFO - SQLite database tables verified/created.
2026-08-21 21:43:36,601 - INFO - Initializing CCXT Binance in TESTNET mode.
2026-08-21 21:46:30,089 - INFO - [bot-1787324187525-8201] Pre-flight instrument resolved: SOL/USDT (SPOT via binance_spot)
2026-08-21 21:46:35,873 - INFO - [bot-1787324187525-8201] Starting signal check cycle for SOL/USDT (5m)...
2026-08-21 21:46:35,920 - INFO - Fetching recent candles for SOL/USDT (5m) [Bot: bot-1787324187525-8201] via ProviderManager...
2026-08-21 21:57:48,471 - INFO - Indicators computed | close=91.25 ema_9=91.24 ema_20=91.31 ema_50=91.21 ema_200=90.23 macd=-0.0266 poc=75.0 val=75.0 vah=75.0
2026-08-21 21:57:51,047 - INFO - [bot-1787324187525-8201] Evaluating strategy on completed candle: 2026-08-21 16:20:00+00:00 at Close price: 91.27
2026-08-21 21:57:57,977 - INFO - Confluence Evaluation | Regime: TRENDING (ADX=37.4) | Direction: HOLD | BullScore: 0.0% | BearScore: 67.4% | Active: ['ema', 'macd', 'rsi', 'vp']
2026-08-21 21:57:59,913 - INFO - Signal evaluated: HOLD. Reason/Details: Confluence score: 67% (HOLD)
2026-08-21 21:58:04,416 - INFO - Logged heartbeat status: OK
2026-08-21 21:58:13,400 - INFO - Adding job tentatively -- it will be properly scheduled when the scheduler starts
2026-08-21 21:58:13,433 - INFO - Bot bot-1787324187525-8201 scheduled to check every 5 minutes.
2026-08-21 21:58:16,266 - INFO - Added job "LiveRunner.process_cycle" to job store "default"
2026-08-21 21:58:16,267 - INFO - Scheduler started
2026-08-21 22:03:12,928 - WARNING - Run time of job "LiveRunner.process_cycle (trigger: interval[0:05:00], next run at: 2026-08-21 22:08:11 IST)" was missed by 0:00:01.091188
2026-08-21 22:08:11,819 - INFO - Running job "LiveRunner.process_cycle (trigger: interval[0:05:00], next run at: 2026-08-21 22:13:11 IST)" (scheduled at 2026-08-21 22:08:11.711129+05:30)
2026-08-21 22:08:12,045 - INFO - [bot-1787324187525-8201] Starting signal check cycle for SOL/USDT (5m)...
2026-08-21 22:08:12,206 - INFO - Fetching recent candles for SOL/USDT (5m) [Bot: bot-1787324187525-8201] via ProviderManager...
2026-08-21 22:08:15,923 - INFO - Indicators computed | close=91.46 ema_9=91.36 ema_20=91.36 ema_50=91.24 ema_200=90.26 macd=0.0192 poc=75.0 val=75.0 vah=75.0
2026-08-21 22:08:15,926 - INFO - [bot-1787324187525-8201] Evaluating strategy on completed candle: 2026-08-21 16:30:00+00:00 at Close price: 91.52
2026-08-21 22:08:16,090 - INFO - Confluence Evaluation | Regime: TRENDING (ADX=32.9) | Direction: HOLD | BullScore: 32.6% | BearScore: 34.8% | Active: ['ema', 'macd', 'rsi', 'vp']
2026-08-21 22:08:16,171 - INFO - Signal evaluated: HOLD. Reason/Details: Confluence score: 35% (HOLD)
2026-08-21 22:08:16,322 - INFO - Logged heartbeat status: OK
2026-08-21 22:08:16,323 - INFO - Job "LiveRunner.process_cycle (trigger: interval[0:05:00], next run at: 2026-08-21 22:13:11 IST)" executed successfully
2026-08-21 22:13:11,769 - INFO - Running job "LiveRunner.process_cycle (trigger: interval[0:05:00], next run at: 2026-08-21 22:13:11 IST)" (scheduled at 2026-08-21 22:13:11.711129+05:30)
2026-08-21 22:13:11,837 - INFO - [bot-1787324187525-8201] Starting signal check cycle for SOL/USDT (5m)...
2026-08-21 22:13:11,900 - INFO - Fetching recent candles for SOL/USDT (5m) [Bot: bot-1787324187525-8201] via ProviderManager...
2026-08-21 22:13:12,636 - INFO - Indicators computed | close=91.40 ema_9=91.39 ema_20=91.38 ema_50=91.26 ema_200=90.27 macd=0.0287 poc=75.0 val=75.0 vah=75.0
2026-08-21 22:13:12,638 - INFO - [bot-1787324187525-8201] Evaluating strategy on completed candle: 2026-08-21 16:35:00+00:00 at Close price: 91.59
2026-08-21 22:13:12,837 - INFO - LONG signal blocked | Location blocked (Close 91.59 outside Value Area [73.50 - 76.50], VAL=75.00, VAH=75.00) | context={'close': 91.59, 'ema_9': 91.38839763928361, 'ema_20': 91.37506947835311, 'ema_50': 91.24986974854684, 'ema_200': 90.26007095397489, 'macd_line': 0.02956168449264851, 'macd_signal': 0.03348612307182361, 'macd_hist': -0.003924438579175099, 'poc': np.float64(75.0), 'val': np.float64(75.0), 'vah': np.float64(75.0)}
2026-08-21 22:13:12,869 - INFO - Confluence Evaluation | Regime: TRENDING (ADX=30.8) | Direction: HOLD | BullScore: 50.0% | BearScore: 17.4% | Active: ['ema', 'macd', 'rsi', 'vp']
2026-08-21 22:13:13,003 - INFO - Signal evaluated: HOLD. Reason/Details: LONG setup blocked: Location blocked (Close 91.59 outside Value Area [73.50 - 76.50], VAL=75.00, VAH=75.00)
2026-08-21 22:13:13,317 - INFO - Logged heartbeat status: OK
2026-08-21 22:13:13,317 - INFO - Job "LiveRunner.process_cycle (trigger: interval[0:05:00], next run at: 2026-08-21 22:18:11 IST)" executed successfully
2026-08-21 22:18:11,734 - INFO - Running job "LiveRunner.process_cycle (trigger: interval[0:05:00], next run at: 2026-08-21 22:23:11 IST)" (scheduled at 2026-08-21 22:18:11.711129+05:30)
2026-08-21 22:18:11,779 - INFO - [bot-1787324187525-8201] Starting signal check cycle for SOL/USDT (5m)...
2026-08-21 22:18:11,834 - INFO - Fetching recent candles for SOL/USDT (5m) [Bot: bot-1787324187525-8201] via ProviderManager...
2026-08-21 22:18:12,330 - INFO - Indicators computed | close=91.64 ema_9=91.44 ema_20=91.40 ema_50=91.27 ema_200=90.28 macd=0.0462 poc=75.0 val=75.0 vah=75.0
2026-08-21 22:18:12,333 - INFO - [bot-1787324187525-8201] Evaluating strategy on completed candle: 2026-08-21 16:40:00+00:00 at Close price: 91.39
2026-08-21 22:18:12,423 - INFO - Confluence Evaluation | Regime: TRENDING (ADX=29.8) | Direction: HOLD | BullScore: 32.6% | BearScore: 34.8% | Active: ['ema', 'macd', 'rsi', 'vp']
2026-08-21 22:18:12,544 - INFO - Signal evaluated: HOLD. Reason/Details: Confluence score: 35% (HOLD)
2026-08-21 22:18:12,755 - INFO - Logged heartbeat status: OK
2026-08-21 22:18:12,755 - INFO - Job "LiveRunner.process_cycle (trigger: interval[0:05:00], next run at: 2026-08-21 22:23:11 IST)" executed successfully
2026-08-21 22:23:11,767 - INFO - Running job "LiveRunner.process_cycle (trigger: interval[0:05:00], next run at: 2026-08-21 22:28:11 IST)" (scheduled at 2026-08-21 22:23:11.711129+05:30)
2026-08-21 22:23:11,819 - INFO - [bot-1787324187525-8201] Starting signal check cycle for SOL/USDT (5m)...
2026-08-21 22:23:11,889 - INFO - Fetching recent candles for SOL/USDT (5m) [Bot: bot-1787324187525-8201] via ProviderManager...
2026-08-21 22:23:12,398 - INFO - Indicators computed | close=91.73 ema_9=91.51 ema_20=91.44 ema_50=91.29 ema_200=90.30 macd=0.0708 poc=75.0 val=75.0 vah=75.0
2026-08-21 22:23:12,399 - INFO - [bot-1787324187525-8201] Evaluating strategy on completed candle: 2026-08-21 16:45:00+00:00 at Close price: 91.70
2026-08-21 22:23:12,478 - INFO - Confluence Evaluation | Regime: TRENDING (ADX=28.6) | Direction: LONG | BullScore: 82.6% | BearScore: 17.4% | Active: ['ema', 'macd', 'rsi', 'vp']
2026-08-21 22:23:12,620 - INFO - Capping position size 275.862069 BTC to available cash equivalent 87.241003 BTC.
2026-08-21 22:23:12,726 - INFO - Created pending signal approval ID 231 for bot bot-1787324187525-8201 (LONG @ $91.70, status: WAITING_APPROVAL)
2026-08-21 22:23:12,828 - INFO - [bot-1787324187525-8201] Signal LONG generated (ID: 231). Waiting for manual user approval.
2026-08-21 22:23:13,053 - INFO - Logged heartbeat status: OK
2026-08-21 22:23:13,053 - INFO - Job "LiveRunner.process_cycle (trigger: interval[0:05:00], next run at: 2026-08-21 22:28:11 IST)" executed successfully
2026-08-21 22:28:11,724 - INFO - Running job "LiveRunner.process_cycle (trigger: interval[0:05:00], next run at: 2026-08-21 22:33:11 IST)" (scheduled at 2026-08-21 22:28:11.711129+05:30)
2026-08-21 22:28:11,730 - INFO - [bot-1787324187525-8201] Starting signal check cycle for SOL/USDT (5m)...
2026-08-21 22:28:11,775 - INFO - Fetching recent candles for SOL/USDT (5m) [Bot: bot-1787324187525-8201] via ProviderManager...
2026-08-21 22:28:12,287 - INFO - Indicators computed | close=91.63 ema_9=91.53 ema_20=91.46 ema_50=91.30 ema_200=90.31 macd=0.0770 poc=75.0 val=75.0 vah=75.0
2026-08-21 22:28:12,290 - INFO - [bot-1787324187525-8201] Evaluating strategy on completed candle: 2026-08-21 16:50:00+00:00 at Close price: 91.72
2026-08-21 22:28:12,478 - INFO - Confluence Evaluation | Regime: TRENDING (ADX=27.0) | Direction: LONG | BullScore: 82.6% | BearScore: 17.4% | Active: ['ema', 'macd', 'rsi', 'vp']
2026-08-21 22:28:12,599 - INFO - Capping position size 326.530612 BTC to available cash equivalent 87.221980 BTC.
2026-08-21 22:28:12,856 - INFO - [bot-1787324187525-8201] Signal LONG active pending approval already exists (ID: 231).
2026-08-21 22:28:13,079 - INFO - Logged heartbeat status: OK
2026-08-21 22:28:13,079 - INFO - Job "LiveRunner.process_cycle (trigger: interval[0:05:00], next run at: 2026-08-21 22:33:11 IST)" executed successfully
2026-08-21 22:33:11,746 - INFO - Running job "LiveRunner.process_cycle (trigger: interval[0:05:00], next run at: 2026-08-21 22:38:11 IST)" (scheduled at 2026-08-21 22:33:11.711129+05:30)
2026-08-21 22:33:11,812 - INFO - [bot-1787324187525-8201] Starting signal check cycle for SOL/USDT (5m)...
2026-08-21 22:33:11,822 - INFO - Fetching recent candles for SOL/USDT (5m) [Bot: bot-1787324187525-8201] via ProviderManager...
2026-08-21 22:33:13,648 - INFO - Indicators computed | close=91.63 ema_9=91.55 ema_20=91.47 ema_50=91.32 ema_200=90.33 macd=0.0816 poc=75.0 val=75.0 vah=75.0
2026-08-21 22:33:13,679 - INFO - [bot-1787324187525-8201] Evaluating strategy on completed candle: 2026-08-21 16:55:00+00:00 at Close price: 91.63
2026-08-21 22:33:14,135 - INFO - Confluence Evaluation | Regime: TRENDING (ADX=27.1) | Direction: LONG | BullScore: 82.6% | BearScore: 17.4% | Active: ['ema', 'macd', 'rsi', 'vp']
2026-08-21 22:33:14,166 - INFO - Capping position size 400.000000 BTC to available cash equivalent 87.307650 BTC.
2026-08-21 22:33:14,182 - INFO - [bot-1787324187525-8201] Signal LONG active pending approval already exists (ID: 231).
2026-08-21 22:33:14,237 - INFO - Logged heartbeat status: OK
2026-08-21 22:33:14,388 - INFO - Job "LiveRunner.process_cycle (trigger: interval[0:05:00], next run at: 2026-08-21 22:38:11 IST)" executed successfully
2026-08-21 22:38:11,843 - INFO - Running job "LiveRunner.process_cycle (trigger: interval[0:05:00], next run at: 2026-08-21 22:43:11 IST)" (scheduled at 2026-08-21 22:38:11.711129+05:30)
2026-08-21 22:38:11,910 - INFO - [bot-1787324187525-8201] Starting signal check cycle for SOL/USDT (5m)...
2026-08-21 22:38:11,939 - INFO - Fetching recent candles for SOL/USDT (5m) [Bot: bot-1787324187525-8201] via ProviderManager...
2026-08-21 22:38:12,509 - INFO - Indicators computed | close=91.82 ema_9=91.61 ema_20=91.51 ema_50=91.34 ema_200=90.34 macd=0.1001 poc=75.0 val=75.0 vah=75.0
2026-08-21 22:38:12,511 - INFO - [bot-1787324187525-8201] Evaluating strategy on completed candle: 2026-08-21 17:00:00+00:00 at Close price: 91.64
2026-08-21 22:38:12,586 - INFO - Confluence Evaluation | Regime: TRENDING (ADX=26.9) | Direction: LONG | BullScore: 82.6% | BearScore: 17.4% | Active: ['ema', 'macd', 'rsi', 'vp']
2026-08-21 22:38:12,683 - INFO - Capping position size 390.243902 BTC to available cash equivalent 87.298123 BTC.
2026-08-21 22:38:12,695 - INFO - [bot-1787324187525-8201] Signal LONG active pending approval already exists (ID: 231).
2026-08-21 22:38:12,913 - INFO - Logged heartbeat status: OK
2026-08-21 22:38:12,917 - INFO - Job "LiveRunner.process_cycle (trigger: interval[0:05:00], next run at: 2026-08-21 22:43:11 IST)" executed successfully
