/Users/ashishparadkar/Downloads/algo-code-main/.venv/lib/python3.9/site-packages/urllib3/__init__.py:35: NotOpenSSLWarning: urllib3 v2 only supports OpenSSL 1.1.1+, currently the 'ssl' module is compiled with 'LibreSSL 2.8.3'. See: https://github.com/urllib3/urllib3/issues/3020
  warnings.warn(
/Users/ashishparadkar/Downloads/algo-code-main/.venv/lib/python3.9/site-packages/urllib3/__init__.py:35: NotOpenSSLWarning: urllib3 v2 only supports OpenSSL 1.1.1+, currently the 'ssl' module is compiled with 'LibreSSL 2.8.3'. See: https://github.com/urllib3/urllib3/issues/3020
  warnings.warn(
2026-08-21 18:15:08,308 - INFO - Bot state startup reconciliation finished: 0 bot(s) reconciled to STOPPED.
2026-08-21 18:15:10,902 - INFO - Telegram notification service initialized successfully (Chat ID: 5657...)
2026-08-21 18:15:11,838 - INFO - Initializing scheduled trading bot live runner for bot-1787304019512-f6b6...
2026-08-21 18:15:12,631 - INFO - SQLite database tables verified/created.
2026-08-21 18:15:13,789 - INFO - Initializing CCXT Binance in TESTNET mode.
/Users/ashishparadkar/Downloads/algo-code-main/.venv/lib/python3.9/site-packages/urllib3/__init__.py:35: NotOpenSSLWarning: urllib3 v2 only supports OpenSSL 1.1.1+, currently the 'ssl' module is compiled with 'LibreSSL 2.8.3'. See: https://github.com/urllib3/urllib3/issues/3020
  warnings.warn(
2026-08-21 20:28:43,457 - INFO - Bot state startup reconciliation finished: 0 bot(s) reconciled to STOPPED.
2026-08-21 20:28:44,268 - INFO - Telegram notification service initialized successfully (Chat ID: 5657...)
2026-08-21 20:28:44,282 - INFO - Initializing scheduled trading bot live runner for bot-1787304019512-f6b6...
2026-08-21 20:28:45,498 - INFO - SQLite database tables verified/created.
2026-08-21 20:28:47,962 - INFO - Initializing CCXT Binance in TESTNET mode.
2026-08-21 20:31:52,261 - INFO - [bot-1787304019512-f6b6] Pre-flight instrument resolved: BTC-260828-70000-C (OPTION via deribit_options)
2026-08-21 20:31:59,592 - INFO - [bot-1787304019512-f6b6] Starting signal check cycle for BTC-260828-70000-C (1h)...
2026-08-21 20:32:01,644 - INFO - Fetching recent candles for BTC-260828-70000-C (1h) [Bot: bot-1787304019512-f6b6] via ProviderManager...
2026-08-21 20:32:01,724 - ERROR - System Error in runner execution cycle: OPTIONS EXECUTION UNSUPPORTED: Dedicated Options Broker (Deribit API) is not connected for BTC-260828-70000-C. Trading options requires configuring options gateway credentials.
Traceback (most recent call last):
  File "/Users/ashishparadkar/Downloads/algo-code-main/src/live_runner.py", line 199, in process_cycle
    df, _ = self.provider_manager.fetch_ohlcv_safe(self.symbol, self.timeframe, limit=1000)
  File "/Users/ashishparadkar/Downloads/algo-code-main/src/provider_manager.py", line 355, in fetch_ohlcv_safe
    raise non_retryable
  File "/Users/ashishparadkar/Downloads/algo-code-main/src/provider_manager.py", line 351, in fetch_ohlcv_safe
    df = adapter.fetch_ohlcv(instrument, timeframe, limit=limit)
  File "/Users/ashishparadkar/Downloads/algo-code-main/src/provider_manager.py", line 284, in fetch_ohlcv
    raise ccxt.NotSupported(
ccxt.base.errors.NotSupported: OPTIONS EXECUTION UNSUPPORTED: Dedicated Options Broker (Deribit API) is not connected for BTC-260828-70000-C. Trading options requires configuring options gateway credentials.
2026-08-21 20:32:11,925 - WARNING - [bot-1787304019512-f6b6] Marked bot as non-retryable configuration error to prevent infinite error storm.
2026-08-21 20:32:18,628 - INFO - Logged heartbeat status: ERROR
2026-08-21 20:32:27,660 - INFO - Adding job tentatively -- it will be properly scheduled when the scheduler starts
2026-08-21 20:32:27,704 - INFO - Bot bot-1787304019512-f6b6 scheduled to check every 60 minutes.
2026-08-21 20:32:29,577 - INFO - Added job "LiveRunner.process_cycle" to job store "default"
2026-08-21 20:32:29,607 - INFO - Scheduler started
/Users/ashishparadkar/Downloads/algo-code-main/.venv/lib/python3.9/site-packages/urllib3/__init__.py:35: NotOpenSSLWarning: urllib3 v2 only supports OpenSSL 1.1.1+, currently the 'ssl' module is compiled with 'LibreSSL 2.8.3'. See: https://github.com/urllib3/urllib3/issues/3020
  warnings.warn(
2026-08-21 21:35:30,145 - INFO - Bot state startup reconciliation finished: 0 bot(s) reconciled to STOPPED.
2026-08-21 21:35:38,414 - INFO - Telegram notification service initialized successfully (Chat ID: 5657...)
2026-08-21 21:35:38,476 - INFO - Initializing scheduled trading bot live runner for bot-1787304019512-f6b6...
2026-08-21 21:35:42,039 - INFO - SQLite database tables verified/created.
2026-08-21 21:35:47,991 - INFO - Initializing CCXT Binance in TESTNET mode.
2026-08-21 21:38:48,305 - INFO - [bot-1787304019512-f6b6] Pre-flight instrument resolved: BTC-260828-70000-C (OPTION via deribit_options)
2026-08-21 21:38:52,776 - INFO - [bot-1787304019512-f6b6] Starting signal check cycle for BTC-260828-70000-C (1h)...
2026-08-21 21:38:53,224 - INFO - Fetching recent candles for BTC-260828-70000-C (1h) [Bot: bot-1787304019512-f6b6] via ProviderManager...
2026-08-21 21:38:53,255 - ERROR - System Error in runner execution cycle: OPTIONS EXECUTION UNSUPPORTED: Dedicated Options Broker (Deribit API) is not connected for BTC-260828-70000-C. Trading options requires configuring options gateway credentials.
Traceback (most recent call last):
  File "/Users/ashishparadkar/Downloads/algo-code-main/src/live_runner.py", line 199, in process_cycle
    df, _ = self.provider_manager.fetch_ohlcv_safe(self.symbol, self.timeframe, limit=1000)
  File "/Users/ashishparadkar/Downloads/algo-code-main/src/provider_manager.py", line 355, in fetch_ohlcv_safe
    raise non_retryable
  File "/Users/ashishparadkar/Downloads/algo-code-main/src/provider_manager.py", line 351, in fetch_ohlcv_safe
    df = adapter.fetch_ohlcv(instrument, timeframe, limit=limit)
  File "/Users/ashishparadkar/Downloads/algo-code-main/src/provider_manager.py", line 284, in fetch_ohlcv
    raise ccxt.NotSupported(
ccxt.base.errors.NotSupported: OPTIONS EXECUTION UNSUPPORTED: Dedicated Options Broker (Deribit API) is not connected for BTC-260828-70000-C. Trading options requires configuring options gateway credentials.
2026-08-21 21:39:01,813 - WARNING - [bot-1787304019512-f6b6] Marked bot as non-retryable configuration error to prevent infinite error storm.
2026-08-21 21:39:04,172 - INFO - Logged heartbeat status: ERROR
2026-08-21 21:39:07,127 - INFO - Adding job tentatively -- it will be properly scheduled when the scheduler starts
2026-08-21 21:39:07,136 - INFO - Bot bot-1787304019512-f6b6 scheduled to check every 60 minutes.
2026-08-21 21:39:07,187 - INFO - Added job "LiveRunner.process_cycle" to job store "default"
2026-08-21 21:39:07,825 - INFO - Scheduler started
2026-08-21 22:39:07,898 - INFO - Running job "LiveRunner.process_cycle (trigger: interval[1:00:00], next run at: 2026-08-21 23:39:07 IST)" (scheduled at 2026-08-21 22:39:07.125775+05:30)
2026-08-21 22:39:07,994 - ERROR - [bot-1787304019512-f6b6] Halting runner cycle: Bot is configured with unexecutable instrument 'BTC-260828-70000-C'. Error: Fatal Non-Retryable Error: OPTIONS EXECUTION UNSUPPORTED: Dedicated Options Broker (Deribit API) is not connected for BTC-260828-70000-C. Trading options requires configuring options gateway credentials.
2026-08-21 22:39:08,582 - INFO - Job "LiveRunner.process_cycle (trigger: interval[1:00:00], next run at: 2026-08-21 23:39:07 IST)" executed successfully
