2026-08-15 13:34:10,266 - INFO - BotWatchdog thread started.
2026-08-15 13:34:10,266 - INFO - BotWatchdog singleton background thread started.
2026-08-15 13:34:10,280 - WARNING - Watchdog detected stall — attempting automatic restart for 'Lifecycle Bot' (test-lifecycle-1786728107116, 2904s inactive).
2026-08-15 13:39:40,691 - INFO - BotWatchdog thread started.
2026-08-15 13:39:40,692 - INFO - BotWatchdog singleton background thread started.
2026-08-15 13:40:12,998 - INFO - BotWatchdog thread started.
2026-08-15 13:40:12,998 - INFO - BotWatchdog singleton background thread started.
2026-08-15 13:53:49,849 - INFO - BotWatchdog thread started.
2026-08-15 13:53:49,849 - INFO - BotWatchdog singleton background thread started.
2026-08-15 13:54:54,598 - INFO - BotWatchdog thread started.
2026-08-15 13:54:54,599 - INFO - BotWatchdog singleton background thread started.
2026-08-15 14:00:46,039 - INFO - BotWatchdog thread started.
2026-08-15 14:00:46,039 - INFO - BotWatchdog singleton background thread started.
2026-08-15 14:15:26,447 - INFO - BotWatchdog thread started.
2026-08-15 14:15:26,451 - INFO - BotWatchdog singleton background thread started.
2026-08-15 14:15:26,494 - WARNING - Watchdog detected stall — attempting automatic restart for 'Test Registry Bot' (bot-1786730466152-dc44, 2293s inactive).
2026-08-15 14:42:32,947 - INFO - BotWatchdog thread started.
2026-08-15 14:42:32,948 - INFO - BotWatchdog singleton background thread started.
2026-08-15 15:06:16,982 - INFO - BotWatchdog thread started.
2026-08-15 15:06:16,983 - INFO - BotWatchdog singleton background thread started.
2026-08-15 15:40:07,633 - INFO - BotWatchdog thread started.
2026-08-15 15:40:07,633 - INFO - BotWatchdog singleton background thread started.
2026-08-15 15:45:27,031 - INFO - BotWatchdog thread started.
2026-08-15 15:45:27,031 - INFO - BotWatchdog singleton background thread started.
2026-08-15 16:07:31,521 - INFO - BotWatchdog thread started.
2026-08-15 16:07:31,521 - INFO - BotWatchdog singleton background thread started.
2026-08-15 16:07:31,526 - WARNING - Watchdog detected stall — attempting automatic restart for 'Alpha BTC Scalper' (bot-1, 1287s inactive).
2026-08-15 17:38:02,162 - INFO - Initializing scheduled trading bot live runner for bot-1786777435150-cce1...
2026-08-15 17:50:24,939 - INFO - Initializing scheduled trading bot live runner for bot-1786777435150-cce1...
2026-08-15 17:50:24,991 - INFO - SQLite database tables verified/created.
2026-08-15 17:50:25,006 - INFO - Initializing CCXT Binance in TESTNET mode.
2026-08-15 17:54:28,459 - INFO - Initializing scheduled trading bot live runner for bot-1786777435150-cce1...
2026-08-15 17:54:28,622 - INFO - SQLite database tables verified/created.
2026-08-15 17:54:28,645 - INFO - Initializing CCXT Binance in TESTNET mode.
2026-08-15 20:09:24,982 - INFO - Initializing scheduled trading bot live runner for bot-1786777435150-cce1...
2026-08-15 20:21:55,247 - INFO - BotWatchdog thread started.
2026-08-15 20:21:55,248 - INFO - BotWatchdog singleton background thread started.
2026-08-15 20:21:55,291 - INFO - Initializing scheduled trading bot live runner for bot-1786777435150-cce1...
2026-08-15 20:22:54,783 - INFO - Initializing scheduled trading bot live runner for bot-1786777435150-cce1...
2026-08-15 20:22:54,806 - INFO - SQLite database tables verified/created.
2026-08-15 20:25:02,146 - INFO - Initializing scheduled trading bot live runner for bot-1786777435150-cce1...
2026-08-15 20:53:52,643 - INFO - BotWatchdog thread started.
2026-08-15 20:53:52,644 - INFO - BotWatchdog singleton background thread started.
2026-08-15 20:53:53,126 - INFO - Initializing scheduled trading bot live runner for bot-1786777435150-cce1...
2026-08-15 20:53:56,246 - INFO - SQLite database tables verified/created.
2026-08-15 20:53:56,666 - INFO - Initializing CCXT Binance in TESTNET mode.
2026-08-15 20:54:00,609 - INFO - Initializing CCXT Binance in MAINNET mode (Public endpoints).
2026-08-15 20:54:00,997 - INFO - Sending Telegram alert...
2026-08-15 20:54:15,775 - INFO - Telegram alert sent successfully.
2026-08-15 20:54:15,781 - INFO - [bot-1786777435150-cce1] Starting signal check cycle for BTC/USDT (5m)...
2026-08-15 20:54:15,788 - INFO - Fetching recent candles for BTC/USDT (5m) [Bot: bot-1786777435150-cce1]...
2026-08-15 20:54:31,531 - INFO - Indicators computed | close=63063.82 ema_9=63051.60 ema_20=63044.34 ema_50=63035.98 ema_200=63035.20 macd=7.4386 poc=63425.0 val=63050.0 vah=64300.0
2026-08-15 20:54:31,622 - INFO - [bot-1786777435150-cce1] Evaluating strategy on completed candle: 2026-08-15T15:15:00+00:00 at Close price: 63078.95
2026-08-15 20:54:42,925 - ERROR - Error logging bot activity for bot-1786777435150-cce1: database is locked
2026-08-15 20:54:43,070 - INFO - Confluence Evaluation | Regime: RANGING (ADX=18.2) | Direction: LONG | BullScore: 100.0% | BearScore: 0.0% | Active: ['ema', 'macd', 'rsi', 'vp']
2026-08-15 20:54:48,071 - INFO - Capping position size 1.086957 BTC to available cash equivalent 0.079266 BTC.
2026-08-15 20:54:48,337 - INFO - Created pending signal approval ID 111 for bot bot-1786777435150-cce1 (LONG @ $63078.95, status: WAITING_APPROVAL)
2026-08-15 20:55:16,175 - INFO - [bot-1786777435150-cce1] Signal LONG generated (ID: 111). Waiting for manual user approval.
2026-08-15 20:55:23,026 - INFO - Logged heartbeat status: OK
2026-08-15 20:55:37,172 - INFO - Adding job tentatively -- it will be properly scheduled when the scheduler starts
2026-08-15 20:55:37,172 - INFO - Bot bot-1786777435150-cce1 scheduled to check every 5 minutes.
2026-08-15 20:55:37,258 - INFO - Added job "LiveRunner.process_cycle" to job store "default"
2026-08-15 20:55:37,258 - INFO - Scheduler started
2026-08-15 21:42:37,324 - INFO - BotWatchdog thread started.
2026-08-15 21:42:37,324 - INFO - BotWatchdog singleton background thread started.
2026-08-15 21:42:37,336 - INFO - Initializing scheduled trading bot live runner for bot-1786777435150-cce1...
2026-08-15 21:42:37,347 - INFO - SQLite database tables verified/created.
2026-08-15 21:42:37,361 - INFO - Initializing CCXT Binance in TESTNET mode.
2026-08-15 21:42:38,715 - INFO - Initializing CCXT Binance in MAINNET mode (Public endpoints).
2026-08-15 21:42:38,726 - INFO - Sending Telegram alert...
2026-08-15 21:42:39,638 - INFO - Telegram alert sent successfully.
2026-08-15 21:42:39,642 - INFO - [bot-1786777435150-cce1] Starting signal check cycle for BTC/USDT (5m)...
2026-08-15 21:42:39,646 - INFO - Fetching recent candles for BTC/USDT (5m) [Bot: bot-1786777435150-cce1]...
2026-08-15 21:42:43,434 - INFO - Indicators computed | close=63086.21 ema_9=63091.01 ema_20=63078.11 ema_50=63056.59 ema_200=63041.25 macd=15.8343 poc=63425.0 val=63050.0 vah=64300.0
2026-08-15 21:42:43,434 - INFO - [bot-1786777435150-cce1] Evaluating strategy on completed candle: 2026-08-15T16:05:00+00:00 at Close price: 63086.40
2026-08-15 21:42:43,450 - INFO - Confluence Evaluation | Regime: TRENDING (ADX=51.0) | Direction: LONG | BullScore: 100.0% | BearScore: 0.0% | Active: ['ema', 'macd', 'rsi', 'vp']
2026-08-15 21:42:43,466 - INFO - Capping position size 1.360915 BTC to available cash equivalent 0.079256 BTC.
2026-08-15 21:42:43,490 - INFO - Created pending signal approval ID 130 for bot bot-1786777435150-cce1 (LONG @ $63086.40, status: WAITING_APPROVAL)
2026-08-15 21:42:44,189 - INFO - [bot-1786777435150-cce1] Signal LONG generated (ID: 130). Waiting for manual user approval.
2026-08-15 21:42:44,250 - INFO - Logged heartbeat status: OK
2026-08-15 21:42:44,257 - INFO - Adding job tentatively -- it will be properly scheduled when the scheduler starts
2026-08-15 21:42:44,257 - INFO - Bot bot-1786777435150-cce1 scheduled to check every 5 minutes.
2026-08-15 21:42:44,257 - INFO - Added job "LiveRunner.process_cycle" to job store "default"
2026-08-15 21:42:44,257 - INFO - Scheduler started
2026-08-15 21:47:44,271 - INFO - Running job "LiveRunner.process_cycle (trigger: interval[0:05:00], next run at: 2026-08-15 21:47:44 IST)" (scheduled at 2026-08-15 21:47:44.256457+05:30)
2026-08-15 21:47:44,276 - INFO - [bot-1786777435150-cce1] Starting signal check cycle for BTC/USDT (5m)...
2026-08-15 21:47:44,283 - INFO - Fetching recent candles for BTC/USDT (5m) [Bot: bot-1786777435150-cce1]...
2026-08-15 21:47:45,759 - INFO - Indicators computed | close=63066.74 ema_9=63085.65 ema_20=63076.75 ema_50=63056.86 ema_200=63041.47 macd=12.7900 poc=63425.0 val=63050.0 vah=64300.0
2026-08-15 21:47:45,760 - INFO - [bot-1786777435150-cce1] Evaluating strategy on completed candle: 2026-08-15T16:10:00+00:00 at Close price: 63083.03
2026-08-15 21:47:45,780 - INFO - Confluence Evaluation | Regime: TRENDING (ADX=52.1) | Direction: HOLD | BullScore: 67.4% | BearScore: 0.0% | Active: ['ema', 'macd', 'rsi', 'vp']
2026-08-15 21:47:45,799 - INFO - Signal evaluated: HOLD. Reason/Details: Confluence score: 67% (HOLD)
2026-08-15 21:47:45,860 - INFO - Logged heartbeat status: OK
2026-08-15 21:47:45,860 - INFO - Job "LiveRunner.process_cycle (trigger: interval[0:05:00], next run at: 2026-08-15 21:52:44 IST)" executed successfully
2026-08-15 21:52:44,258 - INFO - Running job "LiveRunner.process_cycle (trigger: interval[0:05:00], next run at: 2026-08-15 21:57:44 IST)" (scheduled at 2026-08-15 21:52:44.256457+05:30)
2026-08-15 21:52:44,265 - INFO - [bot-1786777435150-cce1] Starting signal check cycle for BTC/USDT (5m)...
2026-08-15 21:52:44,271 - INFO - Fetching recent candles for BTC/USDT (5m) [Bot: bot-1786777435150-cce1]...
2026-08-15 21:52:44,877 - INFO - Indicators computed | close=63083.49 ema_9=63087.25 ema_20=63078.49 ema_50=63058.39 ema_200=63042.02 macd=12.5782 poc=63425.0 val=63050.0 vah=64300.0
2026-08-15 21:52:44,904 - INFO - [bot-1786777435150-cce1] Evaluating strategy on completed candle: 2026-08-15T16:15:00+00:00 at Close price: 63079.47
2026-08-15 21:52:44,925 - INFO - Confluence Evaluation | Regime: TRENDING (ADX=51.5) | Direction: HOLD | BullScore: 67.4% | BearScore: 0.0% | Active: ['ema', 'macd', 'rsi', 'vp']
2026-08-15 21:52:44,949 - INFO - Signal evaluated: HOLD. Reason/Details: Confluence score: 67% (HOLD)
2026-08-15 21:52:45,022 - INFO - Logged heartbeat status: OK
2026-08-15 21:52:45,022 - INFO - Job "LiveRunner.process_cycle (trigger: interval[0:05:00], next run at: 2026-08-15 21:57:44 IST)" executed successfully
2026-08-15 21:57:44,268 - INFO - Running job "LiveRunner.process_cycle (trigger: interval[0:05:00], next run at: 2026-08-15 22:02:44 IST)" (scheduled at 2026-08-15 21:57:44.256457+05:30)
2026-08-15 21:57:44,276 - INFO - [bot-1786777435150-cce1] Starting signal check cycle for BTC/USDT (5m)...
2026-08-15 21:57:44,288 - INFO - Fetching recent candles for BTC/USDT (5m) [Bot: bot-1786777435150-cce1]...
2026-08-15 21:57:44,700 - INFO - Indicators computed | close=63115.60 ema_9=63096.36 ema_20=63083.88 ema_50=63061.44 ema_200=63042.96 macd=15.3589 poc=63425.0 val=63050.0 vah=64300.0
2026-08-15 21:57:44,700 - INFO - [bot-1786777435150-cce1] Evaluating strategy on completed candle: 2026-08-15T16:20:00+00:00 at Close price: 63104.99
2026-08-15 21:57:44,741 - INFO - Confluence Evaluation | Regime: TRENDING (ADX=52.6) | Direction: HOLD | BullScore: 67.4% | BearScore: 0.0% | Active: ['ema', 'macd', 'rsi', 'vp']
2026-08-15 21:57:44,786 - INFO - Signal evaluated: HOLD. Reason/Details: Confluence score: 67% (HOLD)
2026-08-15 21:57:44,867 - INFO - Logged heartbeat status: OK
2026-08-15 21:57:44,867 - INFO - Job "LiveRunner.process_cycle (trigger: interval[0:05:00], next run at: 2026-08-15 22:02:44 IST)" executed successfully
2026-08-15 22:02:44,261 - INFO - Running job "LiveRunner.process_cycle (trigger: interval[0:05:00], next run at: 2026-08-15 22:07:44 IST)" (scheduled at 2026-08-15 22:02:44.256457+05:30)
2026-08-15 22:02:44,276 - INFO - [bot-1786777435150-cce1] Starting signal check cycle for BTC/USDT (5m)...
2026-08-15 22:02:44,284 - INFO - Fetching recent candles for BTC/USDT (5m) [Bot: bot-1786777435150-cce1]...
2026-08-15 22:02:45,705 - INFO - Indicators computed | close=63119.87 ema_9=63102.02 ema_20=63087.82 ema_50=63063.96 ema_200=63043.79 macd=16.7284 poc=63425.0 val=63050.0 vah=64300.0
2026-08-15 22:02:45,705 - INFO - [bot-1786777435150-cce1] Evaluating strategy on completed candle: 2026-08-15T16:25:00+00:00 at Close price: 63121.59
2026-08-15 22:02:45,730 - INFO - Confluence Evaluation | Regime: TRENDING (ADX=52.8) | Direction: LONG | BullScore: 100.0% | BearScore: 0.0% | Active: ['ema', 'macd', 'rsi', 'vp']
2026-08-15 22:02:45,751 - INFO - Capping position size 0.847961 BTC to available cash equivalent 0.079212 BTC.
2026-08-15 22:02:45,781 - INFO - [bot-1786777435150-cce1] Signal LONG active pending approval already exists (ID: 130).
2026-08-15 22:02:45,840 - INFO - Logged heartbeat status: OK
2026-08-15 22:02:45,840 - INFO - Job "LiveRunner.process_cycle (trigger: interval[0:05:00], next run at: 2026-08-15 22:07:44 IST)" executed successfully
2026-08-16 11:53:56,799 - INFO - BotWatchdog thread started.
2026-08-16 11:53:56,799 - INFO - BotWatchdog singleton background thread started.
2026-08-16 11:53:56,918 - INFO - Initializing scheduled trading bot live runner for bot-1786777435150-cce1...
2026-08-16 11:53:56,926 - INFO - SQLite database tables verified/created.
2026-08-16 11:53:56,938 - INFO - Initializing CCXT Binance in TESTNET mode.
2026-08-16 11:54:02,859 - INFO - Initializing CCXT Binance in MAINNET mode (Public endpoints).
2026-08-16 11:54:02,874 - INFO - Sending Telegram alert...
2026-08-16 11:54:06,411 - INFO - Telegram alert sent successfully.
2026-08-16 11:54:06,417 - INFO - [bot-1786777435150-cce1] Starting signal check cycle for BTC/USDT (5m)...
2026-08-16 11:54:06,429 - INFO - Fetching recent candles for BTC/USDT (5m) [Bot: bot-1786777435150-cce1]...
2026-08-16 11:54:12,783 - INFO - Indicators computed | close=63054.35 ema_9=63061.81 ema_20=63074.79 ema_50=63090.30 ema_200=63087.38 macd=-14.7046 poc=63050.0 val=62600.0 vah=63425.0
2026-08-16 11:54:12,784 - INFO - [bot-1786777435150-cce1] Evaluating strategy on completed candle: 2026-08-16T06:15:00+00:00 at Close price: 63057.38
2026-08-16 11:54:12,804 - INFO - Confluence Evaluation | Regime: TRENDING (ADX=69.5) | Direction: SHORT | BullScore: 0.0% | BearScore: 82.6% | Active: ['ema', 'macd', 'rsi', 'vp']
2026-08-16 11:54:12,827 - INFO - Capping position size 1.188919 BTC to available cash equivalent 0.079293 BTC.
2026-08-16 11:54:13,451 - INFO - Created pending signal approval ID 184 for bot bot-1786777435150-cce1 (SHORT @ $63057.38, status: WAITING_APPROVAL)
2026-08-16 11:54:14,457 - INFO - [bot-1786777435150-cce1] Signal SHORT generated (ID: 184). Waiting for manual user approval.
2026-08-16 11:54:15,345 - INFO - Logged heartbeat status: OK
2026-08-16 11:54:15,349 - INFO - Adding job tentatively -- it will be properly scheduled when the scheduler starts
2026-08-16 11:54:15,350 - INFO - Bot bot-1786777435150-cce1 scheduled to check every 5 minutes.
2026-08-16 11:54:15,350 - INFO - Added job "LiveRunner.process_cycle" to job store "default"
2026-08-16 11:54:15,350 - INFO - Scheduler started
2026-08-16 11:59:15,366 - INFO - Running job "LiveRunner.process_cycle (trigger: interval[0:05:00], next run at: 2026-08-16 11:59:15 IST)" (scheduled at 2026-08-16 11:59:15.348937+05:30)
2026-08-16 11:59:15,402 - INFO - [bot-1786777435150-cce1] Starting signal check cycle for BTC/USDT (5m)...
2026-08-16 11:59:15,436 - INFO - Fetching recent candles for BTC/USDT (5m) [Bot: bot-1786777435150-cce1]...
2026-08-16 11:59:19,833 - INFO - Indicators computed | close=63072.31 ema_9=63063.91 ema_20=63074.55 ema_50=63089.60 ema_200=63087.23 macd=-13.0636 poc=63050.0 val=62600.0 vah=63425.0
2026-08-16 11:59:19,833 - INFO - [bot-1786777435150-cce1] Evaluating strategy on completed candle: 2026-08-16T06:20:00+00:00 at Close price: 63054.35
2026-08-16 11:59:19,893 - INFO - Confluence Evaluation | Regime: TRENDING (ADX=68.7) | Direction: SHORT | BullScore: 0.0% | BearScore: 82.6% | Active: ['ema', 'macd', 'rsi', 'vp']
2026-08-16 11:59:20,207 - INFO - Capping position size 1.147579 BTC to available cash equivalent 0.079297 BTC.
2026-08-16 11:59:21,833 - INFO - [bot-1786777435150-cce1] Signal SHORT active pending approval already exists (ID: 184).
2026-08-16 11:59:22,350 - INFO - Logged heartbeat status: OK
2026-08-16 11:59:22,350 - INFO - Job "LiveRunner.process_cycle (trigger: interval[0:05:00], next run at: 2026-08-16 12:04:15 IST)" executed successfully
