2026-08-16 16:48:44,515 - INFO - Initializing scheduled trading bot live runner for bot-1786879116758-7772...
2026-08-16 16:48:44,536 - INFO - SQLite database tables verified/created.
2026-08-16 16:48:44,586 - INFO - Initializing CCXT Binance in TESTNET mode.
2026-08-16 16:48:46,048 - INFO - Initializing CCXT Binance in MAINNET mode (Public endpoints).
2026-08-16 16:48:46,816 - INFO - Sending Telegram alert...
2026-08-16 16:48:48,258 - INFO - Telegram alert sent successfully.
2026-08-16 16:48:49,351 - INFO - [bot-1786879116758-7772] Starting signal check cycle for ETH/USDT (15m)...
2026-08-16 16:48:51,834 - INFO - Fetching recent candles for ETH/USDT (15m) [Bot: bot-1786879116758-7772]...
2026-08-16 16:49:05,583 - INFO - Indicators computed | close=1880.82 ema_9=1880.72 ema_20=1880.90 ema_50=1881.55 ema_200=1882.26 macd=-0.2952 poc=1875.0 val=1875.0 vah=1900.0
2026-08-16 16:49:05,713 - INFO - [bot-1786879116758-7772] Evaluating strategy on completed candle: 2026-08-16T11:00:00+00:00 at Close price: 1880.78
2026-08-16 16:49:19,257 - INFO - Confluence Evaluation | Regime: RANGING (ADX=17.8) | Direction: HOLD | BullScore: 32.6% | BearScore: 50.0% | Active: ['ema', 'macd', 'rsi', 'vp']
2026-08-16 16:49:20,139 - INFO - Signal evaluated: HOLD. Reason/Details: Confluence score: 50% (HOLD)
2026-08-16 16:49:20,188 - INFO - Logged heartbeat status: OK
2026-08-16 16:49:20,191 - INFO - Adding job tentatively -- it will be properly scheduled when the scheduler starts
2026-08-16 16:49:20,191 - INFO - Bot bot-1786879116758-7772 scheduled to check every 15 minutes.
2026-08-16 16:49:20,191 - INFO - Added job "LiveRunner.process_cycle" to job store "default"
2026-08-16 16:49:20,191 - INFO - Scheduler started
2026-08-16 17:04:23,642 - INFO - Initializing scheduled trading bot live runner for bot-1786879116758-7772...
2026-08-16 17:04:23,749 - INFO - SQLite database tables verified/created.
2026-08-16 17:04:23,855 - INFO - Initializing CCXT Binance in TESTNET mode.
2026-08-16 17:04:25,406 - INFO - Initializing CCXT Binance in MAINNET mode (Public endpoints).
2026-08-16 17:04:25,438 - INFO - Sending Telegram alert...
2026-08-16 17:04:26,818 - INFO - Telegram alert sent successfully.
2026-08-16 17:04:26,837 - INFO - [bot-1786879116758-7772] Starting signal check cycle for ETH/USDT (15m)...
2026-08-16 17:04:26,854 - INFO - Fetching recent candles for ETH/USDT (15m) [Bot: bot-1786879116758-7772]...
2026-08-16 17:04:29,959 - INFO - Indicators computed | close=1880.64 ema_9=1880.68 ema_20=1880.86 ema_50=1881.51 ema_200=1882.24 macd=-0.2933 poc=1875.0 val=1875.0 vah=1900.0
2026-08-16 17:04:29,959 - INFO - [bot-1786879116758-7772] Evaluating strategy on completed candle: 2026-08-16T11:15:00+00:00 at Close price: 1880.64
2026-08-16 17:04:30,895 - INFO - Confluence Evaluation | Regime: RANGING (ADX=16.6) | Direction: HOLD | BullScore: 32.6% | BearScore: 50.0% | Active: ['ema', 'macd', 'rsi', 'vp']
2026-08-16 17:04:42,255 - INFO - Signal evaluated: HOLD. Reason/Details: Confluence score: 50% (HOLD)
2026-08-16 17:04:43,835 - INFO - Logged heartbeat status: OK
2026-08-16 17:04:43,840 - INFO - Adding job tentatively -- it will be properly scheduled when the scheduler starts
2026-08-16 17:04:43,840 - INFO - Bot bot-1786879116758-7772 scheduled to check every 15 minutes.
2026-08-16 17:04:43,841 - INFO - Added job "LiveRunner.process_cycle" to job store "default"
2026-08-16 17:04:43,841 - INFO - Scheduler started
2026-08-16 17:28:22,457 - INFO - Initializing scheduled trading bot live runner for bot-1786879116758-7772...
2026-08-16 17:28:22,674 - INFO - SQLite database tables verified/created.
2026-08-16 17:28:22,784 - INFO - Initializing CCXT Binance in TESTNET mode.
2026-08-16 17:28:24,621 - INFO - Initializing CCXT Binance in MAINNET mode (Public endpoints).
2026-08-16 17:28:25,445 - INFO - Sending Telegram alert...
2026-08-16 17:28:26,443 - INFO - Telegram alert sent successfully.
2026-08-16 17:28:26,495 - INFO - [bot-1786879116758-7772] Starting signal check cycle for ETH/USDT (15m)...
2026-08-16 17:28:26,568 - WARNING - Global Kill switch active! Found flag file or config switch.
2026-08-16 17:28:26,569 - WARNING - Kill switch file active. Skipping cycle.
2026-08-16 17:28:26,569 - INFO - Sending Telegram alert...
2026-08-16 17:28:27,635 - INFO - Telegram alert sent successfully.
2026-08-16 17:28:29,624 - INFO - Logged heartbeat status: OK
2026-08-16 17:28:29,627 - INFO - Adding job tentatively -- it will be properly scheduled when the scheduler starts
2026-08-16 17:28:29,627 - INFO - Bot bot-1786879116758-7772 scheduled to check every 15 minutes.
2026-08-16 17:28:29,627 - INFO - Added job "LiveRunner.process_cycle" to job store "default"
2026-08-16 17:28:29,627 - INFO - Scheduler started
2026-08-16 17:28:38,457 - ERROR - Audit batch write failed: database is locked
2026-08-16 17:28:50,130 - ERROR - Audit batch write failed: database is locked
2026-08-16 18:12:22,921 - INFO - Initializing scheduled trading bot live runner for bot-1786879116758-7772...
2026-08-16 18:12:23,083 - INFO - SQLite database tables verified/created.
2026-08-16 18:12:23,132 - INFO - Initializing CCXT Binance in TESTNET mode.
2026-08-16 18:12:24,978 - INFO - Initializing CCXT Binance in MAINNET mode (Public endpoints).
2026-08-16 18:12:25,349 - INFO - Sending Telegram alert...
2026-08-16 18:12:31,134 - INFO - Telegram alert sent successfully.
2026-08-16 18:12:31,378 - INFO - [bot-1786879116758-7772] Starting signal check cycle for ETH/USDT (15m)...
2026-08-16 18:12:32,465 - INFO - Fetching recent candles for ETH/USDT (15m) [Bot: bot-1786879116758-7772]...
2026-08-16 18:12:35,227 - INFO - Indicators computed | close=1879.50 ema_9=1880.37 ema_20=1880.65 ema_50=1881.32 ema_200=1882.16 macd=-0.3437 poc=1875.0 val=1875.0 vah=1900.0
2026-08-16 18:12:35,227 - INFO - [bot-1786879116758-7772] Evaluating strategy on completed candle: 2026-08-16T12:15:00+00:00 at Close price: 1880.61
2026-08-16 18:12:36,013 - INFO - Confluence Evaluation | Regime: RANGING (ADX=15.3) | Direction: HOLD | BullScore: 32.6% | BearScore: 50.0% | Active: ['ema', 'macd', 'rsi', 'vp']
2026-08-16 18:12:36,980 - ERROR - Audit batch write failed: database is locked
2026-08-16 18:12:38,300 - INFO - Signal evaluated: HOLD. Reason/Details: Confluence score: 50% (HOLD)
2026-08-16 18:12:38,518 - INFO - Logged heartbeat status: OK
2026-08-16 18:12:38,523 - INFO - Adding job tentatively -- it will be properly scheduled when the scheduler starts
2026-08-16 18:12:38,523 - INFO - Bot bot-1786879116758-7772 scheduled to check every 15 minutes.
2026-08-16 18:12:38,524 - INFO - Added job "LiveRunner.process_cycle" to job store "default"
2026-08-16 18:12:38,524 - INFO - Scheduler started
2026-08-16 18:14:19,256 - INFO - Initializing scheduled trading bot live runner for bot-1786879116758-7772...
2026-08-16 18:14:19,525 - INFO - SQLite database tables verified/created.
2026-08-16 18:14:20,263 - INFO - Initializing CCXT Binance in TESTNET mode.
2026-08-16 18:14:21,328 - INFO - Initializing CCXT Binance in MAINNET mode (Public endpoints).
2026-08-16 18:14:21,390 - INFO - Sending Telegram alert...
2026-08-16 18:14:22,251 - INFO - Telegram alert sent successfully.
2026-08-16 18:14:22,254 - INFO - [bot-1786879116758-7772] Starting signal check cycle for ETH/USDT (15m)...
2026-08-16 18:14:22,259 - INFO - Fetching recent candles for ETH/USDT (15m) [Bot: bot-1786879116758-7772]...
2026-08-16 18:14:24,097 - INFO - Indicators computed | close=1879.50 ema_9=1880.37 ema_20=1880.65 ema_50=1881.32 ema_200=1882.16 macd=-0.3437 poc=1875.0 val=1875.0 vah=1900.0
2026-08-16 18:14:24,098 - INFO - [bot-1786879116758-7772] Evaluating strategy on completed candle: 2026-08-16T12:15:00+00:00 at Close price: 1880.61
2026-08-16 18:14:24,107 - INFO - Confluence Evaluation | Regime: RANGING (ADX=15.3) | Direction: HOLD | BullScore: 32.6% | BearScore: 50.0% | Active: ['ema', 'macd', 'rsi', 'vp']
2026-08-16 18:14:24,116 - INFO - Signal evaluated: HOLD. Reason/Details: Confluence score: 50% (HOLD)
2026-08-16 18:14:24,187 - INFO - Logged heartbeat status: OK
2026-08-16 18:14:24,191 - INFO - Adding job tentatively -- it will be properly scheduled when the scheduler starts
2026-08-16 18:14:24,209 - INFO - Bot bot-1786879116758-7772 scheduled to check every 15 minutes.
2026-08-16 18:14:24,209 - INFO - Added job "LiveRunner.process_cycle" to job store "default"
2026-08-16 18:14:24,210 - INFO - Scheduler started
2026-08-16 18:17:50,499 - INFO - Initializing scheduled trading bot live runner for bot-1786879116758-7772...
2026-08-16 18:17:50,569 - INFO - SQLite database tables verified/created.
2026-08-16 18:17:50,587 - INFO - Initializing CCXT Binance in TESTNET mode.
2026-08-16 18:17:53,663 - INFO - Initializing CCXT Binance in MAINNET mode (Public endpoints).
2026-08-16 18:17:53,714 - INFO - Sending Telegram alert...
2026-08-16 18:17:54,823 - INFO - Telegram alert sent successfully.
2026-08-16 18:17:54,909 - INFO - [bot-1786879116758-7772] Starting signal check cycle for ETH/USDT (15m)...
2026-08-16 18:17:54,919 - INFO - Fetching recent candles for ETH/USDT (15m) [Bot: bot-1786879116758-7772]...
2026-08-16 18:18:14,282 - INFO - Indicators computed | close=1879.67 ema_9=1880.23 ema_20=1880.55 ema_50=1881.25 ema_200=1882.14 macd=-0.3807 poc=1875.0 val=1875.0 vah=1900.0
2026-08-16 18:18:14,415 - INFO - [bot-1786879116758-7772] Evaluating strategy on completed candle: 2026-08-16T12:30:00+00:00 at Close price: 1879.50
2026-08-16 18:18:24,743 - INFO - Confluence Evaluation | Regime: RANGING (ADX=19.1) | Direction: HOLD | BullScore: 32.6% | BearScore: 67.4% | Active: ['ema', 'macd', 'rsi', 'vp']
2026-08-16 18:18:33,016 - INFO - Signal evaluated: HOLD. Reason/Details: Confluence score: 67% (HOLD)
2026-08-16 18:18:39,348 - INFO - Logged heartbeat status: OK
2026-08-16 18:18:39,352 - INFO - Adding job tentatively -- it will be properly scheduled when the scheduler starts
2026-08-16 18:18:39,352 - INFO - Bot bot-1786879116758-7772 scheduled to check every 15 minutes.
2026-08-16 18:18:39,352 - INFO - Added job "LiveRunner.process_cycle" to job store "default"
2026-08-16 18:18:39,352 - INFO - Scheduler started
2026-08-16 18:35:19,924 - INFO - Initializing scheduled trading bot live runner for bot-1786879116758-7772...
2026-08-16 18:35:19,957 - INFO - SQLite database tables verified/created.
2026-08-16 18:35:19,991 - INFO - Initializing CCXT Binance in TESTNET mode.
2026-08-16 18:35:21,719 - INFO - Initializing CCXT Binance in MAINNET mode (Public endpoints).
2026-08-16 18:35:23,016 - INFO - Sending Telegram alert...
2026-08-16 18:35:33,454 - INFO - Telegram alert sent successfully.
2026-08-16 18:35:33,669 - INFO - [bot-1786879116758-7772] Starting signal check cycle for ETH/USDT (15m)...
2026-08-16 18:35:34,081 - WARNING - Global Kill switch active! Found flag file or config switch.
2026-08-16 18:35:34,081 - WARNING - Kill switch file active. Skipping cycle.
2026-08-16 18:35:34,081 - INFO - Sending Telegram alert...
2026-08-16 18:35:35,156 - INFO - Telegram alert sent successfully.
2026-08-16 18:35:35,583 - INFO - Logged heartbeat status: OK
2026-08-16 18:35:35,587 - INFO - Adding job tentatively -- it will be properly scheduled when the scheduler starts
2026-08-16 18:35:35,587 - INFO - Bot bot-1786879116758-7772 scheduled to check every 15 minutes.
2026-08-16 18:35:35,587 - INFO - Added job "LiveRunner.process_cycle" to job store "default"
2026-08-16 18:35:35,587 - INFO - Scheduler started
2026-08-16 19:05:58,184 - INFO - Initializing scheduled trading bot live runner for bot-1786879116758-7772...
2026-08-16 19:05:59,488 - INFO - SQLite database tables verified/created.
2026-08-16 19:06:00,653 - INFO - Initializing CCXT Binance in TESTNET mode.
2026-08-16 19:06:01,923 - INFO - Initializing CCXT Binance in MAINNET mode (Public endpoints).
2026-08-16 19:06:02,032 - INFO - Sending Telegram alert...
2026-08-16 19:06:10,553 - INFO - Telegram alert sent successfully.
2026-08-16 19:06:11,203 - INFO - [bot-1786879116758-7772] Starting signal check cycle for ETH/USDT (15m)...
2026-08-16 19:06:11,848 - INFO - Fetching recent candles for ETH/USDT (15m) [Bot: bot-1786879116758-7772]...
2026-08-16 19:06:13,444 - ERROR - Error fetching live OHLCV for ETH/USDT 15m: 
2026-08-16 19:06:13,444 - ERROR - System Error in runner execution cycle: 
Traceback (most recent call last):
  File "H:\algo\algo\btc-bot\src\live_runner.py", line 167, in process_cycle
    df = self.mainnet_fetcher.fetch_live_ohlcv(self.symbol, self.timeframe, limit=1000)
  File "H:\algo\algo\btc-bot\src\data_fetcher.py", line 196, in fetch_live_ohlcv
    raise e
  File "H:\algo\algo\btc-bot\src\data_fetcher.py", line 175, in fetch_live_ohlcv
    candles = self.exchange.fetch_ohlcv(
        symbol=symbol,
        timeframe=timeframe,
        limit=limit
    )
  File "H:\algo\algo\.venv\Lib\site-packages\ccxt\binance.py", line 4713, in fetch_ohlcv
    self.load_markets()
    ~~~~~~~~~~~~~~~~~^^
  File "H:\algo\algo\.venv\Lib\site-packages\ccxt\base\exchange.py", line 1816, in load_markets
    markets = self.fetch_markets(params)
  File "H:\algo\algo\.venv\Lib\site-packages\ccxt\binance.py", line 3241, in fetch_markets
    promisesRaw.append(self.publicGetExchangeInfo(params))
                       ~~~~~~~~~~~~~~~~~~~~~~~~~~^^^^^^^^
  File "H:\algo\algo\.venv\Lib\site-packages\ccxt\base\types.py", line 35, in unbound_method
    return _self.request(self.path, self.api, self.method, params, config=self.config)
           ~~~~~~~~~~~~~^^^^^^^^^^^^^^^^^^^^^^^^^^^^^^^^^^^^^^^^^^^^^^^^^^^^^^^^^^^^^^
  File "H:\algo\algo\.venv\Lib\site-packages\ccxt\binance.py", line 11823, in request
    response = self.fetch2(path, api, method, params, headers, body, config)
  File "H:\algo\algo\.venv\Lib\site-packages\ccxt\base\exchange.py", line 5544, in fetch2
    raise e
  File "H:\algo\algo\.venv\Lib\site-packages\ccxt\base\exchange.py", line 5525, in fetch2
    response = self.fetch(request['url'], request['method'], request['headers'], request['body'])
  File "H:\algo\algo\.venv\Lib\site-packages\ccxt\base\exchange.py", line 635, in fetch
    http_response = self.on_rest_response(http_status_code, http_status_text, url, method, headers, response.text, request_headers, request_body)
                                                                                                    ^^^^^^^^^^^^^
  File "H:\algo\algo\.venv\Lib\site-packages\requests\models.py", line 1075, in text
    content = str(self.content, encoding or "utf-8", errors="replace")
MemoryError
2026-08-16 19:06:13,780 - INFO - Sending Telegram alert...
2026-08-16 19:06:27,311 - ERROR - Error logging Telegram event: database is locked
2026-08-16 19:06:27,439 - INFO - Telegram alert sent successfully.
2026-08-16 19:06:46,426 - ERROR - Error logging bot status: database is locked
2026-08-16 19:06:49,166 - INFO - Logged heartbeat status: ERROR
2026-08-16 19:06:49,169 - INFO - Adding job tentatively -- it will be properly scheduled when the scheduler starts
2026-08-16 19:06:49,169 - INFO - Bot bot-1786879116758-7772 scheduled to check every 15 minutes.
2026-08-16 19:06:49,169 - INFO - Added job "LiveRunner.process_cycle" to job store "default"
2026-08-16 19:06:49,169 - INFO - Scheduler started
2026-08-16 19:11:09,636 - INFO - Initializing scheduled trading bot live runner for bot-1786879116758-7772...
2026-08-16 19:11:09,689 - INFO - SQLite database tables verified/created.
2026-08-16 19:11:09,705 - INFO - Initializing CCXT Binance in TESTNET mode.
2026-08-16 19:11:12,099 - INFO - Initializing CCXT Binance in MAINNET mode (Public endpoints).
2026-08-16 19:11:13,426 - INFO - Sending Telegram alert...
2026-08-16 19:11:19,894 - INFO - Telegram alert sent successfully.
2026-08-16 19:11:19,928 - INFO - [bot-1786879116758-7772] Starting signal check cycle for ETH/USDT (15m)...
2026-08-16 19:11:23,440 - INFO - Fetching recent candles for ETH/USDT (15m) [Bot: bot-1786879116758-7772]...
2026-08-16 19:11:35,495 - INFO - Indicators computed | close=1881.52 ema_9=1880.69 ema_20=1880.71 ema_50=1881.24 ema_200=1882.11 macd=-0.1433 poc=1875.0 val=1875.0 vah=1900.0
2026-08-16 19:11:35,518 - INFO - [bot-1786879116758-7772] Evaluating strategy on completed candle: 2026-08-16T13:15:00+00:00 at Close price: 1880.81
2026-08-16 19:11:45,738 - INFO - Confluence Evaluation | Regime: RANGING (ADX=23.1) | Direction: HOLD | BullScore: 65.2% | BearScore: 0.0% | Active: ['ema', 'macd', 'rsi', 'vp']
2026-08-16 19:11:56,732 - ERROR - Error logging bot decision for bot-1786879116758-7772: database is locked
2026-08-16 19:12:10,390 - ERROR - Error logging signal to DB: database is locked
2026-08-16 19:12:10,391 - INFO - Signal evaluated: HOLD. Reason/Details: Confluence score: 65% (HOLD)
2026-08-16 19:12:28,505 - ERROR - Error logging bot status: database is locked
2026-08-16 19:12:32,100 - INFO - Logged heartbeat status: OK
2026-08-16 19:12:32,104 - INFO - Adding job tentatively -- it will be properly scheduled when the scheduler starts
2026-08-16 19:12:32,104 - INFO - Bot bot-1786879116758-7772 scheduled to check every 15 minutes.
2026-08-16 19:12:32,104 - INFO - Added job "LiveRunner.process_cycle" to job store "default"
2026-08-16 19:12:32,104 - INFO - Scheduler started
