/Users/ashishparadkar/Downloads/algo-code-main/.venv/lib/python3.9/site-packages/urllib3/__init__.py:35: NotOpenSSLWarning: urllib3 v2 only supports OpenSSL 1.1.1+, currently the 'ssl' module is compiled with 'LibreSSL 2.8.3'. See: https://github.com/urllib3/urllib3/issues/3020
  warnings.warn(
2026-08-21 21:42:46,571 - INFO - Bot state startup reconciliation finished: 0 bot(s) reconciled to STOPPED.
2026-08-21 21:42:56,215 - INFO - Telegram notification service initialized successfully (Chat ID: 5657...)
2026-08-21 21:42:57,023 - INFO - Initializing scheduled trading bot live runner for bot-1787324170211-4f2b...
2026-08-21 21:42:58,943 - INFO - SQLite database tables verified/created.
2026-08-21 21:43:00,530 - INFO - Initializing CCXT Binance in TESTNET mode.
2026-08-21 21:45:54,784 - INFO - [bot-1787324170211-4f2b] Pre-flight instrument resolved: BTC/USDT (SPOT via binance_spot)
2026-08-21 21:45:58,521 - INFO - [bot-1787324170211-4f2b] Starting signal check cycle for BTC/USDT (5m)...
2026-08-21 21:45:58,560 - INFO - Fetching recent candles for BTC/USDT (5m) [Bot: bot-1787324170211-4f2b] via ProviderManager...
2026-08-21 22:00:47,950 - INFO - Indicators computed | close=77357.99 ema_9=77209.85 ema_20=77256.35 ema_50=77230.74 ema_200=76093.26 macd=-25.6739 poc=64250.0 val=64025.0 vah=74400.0
2026-08-21 22:00:49,140 - INFO - [bot-1787324170211-4f2b] Evaluating strategy on completed candle: 2026-08-21 16:20:00+00:00 at Close price: 77150.00
2026-08-21 22:00:53,599 - INFO - Confluence Evaluation | Regime: TRENDING (ADX=38.1) | Direction: HOLD | BullScore: 44.1% | BearScore: 11.8% | Active: ['ema_9', 'ema_20', 'rsi', 'vwap', 'supertrend', 'atr']
2026-08-21 22:00:55,849 - INFO - Signal evaluated: HOLD. Reason/Details: Confluence score: 44% (HOLD)
2026-08-21 22:00:58,300 - INFO - Logged heartbeat status: OK
2026-08-21 22:01:03,664 - INFO - Adding job tentatively -- it will be properly scheduled when the scheduler starts
2026-08-21 22:01:03,680 - INFO - Bot bot-1787324170211-4f2b scheduled to check every 5 minutes.
2026-08-21 22:01:05,593 - INFO - Added job "LiveRunner.process_cycle" to job store "default"
2026-08-21 22:01:05,595 - INFO - Scheduler started
2026-08-21 22:06:03,151 - INFO - Running job "LiveRunner.process_cycle (trigger: interval[0:05:00], next run at: 2026-08-21 22:11:03 IST)" (scheduled at 2026-08-21 22:06:03.061882+05:30)
2026-08-21 22:06:03,173 - INFO - [bot-1787324170211-4f2b] Starting signal check cycle for BTC/USDT (5m)...
2026-08-21 22:06:03,262 - INFO - Fetching recent candles for BTC/USDT (5m) [Bot: bot-1787324170211-4f2b] via ProviderManager...
2026-08-21 22:06:04,186 - INFO - Indicators computed | close=77327.49 ema_9=77257.22 ema_20=77272.18 ema_50=77239.51 ema_200=76118.06 macd=-6.5932 poc=69350.0 val=64025.0 vah=74475.0
2026-08-21 22:06:04,187 - INFO - [bot-1787324170211-4f2b] Evaluating strategy on completed candle: 2026-08-21 16:30:00+00:00 at Close price: 77338.12
2026-08-21 22:06:04,267 - INFO - Confluence Evaluation | Regime: TRENDING (ADX=39.7) | Direction: HOLD | BullScore: 44.1% | BearScore: 55.9% | Active: ['ema_9', 'ema_20', 'rsi', 'vwap', 'supertrend', 'atr']
2026-08-21 22:06:04,388 - INFO - Signal evaluated: HOLD. Reason/Details: Confluence score: 56% (HOLD)
2026-08-21 22:06:04,697 - INFO - Logged heartbeat status: OK
2026-08-21 22:06:04,699 - INFO - Job "LiveRunner.process_cycle (trigger: interval[0:05:00], next run at: 2026-08-21 22:11:03 IST)" executed successfully
2026-08-21 22:11:03,152 - INFO - Running job "LiveRunner.process_cycle (trigger: interval[0:05:00], next run at: 2026-08-21 22:16:03 IST)" (scheduled at 2026-08-21 22:11:03.061882+05:30)
2026-08-21 22:11:03,243 - INFO - [bot-1787324170211-4f2b] Starting signal check cycle for BTC/USDT (5m)...
2026-08-21 22:11:03,358 - INFO - Fetching recent candles for BTC/USDT (5m) [Bot: bot-1787324170211-4f2b] via ProviderManager...
2026-08-21 22:11:05,120 - INFO - Indicators computed | close=77304.00 ema_9=77264.78 ema_20=77274.25 ema_50=77241.62 ema_200=76129.75 macd=-3.5298 poc=69350.0 val=64025.0 vah=74475.0
2026-08-21 22:11:05,123 - INFO - [bot-1787324170211-4f2b] Evaluating strategy on completed candle: 2026-08-21 16:35:00+00:00 at Close price: 77316.28
2026-08-21 22:11:05,257 - INFO - Confluence Evaluation | Regime: TRENDING (ADX=39.7) | Direction: HOLD | BullScore: 44.1% | BearScore: 55.9% | Active: ['ema_9', 'ema_20', 'rsi', 'vwap', 'supertrend', 'atr']
2026-08-21 22:11:05,421 - INFO - Signal evaluated: HOLD. Reason/Details: Confluence score: 56% (HOLD)
2026-08-21 22:11:05,871 - INFO - Logged heartbeat status: OK
2026-08-21 22:11:05,872 - INFO - Job "LiveRunner.process_cycle (trigger: interval[0:05:00], next run at: 2026-08-21 22:16:03 IST)" executed successfully
2026-08-21 22:16:03,171 - INFO - Running job "LiveRunner.process_cycle (trigger: interval[0:05:00], next run at: 2026-08-21 22:21:03 IST)" (scheduled at 2026-08-21 22:16:03.061882+05:30)
2026-08-21 22:16:03,316 - INFO - [bot-1787324170211-4f2b] Starting signal check cycle for BTC/USDT (5m)...
2026-08-21 22:16:03,385 - INFO - Fetching recent candles for BTC/USDT (5m) [Bot: bot-1787324170211-4f2b] via ProviderManager...
2026-08-21 22:16:04,019 - INFO - Indicators computed | close=77339.23 ema_9=77288.96 ema_20=77285.44 ema_50=77247.64 ema_200=76142.35 macd=5.9962 poc=69350.0 val=64025.0 vah=74500.0
2026-08-21 22:16:04,020 - INFO - [bot-1787324170211-4f2b] Evaluating strategy on completed candle: 2026-08-21 16:40:00+00:00 at Close price: 77362.04
2026-08-21 22:16:04,119 - INFO - Confluence Evaluation | Regime: TRENDING (ADX=40.2) | Direction: LONG | BullScore: 88.2% | BearScore: 11.8% | Active: ['ema_9', 'ema_20', 'rsi', 'vwap', 'supertrend', 'atr']
2026-08-21 22:16:04,223 - INFO - Capping position size 0.791348 BTC to available cash equivalent 0.193894 BTC.
2026-08-21 22:16:04,384 - INFO - Created pending signal approval ID 224 for bot bot-1787324170211-4f2b (LONG @ $77362.04, status: WAITING_APPROVAL)
2026-08-21 22:16:04,558 - INFO - [bot-1787324170211-4f2b] Signal LONG generated (ID: 224). Waiting for manual user approval.
2026-08-21 22:16:04,740 - INFO - Logged heartbeat status: OK
2026-08-21 22:16:04,740 - INFO - Job "LiveRunner.process_cycle (trigger: interval[0:05:00], next run at: 2026-08-21 22:21:03 IST)" executed successfully
2026-08-21 22:21:03,110 - INFO - Running job "LiveRunner.process_cycle (trigger: interval[0:05:00], next run at: 2026-08-21 22:26:03 IST)" (scheduled at 2026-08-21 22:21:03.061882+05:30)
2026-08-21 22:21:03,165 - INFO - [bot-1787324170211-4f2b] Starting signal check cycle for BTC/USDT (5m)...
2026-08-21 22:21:03,227 - INFO - Fetching recent candles for BTC/USDT (5m) [Bot: bot-1787324170211-4f2b] via ProviderManager...
2026-08-21 22:21:04,043 - INFO - Indicators computed | close=77522.48 ema_9=77366.21 ema_20=77324.47 ema_50=77265.61 ema_200=76157.97 macd=36.1434 poc=69350.0 val=64025.0 vah=74525.0
2026-08-21 22:21:04,046 - INFO - [bot-1787324170211-4f2b] Evaluating strategy on completed candle: 2026-08-21 16:45:00+00:00 at Close price: 77530.19
2026-08-21 22:21:04,198 - INFO - LONG signal blocked | Location blocked (Close 77530.19 outside Value Area [62744.50 - 76015.50], VAL=64025.00, VAH=74525.00) | context={'close': 77530.19, 'ema_9': 77327.14786556269, 'ema_20': 77303.62543003306, 'ema_50': 77255.12450110391, 'ema_200': 76144.25262187838, 'macd_line': 21.229475276821177, 'macd_signal': 6.32280964717363, 'macd_hist': 14.906665629647547, 'poc': np.float64(69350.0), 'val': np.float64(64025.0), 'vah': np.float64(74525.0)}
2026-08-21 22:21:04,209 - INFO - Confluence Evaluation | Regime: TRENDING (ADX=39.6) | Direction: LONG | BullScore: 88.2% | BearScore: 11.8% | Active: ['ema_9', 'ema_20', 'rsi', 'vwap', 'supertrend', 'atr']
2026-08-21 22:21:04,298 - INFO - Signal evaluated: HOLD. Reason/Details: Confluence score: 88% (LONG) meets 75% threshold
2026-08-21 22:21:04,545 - INFO - Logged heartbeat status: OK
2026-08-21 22:21:04,549 - INFO - Job "LiveRunner.process_cycle (trigger: interval[0:05:00], next run at: 2026-08-21 22:26:03 IST)" executed successfully
2026-08-21 22:26:03,109 - INFO - Running job "LiveRunner.process_cycle (trigger: interval[0:05:00], next run at: 2026-08-21 22:26:03 IST)" (scheduled at 2026-08-21 22:26:03.061882+05:30)
2026-08-21 22:26:03,175 - INFO - [bot-1787324170211-4f2b] Starting signal check cycle for BTC/USDT (5m)...
2026-08-21 22:26:03,251 - INFO - Fetching recent candles for BTC/USDT (5m) [Bot: bot-1787324170211-4f2b] via ProviderManager...
2026-08-21 22:26:03,818 - INFO - Indicators computed | close=77486.72 ema_9=77381.92 ema_20=77335.40 ema_50=77272.30 ema_200=76170.67 macd=41.3312 poc=69350.0 val=64025.0 vah=74525.0
2026-08-21 22:26:03,820 - INFO - [bot-1787324170211-4f2b] Evaluating strategy on completed candle: 2026-08-21 16:50:00+00:00 at Close price: 77470.00
2026-08-21 22:26:03,908 - INFO - Confluence Evaluation | Regime: TRENDING (ADX=39.0) | Direction: HOLD | BullScore: 44.1% | BearScore: 55.9% | Active: ['ema_9', 'ema_20', 'rsi', 'vwap', 'supertrend', 'atr']
2026-08-21 22:26:04,021 - INFO - Signal evaluated: HOLD. Reason/Details: Confluence score: 56% (HOLD)
2026-08-21 22:26:04,233 - INFO - Logged heartbeat status: OK
2026-08-21 22:26:04,234 - INFO - Job "LiveRunner.process_cycle (trigger: interval[0:05:00], next run at: 2026-08-21 22:31:03 IST)" executed successfully
2026-08-21 22:31:03,228 - INFO - Running job "LiveRunner.process_cycle (trigger: interval[0:05:00], next run at: 2026-08-21 22:36:03 IST)" (scheduled at 2026-08-21 22:31:03.061882+05:30)
2026-08-21 22:31:03,292 - INFO - [bot-1787324170211-4f2b] Starting signal check cycle for BTC/USDT (5m)...
2026-08-21 22:31:03,376 - INFO - Fetching recent candles for BTC/USDT (5m) [Bot: bot-1787324170211-4f2b] via ProviderManager...
2026-08-21 22:31:05,149 - INFO - Indicators computed | close=77508.00 ema_9=77407.02 ema_20=77351.78 ema_50=77281.52 ema_200=76183.97 macd=49.8585 poc=69350.0 val=64025.0 vah=74550.0
2026-08-21 22:31:05,153 - INFO - [bot-1787324170211-4f2b] Evaluating strategy on completed candle: 2026-08-21 16:55:00+00:00 at Close price: 77486.01
2026-08-21 22:31:05,338 - INFO - Confluence Evaluation | Regime: TRENDING (ADX=37.1) | Direction: LONG | BullScore: 100.0% | BearScore: 0.0% | Active: ['ema_9', 'ema_20', 'rsi', 'vwap', 'supertrend', 'atr']
2026-08-21 22:31:05,617 - INFO - Capping position size 0.927013 BTC to available cash equivalent 0.193583 BTC.
2026-08-21 22:31:05,678 - INFO - [bot-1787324170211-4f2b] Signal LONG active pending approval already exists (ID: 224).
2026-08-21 22:31:05,978 - INFO - Logged heartbeat status: OK
2026-08-21 22:31:05,979 - INFO - Job "LiveRunner.process_cycle (trigger: interval[0:05:00], next run at: 2026-08-21 22:36:03 IST)" executed successfully
2026-08-21 22:36:03,095 - INFO - Running job "LiveRunner.process_cycle (trigger: interval[0:05:00], next run at: 2026-08-21 22:41:03 IST)" (scheduled at 2026-08-21 22:36:03.061882+05:30)
2026-08-21 22:36:03,108 - INFO - [bot-1787324170211-4f2b] Starting signal check cycle for BTC/USDT (5m)...
2026-08-21 22:36:03,194 - INFO - Fetching recent candles for BTC/USDT (5m) [Bot: bot-1787324170211-4f2b] via ProviderManager...
2026-08-21 22:36:04,033 - INFO - Indicators computed | close=77552.00 ema_9=77438.26 ema_20=77372.05 ema_50=77292.65 ema_200=76197.72 macd=60.3879 poc=69350.0 val=64025.0 vah=74575.0
2026-08-21 22:36:04,035 - INFO - [bot-1787324170211-4f2b] Evaluating strategy on completed candle: 2026-08-21 17:00:00+00:00 at Close price: 77522.00
2026-08-21 22:36:04,104 - INFO - Confluence Evaluation | Regime: TRENDING (ADX=34.7) | Direction: LONG | BullScore: 100.0% | BearScore: 0.0% | Active: ['ema_9', 'ema_20', 'rsi', 'vwap', 'supertrend', 'atr']
2026-08-21 22:36:04,186 - INFO - Capping position size 0.922311 BTC to available cash equivalent 0.193493 BTC.
2026-08-21 22:36:04,288 - INFO - [bot-1787324170211-4f2b] Signal LONG active pending approval already exists (ID: 224).
2026-08-21 22:36:04,485 - INFO - Logged heartbeat status: OK
2026-08-21 22:36:04,486 - INFO - Job "LiveRunner.process_cycle (trigger: interval[0:05:00], next run at: 2026-08-21 22:41:03 IST)" executed successfully
2026-08-21 22:41:03,189 - INFO - Running job "LiveRunner.process_cycle (trigger: interval[0:05:00], next run at: 2026-08-21 22:46:03 IST)" (scheduled at 2026-08-21 22:41:03.061882+05:30)
2026-08-21 22:41:03,237 - INFO - [bot-1787324170211-4f2b] Starting signal check cycle for BTC/USDT (5m)...
2026-08-21 22:41:03,289 - INFO - Fetching recent candles for BTC/USDT (5m) [Bot: bot-1787324170211-4f2b] via ProviderManager...
2026-08-21 22:41:03,899 - INFO - Indicators computed | close=77604.00 ema_9=77481.86 ema_20=77399.77 ema_50=77307.33 ema_200=76212.36 macd=75.2486 poc=69350.0 val=64025.0 vah=74575.0
2026-08-21 22:41:03,907 - INFO - [bot-1787324170211-4f2b] Evaluating strategy on completed candle: 2026-08-21 17:05:00+00:00 at Close price: 77617.37
2026-08-21 22:41:04,058 - INFO - Confluence Evaluation | Regime: TRENDING (ADX=35.6) | Direction: LONG | BullScore: 100.0% | BearScore: 0.0% | Active: ['ema_9', 'ema_20', 'rsi', 'vwap', 'supertrend', 'atr']
2026-08-21 22:41:04,176 - INFO - Capping position size 0.796411 BTC to available cash equivalent 0.193256 BTC.
2026-08-21 22:41:04,183 - INFO - [bot-1787324170211-4f2b] Signal LONG active pending approval already exists (ID: 224).
2026-08-21 22:41:04,326 - INFO - Logged heartbeat status: OK
2026-08-21 22:41:04,327 - INFO - Job "LiveRunner.process_cycle (trigger: interval[0:05:00], next run at: 2026-08-21 22:46:03 IST)" executed successfully
