/Users/ashishparadkar/Downloads/algo-code-main/.venv/lib/python3.9/site-packages/urllib3/__init__.py:35: NotOpenSSLWarning: urllib3 v2 only supports OpenSSL 1.1.1+, currently the 'ssl' module is compiled with 'LibreSSL 2.8.3'. See: https://github.com/urllib3/urllib3/issues/3020
  warnings.warn(
2026-08-20 22:18:20,316 - INFO - Bot state startup reconciliation finished: 0 bot(s) reconciled to STOPPED.
2026-08-20 22:18:22,901 - INFO - Telegram notification service initialized successfully (Chat ID: 5657...)
2026-08-20 22:18:22,936 - INFO - Initializing scheduled trading bot live runner for bot-1787212530069-197e...
2026-08-20 22:18:23,385 - INFO - SQLite database tables verified/created.
2026-08-20 22:18:24,481 - INFO - Initializing CCXT Binance in TESTNET mode.
2026-08-20 22:18:54,755 - INFO - [bot-1787212530069-197e] Pre-flight instrument resolved: BTC-260828-70000-C (OPTION via deribit_options)
2026-08-20 22:18:54,817 - INFO - [bot-1787212530069-197e] Starting signal check cycle for BTC-260828-70000-C (1h)...
2026-08-20 22:18:55,453 - INFO - Fetching recent candles for BTC-260828-70000-C (1h) [Bot: bot-1787212530069-197e] via ProviderManager...
2026-08-20 22:18:55,454 - ERROR - System Error in runner execution cycle: OPTIONS EXECUTION UNSUPPORTED: Dedicated Options Broker (Deribit API) is not connected for BTC-260828-70000-C. Trading options requires configuring options gateway credentials.
Traceback (most recent call last):
  File "/Users/ashishparadkar/Downloads/algo-code-main/src/live_runner.py", line 199, in process_cycle
    df, _ = self.provider_manager.fetch_ohlcv_safe(self.symbol, self.timeframe, limit=1000)
  File "/Users/ashishparadkar/Downloads/algo-code-main/src/provider_manager.py", line 355, in fetch_ohlcv_safe
    raise non_retryable
  File "/Users/ashishparadkar/Downloads/algo-code-main/src/provider_manager.py", line 351, in fetch_ohlcv_safe
    df = adapter.fetch_ohlcv(instrument, timeframe, limit=limit)
  File "/Users/ashishparadkar/Downloads/algo-code-main/src/provider_manager.py", line 284, in fetch_ohlcv
    raise ccxt.NotSupported(
ccxt.base.errors.NotSupported: OPTIONS EXECUTION UNSUPPORTED: Dedicated Options Broker (Deribit API) is not connected for BTC-260828-70000-C. Trading options requires configuring options gateway credentials.
2026-08-20 22:18:56,231 - WARNING - [bot-1787212530069-197e] Marked bot as non-retryable configuration error to prevent infinite error storm.
2026-08-20 22:18:57,495 - INFO - Logged heartbeat status: ERROR
2026-08-20 22:18:57,909 - INFO - Adding job tentatively -- it will be properly scheduled when the scheduler starts
2026-08-20 22:18:57,909 - INFO - Bot bot-1787212530069-197e scheduled to check every 60 minutes.
2026-08-20 22:18:57,955 - INFO - Added job "LiveRunner.process_cycle" to job store "default"
2026-08-20 22:18:57,955 - INFO - Scheduler started
/Users/ashishparadkar/Downloads/algo-code-main/.venv/lib/python3.9/site-packages/urllib3/__init__.py:35: NotOpenSSLWarning: urllib3 v2 only supports OpenSSL 1.1.1+, currently the 'ssl' module is compiled with 'LibreSSL 2.8.3'. See: https://github.com/urllib3/urllib3/issues/3020
  warnings.warn(
2026-08-21 06:21:46,471 - INFO - Bot state startup reconciliation finished: 0 bot(s) reconciled to STOPPED.
2026-08-21 06:21:47,046 - INFO - Telegram notification service initialized successfully (Chat ID: 5657...)
2026-08-21 06:21:47,057 - INFO - Initializing scheduled trading bot live runner for bot-1787212530069-197e...
2026-08-21 06:21:47,708 - INFO - SQLite database tables verified/created.
2026-08-21 06:21:48,490 - INFO - Initializing CCXT Binance in TESTNET mode.
2026-08-21 06:22:25,193 - INFO - [bot-1787212530069-197e] Pre-flight instrument resolved: BTC-260828-70000-C (OPTION via deribit_options)
2026-08-21 06:22:25,672 - INFO - [bot-1787212530069-197e] Starting signal check cycle for BTC-260828-70000-C (1h)...
2026-08-21 06:22:25,712 - INFO - Fetching recent candles for BTC-260828-70000-C (1h) [Bot: bot-1787212530069-197e] via ProviderManager...
2026-08-21 06:22:25,712 - ERROR - System Error in runner execution cycle: OPTIONS EXECUTION UNSUPPORTED: Dedicated Options Broker (Deribit API) is not connected for BTC-260828-70000-C. Trading options requires configuring options gateway credentials.
Traceback (most recent call last):
  File "/Users/ashishparadkar/Downloads/algo-code-main/src/live_runner.py", line 199, in process_cycle
    df, _ = self.provider_manager.fetch_ohlcv_safe(self.symbol, self.timeframe, limit=1000)
  File "/Users/ashishparadkar/Downloads/algo-code-main/src/provider_manager.py", line 355, in fetch_ohlcv_safe
    raise non_retryable
  File "/Users/ashishparadkar/Downloads/algo-code-main/src/provider_manager.py", line 351, in fetch_ohlcv_safe
    df = adapter.fetch_ohlcv(instrument, timeframe, limit=limit)
  File "/Users/ashishparadkar/Downloads/algo-code-main/src/provider_manager.py", line 284, in fetch_ohlcv
    raise ccxt.NotSupported(
ccxt.base.errors.NotSupported: OPTIONS EXECUTION UNSUPPORTED: Dedicated Options Broker (Deribit API) is not connected for BTC-260828-70000-C. Trading options requires configuring options gateway credentials.
2026-08-21 06:22:26,180 - WARNING - [bot-1787212530069-197e] Marked bot as non-retryable configuration error to prevent infinite error storm.
2026-08-21 06:22:26,272 - INFO - Logged heartbeat status: ERROR
2026-08-21 06:22:27,302 - INFO - Adding job tentatively -- it will be properly scheduled when the scheduler starts
2026-08-21 06:22:27,303 - INFO - Bot bot-1787212530069-197e scheduled to check every 60 minutes.
2026-08-21 06:22:27,663 - INFO - Added job "LiveRunner.process_cycle" to job store "default"
2026-08-21 06:22:27,663 - INFO - Scheduler started
/Users/ashishparadkar/Downloads/algo-code-main/.venv/lib/python3.9/site-packages/urllib3/__init__.py:35: NotOpenSSLWarning: urllib3 v2 only supports OpenSSL 1.1.1+, currently the 'ssl' module is compiled with 'LibreSSL 2.8.3'. See: https://github.com/urllib3/urllib3/issues/3020
  warnings.warn(
2026-08-21 12:14:29,667 - INFO - Bot state startup reconciliation finished: 0 bot(s) reconciled to STOPPED.
2026-08-21 12:14:30,325 - INFO - Telegram notification service initialized successfully (Chat ID: 5657...)
2026-08-21 12:14:30,764 - INFO - Initializing scheduled trading bot live runner for bot-1787212530069-197e...
2026-08-21 12:14:31,172 - INFO - SQLite database tables verified/created.
2026-08-21 12:14:31,564 - INFO - Initializing CCXT Binance in TESTNET mode.
2026-08-21 12:15:05,756 - INFO - [bot-1787212530069-197e] Pre-flight instrument resolved: BTC-260828-70000-C (OPTION via deribit_options)
2026-08-21 12:15:06,400 - INFO - [bot-1787212530069-197e] Starting signal check cycle for BTC-260828-70000-C (1h)...
2026-08-21 12:15:06,792 - INFO - Fetching recent candles for BTC-260828-70000-C (1h) [Bot: bot-1787212530069-197e] via ProviderManager...
2026-08-21 12:15:06,797 - ERROR - System Error in runner execution cycle: OPTIONS EXECUTION UNSUPPORTED: Dedicated Options Broker (Deribit API) is not connected for BTC-260828-70000-C. Trading options requires configuring options gateway credentials.
Traceback (most recent call last):
  File "/Users/ashishparadkar/Downloads/algo-code-main/src/live_runner.py", line 199, in process_cycle
    df, _ = self.provider_manager.fetch_ohlcv_safe(self.symbol, self.timeframe, limit=1000)
  File "/Users/ashishparadkar/Downloads/algo-code-main/src/provider_manager.py", line 355, in fetch_ohlcv_safe
    raise non_retryable
  File "/Users/ashishparadkar/Downloads/algo-code-main/src/provider_manager.py", line 351, in fetch_ohlcv_safe
    df = adapter.fetch_ohlcv(instrument, timeframe, limit=limit)
  File "/Users/ashishparadkar/Downloads/algo-code-main/src/provider_manager.py", line 284, in fetch_ohlcv
    raise ccxt.NotSupported(
ccxt.base.errors.NotSupported: OPTIONS EXECUTION UNSUPPORTED: Dedicated Options Broker (Deribit API) is not connected for BTC-260828-70000-C. Trading options requires configuring options gateway credentials.
2026-08-21 12:15:08,249 - WARNING - [bot-1787212530069-197e] Marked bot as non-retryable configuration error to prevent infinite error storm.
2026-08-21 12:15:09,982 - INFO - Logged heartbeat status: ERROR
2026-08-21 12:15:10,447 - INFO - Adding job tentatively -- it will be properly scheduled when the scheduler starts
2026-08-21 12:15:10,448 - INFO - Bot bot-1787212530069-197e scheduled to check every 60 minutes.
2026-08-21 12:15:10,450 - INFO - Added job "LiveRunner.process_cycle" to job store "default"
2026-08-21 12:15:10,450 - INFO - Scheduler started
2026-08-21 13:15:10,812 - INFO - Running job "LiveRunner.process_cycle (trigger: interval[1:00:00], next run at: 2026-08-21 14:15:10 IST)" (scheduled at 2026-08-21 13:15:10.445416+05:30)
2026-08-21 13:15:10,837 - ERROR - [bot-1787212530069-197e] Halting runner cycle: Bot is configured with unexecutable instrument 'BTC-260828-70000-C'. Error: Fatal Non-Retryable Error: OPTIONS EXECUTION UNSUPPORTED: Dedicated Options Broker (Deribit API) is not connected for BTC-260828-70000-C. Trading options requires configuring options gateway credentials.
2026-08-21 13:15:11,086 - INFO - Job "LiveRunner.process_cycle (trigger: interval[1:00:00], next run at: 2026-08-21 14:15:10 IST)" executed successfully
/Users/ashishparadkar/Downloads/algo-code-main/.venv/lib/python3.9/site-packages/urllib3/__init__.py:35: NotOpenSSLWarning: urllib3 v2 only supports OpenSSL 1.1.1+, currently the 'ssl' module is compiled with 'LibreSSL 2.8.3'. See: https://github.com/urllib3/urllib3/issues/3020
  warnings.warn(
/Users/ashishparadkar/Downloads/algo-code-main/.venv/lib/python3.9/site-packages/urllib3/__init__.py:35: NotOpenSSLWarning: urllib3 v2 only supports OpenSSL 1.1.1+, currently the 'ssl' module is compiled with 'LibreSSL 2.8.3'. See: https://github.com/urllib3/urllib3/issues/3020
  warnings.warn(
2026-08-21 15:31:05,930 - INFO - Bot state startup reconciliation finished: 0 bot(s) reconciled to STOPPED.
2026-08-21 15:31:06,671 - INFO - Telegram notification service initialized successfully (Chat ID: 5657...)
2026-08-21 15:31:06,685 - INFO - Initializing scheduled trading bot live runner for bot-1787212530069-197e...
2026-08-21 15:31:07,830 - INFO - SQLite database tables verified/created.
2026-08-21 15:31:08,947 - INFO - Initializing CCXT Binance in TESTNET mode.
/Users/ashishparadkar/Downloads/algo-code-main/.venv/lib/python3.9/site-packages/urllib3/__init__.py:35: NotOpenSSLWarning: urllib3 v2 only supports OpenSSL 1.1.1+, currently the 'ssl' module is compiled with 'LibreSSL 2.8.3'. See: https://github.com/urllib3/urllib3/issues/3020
  warnings.warn(
2026-08-21 18:14:20,070 - INFO - Bot state startup reconciliation finished: 0 bot(s) reconciled to STOPPED.
2026-08-21 18:14:21,220 - INFO - Telegram notification service initialized successfully (Chat ID: 5657...)
2026-08-21 18:14:21,261 - INFO - Initializing scheduled trading bot live runner for bot-1787212530069-197e...
2026-08-21 18:14:21,932 - INFO - SQLite database tables verified/created.
2026-08-21 18:14:23,355 - INFO - Initializing CCXT Binance in TESTNET mode.
2026-08-21 18:15:36,770 - INFO - [bot-1787212530069-197e] Pre-flight instrument resolved: BTC-260828-70000-C (OPTION via deribit_options)
2026-08-21 18:15:37,048 - INFO - [bot-1787212530069-197e] Starting signal check cycle for BTC-260828-70000-C (1h)...
2026-08-21 18:15:37,073 - INFO - Fetching recent candles for BTC-260828-70000-C (1h) [Bot: bot-1787212530069-197e] via ProviderManager...
2026-08-21 18:15:37,073 - ERROR - System Error in runner execution cycle: OPTIONS EXECUTION UNSUPPORTED: Dedicated Options Broker (Deribit API) is not connected for BTC-260828-70000-C. Trading options requires configuring options gateway credentials.
Traceback (most recent call last):
  File "/Users/ashishparadkar/Downloads/algo-code-main/src/live_runner.py", line 199, in process_cycle
    df, _ = self.provider_manager.fetch_ohlcv_safe(self.symbol, self.timeframe, limit=1000)
  File "/Users/ashishparadkar/Downloads/algo-code-main/src/provider_manager.py", line 355, in fetch_ohlcv_safe
    raise non_retryable
  File "/Users/ashishparadkar/Downloads/algo-code-main/src/provider_manager.py", line 351, in fetch_ohlcv_safe
    df = adapter.fetch_ohlcv(instrument, timeframe, limit=limit)
  File "/Users/ashishparadkar/Downloads/algo-code-main/src/provider_manager.py", line 284, in fetch_ohlcv
    raise ccxt.NotSupported(
ccxt.base.errors.NotSupported: OPTIONS EXECUTION UNSUPPORTED: Dedicated Options Broker (Deribit API) is not connected for BTC-260828-70000-C. Trading options requires configuring options gateway credentials.
2026-08-21 18:15:40,141 - WARNING - [bot-1787212530069-197e] Marked bot as non-retryable configuration error to prevent infinite error storm.
2026-08-21 18:15:43,672 - INFO - Logged heartbeat status: ERROR
2026-08-21 18:15:44,455 - INFO - Adding job tentatively -- it will be properly scheduled when the scheduler starts
2026-08-21 18:15:44,460 - INFO - Bot bot-1787212530069-197e scheduled to check every 60 minutes.
2026-08-21 18:15:45,121 - INFO - Added job "LiveRunner.process_cycle" to job store "default"
2026-08-21 18:15:45,121 - INFO - Scheduler started
/Users/ashishparadkar/Downloads/algo-code-main/.venv/lib/python3.9/site-packages/urllib3/__init__.py:35: NotOpenSSLWarning: urllib3 v2 only supports OpenSSL 1.1.1+, currently the 'ssl' module is compiled with 'LibreSSL 2.8.3'. See: https://github.com/urllib3/urllib3/issues/3020
  warnings.warn(
2026-08-21 20:27:58,403 - INFO - Bot state startup reconciliation finished: 0 bot(s) reconciled to STOPPED.
2026-08-21 20:28:00,190 - INFO - Telegram notification service initialized successfully (Chat ID: 5657...)
2026-08-21 20:28:00,227 - INFO - Initializing scheduled trading bot live runner for bot-1787212530069-197e...
2026-08-21 20:28:01,968 - INFO - SQLite database tables verified/created.
2026-08-21 20:28:03,723 - INFO - Initializing CCXT Binance in TESTNET mode.
2026-08-21 20:29:34,247 - INFO - [bot-1787212530069-197e] Pre-flight instrument resolved: BTC-260828-70000-C (OPTION via deribit_options)
2026-08-21 20:29:35,733 - INFO - [bot-1787212530069-197e] Starting signal check cycle for BTC-260828-70000-C (1h)...
2026-08-21 20:29:36,461 - INFO - Fetching recent candles for BTC-260828-70000-C (1h) [Bot: bot-1787212530069-197e] via ProviderManager...
2026-08-21 20:29:36,462 - ERROR - System Error in runner execution cycle: OPTIONS EXECUTION UNSUPPORTED: Dedicated Options Broker (Deribit API) is not connected for BTC-260828-70000-C. Trading options requires configuring options gateway credentials.
Traceback (most recent call last):
  File "/Users/ashishparadkar/Downloads/algo-code-main/src/live_runner.py", line 199, in process_cycle
    df, _ = self.provider_manager.fetch_ohlcv_safe(self.symbol, self.timeframe, limit=1000)
  File "/Users/ashishparadkar/Downloads/algo-code-main/src/provider_manager.py", line 355, in fetch_ohlcv_safe
    raise non_retryable
  File "/Users/ashishparadkar/Downloads/algo-code-main/src/provider_manager.py", line 351, in fetch_ohlcv_safe
    df = adapter.fetch_ohlcv(instrument, timeframe, limit=limit)
  File "/Users/ashishparadkar/Downloads/algo-code-main/src/provider_manager.py", line 284, in fetch_ohlcv
    raise ccxt.NotSupported(
ccxt.base.errors.NotSupported: OPTIONS EXECUTION UNSUPPORTED: Dedicated Options Broker (Deribit API) is not connected for BTC-260828-70000-C. Trading options requires configuring options gateway credentials.
2026-08-21 20:29:40,930 - WARNING - [bot-1787212530069-197e] Marked bot as non-retryable configuration error to prevent infinite error storm.
2026-08-21 20:29:44,848 - INFO - Logged heartbeat status: ERROR
2026-08-21 20:29:46,148 - INFO - Adding job tentatively -- it will be properly scheduled when the scheduler starts
2026-08-21 20:29:46,148 - INFO - Bot bot-1787212530069-197e scheduled to check every 60 minutes.
2026-08-21 20:29:46,894 - INFO - Added job "LiveRunner.process_cycle" to job store "default"
2026-08-21 20:29:46,895 - INFO - Scheduler started
/Users/ashishparadkar/Downloads/algo-code-main/.venv/lib/python3.9/site-packages/urllib3/__init__.py:35: NotOpenSSLWarning: urllib3 v2 only supports OpenSSL 1.1.1+, currently the 'ssl' module is compiled with 'LibreSSL 2.8.3'. See: https://github.com/urllib3/urllib3/issues/3020
  warnings.warn(
2026-08-21 21:34:15,274 - INFO - Bot state startup reconciliation finished: 0 bot(s) reconciled to STOPPED.
2026-08-21 21:34:16,311 - INFO - Telegram notification service initialized successfully (Chat ID: 5657...)
2026-08-21 21:34:16,341 - INFO - Initializing scheduled trading bot live runner for bot-1787212530069-197e...
2026-08-21 21:34:17,241 - INFO - SQLite database tables verified/created.
2026-08-21 21:34:19,326 - INFO - Initializing CCXT Binance in TESTNET mode.
2026-08-21 21:35:56,249 - INFO - [bot-1787212530069-197e] Pre-flight instrument resolved: BTC-260828-70000-C (OPTION via deribit_options)
2026-08-21 21:35:58,908 - INFO - [bot-1787212530069-197e] Starting signal check cycle for BTC-260828-70000-C (1h)...
2026-08-21 21:35:59,635 - INFO - Fetching recent candles for BTC-260828-70000-C (1h) [Bot: bot-1787212530069-197e] via ProviderManager...
2026-08-21 21:35:59,908 - ERROR - System Error in runner execution cycle: OPTIONS EXECUTION UNSUPPORTED: Dedicated Options Broker (Deribit API) is not connected for BTC-260828-70000-C. Trading options requires configuring options gateway credentials.
Traceback (most recent call last):
  File "/Users/ashishparadkar/Downloads/algo-code-main/src/live_runner.py", line 199, in process_cycle
    df, _ = self.provider_manager.fetch_ohlcv_safe(self.symbol, self.timeframe, limit=1000)
  File "/Users/ashishparadkar/Downloads/algo-code-main/src/provider_manager.py", line 355, in fetch_ohlcv_safe
    raise non_retryable
  File "/Users/ashishparadkar/Downloads/algo-code-main/src/provider_manager.py", line 351, in fetch_ohlcv_safe
    df = adapter.fetch_ohlcv(instrument, timeframe, limit=limit)
  File "/Users/ashishparadkar/Downloads/algo-code-main/src/provider_manager.py", line 284, in fetch_ohlcv
    raise ccxt.NotSupported(
ccxt.base.errors.NotSupported: OPTIONS EXECUTION UNSUPPORTED: Dedicated Options Broker (Deribit API) is not connected for BTC-260828-70000-C. Trading options requires configuring options gateway credentials.
2026-08-21 21:36:05,990 - WARNING - [bot-1787212530069-197e] Marked bot as non-retryable configuration error to prevent infinite error storm.
2026-08-21 21:36:11,304 - INFO - Logged heartbeat status: ERROR
2026-08-21 21:36:13,059 - INFO - Adding job tentatively -- it will be properly scheduled when the scheduler starts
2026-08-21 21:36:13,059 - INFO - Bot bot-1787212530069-197e scheduled to check every 60 minutes.
2026-08-21 21:36:13,074 - INFO - Added job "LiveRunner.process_cycle" to job store "default"
2026-08-21 21:36:13,074 - INFO - Scheduler started
2026-08-21 22:36:13,824 - INFO - Running job "LiveRunner.process_cycle (trigger: interval[1:00:00], next run at: 2026-08-21 23:36:13 IST)" (scheduled at 2026-08-21 22:36:13.056468+05:30)
2026-08-21 22:36:13,938 - ERROR - [bot-1787212530069-197e] Halting runner cycle: Bot is configured with unexecutable instrument 'BTC-260828-70000-C'. Error: Fatal Non-Retryable Error: OPTIONS EXECUTION UNSUPPORTED: Dedicated Options Broker (Deribit API) is not connected for BTC-260828-70000-C. Trading options requires configuring options gateway credentials.
2026-08-21 22:36:14,412 - INFO - Job "LiveRunner.process_cycle (trigger: interval[1:00:00], next run at: 2026-08-21 23:36:13 IST)" executed successfully
/Users/ashishparadkar/Downloads/algo-code-main/.venv/lib/python3.9/site-packages/urllib3/__init__.py:35: NotOpenSSLWarning: urllib3 v2 only supports OpenSSL 1.1.1+, currently the 'ssl' module is compiled with 'LibreSSL 2.8.3'. See: https://github.com/urllib3/urllib3/issues/3020
  warnings.warn(
