/Users/ashishparadkar/Downloads/algo-code-main/.venv/lib/python3.9/site-packages/urllib3/__init__.py:35: NotOpenSSLWarning: urllib3 v2 only supports OpenSSL 1.1.1+, currently the 'ssl' module is compiled with 'LibreSSL 2.8.3'. See: https://github.com/urllib3/urllib3/issues/3020
  warnings.warn(
2026-08-20 12:39:31,824 - INFO - Bot state startup reconciliation finished: 0 bot(s) reconciled to STOPPED.
2026-08-20 12:39:32,148 - INFO - Telegram notification service initialized successfully (Chat ID: 5657...)
2026-08-20 12:39:32,158 - INFO - Initializing scheduled trading bot live runner for bot-1787209209987-2bbe...
2026-08-20 12:39:32,217 - INFO - SQLite database tables verified/created.
2026-08-20 12:39:32,409 - INFO - Initializing CCXT Binance in TESTNET mode.
2026-08-20 12:39:45,435 - INFO - [bot-1787209209987-2bbe] Pre-flight instrument resolved: BTC/USDT (SPOT via binance_spot)
2026-08-20 12:39:45,483 - INFO - [bot-1787209209987-2bbe] Starting signal check cycle for BTC/USDT (5m)...
2026-08-20 12:39:45,822 - INFO - Fetching recent candles for BTC/USDT (5m) [Bot: bot-1787209209987-2bbe] via ProviderManager...
2026-08-20 12:40:01,399 - INFO - Indicators computed | close=69972.90 ema_9=69837.59 ema_20=69704.07 ema_50=69547.29 ema_200=68615.63 macd=135.6070 poc=64325.0 val=62725.0 vah=68375.0
2026-08-20 12:40:01,402 - INFO - [bot-1787209209987-2bbe] Evaluating strategy on completed candle: 2026-08-20 07:05:00+00:00 at Close price: 69972.90
2026-08-20 12:40:01,465 - INFO - Confluence Evaluation | Regime: TRENDING (ADX=33.5) | Direction: LONG | BullScore: 82.6% | BearScore: 17.4% | Active: ['ema', 'macd', 'rsi', 'vp']
2026-08-20 12:40:01,558 - INFO - Capping position size 1.054037 BTC to available cash equivalent 0.214369 BTC.
2026-08-20 12:40:01,567 - INFO - Created pending signal approval ID 33 for bot bot-1787209209987-2bbe (LONG @ $69972.90, status: WAITING_APPROVAL)
2026-08-20 12:40:01,657 - INFO - [bot-1787209209987-2bbe] Signal LONG generated (ID: 33). Waiting for manual user approval.
2026-08-20 12:40:01,720 - INFO - Logged heartbeat status: OK
2026-08-20 12:40:01,731 - INFO - Adding job tentatively -- it will be properly scheduled when the scheduler starts
2026-08-20 12:40:01,731 - INFO - Bot bot-1787209209987-2bbe scheduled to check every 5 minutes.
2026-08-20 12:40:01,733 - INFO - Added job "LiveRunner.process_cycle" to job store "default"
2026-08-20 12:40:01,733 - INFO - Scheduler started
