/Users/ashishparadkar/Downloads/algo-code-main/.venv/lib/python3.9/site-packages/urllib3/__init__.py:35: NotOpenSSLWarning: urllib3 v2 only supports OpenSSL 1.1.1+, currently the 'ssl' module is compiled with 'LibreSSL 2.8.3'. See: https://github.com/urllib3/urllib3/issues/3020
  warnings.warn(
/Users/ashishparadkar/Downloads/algo-code-main/.venv/lib/python3.9/site-packages/urllib3/__init__.py:35: NotOpenSSLWarning: urllib3 v2 only supports OpenSSL 1.1.1+, currently the 'ssl' module is compiled with 'LibreSSL 2.8.3'. See: https://github.com/urllib3/urllib3/issues/3020
  warnings.warn(
2026-08-21 21:40:15,028 - INFO - Bot state startup reconciliation finished: 0 bot(s) reconciled to STOPPED.
2026-08-21 21:40:22,041 - INFO - Telegram notification service initialized successfully (Chat ID: 5657...)
2026-08-21 21:40:24,059 - INFO - Initializing scheduled trading bot live runner for bot-1787316174113-bc32...
2026-08-21 21:40:28,038 - INFO - SQLite database tables verified/created.
2026-08-21 21:40:30,888 - INFO - Initializing CCXT Binance in TESTNET mode.
2026-08-21 21:45:16,435 - INFO - [bot-1787316174113-bc32] Pre-flight instrument resolved: BTC/USDT (SPOT via binance_spot)
2026-08-21 21:45:22,521 - INFO - [bot-1787316174113-bc32] Starting signal check cycle for BTC/USDT (5m)...
2026-08-21 21:45:24,337 - INFO - Fetching recent candles for BTC/USDT (5m) [Bot: bot-1787316174113-bc32] via ProviderManager...
2026-08-21 22:00:49,688 - INFO - Indicators computed | close=77360.00 ema_9=77210.26 ema_20=77256.54 ema_50=77230.82 ema_200=76093.28 macd=-25.5135 poc=64250.0 val=64025.0 vah=74400.0
2026-08-21 22:00:50,806 - INFO - [bot-1787316174113-bc32] Evaluating strategy on completed candle: 2026-08-21 16:20:00+00:00 at Close price: 77150.00
2026-08-21 22:00:55,001 - INFO - Confluence Evaluation | Regime: TRENDING (ADX=38.1) | Direction: HOLD | BullScore: 44.1% | BearScore: 11.8% | Active: ['ema_9', 'ema_20', 'rsi', 'vwap', 'supertrend', 'atr']
2026-08-21 22:00:56,566 - INFO - Signal evaluated: HOLD. Reason/Details: Confluence score: 44% (HOLD)
2026-08-21 22:00:59,115 - INFO - Logged heartbeat status: OK
2026-08-21 22:01:04,544 - INFO - Adding job tentatively -- it will be properly scheduled when the scheduler starts
2026-08-21 22:01:04,583 - INFO - Bot bot-1787316174113-bc32 scheduled to check every 5 minutes.
2026-08-21 22:01:06,395 - INFO - Added job "LiveRunner.process_cycle" to job store "default"
2026-08-21 22:01:06,403 - INFO - Scheduler started
2026-08-21 22:06:03,917 - INFO - Running job "LiveRunner.process_cycle (trigger: interval[0:05:00], next run at: 2026-08-21 22:11:03 IST)" (scheduled at 2026-08-21 22:06:03.835143+05:30)
2026-08-21 22:06:03,953 - INFO - [bot-1787316174113-bc32] Starting signal check cycle for BTC/USDT (5m)...
2026-08-21 22:06:03,986 - INFO - Fetching recent candles for BTC/USDT (5m) [Bot: bot-1787316174113-bc32] via ProviderManager...
2026-08-21 22:06:05,364 - INFO - Indicators computed | close=77327.49 ema_9=77257.22 ema_20=77272.18 ema_50=77239.51 ema_200=76118.06 macd=-6.5932 poc=69350.0 val=64025.0 vah=74475.0
2026-08-21 22:06:05,367 - INFO - [bot-1787316174113-bc32] Evaluating strategy on completed candle: 2026-08-21 16:30:00+00:00 at Close price: 77338.12
2026-08-21 22:06:05,521 - INFO - Confluence Evaluation | Regime: TRENDING (ADX=39.7) | Direction: HOLD | BullScore: 44.1% | BearScore: 55.9% | Active: ['ema_9', 'ema_20', 'rsi', 'vwap', 'supertrend', 'atr']
2026-08-21 22:06:05,775 - INFO - Signal evaluated: HOLD. Reason/Details: Confluence score: 56% (HOLD)
2026-08-21 22:06:06,345 - INFO - Logged heartbeat status: OK
2026-08-21 22:06:06,345 - INFO - Job "LiveRunner.process_cycle (trigger: interval[0:05:00], next run at: 2026-08-21 22:11:03 IST)" executed successfully
2026-08-21 22:11:03,922 - INFO - Running job "LiveRunner.process_cycle (trigger: interval[0:05:00], next run at: 2026-08-21 22:16:03 IST)" (scheduled at 2026-08-21 22:11:03.835143+05:30)
2026-08-21 22:11:03,963 - INFO - [bot-1787316174113-bc32] Starting signal check cycle for BTC/USDT (5m)...
2026-08-21 22:11:04,025 - INFO - Fetching recent candles for BTC/USDT (5m) [Bot: bot-1787316174113-bc32] via ProviderManager...
2026-08-21 22:11:05,954 - INFO - Indicators computed | close=77304.00 ema_9=77264.78 ema_20=77274.25 ema_50=77241.62 ema_200=76129.75 macd=-3.5298 poc=69350.0 val=64025.0 vah=74475.0
2026-08-21 22:11:05,956 - INFO - [bot-1787316174113-bc32] Evaluating strategy on completed candle: 2026-08-21 16:35:00+00:00 at Close price: 77316.28
2026-08-21 22:11:06,140 - INFO - Confluence Evaluation | Regime: TRENDING (ADX=39.7) | Direction: HOLD | BullScore: 44.1% | BearScore: 55.9% | Active: ['ema_9', 'ema_20', 'rsi', 'vwap', 'supertrend', 'atr']
2026-08-21 22:11:06,178 - INFO - Signal evaluated: HOLD. Reason/Details: Confluence score: 56% (HOLD)
2026-08-21 22:11:06,441 - INFO - Logged heartbeat status: OK
2026-08-21 22:11:06,442 - INFO - Job "LiveRunner.process_cycle (trigger: interval[0:05:00], next run at: 2026-08-21 22:16:03 IST)" executed successfully
2026-08-21 22:16:03,866 - INFO - Running job "LiveRunner.process_cycle (trigger: interval[0:05:00], next run at: 2026-08-21 22:21:03 IST)" (scheduled at 2026-08-21 22:16:03.835143+05:30)
2026-08-21 22:16:03,900 - INFO - [bot-1787316174113-bc32] Starting signal check cycle for BTC/USDT (5m)...
2026-08-21 22:16:03,970 - INFO - Fetching recent candles for BTC/USDT (5m) [Bot: bot-1787316174113-bc32] via ProviderManager...
2026-08-21 22:16:04,676 - INFO - Indicators computed | close=77344.75 ema_9=77290.06 ema_20=77285.96 ema_50=77247.85 ema_200=76142.41 macd=6.4365 poc=69350.0 val=64025.0 vah=74500.0
2026-08-21 22:16:04,681 - INFO - [bot-1787316174113-bc32] Evaluating strategy on completed candle: 2026-08-21 16:40:00+00:00 at Close price: 77362.04
2026-08-21 22:16:04,791 - INFO - Confluence Evaluation | Regime: TRENDING (ADX=40.2) | Direction: LONG | BullScore: 88.2% | BearScore: 11.8% | Active: ['ema_9', 'ema_20', 'rsi', 'vwap', 'supertrend', 'atr']
2026-08-21 22:16:04,849 - INFO - Capping position size 0.527565 BTC to available cash equivalent 0.129262 BTC.
2026-08-21 22:16:04,981 - INFO - Created pending signal approval ID 225 for bot bot-1787316174113-bc32 (LONG @ $77362.04, status: WAITING_APPROVAL)
2026-08-21 22:16:05,134 - INFO - [bot-1787316174113-bc32] Signal LONG generated (ID: 225). Waiting for manual user approval.
2026-08-21 22:16:05,399 - INFO - Logged heartbeat status: OK
2026-08-21 22:16:05,400 - INFO - Job "LiveRunner.process_cycle (trigger: interval[0:05:00], next run at: 2026-08-21 22:21:03 IST)" executed successfully
2026-08-21 22:21:03,866 - INFO - Running job "LiveRunner.process_cycle (trigger: interval[0:05:00], next run at: 2026-08-21 22:26:03 IST)" (scheduled at 2026-08-21 22:21:03.835143+05:30)
2026-08-21 22:21:03,897 - INFO - [bot-1787316174113-bc32] Starting signal check cycle for BTC/USDT (5m)...
2026-08-21 22:21:03,950 - INFO - Fetching recent candles for BTC/USDT (5m) [Bot: bot-1787316174113-bc32] via ProviderManager...
2026-08-21 22:21:04,666 - INFO - Indicators computed | close=77522.47 ema_9=77366.21 ema_20=77324.47 ema_50=77265.61 ema_200=76157.97 macd=36.1426 poc=69350.0 val=64025.0 vah=74525.0
2026-08-21 22:21:04,668 - INFO - [bot-1787316174113-bc32] Evaluating strategy on completed candle: 2026-08-21 16:45:00+00:00 at Close price: 77530.19
2026-08-21 22:21:04,823 - INFO - LONG signal blocked | Location blocked (Close 77530.19 outside Value Area [62744.50 - 76015.50], VAL=64025.00, VAH=74525.00) | context={'close': 77530.19, 'ema_9': 77327.14786556269, 'ema_20': 77303.62543003306, 'ema_50': 77255.12450110391, 'ema_200': 76144.25262187838, 'macd_line': 21.229475276821177, 'macd_signal': 6.32280964717363, 'macd_hist': 14.906665629647547, 'poc': np.float64(69350.0), 'val': np.float64(64025.0), 'vah': np.float64(74525.0)}
2026-08-21 22:21:04,844 - INFO - Confluence Evaluation | Regime: TRENDING (ADX=39.6) | Direction: LONG | BullScore: 88.2% | BearScore: 11.8% | Active: ['ema_9', 'ema_20', 'rsi', 'vwap', 'supertrend', 'atr']
2026-08-21 22:21:04,960 - INFO - Signal evaluated: HOLD. Reason/Details: Confluence score: 88% (LONG) meets 75% threshold
2026-08-21 22:21:05,170 - INFO - Logged heartbeat status: OK
2026-08-21 22:21:05,171 - INFO - Job "LiveRunner.process_cycle (trigger: interval[0:05:00], next run at: 2026-08-21 22:26:03 IST)" executed successfully
2026-08-21 22:26:03,884 - INFO - Running job "LiveRunner.process_cycle (trigger: interval[0:05:00], next run at: 2026-08-21 22:31:03 IST)" (scheduled at 2026-08-21 22:26:03.835143+05:30)
2026-08-21 22:26:03,915 - INFO - [bot-1787316174113-bc32] Starting signal check cycle for BTC/USDT (5m)...
2026-08-21 22:26:03,974 - INFO - Fetching recent candles for BTC/USDT (5m) [Bot: bot-1787316174113-bc32] via ProviderManager...
2026-08-21 22:26:04,786 - INFO - Indicators computed | close=77486.73 ema_9=77381.92 ema_20=77335.40 ema_50=77272.30 ema_200=76170.67 macd=41.3320 poc=69350.0 val=64025.0 vah=74525.0
2026-08-21 22:26:04,792 - INFO - [bot-1787316174113-bc32] Evaluating strategy on completed candle: 2026-08-21 16:50:00+00:00 at Close price: 77470.00
2026-08-21 22:26:04,884 - INFO - Confluence Evaluation | Regime: TRENDING (ADX=39.0) | Direction: HOLD | BullScore: 44.1% | BearScore: 55.9% | Active: ['ema_9', 'ema_20', 'rsi', 'vwap', 'supertrend', 'atr']
2026-08-21 22:26:05,026 - INFO - Signal evaluated: HOLD. Reason/Details: Confluence score: 56% (HOLD)
2026-08-21 22:26:05,217 - INFO - Logged heartbeat status: OK
2026-08-21 22:26:05,217 - INFO - Job "LiveRunner.process_cycle (trigger: interval[0:05:00], next run at: 2026-08-21 22:31:03 IST)" executed successfully
2026-08-21 22:31:03,906 - INFO - Running job "LiveRunner.process_cycle (trigger: interval[0:05:00], next run at: 2026-08-21 22:36:03 IST)" (scheduled at 2026-08-21 22:31:03.835143+05:30)
2026-08-21 22:31:03,969 - INFO - [bot-1787316174113-bc32] Starting signal check cycle for BTC/USDT (5m)...
2026-08-21 22:31:04,063 - INFO - Fetching recent candles for BTC/USDT (5m) [Bot: bot-1787316174113-bc32] via ProviderManager...
2026-08-21 22:31:05,594 - INFO - Indicators computed | close=77507.88 ema_9=77407.00 ema_20=77351.76 ema_50=77281.51 ema_200=76183.97 macd=49.8490 poc=69350.0 val=64025.0 vah=74550.0
2026-08-21 22:31:05,602 - INFO - [bot-1787316174113-bc32] Evaluating strategy on completed candle: 2026-08-21 16:55:00+00:00 at Close price: 77486.01
2026-08-21 22:31:05,762 - INFO - Confluence Evaluation | Regime: TRENDING (ADX=37.1) | Direction: LONG | BullScore: 100.0% | BearScore: 0.0% | Active: ['ema_9', 'ema_20', 'rsi', 'vwap', 'supertrend', 'atr']
2026-08-21 22:31:06,030 - INFO - Capping position size 0.618009 BTC to available cash equivalent 0.129056 BTC.
2026-08-21 22:31:06,043 - INFO - [bot-1787316174113-bc32] Signal LONG active pending approval already exists (ID: 225).
2026-08-21 22:31:06,429 - INFO - Logged heartbeat status: OK
2026-08-21 22:31:06,430 - INFO - Job "LiveRunner.process_cycle (trigger: interval[0:05:00], next run at: 2026-08-21 22:36:03 IST)" executed successfully
2026-08-21 22:36:03,852 - INFO - Running job "LiveRunner.process_cycle (trigger: interval[0:05:00], next run at: 2026-08-21 22:41:03 IST)" (scheduled at 2026-08-21 22:36:03.835143+05:30)
2026-08-21 22:36:03,871 - INFO - [bot-1787316174113-bc32] Starting signal check cycle for BTC/USDT (5m)...
2026-08-21 22:36:03,925 - INFO - Fetching recent candles for BTC/USDT (5m) [Bot: bot-1787316174113-bc32] via ProviderManager...
2026-08-21 22:36:04,473 - INFO - Indicators computed | close=77556.48 ema_9=77439.15 ema_20=77372.48 ema_50=77292.83 ema_200=76197.77 macd=60.7453 poc=69350.0 val=64025.0 vah=74575.0
2026-08-21 22:36:04,474 - INFO - [bot-1787316174113-bc32] Evaluating strategy on completed candle: 2026-08-21 17:00:00+00:00 at Close price: 77522.00
2026-08-21 22:36:04,537 - INFO - Confluence Evaluation | Regime: TRENDING (ADX=34.7) | Direction: LONG | BullScore: 100.0% | BearScore: 0.0% | Active: ['ema_9', 'ema_20', 'rsi', 'vwap', 'supertrend', 'atr']
2026-08-21 22:36:04,597 - INFO - Capping position size 0.614874 BTC to available cash equivalent 0.128996 BTC.
2026-08-21 22:36:04,630 - INFO - [bot-1787316174113-bc32] Signal LONG active pending approval already exists (ID: 225).
2026-08-21 22:36:04,728 - INFO - Logged heartbeat status: OK
2026-08-21 22:36:04,728 - INFO - Job "LiveRunner.process_cycle (trigger: interval[0:05:00], next run at: 2026-08-21 22:41:03 IST)" executed successfully
2026-08-21 22:41:03,961 - INFO - Running job "LiveRunner.process_cycle (trigger: interval[0:05:00], next run at: 2026-08-21 22:41:03 IST)" (scheduled at 2026-08-21 22:41:03.835143+05:30)
2026-08-21 22:41:04,041 - INFO - [bot-1787316174113-bc32] Starting signal check cycle for BTC/USDT (5m)...
2026-08-21 22:41:04,069 - INFO - Fetching recent candles for BTC/USDT (5m) [Bot: bot-1787316174113-bc32] via ProviderManager...
2026-08-21 22:41:04,802 - INFO - Indicators computed | close=77604.01 ema_9=77481.87 ema_20=77399.78 ema_50=77307.33 ema_200=76212.36 macd=75.2494 poc=69350.0 val=64025.0 vah=74575.0
2026-08-21 22:41:04,805 - INFO - [bot-1787316174113-bc32] Evaluating strategy on completed candle: 2026-08-21 17:05:00+00:00 at Close price: 77617.37
2026-08-21 22:41:04,959 - INFO - Confluence Evaluation | Regime: TRENDING (ADX=35.6) | Direction: LONG | BullScore: 100.0% | BearScore: 0.0% | Active: ['ema_9', 'ema_20', 'rsi', 'vwap', 'supertrend', 'atr']
2026-08-21 22:41:05,017 - INFO - Capping position size 0.530941 BTC to available cash equivalent 0.128837 BTC.
2026-08-21 22:41:05,103 - INFO - [bot-1787316174113-bc32] Signal LONG active pending approval already exists (ID: 225).
2026-08-21 22:41:05,400 - INFO - Logged heartbeat status: OK
2026-08-21 22:41:05,400 - INFO - Job "LiveRunner.process_cycle (trigger: interval[0:05:00], next run at: 2026-08-21 22:46:03 IST)" executed successfully
