2026-08-16 13:27:23,379 - INFO - Initializing scheduled trading bot live runner for bot-1786867037532-536b...
2026-08-16 13:27:23,412 - INFO - SQLite database tables verified/created.
2026-08-16 13:27:23,452 - INFO - Initializing CCXT Binance in TESTNET mode.
2026-08-16 13:27:41,660 - INFO - Initializing scheduled trading bot live runner for bot-1786867037532-536b...
2026-08-16 13:27:41,692 - INFO - SQLite database tables verified/created.
2026-08-16 13:27:41,709 - INFO - Initializing CCXT Binance in TESTNET mode.
2026-08-16 13:27:43,903 - INFO - Initializing CCXT Binance in MAINNET mode (Public endpoints).
2026-08-16 13:27:43,918 - INFO - Sending Telegram alert...
2026-08-16 13:27:44,878 - INFO - Telegram alert sent successfully.
2026-08-16 13:27:44,881 - INFO - [bot-1786867037532-536b] Starting signal check cycle for ETH/USDT (15m)...
2026-08-16 13:27:44,886 - INFO - Fetching recent candles for ETH/USDT (15m) [Bot: bot-1786867037532-536b]...
2026-08-16 13:27:55,077 - INFO - Indicators computed | close=1881.24 ema_9=1881.01 ema_20=1881.42 ema_50=1882.14 ema_200=1882.48 macd=-0.5347 poc=1875.0 val=1875.0 vah=1900.0
2026-08-16 13:27:55,078 - INFO - [bot-1786867037532-536b] Evaluating strategy on completed candle: 2026-08-16T07:30:00+00:00 at Close price: 1881.14
2026-08-16 13:28:06,552 - ERROR - Error logging bot activity for bot-1786867037532-536b: database is locked
2026-08-16 13:28:06,887 - INFO - Confluence Evaluation | Regime: TRENDING (ADX=33.8) | Direction: HOLD | BullScore: 17.4% | BearScore: 50.0% | Active: ['ema', 'macd', 'rsi', 'vp']
2026-08-16 13:28:13,781 - INFO - Signal evaluated: HOLD. Reason/Details: Confluence score: 50% (HOLD)
2026-08-16 13:28:13,820 - INFO - Logged heartbeat status: OK
2026-08-16 13:28:13,823 - INFO - Adding job tentatively -- it will be properly scheduled when the scheduler starts
2026-08-16 13:28:13,823 - INFO - Bot bot-1786867037532-536b scheduled to check every 15 minutes.
2026-08-16 13:28:13,823 - INFO - Added job "LiveRunner.process_cycle" to job store "default"
2026-08-16 13:28:13,823 - INFO - Scheduler started
