/Users/ashishparadkar/Downloads/algo-code-main/.venv/lib/python3.9/site-packages/urllib3/__init__.py:35: NotOpenSSLWarning: urllib3 v2 only supports OpenSSL 1.1.1+, currently the 'ssl' module is compiled with 'LibreSSL 2.8.3'. See: https://github.com/urllib3/urllib3/issues/3020
  warnings.warn(
2026-08-20 22:18:41,005 - INFO - Bot state startup reconciliation finished: 0 bot(s) reconciled to STOPPED.
2026-08-20 22:18:41,076 - INFO - Telegram notification service initialized successfully (Chat ID: 5657...)
2026-08-20 22:18:41,702 - INFO - Initializing scheduled trading bot live runner for bot-1787212632638-4865...
2026-08-20 22:18:41,932 - INFO - SQLite database tables verified/created.
2026-08-20 22:18:42,438 - INFO - Initializing CCXT Binance in TESTNET mode.
2026-08-20 22:19:10,037 - INFO - [bot-1787212632638-4865] Pre-flight instrument resolved: BTC/USDT (SPOT via binance_spot)
2026-08-20 22:19:10,470 - INFO - [bot-1787212632638-4865] Starting signal check cycle for BTC/USDT (5m)...
2026-08-20 22:19:10,891 - INFO - Fetching recent candles for BTC/USDT (5m) [Bot: bot-1787212632638-4865] via ProviderManager...
2026-08-20 22:20:02,432 - INFO - Indicators computed | close=72568.00 ema_9=72479.78 ema_20=72358.09 ema_50=72114.37 ema_200=70848.65 macd=147.6489 poc=64325.0 val=63300.0 vah=69600.0
2026-08-20 22:20:02,448 - INFO - [bot-1787212632638-4865] Evaluating strategy on completed candle: 2026-08-20 16:45:00+00:00 at Close price: 72568.00
2026-08-20 22:20:02,552 - INFO - Confluence Evaluation | Regime: TRENDING (ADX=34.0) | Direction: LONG | BullScore: 82.6% | BearScore: 17.4% | Active: ['ema', 'macd', 'rsi', 'vp']
2026-08-20 22:20:02,671 - INFO - Capping position size 0.280513 BTC to available cash equivalent 0.068901 BTC.
2026-08-20 22:20:02,744 - INFO - Created pending signal approval ID 62 for bot bot-1787212632638-4865 (LONG @ $72568.00, status: WAITING_APPROVAL)
2026-08-20 22:20:02,806 - INFO - [bot-1787212632638-4865] Signal LONG generated (ID: 62). Waiting for manual user approval.
2026-08-20 22:20:02,985 - INFO - Logged heartbeat status: OK
2026-08-20 22:20:03,002 - INFO - Adding job tentatively -- it will be properly scheduled when the scheduler starts
2026-08-20 22:20:03,002 - INFO - Bot bot-1787212632638-4865 scheduled to check every 5 minutes.
2026-08-20 22:20:03,013 - INFO - Added job "LiveRunner.process_cycle" to job store "default"
2026-08-20 22:20:03,015 - INFO - Scheduler started
2026-08-20 22:25:03,182 - INFO - Running job "LiveRunner.process_cycle (trigger: interval[0:05:00], next run at: 2026-08-20 22:30:03 IST)" (scheduled at 2026-08-20 22:25:03.001756+05:30)
2026-08-20 22:25:03,283 - INFO - [bot-1787212632638-4865] Starting signal check cycle for BTC/USDT (5m)...
2026-08-20 22:25:03,310 - INFO - Fetching recent candles for BTC/USDT (5m) [Bot: bot-1787212632638-4865] via ProviderManager...
2026-08-20 22:25:04,249 - INFO - Indicators computed | close=72568.01 ema_9=72510.54 ema_20=72385.14 ema_50=72135.24 ema_200=70866.57 macd=151.4557 poc=64325.0 val=63300.0 vah=69600.0
2026-08-20 22:25:04,250 - INFO - [bot-1787212632638-4865] Evaluating strategy on completed candle: 2026-08-20 16:50:00+00:00 at Close price: 72649.99
2026-08-20 22:25:04,382 - INFO - Confluence Evaluation | Regime: TRENDING (ADX=33.2) | Direction: LONG | BullScore: 82.6% | BearScore: 17.4% | Active: ['ema', 'macd', 'rsi', 'vp']
2026-08-20 22:25:04,443 - INFO - Capping position size 0.228170 BTC to available cash equivalent 0.068823 BTC.
2026-08-20 22:25:04,491 - INFO - [bot-1787212632638-4865] Signal LONG active pending approval already exists (ID: 62).
2026-08-20 22:25:04,750 - INFO - Logged heartbeat status: OK
2026-08-20 22:25:04,755 - INFO - Job "LiveRunner.process_cycle (trigger: interval[0:05:00], next run at: 2026-08-20 22:30:03 IST)" executed successfully
2026-08-20 22:30:03,013 - INFO - Running job "LiveRunner.process_cycle (trigger: interval[0:05:00], next run at: 2026-08-20 22:35:03 IST)" (scheduled at 2026-08-20 22:30:03.001756+05:30)
2026-08-20 22:30:03,020 - INFO - [bot-1787212632638-4865] Starting signal check cycle for BTC/USDT (5m)...
2026-08-20 22:30:03,060 - INFO - Fetching recent candles for BTC/USDT (5m) [Bot: bot-1787212632638-4865] via ProviderManager...
2026-08-20 22:30:04,597 - INFO - Indicators computed | close=72820.00 ema_9=72615.49 ema_20=72449.75 ema_50=72172.24 ema_200=70888.66 macd=184.2662 poc=64325.0 val=63300.0 vah=69625.0
2026-08-20 22:30:04,599 - INFO - [bot-1787212632638-4865] Evaluating strategy on completed candle: 2026-08-20 16:55:00+00:00 at Close price: 72837.15
2026-08-20 22:30:04,694 - INFO - Confluence Evaluation | Regime: TRENDING (ADX=33.1) | Direction: LONG | BullScore: 82.6% | BearScore: 17.4% | Active: ['ema', 'macd', 'rsi', 'vp']
2026-08-20 22:30:04,748 - INFO - Capping position size 0.164082 BTC to available cash equivalent 0.068646 BTC.
2026-08-20 22:30:04,792 - INFO - [bot-1787212632638-4865] Signal LONG active pending approval already exists (ID: 62).
2026-08-20 22:30:04,910 - INFO - Logged heartbeat status: OK
2026-08-20 22:30:04,911 - INFO - Job "LiveRunner.process_cycle (trigger: interval[0:05:00], next run at: 2026-08-20 22:35:03 IST)" executed successfully
2026-08-20 22:35:03,023 - INFO - Running job "LiveRunner.process_cycle (trigger: interval[0:05:00], next run at: 2026-08-20 22:40:03 IST)" (scheduled at 2026-08-20 22:35:03.001756+05:30)
2026-08-20 22:35:03,067 - INFO - [bot-1787212632638-4865] Starting signal check cycle for BTC/USDT (5m)...
2026-08-20 22:35:03,131 - INFO - Fetching recent candles for BTC/USDT (5m) [Bot: bot-1787212632638-4865] via ProviderManager...
2026-08-20 22:35:04,142 - INFO - Indicators computed | close=72793.99 ema_9=72642.57 ema_20=72477.89 ema_50=72194.59 ema_200=70907.08 macd=185.6574 poc=64325.0 val=63300.0 vah=69625.0
2026-08-20 22:35:04,147 - INFO - [bot-1787212632638-4865] Evaluating strategy on completed candle: 2026-08-20 17:00:00+00:00 at Close price: 72766.11
2026-08-20 22:35:04,253 - INFO - Confluence Evaluation | Regime: TRENDING (ADX=31.9) | Direction: LONG | BullScore: 82.6% | BearScore: 17.4% | Active: ['ema', 'macd', 'rsi', 'vp']
2026-08-20 22:35:04,332 - INFO - Capping position size 0.257354 BTC to available cash equivalent 0.068713 BTC.
2026-08-20 22:35:04,381 - INFO - [bot-1787212632638-4865] Signal LONG active pending approval already exists (ID: 62).
2026-08-20 22:35:04,635 - INFO - Logged heartbeat status: OK
2026-08-20 22:35:04,636 - INFO - Job "LiveRunner.process_cycle (trigger: interval[0:05:00], next run at: 2026-08-20 22:40:03 IST)" executed successfully
2026-08-20 22:40:03,058 - INFO - Running job "LiveRunner.process_cycle (trigger: interval[0:05:00], next run at: 2026-08-20 22:45:03 IST)" (scheduled at 2026-08-20 22:40:03.001756+05:30)
2026-08-20 22:40:03,071 - INFO - [bot-1787212632638-4865] Starting signal check cycle for BTC/USDT (5m)...
2026-08-20 22:40:03,095 - INFO - Fetching recent candles for BTC/USDT (5m) [Bot: bot-1787212632638-4865] via ProviderManager...
2026-08-20 22:40:03,814 - INFO - Indicators computed | close=72656.01 ema_9=72624.46 ema_20=72483.65 ema_50=72207.79 ema_200=70923.21 macd=168.9866 poc=64325.0 val=63300.0 vah=69625.0
2026-08-20 22:40:03,816 - INFO - [bot-1787212632638-4865] Evaluating strategy on completed candle: 2026-08-20 17:05:00+00:00 at Close price: 72664.00
2026-08-20 22:40:03,908 - INFO - Confluence Evaluation | Regime: TRENDING (ADX=29.5) | Direction: LONG | BullScore: 82.6% | BearScore: 17.4% | Active: ['ema', 'macd', 'rsi', 'vp']
2026-08-20 22:40:04,002 - INFO - Capping position size 0.455996 BTC to available cash equivalent 0.068810 BTC.
2026-08-20 22:40:04,085 - INFO - [bot-1787212632638-4865] Signal LONG active pending approval already exists (ID: 62).
2026-08-20 22:40:04,311 - INFO - Logged heartbeat status: OK
2026-08-20 22:40:04,311 - INFO - Job "LiveRunner.process_cycle (trigger: interval[0:05:00], next run at: 2026-08-20 22:45:03 IST)" executed successfully
2026-08-20 22:45:03,011 - INFO - Running job "LiveRunner.process_cycle (trigger: interval[0:05:00], next run at: 2026-08-20 22:50:03 IST)" (scheduled at 2026-08-20 22:45:03.001756+05:30)
2026-08-20 22:45:03,018 - INFO - [bot-1787212632638-4865] Starting signal check cycle for BTC/USDT (5m)...
2026-08-20 22:45:03,066 - INFO - Fetching recent candles for BTC/USDT (5m) [Bot: bot-1787212632638-4865] via ProviderManager...
2026-08-20 22:45:03,948 - INFO - Indicators computed | close=72682.72 ema_9=72641.87 ema_20=72505.71 ema_50=72227.77 ema_200=70941.07 macd=166.4714 poc=64325.0 val=63300.0 vah=69625.0
2026-08-20 22:45:03,949 - INFO - [bot-1787212632638-4865] Evaluating strategy on completed candle: 2026-08-20 17:10:00+00:00 at Close price: 72692.00
2026-08-20 22:45:03,990 - INFO - Confluence Evaluation | Regime: TRENDING (ADX=28.2) | Direction: LONG | BullScore: 82.6% | BearScore: 17.4% | Active: ['ema', 'macd', 'rsi', 'vp']
2026-08-20 22:45:04,033 - INFO - Capping position size 0.435123 BTC to available cash equivalent 0.068783 BTC.
2026-08-20 22:45:04,077 - INFO - [bot-1787212632638-4865] Signal LONG active pending approval already exists (ID: 62).
2026-08-20 22:45:04,235 - INFO - Logged heartbeat status: OK
2026-08-20 22:45:04,236 - INFO - Job "LiveRunner.process_cycle (trigger: interval[0:05:00], next run at: 2026-08-20 22:50:03 IST)" executed successfully
2026-08-20 22:50:03,017 - INFO - Running job "LiveRunner.process_cycle (trigger: interval[0:05:00], next run at: 2026-08-20 22:55:03 IST)" (scheduled at 2026-08-20 22:50:03.001756+05:30)
2026-08-20 22:50:03,062 - INFO - [bot-1787212632638-4865] Starting signal check cycle for BTC/USDT (5m)...
2026-08-20 22:50:03,073 - INFO - Fetching recent candles for BTC/USDT (5m) [Bot: bot-1787212632638-4865] via ProviderManager...
2026-08-20 22:50:03,560 - INFO - Indicators computed | close=72614.09 ema_9=72628.84 ema_20=72512.01 ema_50=72241.16 ema_200=70957.25 macd=152.0020 poc=64325.0 val=63300.0 vah=69625.0
2026-08-20 22:50:03,561 - INFO - [bot-1787212632638-4865] Evaluating strategy on completed candle: 2026-08-20 17:15:00+00:00 at Close price: 72636.00
2026-08-20 22:50:03,607 - INFO - Confluence Evaluation | Regime: TRENDING (ADX=27.2) | Direction: LONG | BullScore: 82.6% | BearScore: 17.4% | Active: ['ema', 'macd', 'rsi', 'vp']
2026-08-20 22:50:03,674 - INFO - Capping position size 0.575308 BTC to available cash equivalent 0.068836 BTC.
2026-08-20 22:50:03,738 - INFO - Created pending signal approval ID 85 for bot bot-1787212632638-4865 (LONG @ $72636.00, status: WAITING_APPROVAL)
2026-08-20 22:50:03,872 - INFO - [bot-1787212632638-4865] Signal LONG generated (ID: 85). Waiting for manual user approval.
2026-08-20 22:50:04,065 - INFO - Logged heartbeat status: OK
2026-08-20 22:50:04,067 - INFO - Job "LiveRunner.process_cycle (trigger: interval[0:05:00], next run at: 2026-08-20 22:55:03 IST)" executed successfully
2026-08-21 00:20:02,056 - WARNING - Run time of job "LiveRunner.process_cycle (trigger: interval[0:05:00], next run at: 2026-08-21 00:20:03 IST)" was missed by 0:04:59.051400
2026-08-21 00:20:03,002 - INFO - Running job "LiveRunner.process_cycle (trigger: interval[0:05:00], next run at: 2026-08-21 00:25:03 IST)" (scheduled at 2026-08-21 00:20:03.001756+05:30)
2026-08-21 00:20:03,036 - INFO - [bot-1787212632638-4865] Starting signal check cycle for BTC/USDT (5m)...
2026-08-21 00:20:03,075 - INFO - Fetching recent candles for BTC/USDT (5m) [Bot: bot-1787212632638-4865] via ProviderManager...
2026-08-21 00:20:13,120 - ERROR - Binance Spot Network Error: binance GET https://api.binance.com/api/v3/klines?interval=5m&limit=1000&symbol=BTCUSDT
--- Logging error ---
Traceback (most recent call last):
  File "/Users/ashishparadkar/Downloads/algo-code-main/.venv/lib/python3.9/site-packages/urllib3/connectionpool.py", line 534, in _make_request
    response = conn.getresponse()
  File "/Users/ashishparadkar/Downloads/algo-code-main/.venv/lib/python3.9/site-packages/urllib3/connection.py", line 571, in getresponse
    httplib_response = super().getresponse()
  File "/Library/Developer/CommandLineTools/Library/Frameworks/Python3.framework/Versions/3.9/lib/python3.9/http/client.py", line 1349, in getresponse
    response.begin()
  File "/Library/Developer/CommandLineTools/Library/Frameworks/Python3.framework/Versions/3.9/lib/python3.9/http/client.py", line 316, in begin
    version, status, reason = self._read_status()
  File "/Library/Developer/CommandLineTools/Library/Frameworks/Python3.framework/Versions/3.9/lib/python3.9/http/client.py", line 277, in _read_status
    line = str(self.fp.readline(_MAXLINE + 1), "iso-8859-1")
  File "/Library/Developer/CommandLineTools/Library/Frameworks/Python3.framework/Versions/3.9/lib/python3.9/socket.py", line 704, in readinto
    return self._sock.recv_into(b)
  File "/Library/Developer/CommandLineTools/Library/Frameworks/Python3.framework/Versions/3.9/lib/python3.9/ssl.py", line 1241, in recv_into
    return self.read(nbytes, buffer)
  File "/Library/Developer/CommandLineTools/Library/Frameworks/Python3.framework/Versions/3.9/lib/python3.9/ssl.py", line 1099, in read
    return self._sslobj.read(len, buffer)
socket.timeout: The read operation timed out

The above exception was the direct cause of the following exception:

Traceback (most recent call last):
  File "/Users/ashishparadkar/Downloads/algo-code-main/.venv/lib/python3.9/site-packages/requests/adapters.py", line 644, in send
    resp = conn.urlopen(
  File "/Users/ashishparadkar/Downloads/algo-code-main/.venv/lib/python3.9/site-packages/urllib3/connectionpool.py", line 841, in urlopen
    retries = retries.increment(
  File "/Users/ashishparadkar/Downloads/algo-code-main/.venv/lib/python3.9/site-packages/urllib3/util/retry.py", line 490, in increment
    raise reraise(type(error), error, _stacktrace)
  File "/Users/ashishparadkar/Downloads/algo-code-main/.venv/lib/python3.9/site-packages/urllib3/util/util.py", line 39, in reraise
    raise value
  File "/Users/ashishparadkar/Downloads/algo-code-main/.venv/lib/python3.9/site-packages/urllib3/connectionpool.py", line 787, in urlopen
    response = self._make_request(
  File "/Users/ashishparadkar/Downloads/algo-code-main/.venv/lib/python3.9/site-packages/urllib3/connectionpool.py", line 536, in _make_request
    self._raise_timeout(err=e, url=url, timeout_value=read_timeout)
  File "/Users/ashishparadkar/Downloads/algo-code-main/.venv/lib/python3.9/site-packages/urllib3/connectionpool.py", line 367, in _raise_timeout
    raise ReadTimeoutError(
urllib3.exceptions.ReadTimeoutError: HTTPSConnectionPool(host='api.binance.com', port=443): Read timed out. (read timeout=10.0)

During handling of the above exception, another exception occurred:

Traceback (most recent call last):
  File "/Users/ashishparadkar/Downloads/algo-code-main/.venv/lib/python3.9/site-packages/ccxt/base/exchange.py", line 665, in fetch
    response = self.session.request(
  File "/Users/ashishparadkar/Downloads/algo-code-main/.venv/lib/python3.9/site-packages/requests/sessions.py", line 589, in request
    resp = self.send(prep, **send_kwargs)
  File "/Users/ashishparadkar/Downloads/algo-code-main/.venv/lib/python3.9/site-packages/requests/sessions.py", line 703, in send
    r = adapter.send(request, **kwargs)
  File "/Users/ashishparadkar/Downloads/algo-code-main/.venv/lib/python3.9/site-packages/requests/adapters.py", line 690, in send
    raise ReadTimeout(e, request=request)
requests.exceptions.ReadTimeout: HTTPSConnectionPool(host='api.binance.com', port=443): Read timed out. (read timeout=10.0)

The above exception was the direct cause of the following exception:

Traceback (most recent call last):
  File "/Users/ashishparadkar/Downloads/algo-code-main/src/provider_manager.py", line 351, in fetch_ohlcv_safe
    df = adapter.fetch_ohlcv(instrument, timeframe, limit=limit)
  File "/Users/ashishparadkar/Downloads/algo-code-main/src/provider_manager.py", line 211, in fetch_ohlcv
    raise net_err
  File "/Users/ashishparadkar/Downloads/algo-code-main/src/provider_manager.py", line 183, in fetch_ohlcv
    raw_candles = self.exchange.fetch_ohlcv(
  File "/Users/ashishparadkar/Downloads/algo-code-main/.venv/lib/python3.9/site-packages/ccxt/binance.py", line 4759, in fetch_ohlcv
    response = self.publicGetKlines(self.extend(request, params))
  File "/Users/ashishparadkar/Downloads/algo-code-main/.venv/lib/python3.9/site-packages/ccxt/base/types.py", line 35, in unbound_method
    return _self.request(self.path, self.api, self.method, params, config=self.config)
  File "/Users/ashishparadkar/Downloads/algo-code-main/.venv/lib/python3.9/site-packages/ccxt/binance.py", line 11724, in request
    response = self.fetch2(path, api, method, params, headers, body, config)
  File "/Users/ashishparadkar/Downloads/algo-code-main/.venv/lib/python3.9/site-packages/ccxt/base/exchange.py", line 5566, in fetch2
    raise e
  File "/Users/ashishparadkar/Downloads/algo-code-main/.venv/lib/python3.9/site-packages/ccxt/base/exchange.py", line 5549, in fetch2
    response = self.fetch(request['url'], request['method'], request['headers'], request['body'])
  File "/Users/ashishparadkar/Downloads/algo-code-main/.venv/lib/python3.9/site-packages/ccxt/base/exchange.py", line 698, in fetch
    raise RequestTimeout(details) from e
ccxt.base.errors.RequestTimeout: binance GET https://api.binance.com/api/v3/klines?interval=5m&limit=1000&symbol=BTCUSDT

During handling of the above exception, another exception occurred:

Traceback (most recent call last):
  File "/Library/Developer/CommandLineTools/Library/Frameworks/Python3.framework/Versions/3.9/lib/python3.9/logging/__init__.py", line 1083, in emit
    msg = self.format(record)
  File "/Library/Developer/CommandLineTools/Library/Frameworks/Python3.framework/Versions/3.9/lib/python3.9/logging/__init__.py", line 927, in format
    return fmt.format(record)
  File "/Library/Developer/CommandLineTools/Library/Frameworks/Python3.framework/Versions/3.9/lib/python3.9/logging/__init__.py", line 663, in format
    record.message = record.getMessage()
  File "/Library/Developer/CommandLineTools/Library/Frameworks/Python3.framework/Versions/3.9/lib/python3.9/logging/__init__.py", line 367, in getMessage
    msg = msg % self.args
TypeError: must be real number, not RequestTimeout
Call stack:
  File "/Library/Developer/CommandLineTools/Library/Frameworks/Python3.framework/Versions/3.9/lib/python3.9/threading.py", line 930, in _bootstrap
    self._bootstrap_inner()
  File "/Library/Developer/CommandLineTools/Library/Frameworks/Python3.framework/Versions/3.9/lib/python3.9/threading.py", line 973, in _bootstrap_inner
    self.run()
  File "/Library/Developer/CommandLineTools/Library/Frameworks/Python3.framework/Versions/3.9/lib/python3.9/threading.py", line 910, in run
    self._target(*self._args, **self._kwargs)
  File "/Library/Developer/CommandLineTools/Library/Frameworks/Python3.framework/Versions/3.9/lib/python3.9/concurrent/futures/thread.py", line 77, in _worker
    work_item.run()
  File "/Library/Developer/CommandLineTools/Library/Frameworks/Python3.framework/Versions/3.9/lib/python3.9/concurrent/futures/thread.py", line 52, in run
    result = self.fn(*self.args, **self.kwargs)
  File "/Users/ashishparadkar/Downloads/algo-code-main/.venv/lib/python3.9/site-packages/apscheduler/executors/base.py", line 131, in run_job
    retval = job.func(*job.args, **job.kwargs)
  File "/Users/ashishparadkar/Downloads/algo-code-main/src/live_runner.py", line 199, in process_cycle
    df, _ = self.provider_manager.fetch_ohlcv_safe(self.symbol, self.timeframe, limit=1000)
  File "/Users/ashishparadkar/Downloads/algo-code-main/src/provider_manager.py", line 362, in fetch_ohlcv_safe
    logger.warning(
Message: 'Retryable network failure for %s (Attempt %d/%d). Backing off %.2fs: %s'
Arguments: ('BTC/USDT', 1, 3, RequestTimeout('binance GET https://api.binance.com/api/v3/klines?interval=5m&limit=1000&symbol=BTCUSDT'))
2026-08-21 00:20:16,333 - INFO - Indicators computed | close=72525.76 ema_9=72564.25 ema_20=72594.89 ema_50=72448.45 ema_200=71238.34 macd=2.6722 poc=64325.0 val=63300.0 vah=69700.0
2026-08-21 00:20:16,340 - INFO - [bot-1787212632638-4865] Evaluating strategy on completed candle: 2026-08-20 18:45:00+00:00 at Close price: 72534.00
2026-08-21 00:20:16,454 - INFO - Confluence Evaluation | Regime: TRENDING (ADX=27.7) | Direction: HOLD | BullScore: 0.0% | BearScore: 34.8% | Active: ['ema', 'macd', 'rsi', 'vp']
2026-08-21 00:20:16,546 - INFO - Signal evaluated: HOLD. Reason/Details: Confluence score: 35% (HOLD)
2026-08-21 00:20:16,710 - INFO - Logged heartbeat status: OK
2026-08-21 00:20:16,710 - INFO - Job "LiveRunner.process_cycle (trigger: interval[0:05:00], next run at: 2026-08-21 00:25:03 IST)" executed successfully
2026-08-21 00:25:03,025 - INFO - Running job "LiveRunner.process_cycle (trigger: interval[0:05:00], next run at: 2026-08-21 00:30:03 IST)" (scheduled at 2026-08-21 00:25:03.001756+05:30)
2026-08-21 00:25:03,075 - INFO - [bot-1787212632638-4865] Starting signal check cycle for BTC/USDT (5m)...
2026-08-21 00:25:03,132 - INFO - Fetching recent candles for BTC/USDT (5m) [Bot: bot-1787212632638-4865] via ProviderManager...
2026-08-21 00:25:04,409 - INFO - Indicators computed | close=72492.00 ema_9=72544.40 ema_20=72582.18 ema_50=72448.89 ema_200=71250.48 macd=-6.8124 poc=64325.0 val=63300.0 vah=69700.0
2026-08-21 00:25:04,415 - INFO - [bot-1787212632638-4865] Evaluating strategy on completed candle: 2026-08-20 18:50:00+00:00 at Close price: 72492.00
2026-08-21 00:25:04,501 - INFO - Confluence Evaluation | Regime: TRENDING (ADX=27.2) | Direction: HOLD | BullScore: 0.0% | BearScore: 67.4% | Active: ['ema', 'macd', 'rsi', 'vp']
2026-08-21 00:25:04,578 - INFO - Signal evaluated: HOLD. Reason/Details: Confluence score: 67% (HOLD)
2026-08-21 00:25:04,649 - INFO - Logged heartbeat status: OK
2026-08-21 00:25:04,649 - INFO - Job "LiveRunner.process_cycle (trigger: interval[0:05:00], next run at: 2026-08-21 00:30:03 IST)" executed successfully
/Users/ashishparadkar/Downloads/algo-code-main/.venv/lib/python3.9/site-packages/urllib3/__init__.py:35: NotOpenSSLWarning: urllib3 v2 only supports OpenSSL 1.1.1+, currently the 'ssl' module is compiled with 'LibreSSL 2.8.3'. See: https://github.com/urllib3/urllib3/issues/3020
  warnings.warn(
2026-08-21 06:22:08,191 - INFO - Bot state startup reconciliation finished: 0 bot(s) reconciled to STOPPED.
2026-08-21 06:22:09,683 - INFO - Telegram notification service initialized successfully (Chat ID: 5657...)
2026-08-21 06:22:10,138 - INFO - Initializing scheduled trading bot live runner for bot-1787212632638-4865...
2026-08-21 06:22:10,190 - INFO - SQLite database tables verified/created.
2026-08-21 06:22:11,020 - INFO - Initializing CCXT Binance in TESTNET mode.
2026-08-21 06:22:41,342 - INFO - [bot-1787212632638-4865] Pre-flight instrument resolved: BTC/USDT (SPOT via binance_spot)
2026-08-21 06:22:41,785 - INFO - [bot-1787212632638-4865] Starting signal check cycle for BTC/USDT (5m)...
2026-08-21 06:22:42,035 - INFO - Fetching recent candles for BTC/USDT (5m) [Bot: bot-1787212632638-4865] via ProviderManager...
2026-08-21 06:23:15,446 - INFO - Indicators computed | close=73783.58 ema_9=73640.48 ema_20=73421.86 ema_50=73101.64 ema_200=72114.13 macd=242.1558 poc=64325.0 val=63575.0 vah=71300.0
2026-08-21 06:23:15,453 - INFO - [bot-1787212632638-4865] Evaluating strategy on completed candle: 2026-08-21 00:45:00+00:00 at Close price: 73761.56
2026-08-21 06:23:15,562 - INFO - Confluence Evaluation | Regime: TRENDING (ADX=53.5) | Direction: LONG | BullScore: 82.6% | BearScore: 17.4% | Active: ['ema', 'macd', 'rsi', 'vp']
2026-08-21 06:23:15,639 - INFO - Capping position size 0.328688 BTC to available cash equivalent 0.067786 BTC.
2026-08-21 06:23:15,779 - INFO - Created pending signal approval ID 115 for bot bot-1787212632638-4865 (LONG @ $73761.56, status: WAITING_APPROVAL)
2026-08-21 06:23:15,814 - INFO - [bot-1787212632638-4865] Signal LONG generated (ID: 115). Waiting for manual user approval.
2026-08-21 06:23:15,900 - INFO - Logged heartbeat status: OK
2026-08-21 06:23:15,919 - INFO - Adding job tentatively -- it will be properly scheduled when the scheduler starts
2026-08-21 06:23:15,919 - INFO - Bot bot-1787212632638-4865 scheduled to check every 5 minutes.
2026-08-21 06:23:15,930 - INFO - Added job "LiveRunner.process_cycle" to job store "default"
2026-08-21 06:23:15,930 - INFO - Scheduler started
2026-08-21 06:28:16,066 - INFO - Running job "LiveRunner.process_cycle (trigger: interval[0:05:00], next run at: 2026-08-21 06:33:15 IST)" (scheduled at 2026-08-21 06:28:15.916474+05:30)
2026-08-21 06:28:16,116 - INFO - [bot-1787212632638-4865] Starting signal check cycle for BTC/USDT (5m)...
2026-08-21 06:28:16,144 - INFO - Fetching recent candles for BTC/USDT (5m) [Bot: bot-1787212632638-4865] via ProviderManager...
2026-08-21 06:28:16,668 - INFO - Indicators computed | close=73706.87 ema_9=73634.95 ema_20=73438.87 ema_50=73120.95 ema_200=72128.82 macd=227.5245 poc=64325.0 val=63575.0 vah=71300.0
2026-08-21 06:28:16,669 - INFO - [bot-1787212632638-4865] Evaluating strategy on completed candle: 2026-08-21 00:50:00+00:00 at Close price: 73666.00
2026-08-21 06:28:16,735 - INFO - Confluence Evaluation | Regime: TRENDING (ADX=53.5) | Direction: LONG | BullScore: 82.6% | BearScore: 17.4% | Active: ['ema', 'macd', 'rsi', 'vp']
2026-08-21 06:28:16,809 - INFO - Capping position size 0.479203 BTC to available cash equivalent 0.067874 BTC.
2026-08-21 06:28:16,816 - INFO - [bot-1787212632638-4865] Signal LONG active pending approval already exists (ID: 115).
2026-08-21 06:28:17,018 - INFO - Logged heartbeat status: OK
2026-08-21 06:28:17,021 - INFO - Job "LiveRunner.process_cycle (trigger: interval[0:05:00], next run at: 2026-08-21 06:33:15 IST)" executed successfully
2026-08-21 06:33:15,974 - INFO - Running job "LiveRunner.process_cycle (trigger: interval[0:05:00], next run at: 2026-08-21 06:38:15 IST)" (scheduled at 2026-08-21 06:33:15.916474+05:30)
2026-08-21 06:33:15,992 - INFO - [bot-1787212632638-4865] Starting signal check cycle for BTC/USDT (5m)...
2026-08-21 06:33:16,074 - INFO - Fetching recent candles for BTC/USDT (5m) [Bot: bot-1787212632638-4865] via ProviderManager...
2026-08-21 06:33:16,860 - INFO - Indicators computed | close=73829.19 ema_9=73673.98 ema_20=73476.14 ema_50=73148.76 ema_200=72145.75 macd=230.6456 poc=64325.0 val=63575.0 vah=71300.0
2026-08-21 06:33:16,861 - INFO - [bot-1787212632638-4865] Evaluating strategy on completed candle: 2026-08-21 00:55:00+00:00 at Close price: 73708.02
2026-08-21 06:33:16,943 - INFO - Confluence Evaluation | Regime: TRENDING (ADX=53.7) | Direction: LONG | BullScore: 82.6% | BearScore: 17.4% | Active: ['ema', 'macd', 'rsi', 'vp']
2026-08-21 06:33:17,028 - INFO - Capping position size 0.398883 BTC to available cash equivalent 0.067835 BTC.
2026-08-21 06:33:17,107 - INFO - [bot-1787212632638-4865] Signal LONG active pending approval already exists (ID: 115).
2026-08-21 06:33:17,243 - INFO - Logged heartbeat status: OK
2026-08-21 06:33:17,243 - INFO - Job "LiveRunner.process_cycle (trigger: interval[0:05:00], next run at: 2026-08-21 06:38:15 IST)" executed successfully
2026-08-21 06:38:15,940 - INFO - Running job "LiveRunner.process_cycle (trigger: interval[0:05:00], next run at: 2026-08-21 06:43:15 IST)" (scheduled at 2026-08-21 06:38:15.916474+05:30)
2026-08-21 06:38:15,986 - INFO - [bot-1787212632638-4865] Starting signal check cycle for BTC/USDT (5m)...
2026-08-21 06:38:16,040 - INFO - Fetching recent candles for BTC/USDT (5m) [Bot: bot-1787212632638-4865] via ProviderManager...
2026-08-21 06:38:18,285 - INFO - Indicators computed | close=73932.01 ema_9=73727.32 ema_20=73520.49 ema_50=73179.89 ema_200=72163.63 macd=239.2592 poc=64325.0 val=63575.0 vah=71325.0
2026-08-21 06:38:18,287 - INFO - [bot-1787212632638-4865] Evaluating strategy on completed candle: 2026-08-21 01:00:00+00:00 at Close price: 73840.01
2026-08-21 06:38:18,430 - INFO - Confluence Evaluation | Regime: TRENDING (ADX=55.5) | Direction: LONG | BullScore: 82.6% | BearScore: 17.4% | Active: ['ema', 'macd', 'rsi', 'vp']
2026-08-21 06:38:18,489 - INFO - Capping position size 0.261308 BTC to available cash equivalent 0.067714 BTC.
2026-08-21 06:38:18,499 - INFO - [bot-1787212632638-4865] Signal LONG active pending approval already exists (ID: 115).
2026-08-21 06:38:18,604 - INFO - Logged heartbeat status: OK
2026-08-21 06:38:18,605 - INFO - Job "LiveRunner.process_cycle (trigger: interval[0:05:00], next run at: 2026-08-21 06:43:15 IST)" executed successfully
2026-08-21 06:43:16,037 - INFO - Running job "LiveRunner.process_cycle (trigger: interval[0:05:00], next run at: 2026-08-21 06:48:15 IST)" (scheduled at 2026-08-21 06:43:15.916474+05:30)
2026-08-21 06:43:16,099 - INFO - [bot-1787212632638-4865] Starting signal check cycle for BTC/USDT (5m)...
2026-08-21 06:43:16,151 - INFO - Fetching recent candles for BTC/USDT (5m) [Bot: bot-1787212632638-4865] via ProviderManager...
2026-08-21 06:43:17,742 - INFO - Indicators computed | close=73982.00 ema_9=73777.91 ema_20=73564.26 ema_50=73211.26 ema_200=72181.71 macd=246.4609 poc=64325.0 val=63575.0 vah=71325.0
2026-08-21 06:43:17,745 - INFO - [bot-1787212632638-4865] Evaluating strategy on completed candle: 2026-08-21 01:05:00+00:00 at Close price: 73929.87
2026-08-21 06:43:17,853 - INFO - Confluence Evaluation | Regime: TRENDING (ADX=57.3) | Direction: LONG | BullScore: 82.6% | BearScore: 17.4% | Active: ['ema', 'macd', 'rsi', 'vp']
2026-08-21 06:43:17,966 - INFO - Capping position size 0.240836 BTC to available cash equivalent 0.067632 BTC.
2026-08-21 06:43:17,973 - INFO - [bot-1787212632638-4865] Signal LONG active pending approval already exists (ID: 115).
2026-08-21 06:43:18,136 - INFO - Logged heartbeat status: OK
2026-08-21 06:43:18,136 - INFO - Job "LiveRunner.process_cycle (trigger: interval[0:05:00], next run at: 2026-08-21 06:48:15 IST)" executed successfully
2026-08-21 06:48:15,941 - INFO - Running job "LiveRunner.process_cycle (trigger: interval[0:05:00], next run at: 2026-08-21 06:53:15 IST)" (scheduled at 2026-08-21 06:48:15.916474+05:30)
2026-08-21 06:48:15,961 - INFO - [bot-1787212632638-4865] Starting signal check cycle for BTC/USDT (5m)...
2026-08-21 06:48:15,974 - INFO - Fetching recent candles for BTC/USDT (5m) [Bot: bot-1787212632638-4865] via ProviderManager...
2026-08-21 06:48:16,504 - INFO - Indicators computed | close=74838.67 ema_9=73991.42 ema_20=73686.36 ema_50=73275.40 ema_200=72208.23 macd=318.2902 poc=64325.0 val=63575.0 vah=71375.0
2026-08-21 06:48:16,506 - INFO - [bot-1787212632638-4865] Evaluating strategy on completed candle: 2026-08-21 01:10:00+00:00 at Close price: 73990.50
2026-08-21 06:48:16,573 - INFO - Confluence Evaluation | Regime: TRENDING (ADX=59.3) | Direction: LONG | BullScore: 82.6% | BearScore: 17.4% | Active: ['ema', 'macd', 'rsi', 'vp']
2026-08-21 06:48:16,686 - INFO - Capping position size 0.210150 BTC to available cash equivalent 0.067576 BTC.
2026-08-21 06:48:16,785 - INFO - [bot-1787212632638-4865] Signal LONG active pending approval already exists (ID: 115).
2026-08-21 06:48:16,929 - INFO - Logged heartbeat status: OK
2026-08-21 06:48:16,931 - INFO - Job "LiveRunner.process_cycle (trigger: interval[0:05:00], next run at: 2026-08-21 06:53:15 IST)" executed successfully
2026-08-21 06:53:15,935 - INFO - Running job "LiveRunner.process_cycle (trigger: interval[0:05:00], next run at: 2026-08-21 06:58:15 IST)" (scheduled at 2026-08-21 06:53:15.916474+05:30)
2026-08-21 06:53:15,971 - INFO - [bot-1787212632638-4865] Starting signal check cycle for BTC/USDT (5m)...
2026-08-21 06:53:16,015 - INFO - Fetching recent candles for BTC/USDT (5m) [Bot: bot-1787212632638-4865] via ProviderManager...
2026-08-21 06:53:16,824 - INFO - Indicators computed | close=74335.28 ema_9=74031.59 ema_20=73732.76 ema_50=73310.23 ema_200=72227.63 macd=319.2424 poc=64325.0 val=63575.0 vah=71425.0
2026-08-21 06:53:16,827 - INFO - [bot-1787212632638-4865] Evaluating strategy on completed candle: 2026-08-21 01:15:00+00:00 at Close price: 74659.92
2026-08-21 06:53:16,910 - INFO - Confluence Evaluation | Regime: TRENDING (ADX=60.9) | Direction: LONG | BullScore: 82.6% | BearScore: 17.4% | Active: ['ema', 'macd', 'rsi', 'vp']
2026-08-21 06:53:17,047 - INFO - Capping position size 0.087316 BTC to available cash equivalent 0.066970 BTC.
2026-08-21 06:53:17,096 - INFO - Created pending signal approval ID 144 for bot bot-1787212632638-4865 (LONG @ $74659.92, status: WAITING_APPROVAL)
2026-08-21 06:53:17,163 - INFO - [bot-1787212632638-4865] Signal LONG generated (ID: 144). Waiting for manual user approval.
2026-08-21 06:53:17,277 - INFO - Logged heartbeat status: OK
2026-08-21 06:53:17,278 - INFO - Job "LiveRunner.process_cycle (trigger: interval[0:05:00], next run at: 2026-08-21 06:58:15 IST)" executed successfully
2026-08-21 06:58:15,935 - INFO - Running job "LiveRunner.process_cycle (trigger: interval[0:05:00], next run at: 2026-08-21 07:03:15 IST)" (scheduled at 2026-08-21 06:58:15.916474+05:30)
2026-08-21 06:58:15,944 - INFO - [bot-1787212632638-4865] Starting signal check cycle for BTC/USDT (5m)...
2026-08-21 06:58:16,045 - INFO - Fetching recent candles for BTC/USDT (5m) [Bot: bot-1787212632638-4865] via ProviderManager...
2026-08-21 06:58:16,523 - INFO - Indicators computed | close=74695.94 ema_9=74191.07 ema_20=73838.82 ema_50=73370.84 ema_200=72253.83 macd=366.5359 poc=64325.0 val=63575.0 vah=71450.0
2026-08-21 06:58:16,527 - INFO - [bot-1787212632638-4865] Evaluating strategy on completed candle: 2026-08-21 01:20:00+00:00 at Close price: 74501.59
2026-08-21 06:58:16,814 - INFO - Confluence Evaluation | Regime: TRENDING (ADX=62.1) | Direction: LONG | BullScore: 82.6% | BearScore: 17.4% | Active: ['ema', 'macd', 'rsi', 'vp']
2026-08-21 06:58:16,939 - INFO - Capping position size 0.110222 BTC to available cash equivalent 0.067113 BTC.
2026-08-21 06:58:16,945 - INFO - [bot-1787212632638-4865] Signal LONG active pending approval already exists (ID: 144).
2026-08-21 06:58:17,153 - INFO - Logged heartbeat status: OK
2026-08-21 06:58:17,153 - INFO - Job "LiveRunner.process_cycle (trigger: interval[0:05:00], next run at: 2026-08-21 07:03:15 IST)" executed successfully
2026-08-21 07:03:15,933 - INFO - Running job "LiveRunner.process_cycle (trigger: interval[0:05:00], next run at: 2026-08-21 07:08:15 IST)" (scheduled at 2026-08-21 07:03:15.916474+05:30)
2026-08-21 07:03:15,946 - INFO - [bot-1787212632638-4865] Starting signal check cycle for BTC/USDT (5m)...
2026-08-21 07:03:15,984 - INFO - Fetching recent candles for BTC/USDT (5m) [Bot: bot-1787212632638-4865] via ProviderManager...
2026-08-21 07:03:16,358 - INFO - Indicators computed | close=74961.85 ema_9=74350.16 ema_20=73948.44 ema_50=73434.39 ema_200=72281.08 macd=412.1289 poc=64325.0 val=63575.0 vah=71475.0
2026-08-21 07:03:16,359 - INFO - [bot-1787212632638-4865] Evaluating strategy on completed candle: 2026-08-21 01:25:00+00:00 at Close price: 74726.77
2026-08-21 07:03:16,419 - INFO - Confluence Evaluation | Regime: TRENDING (ADX=62.4) | Direction: LONG | BullScore: 82.6% | BearScore: 17.4% | Active: ['ema', 'macd', 'rsi', 'vp']
2026-08-21 07:03:16,495 - INFO - Capping position size 0.100748 BTC to available cash equivalent 0.066910 BTC.
2026-08-21 07:03:16,502 - INFO - [bot-1787212632638-4865] Signal LONG active pending approval already exists (ID: 144).
2026-08-21 07:03:16,648 - INFO - Logged heartbeat status: OK
2026-08-21 07:03:16,649 - INFO - Job "LiveRunner.process_cycle (trigger: interval[0:05:00], next run at: 2026-08-21 07:08:15 IST)" executed successfully
/Users/ashishparadkar/Downloads/algo-code-main/.venv/lib/python3.9/site-packages/urllib3/__init__.py:35: NotOpenSSLWarning: urllib3 v2 only supports OpenSSL 1.1.1+, currently the 'ssl' module is compiled with 'LibreSSL 2.8.3'. See: https://github.com/urllib3/urllib3/issues/3020
  warnings.warn(
2026-08-21 12:14:56,134 - INFO - Bot state startup reconciliation finished: 0 bot(s) reconciled to STOPPED.
2026-08-21 12:14:56,196 - INFO - Telegram notification service initialized successfully (Chat ID: 5657...)
2026-08-21 12:14:56,206 - INFO - Initializing scheduled trading bot live runner for bot-1787212632638-4865...
2026-08-21 12:14:56,246 - INFO - SQLite database tables verified/created.
2026-08-21 12:14:57,967 - INFO - Initializing CCXT Binance in TESTNET mode.
2026-08-21 12:15:30,542 - INFO - [bot-1787212632638-4865] Pre-flight instrument resolved: BTC/USDT (SPOT via binance_spot)
2026-08-21 12:15:31,003 - INFO - [bot-1787212632638-4865] Starting signal check cycle for BTC/USDT (5m)...
2026-08-21 12:15:31,017 - INFO - Fetching recent candles for BTC/USDT (5m) [Bot: bot-1787212632638-4865] via ProviderManager...
2026-08-21 12:16:09,587 - INFO - Indicators computed | close=75322.00 ema_9=75413.22 ema_20=75322.76 ema_50=75011.04 ema_200=73557.57 macd=128.6403 poc=64275.0 val=64025.0 vah=71850.0
2026-08-21 12:16:09,612 - INFO - [bot-1787212632638-4865] Evaluating strategy on completed candle: 2026-08-21 06:40:00+00:00 at Close price: 75394.97
2026-08-21 12:16:09,723 - INFO - Confluence Evaluation | Regime: TRENDING (ADX=26.8) | Direction: HOLD | BullScore: 50.0% | BearScore: 17.4% | Active: ['ema', 'macd', 'rsi', 'vp']
2026-08-21 12:16:09,807 - INFO - Signal evaluated: HOLD. Reason/Details: Confluence score: 50% (HOLD)
2026-08-21 12:16:10,072 - INFO - Logged heartbeat status: OK
2026-08-21 12:16:10,105 - INFO - Adding job tentatively -- it will be properly scheduled when the scheduler starts
2026-08-21 12:16:10,106 - INFO - Bot bot-1787212632638-4865 scheduled to check every 5 minutes.
2026-08-21 12:16:10,109 - INFO - Added job "LiveRunner.process_cycle" to job store "default"
2026-08-21 12:16:10,111 - INFO - Scheduler started
2026-08-21 12:21:10,149 - INFO - Running job "LiveRunner.process_cycle (trigger: interval[0:05:00], next run at: 2026-08-21 12:21:10 IST)" (scheduled at 2026-08-21 12:21:10.105084+05:30)
2026-08-21 12:21:10,185 - INFO - [bot-1787212632638-4865] Starting signal check cycle for BTC/USDT (5m)...
2026-08-21 12:21:10,192 - INFO - Fetching recent candles for BTC/USDT (5m) [Bot: bot-1787212632638-4865] via ProviderManager...
2026-08-21 12:21:10,937 - INFO - Indicators computed | close=75472.01 ema_9=75456.06 ema_20=75353.71 ema_50=75036.44 ema_200=73578.53 macd=137.3813 poc=64275.0 val=64025.0 vah=71850.0
2026-08-21 12:21:10,939 - INFO - [bot-1787212632638-4865] Evaluating strategy on completed candle: 2026-08-21 06:45:00+00:00 at Close price: 75516.28
2026-08-21 12:21:11,005 - INFO - Confluence Evaluation | Regime: TRENDING (ADX=25.9) | Direction: HOLD | BullScore: 50.0% | BearScore: 17.4% | Active: ['ema', 'macd', 'rsi', 'vp']
2026-08-21 12:21:11,091 - INFO - Signal evaluated: HOLD. Reason/Details: Confluence score: 50% (HOLD)
2026-08-21 12:21:11,292 - INFO - Logged heartbeat status: OK
2026-08-21 12:21:11,292 - INFO - Job "LiveRunner.process_cycle (trigger: interval[0:05:00], next run at: 2026-08-21 12:26:10 IST)" executed successfully
2026-08-21 12:26:10,130 - INFO - Running job "LiveRunner.process_cycle (trigger: interval[0:05:00], next run at: 2026-08-21 12:31:10 IST)" (scheduled at 2026-08-21 12:26:10.105084+05:30)
2026-08-21 12:26:10,144 - INFO - [bot-1787212632638-4865] Starting signal check cycle for BTC/USDT (5m)...
2026-08-21 12:26:10,207 - INFO - Fetching recent candles for BTC/USDT (5m) [Bot: bot-1787212632638-4865] via ProviderManager...
2026-08-21 12:26:11,454 - INFO - Indicators computed | close=75540.00 ema_9=75484.37 ema_20=75377.66 ema_50=75058.90 ema_200=73598.76 macd=140.3794 poc=64275.0 val=64025.0 vah=71875.0
2026-08-21 12:26:11,460 - INFO - [bot-1787212632638-4865] Evaluating strategy on completed candle: 2026-08-21 06:50:00+00:00 at Close price: 75544.00
2026-08-21 12:26:11,700 - INFO - Confluence Evaluation | Regime: TRENDING (ADX=25.1) | Direction: HOLD | BullScore: 50.0% | BearScore: 17.4% | Active: ['ema', 'macd', 'rsi', 'vp']
2026-08-21 12:26:11,833 - INFO - Signal evaluated: HOLD. Reason/Details: Confluence score: 50% (HOLD)
2026-08-21 12:26:12,155 - INFO - Logged heartbeat status: OK
2026-08-21 12:26:12,155 - INFO - Job "LiveRunner.process_cycle (trigger: interval[0:05:00], next run at: 2026-08-21 12:31:10 IST)" executed successfully
2026-08-21 12:31:10,149 - INFO - Running job "LiveRunner.process_cycle (trigger: interval[0:05:00], next run at: 2026-08-21 12:36:10 IST)" (scheduled at 2026-08-21 12:31:10.105084+05:30)
2026-08-21 12:31:10,176 - INFO - [bot-1787212632638-4865] Starting signal check cycle for BTC/USDT (5m)...
2026-08-21 12:31:10,207 - INFO - Fetching recent candles for BTC/USDT (5m) [Bot: bot-1787212632638-4865] via ProviderManager...
2026-08-21 12:31:10,994 - INFO - Indicators computed | close=75710.09 ema_9=75546.51 ema_20=75418.47 ema_50=75088.43 ema_200=73620.81 macd=156.7391 poc=64275.0 val=64025.0 vah=71875.0
2026-08-21 12:31:10,998 - INFO - [bot-1787212632638-4865] Evaluating strategy on completed candle: 2026-08-21 06:55:00+00:00 at Close price: 75646.21
2026-08-21 12:31:11,105 - INFO - Confluence Evaluation | Regime: RANGING (ADX=24.8) | Direction: HOLD | BullScore: 67.4% | BearScore: 32.6% | Active: ['ema', 'macd', 'rsi', 'vp']
2026-08-21 12:31:11,215 - INFO - Signal evaluated: HOLD. Reason/Details: Confluence score: 67% (HOLD)
2026-08-21 12:31:11,426 - INFO - Logged heartbeat status: OK
2026-08-21 12:31:11,426 - INFO - Job "LiveRunner.process_cycle (trigger: interval[0:05:00], next run at: 2026-08-21 12:36:10 IST)" executed successfully
2026-08-21 12:36:10,145 - INFO - Running job "LiveRunner.process_cycle (trigger: interval[0:05:00], next run at: 2026-08-21 12:41:10 IST)" (scheduled at 2026-08-21 12:36:10.105084+05:30)
2026-08-21 12:36:10,151 - INFO - [bot-1787212632638-4865] Starting signal check cycle for BTC/USDT (5m)...
2026-08-21 12:36:10,186 - INFO - Fetching recent candles for BTC/USDT (5m) [Bot: bot-1787212632638-4865] via ProviderManager...
2026-08-21 12:36:10,591 - INFO - Indicators computed | close=75727.99 ema_9=75586.57 ema_20=75449.98 ema_50=75114.40 ema_200=73642.01 macd=164.0088 poc=64275.0 val=64025.0 vah=71875.0
2026-08-21 12:36:10,592 - INFO - [bot-1787212632638-4865] Evaluating strategy on completed candle: 2026-08-21 07:00:00+00:00 at Close price: 75733.61
2026-08-21 12:36:10,669 - INFO - Confluence Evaluation | Regime: RANGING (ADX=23.7) | Direction: HOLD | BullScore: 67.4% | BearScore: 32.6% | Active: ['ema', 'macd', 'rsi', 'vp']
2026-08-21 12:36:10,757 - INFO - Signal evaluated: HOLD. Reason/Details: Confluence score: 67% (HOLD)
2026-08-21 12:36:10,966 - INFO - Logged heartbeat status: OK
2026-08-21 12:36:10,967 - INFO - Job "LiveRunner.process_cycle (trigger: interval[0:05:00], next run at: 2026-08-21 12:41:10 IST)" executed successfully
2026-08-21 12:41:10,115 - INFO - Running job "LiveRunner.process_cycle (trigger: interval[0:05:00], next run at: 2026-08-21 12:46:10 IST)" (scheduled at 2026-08-21 12:41:10.105084+05:30)
2026-08-21 12:41:10,149 - INFO - [bot-1787212632638-4865] Starting signal check cycle for BTC/USDT (5m)...
2026-08-21 12:41:10,191 - INFO - Fetching recent candles for BTC/USDT (5m) [Bot: bot-1787212632638-4865] via ProviderManager...
2026-08-21 12:41:10,647 - INFO - Indicators computed | close=75921.63 ema_9=75676.02 ema_20=75506.98 ema_50=75151.34 ema_200=73666.08 macd=190.4530 poc=64275.0 val=64025.0 vah=71875.0
2026-08-21 12:41:10,648 - INFO - [bot-1787212632638-4865] Evaluating strategy on completed candle: 2026-08-21 07:05:00+00:00 at Close price: 75868.28
2026-08-21 12:41:10,717 - INFO - Confluence Evaluation | Regime: RANGING (ADX=22.5) | Direction: HOLD | BullScore: 67.4% | BearScore: 32.6% | Active: ['ema', 'macd', 'rsi', 'vp']
2026-08-21 12:41:10,810 - INFO - Signal evaluated: HOLD. Reason/Details: Confluence score: 67% (HOLD)
2026-08-21 12:41:11,027 - INFO - Logged heartbeat status: OK
2026-08-21 12:41:11,028 - INFO - Job "LiveRunner.process_cycle (trigger: interval[0:05:00], next run at: 2026-08-21 12:46:10 IST)" executed successfully
2026-08-21 12:46:10,115 - INFO - Running job "LiveRunner.process_cycle (trigger: interval[0:05:00], next run at: 2026-08-21 12:51:10 IST)" (scheduled at 2026-08-21 12:46:10.105084+05:30)
2026-08-21 12:46:10,146 - INFO - [bot-1787212632638-4865] Starting signal check cycle for BTC/USDT (5m)...
2026-08-21 12:46:10,213 - INFO - Fetching recent candles for BTC/USDT (5m) [Bot: bot-1787212632638-4865] via ProviderManager...
2026-08-21 12:46:10,651 - INFO - Indicators computed | close=76372.75 ema_9=75823.11 ema_20=75593.60 ema_50=75201.06 ema_200=73693.48 macd=239.1982 poc=64275.0 val=64025.0 vah=71875.0
2026-08-21 12:46:10,654 - INFO - [bot-1787212632638-4865] Evaluating strategy on completed candle: 2026-08-21 07:10:00+00:00 at Close price: 75969.99
2026-08-21 12:46:10,725 - INFO - Confluence Evaluation | Regime: RANGING (ADX=21.9) | Direction: HOLD | BullScore: 67.4% | BearScore: 32.6% | Active: ['ema', 'macd', 'rsi', 'vp']
2026-08-21 12:46:10,823 - INFO - Signal evaluated: HOLD. Reason/Details: Confluence score: 67% (HOLD)
2026-08-21 12:46:11,026 - INFO - Logged heartbeat status: OK
2026-08-21 12:46:11,027 - INFO - Job "LiveRunner.process_cycle (trigger: interval[0:05:00], next run at: 2026-08-21 12:51:10 IST)" executed successfully
2026-08-21 12:51:10,161 - INFO - Running job "LiveRunner.process_cycle (trigger: interval[0:05:00], next run at: 2026-08-21 12:56:10 IST)" (scheduled at 2026-08-21 12:51:10.105084+05:30)
2026-08-21 12:51:10,180 - INFO - [bot-1787212632638-4865] Starting signal check cycle for BTC/USDT (5m)...
2026-08-21 12:51:10,209 - INFO - Fetching recent candles for BTC/USDT (5m) [Bot: bot-1787212632638-4865] via ProviderManager...
2026-08-21 12:51:10,742 - INFO - Indicators computed | close=76454.37 ema_9=75967.24 ema_20=75685.21 ema_50=75254.42 ema_200=73722.06 macd=285.0330 poc=64275.0 val=64025.0 vah=71900.0
2026-08-21 12:51:10,744 - INFO - [bot-1787212632638-4865] Evaluating strategy on completed candle: 2026-08-21 07:15:00+00:00 at Close price: 76484.48
2026-08-21 12:51:10,816 - INFO - Confluence Evaluation | Regime: RANGING (ADX=23.2) | Direction: HOLD | BullScore: 67.4% | BearScore: 32.6% | Active: ['ema', 'macd', 'rsi', 'vp']
2026-08-21 12:51:10,897 - INFO - Signal evaluated: HOLD. Reason/Details: Confluence score: 67% (HOLD)
2026-08-21 12:51:11,091 - INFO - Logged heartbeat status: OK
2026-08-21 12:51:11,091 - INFO - Job "LiveRunner.process_cycle (trigger: interval[0:05:00], next run at: 2026-08-21 12:56:10 IST)" executed successfully
2026-08-21 12:56:10,119 - INFO - Running job "LiveRunner.process_cycle (trigger: interval[0:05:00], next run at: 2026-08-21 13:01:10 IST)" (scheduled at 2026-08-21 12:56:10.105084+05:30)
2026-08-21 12:56:10,159 - INFO - [bot-1787212632638-4865] Starting signal check cycle for BTC/USDT (5m)...
2026-08-21 12:56:10,197 - INFO - Fetching recent candles for BTC/USDT (5m) [Bot: bot-1787212632638-4865] via ProviderManager...
2026-08-21 12:56:11,006 - INFO - Indicators computed | close=76354.99 ema_9=76012.70 ema_20=75731.72 ema_50=75290.03 ema_200=73746.28 macd=290.4337 poc=64275.0 val=64025.0 vah=71900.0
2026-08-21 12:56:11,008 - INFO - [bot-1787212632638-4865] Evaluating strategy on completed candle: 2026-08-21 07:20:00+00:00 at Close price: 76253.84
2026-08-21 12:56:11,103 - INFO - Confluence Evaluation | Regime: TRENDING (ADX=25.2) | Direction: LONG | BullScore: 82.6% | BearScore: 17.4% | Active: ['ema', 'macd', 'rsi', 'vp']
2026-08-21 12:56:11,211 - INFO - Capping position size 0.140952 BTC to available cash equivalent 0.065570 BTC.
2026-08-21 12:56:11,394 - INFO - Created pending signal approval ID 176 for bot bot-1787212632638-4865 (LONG @ $76253.84, status: WAITING_APPROVAL)
2026-08-21 12:56:11,549 - INFO - [bot-1787212632638-4865] Signal LONG generated (ID: 176). Waiting for manual user approval.
2026-08-21 12:56:11,763 - INFO - Logged heartbeat status: OK
2026-08-21 12:56:11,764 - INFO - Job "LiveRunner.process_cycle (trigger: interval[0:05:00], next run at: 2026-08-21 13:01:10 IST)" executed successfully
2026-08-21 13:01:10,121 - INFO - Running job "LiveRunner.process_cycle (trigger: interval[0:05:00], next run at: 2026-08-21 13:06:10 IST)" (scheduled at 2026-08-21 13:01:10.105084+05:30)
2026-08-21 13:01:10,148 - INFO - [bot-1787212632638-4865] Starting signal check cycle for BTC/USDT (5m)...
2026-08-21 13:01:10,214 - INFO - Fetching recent candles for BTC/USDT (5m) [Bot: bot-1787212632638-4865] via ProviderManager...
2026-08-21 13:01:10,829 - INFO - Indicators computed | close=76456.63 ema_9=76110.35 ema_20=75805.53 ema_50=75337.86 ema_200=73773.79 macd=315.4078 poc=64275.0 val=64025.0 vah=71925.0
2026-08-21 13:01:10,835 - INFO - [bot-1787212632638-4865] Evaluating strategy on completed candle: 2026-08-21 07:25:00+00:00 at Close price: 76410.38
2026-08-21 13:01:10,918 - INFO - Confluence Evaluation | Regime: TRENDING (ADX=27.7) | Direction: LONG | BullScore: 82.6% | BearScore: 17.4% | Active: ['ema', 'macd', 'rsi', 'vp']
2026-08-21 13:01:11,017 - INFO - Capping position size 0.120188 BTC to available cash equivalent 0.065436 BTC.
2026-08-21 13:01:11,108 - INFO - [bot-1787212632638-4865] Signal LONG active pending approval already exists (ID: 176).
2026-08-21 13:01:11,227 - INFO - Logged heartbeat status: OK
2026-08-21 13:01:11,228 - INFO - Job "LiveRunner.process_cycle (trigger: interval[0:05:00], next run at: 2026-08-21 13:06:10 IST)" executed successfully
2026-08-21 13:06:10,148 - INFO - Running job "LiveRunner.process_cycle (trigger: interval[0:05:00], next run at: 2026-08-21 13:11:10 IST)" (scheduled at 2026-08-21 13:06:10.105084+05:30)
2026-08-21 13:06:10,169 - INFO - [bot-1787212632638-4865] Starting signal check cycle for BTC/USDT (5m)...
2026-08-21 13:06:10,201 - INFO - Fetching recent candles for BTC/USDT (5m) [Bot: bot-1787212632638-4865] via ProviderManager...
2026-08-21 13:06:10,905 - INFO - Indicators computed | close=76433.50 ema_9=76163.46 ema_20=75859.13 ema_50=75378.12 ema_200=73799.55 macd=321.6372 poc=64325.0 val=64025.0 vah=71925.0
2026-08-21 13:06:10,909 - INFO - [bot-1787212632638-4865] Evaluating strategy on completed candle: 2026-08-21 07:30:00+00:00 at Close price: 76384.61
2026-08-21 13:06:11,034 - INFO - Confluence Evaluation | Regime: TRENDING (ADX=33.2) | Direction: LONG | BullScore: 82.6% | BearScore: 17.4% | Active: ['ema', 'macd', 'rsi', 'vp']
2026-08-21 13:06:11,265 - INFO - Capping position size 0.168862 BTC to available cash equivalent 0.065458 BTC.
2026-08-21 13:06:11,351 - INFO - [bot-1787212632638-4865] Signal LONG active pending approval already exists (ID: 176).
2026-08-21 13:06:11,557 - INFO - Logged heartbeat status: OK
2026-08-21 13:06:11,558 - INFO - Job "LiveRunner.process_cycle (trigger: interval[0:05:00], next run at: 2026-08-21 13:11:10 IST)" executed successfully
2026-08-21 13:11:10,115 - INFO - Running job "LiveRunner.process_cycle (trigger: interval[0:05:00], next run at: 2026-08-21 13:16:10 IST)" (scheduled at 2026-08-21 13:11:10.105084+05:30)
2026-08-21 13:11:10,153 - INFO - [bot-1787212632638-4865] Starting signal check cycle for BTC/USDT (5m)...
2026-08-21 13:11:10,172 - INFO - Fetching recent candles for BTC/USDT (5m) [Bot: bot-1787212632638-4865] via ProviderManager...
2026-08-21 13:11:10,716 - INFO - Indicators computed | close=76517.45 ema_9=76248.66 ema_20=75929.59 ema_50=75426.19 ema_200=73827.48 macd=339.5955 poc=64325.0 val=64025.0 vah=71925.0
2026-08-21 13:11:10,718 - INFO - [bot-1787212632638-4865] Evaluating strategy on completed candle: 2026-08-21 07:35:00+00:00 at Close price: 76523.53
2026-08-21 13:11:10,807 - INFO - Confluence Evaluation | Regime: TRENDING (ADX=38.7) | Direction: LONG | BullScore: 82.6% | BearScore: 17.4% | Active: ['ema', 'macd', 'rsi', 'vp']
2026-08-21 13:11:10,905 - INFO - Capping position size 0.149775 BTC to available cash equivalent 0.065339 BTC.
2026-08-21 13:11:10,970 - INFO - [bot-1787212632638-4865] Signal LONG active pending approval already exists (ID: 176).
2026-08-21 13:11:11,172 - INFO - Logged heartbeat status: OK
2026-08-21 13:11:11,173 - INFO - Job "LiveRunner.process_cycle (trigger: interval[0:05:00], next run at: 2026-08-21 13:16:10 IST)" executed successfully
2026-08-21 13:16:10,115 - INFO - Running job "LiveRunner.process_cycle (trigger: interval[0:05:00], next run at: 2026-08-21 13:21:10 IST)" (scheduled at 2026-08-21 13:16:10.105084+05:30)
2026-08-21 13:16:10,168 - INFO - [bot-1787212632638-4865] Starting signal check cycle for BTC/USDT (5m)...
2026-08-21 13:16:10,183 - INFO - Fetching recent candles for BTC/USDT (5m) [Bot: bot-1787212632638-4865] via ProviderManager...
2026-08-21 13:16:10,577 - INFO - Indicators computed | close=76480.00 ema_9=76307.48 ema_20=75988.77 ema_50=75470.47 ema_200=73854.65 macd=346.0123 poc=64325.0 val=64025.0 vah=71950.0
2026-08-21 13:16:10,581 - INFO - [bot-1787212632638-4865] Evaluating strategy on completed candle: 2026-08-21 07:40:00+00:00 at Close price: 76595.89
2026-08-21 13:16:10,667 - INFO - Confluence Evaluation | Regime: TRENDING (ADX=43.7) | Direction: LONG | BullScore: 82.6% | BearScore: 17.4% | Active: ['ema', 'macd', 'rsi', 'vp']
2026-08-21 13:16:10,760 - INFO - Capping position size 0.238966 BTC to available cash equivalent 0.065278 BTC.
2026-08-21 13:16:10,769 - INFO - [bot-1787212632638-4865] Signal LONG active pending approval already exists (ID: 176).
2026-08-21 13:16:10,947 - INFO - Logged heartbeat status: OK
2026-08-21 13:16:10,947 - INFO - Job "LiveRunner.process_cycle (trigger: interval[0:05:00], next run at: 2026-08-21 13:21:10 IST)" executed successfully
2026-08-21 13:21:10,156 - INFO - Running job "LiveRunner.process_cycle (trigger: interval[0:05:00], next run at: 2026-08-21 13:26:10 IST)" (scheduled at 2026-08-21 13:21:10.105084+05:30)
2026-08-21 13:21:10,164 - INFO - [bot-1787212632638-4865] Starting signal check cycle for BTC/USDT (5m)...
2026-08-21 13:21:10,212 - INFO - Fetching recent candles for BTC/USDT (5m) [Bot: bot-1787212632638-4865] via ProviderManager...
2026-08-21 13:21:20,304 - ERROR - Binance Spot Network Error: binance GET https://api.binance.com/api/v3/klines?interval=5m&limit=1000&symbol=BTCUSDT
--- Logging error ---
Traceback (most recent call last):
  File "/Users/ashishparadkar/Downloads/algo-code-main/.venv/lib/python3.9/site-packages/urllib3/connectionpool.py", line 534, in _make_request
    response = conn.getresponse()
  File "/Users/ashishparadkar/Downloads/algo-code-main/.venv/lib/python3.9/site-packages/urllib3/connection.py", line 571, in getresponse
    httplib_response = super().getresponse()
  File "/Library/Developer/CommandLineTools/Library/Frameworks/Python3.framework/Versions/3.9/lib/python3.9/http/client.py", line 1349, in getresponse
    response.begin()
  File "/Library/Developer/CommandLineTools/Library/Frameworks/Python3.framework/Versions/3.9/lib/python3.9/http/client.py", line 316, in begin
    version, status, reason = self._read_status()
  File "/Library/Developer/CommandLineTools/Library/Frameworks/Python3.framework/Versions/3.9/lib/python3.9/http/client.py", line 277, in _read_status
    line = str(self.fp.readline(_MAXLINE + 1), "iso-8859-1")
  File "/Library/Developer/CommandLineTools/Library/Frameworks/Python3.framework/Versions/3.9/lib/python3.9/socket.py", line 704, in readinto
    return self._sock.recv_into(b)
  File "/Library/Developer/CommandLineTools/Library/Frameworks/Python3.framework/Versions/3.9/lib/python3.9/ssl.py", line 1241, in recv_into
    return self.read(nbytes, buffer)
  File "/Library/Developer/CommandLineTools/Library/Frameworks/Python3.framework/Versions/3.9/lib/python3.9/ssl.py", line 1099, in read
    return self._sslobj.read(len, buffer)
socket.timeout: The read operation timed out

The above exception was the direct cause of the following exception:

Traceback (most recent call last):
  File "/Users/ashishparadkar/Downloads/algo-code-main/.venv/lib/python3.9/site-packages/requests/adapters.py", line 644, in send
    resp = conn.urlopen(
  File "/Users/ashishparadkar/Downloads/algo-code-main/.venv/lib/python3.9/site-packages/urllib3/connectionpool.py", line 841, in urlopen
    retries = retries.increment(
  File "/Users/ashishparadkar/Downloads/algo-code-main/.venv/lib/python3.9/site-packages/urllib3/util/retry.py", line 490, in increment
    raise reraise(type(error), error, _stacktrace)
  File "/Users/ashishparadkar/Downloads/algo-code-main/.venv/lib/python3.9/site-packages/urllib3/util/util.py", line 39, in reraise
    raise value
  File "/Users/ashishparadkar/Downloads/algo-code-main/.venv/lib/python3.9/site-packages/urllib3/connectionpool.py", line 787, in urlopen
    response = self._make_request(
  File "/Users/ashishparadkar/Downloads/algo-code-main/.venv/lib/python3.9/site-packages/urllib3/connectionpool.py", line 536, in _make_request
    self._raise_timeout(err=e, url=url, timeout_value=read_timeout)
  File "/Users/ashishparadkar/Downloads/algo-code-main/.venv/lib/python3.9/site-packages/urllib3/connectionpool.py", line 367, in _raise_timeout
    raise ReadTimeoutError(
urllib3.exceptions.ReadTimeoutError: HTTPSConnectionPool(host='api.binance.com', port=443): Read timed out. (read timeout=10.0)

During handling of the above exception, another exception occurred:

Traceback (most recent call last):
  File "/Users/ashishparadkar/Downloads/algo-code-main/.venv/lib/python3.9/site-packages/ccxt/base/exchange.py", line 665, in fetch
    response = self.session.request(
  File "/Users/ashishparadkar/Downloads/algo-code-main/.venv/lib/python3.9/site-packages/requests/sessions.py", line 589, in request
    resp = self.send(prep, **send_kwargs)
  File "/Users/ashishparadkar/Downloads/algo-code-main/.venv/lib/python3.9/site-packages/requests/sessions.py", line 703, in send
    r = adapter.send(request, **kwargs)
  File "/Users/ashishparadkar/Downloads/algo-code-main/.venv/lib/python3.9/site-packages/requests/adapters.py", line 690, in send
    raise ReadTimeout(e, request=request)
requests.exceptions.ReadTimeout: HTTPSConnectionPool(host='api.binance.com', port=443): Read timed out. (read timeout=10.0)

The above exception was the direct cause of the following exception:

Traceback (most recent call last):
  File "/Users/ashishparadkar/Downloads/algo-code-main/src/provider_manager.py", line 351, in fetch_ohlcv_safe
    df = adapter.fetch_ohlcv(instrument, timeframe, limit=limit)
  File "/Users/ashishparadkar/Downloads/algo-code-main/src/provider_manager.py", line 211, in fetch_ohlcv
    raise net_err
  File "/Users/ashishparadkar/Downloads/algo-code-main/src/provider_manager.py", line 183, in fetch_ohlcv
    raw_candles = self.exchange.fetch_ohlcv(
  File "/Users/ashishparadkar/Downloads/algo-code-main/.venv/lib/python3.9/site-packages/ccxt/binance.py", line 4759, in fetch_ohlcv
    response = self.publicGetKlines(self.extend(request, params))
  File "/Users/ashishparadkar/Downloads/algo-code-main/.venv/lib/python3.9/site-packages/ccxt/base/types.py", line 35, in unbound_method
    return _self.request(self.path, self.api, self.method, params, config=self.config)
  File "/Users/ashishparadkar/Downloads/algo-code-main/.venv/lib/python3.9/site-packages/ccxt/binance.py", line 11724, in request
    response = self.fetch2(path, api, method, params, headers, body, config)
  File "/Users/ashishparadkar/Downloads/algo-code-main/.venv/lib/python3.9/site-packages/ccxt/base/exchange.py", line 5566, in fetch2
    raise e
  File "/Users/ashishparadkar/Downloads/algo-code-main/.venv/lib/python3.9/site-packages/ccxt/base/exchange.py", line 5549, in fetch2
    response = self.fetch(request['url'], request['method'], request['headers'], request['body'])
  File "/Users/ashishparadkar/Downloads/algo-code-main/.venv/lib/python3.9/site-packages/ccxt/base/exchange.py", line 698, in fetch
    raise RequestTimeout(details) from e
ccxt.base.errors.RequestTimeout: binance GET https://api.binance.com/api/v3/klines?interval=5m&limit=1000&symbol=BTCUSDT

During handling of the above exception, another exception occurred:

Traceback (most recent call last):
  File "/Library/Developer/CommandLineTools/Library/Frameworks/Python3.framework/Versions/3.9/lib/python3.9/logging/__init__.py", line 1083, in emit
    msg = self.format(record)
  File "/Library/Developer/CommandLineTools/Library/Frameworks/Python3.framework/Versions/3.9/lib/python3.9/logging/__init__.py", line 927, in format
    return fmt.format(record)
  File "/Library/Developer/CommandLineTools/Library/Frameworks/Python3.framework/Versions/3.9/lib/python3.9/logging/__init__.py", line 663, in format
    record.message = record.getMessage()
  File "/Library/Developer/CommandLineTools/Library/Frameworks/Python3.framework/Versions/3.9/lib/python3.9/logging/__init__.py", line 367, in getMessage
    msg = msg % self.args
TypeError: must be real number, not RequestTimeout
Call stack:
  File "/Library/Developer/CommandLineTools/Library/Frameworks/Python3.framework/Versions/3.9/lib/python3.9/threading.py", line 930, in _bootstrap
    self._bootstrap_inner()
  File "/Library/Developer/CommandLineTools/Library/Frameworks/Python3.framework/Versions/3.9/lib/python3.9/threading.py", line 973, in _bootstrap_inner
    self.run()
  File "/Library/Developer/CommandLineTools/Library/Frameworks/Python3.framework/Versions/3.9/lib/python3.9/threading.py", line 910, in run
    self._target(*self._args, **self._kwargs)
  File "/Library/Developer/CommandLineTools/Library/Frameworks/Python3.framework/Versions/3.9/lib/python3.9/concurrent/futures/thread.py", line 77, in _worker
    work_item.run()
  File "/Library/Developer/CommandLineTools/Library/Frameworks/Python3.framework/Versions/3.9/lib/python3.9/concurrent/futures/thread.py", line 52, in run
    result = self.fn(*self.args, **self.kwargs)
  File "/Users/ashishparadkar/Downloads/algo-code-main/.venv/lib/python3.9/site-packages/apscheduler/executors/base.py", line 131, in run_job
    retval = job.func(*job.args, **job.kwargs)
  File "/Users/ashishparadkar/Downloads/algo-code-main/src/live_runner.py", line 199, in process_cycle
    df, _ = self.provider_manager.fetch_ohlcv_safe(self.symbol, self.timeframe, limit=1000)
  File "/Users/ashishparadkar/Downloads/algo-code-main/src/provider_manager.py", line 362, in fetch_ohlcv_safe
    logger.warning(
Message: 'Retryable network failure for %s (Attempt %d/%d). Backing off %.2fs: %s'
Arguments: ('BTC/USDT', 1, 3, RequestTimeout('binance GET https://api.binance.com/api/v3/klines?interval=5m&limit=1000&symbol=BTCUSDT'))
2026-08-21 13:21:22,389 - ERROR - Binance Spot Network Error: binance GET https://api.binance.com/api/v3/klines?interval=5m&limit=1000&symbol=BTCUSDT
--- Logging error ---
Traceback (most recent call last):
  File "/Users/ashishparadkar/Downloads/algo-code-main/.venv/lib/python3.9/site-packages/urllib3/connection.py", line 204, in _new_conn
    sock = connection.create_connection(
  File "/Users/ashishparadkar/Downloads/algo-code-main/.venv/lib/python3.9/site-packages/urllib3/util/connection.py", line 60, in create_connection
    for res in socket.getaddrinfo(host, port, family, socket.SOCK_STREAM):
  File "/Library/Developer/CommandLineTools/Library/Frameworks/Python3.framework/Versions/3.9/lib/python3.9/socket.py", line 953, in getaddrinfo
    for res in _socket.getaddrinfo(host, port, family, type, proto, flags):
socket.gaierror: [Errno 8] nodename nor servname provided, or not known

The above exception was the direct cause of the following exception:

Traceback (most recent call last):
  File "/Users/ashishparadkar/Downloads/algo-code-main/.venv/lib/python3.9/site-packages/urllib3/connectionpool.py", line 787, in urlopen
    response = self._make_request(
  File "/Users/ashishparadkar/Downloads/algo-code-main/.venv/lib/python3.9/site-packages/urllib3/connectionpool.py", line 488, in _make_request
    raise new_e
  File "/Users/ashishparadkar/Downloads/algo-code-main/.venv/lib/python3.9/site-packages/urllib3/connectionpool.py", line 464, in _make_request
    self._validate_conn(conn)
  File "/Users/ashishparadkar/Downloads/algo-code-main/.venv/lib/python3.9/site-packages/urllib3/connectionpool.py", line 1093, in _validate_conn
    conn.connect()
  File "/Users/ashishparadkar/Downloads/algo-code-main/.venv/lib/python3.9/site-packages/urllib3/connection.py", line 759, in connect
    self.sock = sock = self._new_conn()
  File "/Users/ashishparadkar/Downloads/algo-code-main/.venv/lib/python3.9/site-packages/urllib3/connection.py", line 211, in _new_conn
    raise NameResolutionError(self.host, self, e) from e
urllib3.exceptions.NameResolutionError: HTTPSConnection(host='api.binance.com', port=443): Failed to resolve 'api.binance.com' ([Errno 8] nodename nor servname provided, or not known)

The above exception was the direct cause of the following exception:

Traceback (most recent call last):
  File "/Users/ashishparadkar/Downloads/algo-code-main/.venv/lib/python3.9/site-packages/requests/adapters.py", line 644, in send
    resp = conn.urlopen(
  File "/Users/ashishparadkar/Downloads/algo-code-main/.venv/lib/python3.9/site-packages/urllib3/connectionpool.py", line 841, in urlopen
    retries = retries.increment(
  File "/Users/ashishparadkar/Downloads/algo-code-main/.venv/lib/python3.9/site-packages/urllib3/util/retry.py", line 535, in increment
    raise MaxRetryError(_pool, url, reason) from reason  # type: ignore[arg-type]
urllib3.exceptions.MaxRetryError: HTTPSConnectionPool(host='api.binance.com', port=443): Max retries exceeded with url: /api/v3/klines?interval=5m&limit=1000&symbol=BTCUSDT (Caused by NameResolutionError("HTTPSConnection(host='api.binance.com', port=443): Failed to resolve 'api.binance.com' ([Errno 8] nodename nor servname provided, or not known)"))

During handling of the above exception, another exception occurred:

Traceback (most recent call last):
  File "/Users/ashishparadkar/Downloads/algo-code-main/.venv/lib/python3.9/site-packages/ccxt/base/exchange.py", line 665, in fetch
    response = self.session.request(
  File "/Users/ashishparadkar/Downloads/algo-code-main/.venv/lib/python3.9/site-packages/requests/sessions.py", line 589, in request
    resp = self.send(prep, **send_kwargs)
  File "/Users/ashishparadkar/Downloads/algo-code-main/.venv/lib/python3.9/site-packages/requests/sessions.py", line 703, in send
    r = adapter.send(request, **kwargs)
  File "/Users/ashishparadkar/Downloads/algo-code-main/.venv/lib/python3.9/site-packages/requests/adapters.py", line 677, in send
    raise ConnectionError(e, request=request)
requests.exceptions.ConnectionError: HTTPSConnectionPool(host='api.binance.com', port=443): Max retries exceeded with url: /api/v3/klines?interval=5m&limit=1000&symbol=BTCUSDT (Caused by NameResolutionError("HTTPSConnection(host='api.binance.com', port=443): Failed to resolve 'api.binance.com' ([Errno 8] nodename nor servname provided, or not known)"))

The above exception was the direct cause of the following exception:

Traceback (most recent call last):
  File "/Users/ashishparadkar/Downloads/algo-code-main/src/provider_manager.py", line 351, in fetch_ohlcv_safe
    df = adapter.fetch_ohlcv(instrument, timeframe, limit=limit)
  File "/Users/ashishparadkar/Downloads/algo-code-main/src/provider_manager.py", line 211, in fetch_ohlcv
    raise net_err
  File "/Users/ashishparadkar/Downloads/algo-code-main/src/provider_manager.py", line 183, in fetch_ohlcv
    raw_candles = self.exchange.fetch_ohlcv(
  File "/Users/ashishparadkar/Downloads/algo-code-main/.venv/lib/python3.9/site-packages/ccxt/binance.py", line 4759, in fetch_ohlcv
    response = self.publicGetKlines(self.extend(request, params))
  File "/Users/ashishparadkar/Downloads/algo-code-main/.venv/lib/python3.9/site-packages/ccxt/base/types.py", line 35, in unbound_method
    return _self.request(self.path, self.api, self.method, params, config=self.config)
  File "/Users/ashishparadkar/Downloads/algo-code-main/.venv/lib/python3.9/site-packages/ccxt/binance.py", line 11724, in request
    response = self.fetch2(path, api, method, params, headers, body, config)
  File "/Users/ashishparadkar/Downloads/algo-code-main/.venv/lib/python3.9/site-packages/ccxt/base/exchange.py", line 5566, in fetch2
    raise e
  File "/Users/ashishparadkar/Downloads/algo-code-main/.venv/lib/python3.9/site-packages/ccxt/base/exchange.py", line 5549, in fetch2
    response = self.fetch(request['url'], request['method'], request['headers'], request['body'])
  File "/Users/ashishparadkar/Downloads/algo-code-main/.venv/lib/python3.9/site-packages/ccxt/base/exchange.py", line 721, in fetch
    raise NetworkError(details) from e
ccxt.base.errors.NetworkError: binance GET https://api.binance.com/api/v3/klines?interval=5m&limit=1000&symbol=BTCUSDT

During handling of the above exception, another exception occurred:

Traceback (most recent call last):
  File "/Library/Developer/CommandLineTools/Library/Frameworks/Python3.framework/Versions/3.9/lib/python3.9/logging/__init__.py", line 1083, in emit
    msg = self.format(record)
  File "/Library/Developer/CommandLineTools/Library/Frameworks/Python3.framework/Versions/3.9/lib/python3.9/logging/__init__.py", line 927, in format
    return fmt.format(record)
  File "/Library/Developer/CommandLineTools/Library/Frameworks/Python3.framework/Versions/3.9/lib/python3.9/logging/__init__.py", line 663, in format
    record.message = record.getMessage()
  File "/Library/Developer/CommandLineTools/Library/Frameworks/Python3.framework/Versions/3.9/lib/python3.9/logging/__init__.py", line 367, in getMessage
    msg = msg % self.args
TypeError: must be real number, not NetworkError
Call stack:
  File "/Library/Developer/CommandLineTools/Library/Frameworks/Python3.framework/Versions/3.9/lib/python3.9/threading.py", line 930, in _bootstrap
    self._bootstrap_inner()
  File "/Library/Developer/CommandLineTools/Library/Frameworks/Python3.framework/Versions/3.9/lib/python3.9/threading.py", line 973, in _bootstrap_inner
    self.run()
  File "/Library/Developer/CommandLineTools/Library/Frameworks/Python3.framework/Versions/3.9/lib/python3.9/threading.py", line 910, in run
    self._target(*self._args, **self._kwargs)
  File "/Library/Developer/CommandLineTools/Library/Frameworks/Python3.framework/Versions/3.9/lib/python3.9/concurrent/futures/thread.py", line 77, in _worker
    work_item.run()
  File "/Library/Developer/CommandLineTools/Library/Frameworks/Python3.framework/Versions/3.9/lib/python3.9/concurrent/futures/thread.py", line 52, in run
    result = self.fn(*self.args, **self.kwargs)
  File "/Users/ashishparadkar/Downloads/algo-code-main/.venv/lib/python3.9/site-packages/apscheduler/executors/base.py", line 131, in run_job
    retval = job.func(*job.args, **job.kwargs)
  File "/Users/ashishparadkar/Downloads/algo-code-main/src/live_runner.py", line 199, in process_cycle
    df, _ = self.provider_manager.fetch_ohlcv_safe(self.symbol, self.timeframe, limit=1000)
  File "/Users/ashishparadkar/Downloads/algo-code-main/src/provider_manager.py", line 362, in fetch_ohlcv_safe
    logger.warning(
Message: 'Retryable network failure for %s (Attempt %d/%d). Backing off %.2fs: %s'
Arguments: ('BTC/USDT', 2, 3, NetworkError('binance GET https://api.binance.com/api/v3/klines?interval=5m&limit=1000&symbol=BTCUSDT'))
2026-08-21 13:21:24,549 - ERROR - Binance Spot Network Error: binance GET https://api.binance.com/api/v3/klines?interval=5m&limit=1000&symbol=BTCUSDT
2026-08-21 13:21:24,549 - ERROR - System Error in runner execution cycle: binance GET https://api.binance.com/api/v3/klines?interval=5m&limit=1000&symbol=BTCUSDT
Traceback (most recent call last):
  File "/Users/ashishparadkar/Downloads/algo-code-main/.venv/lib/python3.9/site-packages/urllib3/connection.py", line 204, in _new_conn
    sock = connection.create_connection(
  File "/Users/ashishparadkar/Downloads/algo-code-main/.venv/lib/python3.9/site-packages/urllib3/util/connection.py", line 60, in create_connection
    for res in socket.getaddrinfo(host, port, family, socket.SOCK_STREAM):
  File "/Library/Developer/CommandLineTools/Library/Frameworks/Python3.framework/Versions/3.9/lib/python3.9/socket.py", line 953, in getaddrinfo
    for res in _socket.getaddrinfo(host, port, family, type, proto, flags):
socket.gaierror: [Errno 8] nodename nor servname provided, or not known

The above exception was the direct cause of the following exception:

Traceback (most recent call last):
  File "/Users/ashishparadkar/Downloads/algo-code-main/.venv/lib/python3.9/site-packages/urllib3/connectionpool.py", line 787, in urlopen
    response = self._make_request(
  File "/Users/ashishparadkar/Downloads/algo-code-main/.venv/lib/python3.9/site-packages/urllib3/connectionpool.py", line 488, in _make_request
    raise new_e
  File "/Users/ashishparadkar/Downloads/algo-code-main/.venv/lib/python3.9/site-packages/urllib3/connectionpool.py", line 464, in _make_request
    self._validate_conn(conn)
  File "/Users/ashishparadkar/Downloads/algo-code-main/.venv/lib/python3.9/site-packages/urllib3/connectionpool.py", line 1093, in _validate_conn
    conn.connect()
  File "/Users/ashishparadkar/Downloads/algo-code-main/.venv/lib/python3.9/site-packages/urllib3/connection.py", line 759, in connect
    self.sock = sock = self._new_conn()
  File "/Users/ashishparadkar/Downloads/algo-code-main/.venv/lib/python3.9/site-packages/urllib3/connection.py", line 211, in _new_conn
    raise NameResolutionError(self.host, self, e) from e
urllib3.exceptions.NameResolutionError: HTTPSConnection(host='api.binance.com', port=443): Failed to resolve 'api.binance.com' ([Errno 8] nodename nor servname provided, or not known)

The above exception was the direct cause of the following exception:

Traceback (most recent call last):
  File "/Users/ashishparadkar/Downloads/algo-code-main/.venv/lib/python3.9/site-packages/requests/adapters.py", line 644, in send
    resp = conn.urlopen(
  File "/Users/ashishparadkar/Downloads/algo-code-main/.venv/lib/python3.9/site-packages/urllib3/connectionpool.py", line 841, in urlopen
    retries = retries.increment(
  File "/Users/ashishparadkar/Downloads/algo-code-main/.venv/lib/python3.9/site-packages/urllib3/util/retry.py", line 535, in increment
    raise MaxRetryError(_pool, url, reason) from reason  # type: ignore[arg-type]
urllib3.exceptions.MaxRetryError: HTTPSConnectionPool(host='api.binance.com', port=443): Max retries exceeded with url: /api/v3/klines?interval=5m&limit=1000&symbol=BTCUSDT (Caused by NameResolutionError("HTTPSConnection(host='api.binance.com', port=443): Failed to resolve 'api.binance.com' ([Errno 8] nodename nor servname provided, or not known)"))

During handling of the above exception, another exception occurred:

Traceback (most recent call last):
  File "/Users/ashishparadkar/Downloads/algo-code-main/.venv/lib/python3.9/site-packages/ccxt/base/exchange.py", line 665, in fetch
    response = self.session.request(
  File "/Users/ashishparadkar/Downloads/algo-code-main/.venv/lib/python3.9/site-packages/requests/sessions.py", line 589, in request
    resp = self.send(prep, **send_kwargs)
  File "/Users/ashishparadkar/Downloads/algo-code-main/.venv/lib/python3.9/site-packages/requests/sessions.py", line 703, in send
    r = adapter.send(request, **kwargs)
  File "/Users/ashishparadkar/Downloads/algo-code-main/.venv/lib/python3.9/site-packages/requests/adapters.py", line 677, in send
    raise ConnectionError(e, request=request)
requests.exceptions.ConnectionError: HTTPSConnectionPool(host='api.binance.com', port=443): Max retries exceeded with url: /api/v3/klines?interval=5m&limit=1000&symbol=BTCUSDT (Caused by NameResolutionError("HTTPSConnection(host='api.binance.com', port=443): Failed to resolve 'api.binance.com' ([Errno 8] nodename nor servname provided, or not known)"))

The above exception was the direct cause of the following exception:

Traceback (most recent call last):
  File "/Users/ashishparadkar/Downloads/algo-code-main/src/live_runner.py", line 199, in process_cycle
    df, _ = self.provider_manager.fetch_ohlcv_safe(self.symbol, self.timeframe, limit=1000)
  File "/Users/ashishparadkar/Downloads/algo-code-main/src/provider_manager.py", line 359, in fetch_ohlcv_safe
    raise retryable_err
  File "/Users/ashishparadkar/Downloads/algo-code-main/src/provider_manager.py", line 351, in fetch_ohlcv_safe
    df = adapter.fetch_ohlcv(instrument, timeframe, limit=limit)
  File "/Users/ashishparadkar/Downloads/algo-code-main/src/provider_manager.py", line 211, in fetch_ohlcv
    raise net_err
  File "/Users/ashishparadkar/Downloads/algo-code-main/src/provider_manager.py", line 183, in fetch_ohlcv
    raw_candles = self.exchange.fetch_ohlcv(
  File "/Users/ashishparadkar/Downloads/algo-code-main/.venv/lib/python3.9/site-packages/ccxt/binance.py", line 4759, in fetch_ohlcv
    response = self.publicGetKlines(self.extend(request, params))
  File "/Users/ashishparadkar/Downloads/algo-code-main/.venv/lib/python3.9/site-packages/ccxt/base/types.py", line 35, in unbound_method
    return _self.request(self.path, self.api, self.method, params, config=self.config)
  File "/Users/ashishparadkar/Downloads/algo-code-main/.venv/lib/python3.9/site-packages/ccxt/binance.py", line 11724, in request
    response = self.fetch2(path, api, method, params, headers, body, config)
  File "/Users/ashishparadkar/Downloads/algo-code-main/.venv/lib/python3.9/site-packages/ccxt/base/exchange.py", line 5566, in fetch2
    raise e
  File "/Users/ashishparadkar/Downloads/algo-code-main/.venv/lib/python3.9/site-packages/ccxt/base/exchange.py", line 5549, in fetch2
    response = self.fetch(request['url'], request['method'], request['headers'], request['body'])
  File "/Users/ashishparadkar/Downloads/algo-code-main/.venv/lib/python3.9/site-packages/ccxt/base/exchange.py", line 721, in fetch
    raise NetworkError(details) from e
ccxt.base.errors.NetworkError: binance GET https://api.binance.com/api/v3/klines?interval=5m&limit=1000&symbol=BTCUSDT
2026-08-21 13:21:24,631 - WARNING - [bot-1787212632638-4865] Marked bot as non-retryable configuration error to prevent infinite error storm.
2026-08-21 13:21:24,747 - WARNING - Telegram alert [GENERAL] failed (Connection Error: HTTPSConnectionPool(host='api.telegram.org', port=443): Max retries exceeded with url: /bot8865086302:AAHhh3VL9czoQRSnw8Hf9iyDEwGJnqQTtqc/sendMessage (Caused by NameResolutionError("HTTPSConnection(host='api.telegram.org', port=443): Failed to resolve 'api.telegram.org' ([Errno 8] nodename nor servname provided, or not known)"))). Re-queueing retry 1/3 in 1.0s
2026-08-21 13:21:24,926 - INFO - Logged heartbeat status: ERROR
2026-08-21 13:21:24,927 - INFO - Job "LiveRunner.process_cycle (trigger: interval[0:05:00], next run at: 2026-08-21 13:26:10 IST)" executed successfully
2026-08-21 13:21:25,763 - WARNING - Telegram alert [GENERAL] failed (Connection Error: HTTPSConnectionPool(host='api.telegram.org', port=443): Max retries exceeded with url: /bot8865086302:AAHhh3VL9czoQRSnw8Hf9iyDEwGJnqQTtqc/sendMessage (Caused by NameResolutionError("HTTPSConnection(host='api.telegram.org', port=443): Failed to resolve 'api.telegram.org' ([Errno 8] nodename nor servname provided, or not known)"))). Re-queueing retry 2/3 in 2.0s
2026-08-21 13:21:26,769 - WARNING - Telegram alert [GENERAL] failed (Connection Error: HTTPSConnectionPool(host='api.telegram.org', port=443): Max retries exceeded with url: /bot8865086302:AAHhh3VL9czoQRSnw8Hf9iyDEwGJnqQTtqc/sendMessage (Caused by NameResolutionError("HTTPSConnection(host='api.telegram.org', port=443): Failed to resolve 'api.telegram.org' ([Errno 8] nodename nor servname provided, or not known)"))). Re-queueing retry 3/3 in 4.0s
2026-08-21 13:21:27,777 - ERROR - Telegram alert [GENERAL] failed permanently after 3 retries: Connection Error: HTTPSConnectionPool(host='api.telegram.org', port=443): Max retries exceeded with url: /bot8865086302:AAHhh3VL9czoQRSnw8Hf9iyDEwGJnqQTtqc/sendMessage (Caused by NameResolutionError("HTTPSConnection(host='api.telegram.org', port=443): Failed to resolve 'api.telegram.org' ([Errno 8] nodename nor servname provided, or not known)"))
2026-08-21 13:26:10,116 - INFO - Running job "LiveRunner.process_cycle (trigger: interval[0:05:00], next run at: 2026-08-21 13:31:10 IST)" (scheduled at 2026-08-21 13:26:10.105084+05:30)
2026-08-21 13:26:10,118 - ERROR - [bot-1787212632638-4865] Halting runner cycle: Bot is configured with unexecutable instrument 'BTC/USDT'. Error: Fatal Non-Retryable Error: binance GET https://api.binance.com/api/v3/klines?interval=5m&limit=1000&symbol=BTCUSDT
2026-08-21 13:26:10,259 - INFO - Job "LiveRunner.process_cycle (trigger: interval[0:05:00], next run at: 2026-08-21 13:31:10 IST)" executed successfully
2026-08-21 13:31:10,156 - INFO - Running job "LiveRunner.process_cycle (trigger: interval[0:05:00], next run at: 2026-08-21 13:36:10 IST)" (scheduled at 2026-08-21 13:31:10.105084+05:30)
2026-08-21 13:31:10,188 - ERROR - [bot-1787212632638-4865] Halting runner cycle: Bot is configured with unexecutable instrument 'BTC/USDT'. Error: Fatal Non-Retryable Error: binance GET https://api.binance.com/api/v3/klines?interval=5m&limit=1000&symbol=BTCUSDT
2026-08-21 13:31:10,485 - INFO - Job "LiveRunner.process_cycle (trigger: interval[0:05:00], next run at: 2026-08-21 13:36:10 IST)" executed successfully
2026-08-21 13:36:10,163 - INFO - Running job "LiveRunner.process_cycle (trigger: interval[0:05:00], next run at: 2026-08-21 13:41:10 IST)" (scheduled at 2026-08-21 13:36:10.105084+05:30)
2026-08-21 13:36:10,169 - ERROR - [bot-1787212632638-4865] Halting runner cycle: Bot is configured with unexecutable instrument 'BTC/USDT'. Error: Fatal Non-Retryable Error: binance GET https://api.binance.com/api/v3/klines?interval=5m&limit=1000&symbol=BTCUSDT
2026-08-21 13:36:10,472 - INFO - Job "LiveRunner.process_cycle (trigger: interval[0:05:00], next run at: 2026-08-21 13:41:10 IST)" executed successfully
/Users/ashishparadkar/Downloads/algo-code-main/.venv/lib/python3.9/site-packages/urllib3/__init__.py:35: NotOpenSSLWarning: urllib3 v2 only supports OpenSSL 1.1.1+, currently the 'ssl' module is compiled with 'LibreSSL 2.8.3'. See: https://github.com/urllib3/urllib3/issues/3020
  warnings.warn(
2026-08-21 15:31:24,803 - INFO - Bot state startup reconciliation finished: 0 bot(s) reconciled to STOPPED.
2026-08-21 15:31:26,652 - INFO - Telegram notification service initialized successfully (Chat ID: 5657...)
2026-08-21 15:31:27,381 - INFO - Initializing scheduled trading bot live runner for bot-1787212632638-4865...
2026-08-21 15:31:30,149 - INFO - SQLite database tables verified/created.
2026-08-21 15:31:30,214 - INFO - Initializing CCXT Binance in TESTNET mode.
/Users/ashishparadkar/Downloads/algo-code-main/.venv/lib/python3.9/site-packages/urllib3/__init__.py:35: NotOpenSSLWarning: urllib3 v2 only supports OpenSSL 1.1.1+, currently the 'ssl' module is compiled with 'LibreSSL 2.8.3'. See: https://github.com/urllib3/urllib3/issues/3020
  warnings.warn(
2026-08-21 18:14:39,376 - INFO - Bot state startup reconciliation finished: 0 bot(s) reconciled to STOPPED.
2026-08-21 18:14:41,041 - INFO - Telegram notification service initialized successfully (Chat ID: 5657...)
2026-08-21 18:14:41,087 - INFO - Initializing scheduled trading bot live runner for bot-1787212632638-4865...
2026-08-21 18:14:42,621 - INFO - SQLite database tables verified/created.
2026-08-21 18:14:44,771 - INFO - Initializing CCXT Binance in TESTNET mode.
2026-08-21 18:16:29,531 - INFO - [bot-1787212632638-4865] Pre-flight instrument resolved: BTC/USDT (SPOT via binance_spot)
2026-08-21 18:16:31,969 - INFO - [bot-1787212632638-4865] Starting signal check cycle for BTC/USDT (5m)...
2026-08-21 18:16:32,035 - INFO - Fetching recent candles for BTC/USDT (5m) [Bot: bot-1787212632638-4865] via ProviderManager...
/Users/ashishparadkar/Downloads/algo-code-main/.venv/lib/python3.9/site-packages/urllib3/__init__.py:35: NotOpenSSLWarning: urllib3 v2 only supports OpenSSL 1.1.1+, currently the 'ssl' module is compiled with 'LibreSSL 2.8.3'. See: https://github.com/urllib3/urllib3/issues/3020
  warnings.warn(
2026-08-21 20:28:34,474 - INFO - Bot state startup reconciliation finished: 0 bot(s) reconciled to STOPPED.
2026-08-21 20:28:36,541 - INFO - Telegram notification service initialized successfully (Chat ID: 5657...)
2026-08-21 20:28:37,259 - INFO - Initializing scheduled trading bot live runner for bot-1787212632638-4865...
2026-08-21 20:28:38,862 - INFO - SQLite database tables verified/created.
2026-08-21 20:28:40,364 - INFO - Initializing CCXT Binance in TESTNET mode.
2026-08-21 20:32:04,537 - INFO - [bot-1787212632638-4865] Pre-flight instrument resolved: BTC/USDT (SPOT via binance_spot)
2026-08-21 20:32:13,108 - INFO - [bot-1787212632638-4865] Starting signal check cycle for BTC/USDT (5m)...
2026-08-21 20:32:14,272 - INFO - Fetching recent candles for BTC/USDT (5m) [Bot: bot-1787212632638-4865] via ProviderManager...
/Users/ashishparadkar/Downloads/algo-code-main/.venv/lib/python3.9/site-packages/urllib3/__init__.py:35: NotOpenSSLWarning: urllib3 v2 only supports OpenSSL 1.1.1+, currently the 'ssl' module is compiled with 'LibreSSL 2.8.3'. See: https://github.com/urllib3/urllib3/issues/3020
  warnings.warn(
2026-08-21 21:34:41,611 - INFO - Bot state startup reconciliation finished: 0 bot(s) reconciled to STOPPED.
2026-08-21 21:34:43,266 - INFO - Telegram notification service initialized successfully (Chat ID: 5657...)
2026-08-21 21:34:44,203 - INFO - Initializing scheduled trading bot live runner for bot-1787212632638-4865...
2026-08-21 21:34:44,291 - INFO - SQLite database tables verified/created.
2026-08-21 21:34:47,866 - INFO - Initializing CCXT Binance in TESTNET mode.
2026-08-21 21:37:52,025 - INFO - [bot-1787212632638-4865] Pre-flight instrument resolved: BTC/USDT (SPOT via binance_spot)
2026-08-21 21:37:54,895 - INFO - [bot-1787212632638-4865] Starting signal check cycle for BTC/USDT (5m)...
2026-08-21 21:37:55,403 - INFO - Fetching recent candles for BTC/USDT (5m) [Bot: bot-1787212632638-4865] via ProviderManager...
2026-08-21 22:03:10,753 - INFO - Indicators computed | close=77335.99 ema_9=77239.22 ema_20=77266.16 ema_50=77235.84 ema_200=76105.88 macd=-13.8502 poc=69350.0 val=64025.0 vah=74450.0
2026-08-21 22:03:11,392 - INFO - [bot-1787212632638-4865] Evaluating strategy on completed candle: 2026-08-21 16:25:00+00:00 at Close price: 77383.87
2026-08-21 22:03:12,992 - INFO - Confluence Evaluation | Regime: TRENDING (ADX=39.1) | Direction: HOLD | BullScore: 32.6% | BearScore: 67.4% | Active: ['ema', 'macd', 'rsi', 'vp']
2026-08-21 22:03:13,828 - INFO - Signal evaluated: HOLD. Reason/Details: Confluence score: 67% (HOLD)
2026-08-21 22:03:15,173 - INFO - Logged heartbeat status: OK
2026-08-21 22:03:17,652 - INFO - Adding job tentatively -- it will be properly scheduled when the scheduler starts
2026-08-21 22:03:17,663 - INFO - Bot bot-1787212632638-4865 scheduled to check every 5 minutes.
2026-08-21 22:03:18,595 - INFO - Added job "LiveRunner.process_cycle" to job store "default"
2026-08-21 22:03:18,598 - INFO - Scheduler started
2026-08-21 22:08:17,320 - INFO - Running job "LiveRunner.process_cycle (trigger: interval[0:05:00], next run at: 2026-08-21 22:08:17 IST)" (scheduled at 2026-08-21 22:08:17.245985+05:30)
2026-08-21 22:08:17,344 - INFO - [bot-1787212632638-4865] Starting signal check cycle for BTC/USDT (5m)...
2026-08-21 22:08:17,435 - INFO - Fetching recent candles for BTC/USDT (5m) [Bot: bot-1787212632638-4865] via ProviderManager...
2026-08-21 22:08:18,321 - INFO - Indicators computed | close=77275.64 ema_9=77246.85 ema_20=77267.25 ema_50=77237.48 ema_200=76117.54 macd=-10.7294 poc=69350.0 val=64025.0 vah=74475.0
2026-08-21 22:08:18,323 - INFO - [bot-1787212632638-4865] Evaluating strategy on completed candle: 2026-08-21 16:30:00+00:00 at Close price: 77338.12
2026-08-21 22:08:18,458 - INFO - Confluence Evaluation | Regime: TRENDING (ADX=39.7) | Direction: HOLD | BullScore: 32.6% | BearScore: 67.4% | Active: ['ema', 'macd', 'rsi', 'vp']
2026-08-21 22:08:18,539 - INFO - Signal evaluated: HOLD. Reason/Details: Confluence score: 67% (HOLD)
2026-08-21 22:08:18,721 - INFO - Logged heartbeat status: OK
2026-08-21 22:08:18,721 - INFO - Job "LiveRunner.process_cycle (trigger: interval[0:05:00], next run at: 2026-08-21 22:13:17 IST)" executed successfully
2026-08-21 22:13:17,314 - INFO - Running job "LiveRunner.process_cycle (trigger: interval[0:05:00], next run at: 2026-08-21 22:18:17 IST)" (scheduled at 2026-08-21 22:13:17.245985+05:30)
2026-08-21 22:13:17,364 - INFO - [bot-1787212632638-4865] Starting signal check cycle for BTC/USDT (5m)...
2026-08-21 22:13:17,419 - INFO - Fetching recent candles for BTC/USDT (5m) [Bot: bot-1787212632638-4865] via ProviderManager...
2026-08-21 22:13:18,171 - INFO - Indicators computed | close=77334.08 ema_9=77270.80 ema_20=77277.11 ema_50=77242.80 ema_200=76130.04 macd=-1.1303 poc=69350.0 val=64025.0 vah=74475.0
2026-08-21 22:13:18,172 - INFO - [bot-1787212632638-4865] Evaluating strategy on completed candle: 2026-08-21 16:35:00+00:00 at Close price: 77316.28
2026-08-21 22:13:18,270 - INFO - Confluence Evaluation | Regime: TRENDING (ADX=39.7) | Direction: HOLD | BullScore: 32.6% | BearScore: 67.4% | Active: ['ema', 'macd', 'rsi', 'vp']
2026-08-21 22:13:18,383 - INFO - Signal evaluated: HOLD. Reason/Details: Confluence score: 67% (HOLD)
2026-08-21 22:13:18,502 - INFO - Logged heartbeat status: OK
2026-08-21 22:13:18,503 - INFO - Job "LiveRunner.process_cycle (trigger: interval[0:05:00], next run at: 2026-08-21 22:18:17 IST)" executed successfully
2026-08-21 22:18:17,266 - INFO - Running job "LiveRunner.process_cycle (trigger: interval[0:05:00], next run at: 2026-08-21 22:23:17 IST)" (scheduled at 2026-08-21 22:18:17.245985+05:30)
2026-08-21 22:18:17,280 - INFO - [bot-1787212632638-4865] Starting signal check cycle for BTC/USDT (5m)...
2026-08-21 22:18:17,331 - INFO - Fetching recent candles for BTC/USDT (5m) [Bot: bot-1787212632638-4865] via ProviderManager...
2026-08-21 22:18:17,821 - INFO - Indicators computed | close=77453.72 ema_9=77311.85 ema_20=77296.34 ema_50=77252.13 ema_200=76143.49 macd=15.1293 poc=69350.0 val=64025.0 vah=74500.0
2026-08-21 22:18:17,822 - INFO - [bot-1787212632638-4865] Evaluating strategy on completed candle: 2026-08-21 16:40:00+00:00 at Close price: 77362.04
2026-08-21 22:18:17,909 - INFO - Confluence Evaluation | Regime: TRENDING (ADX=40.2) | Direction: HOLD | BullScore: 32.6% | BearScore: 34.8% | Active: ['ema', 'macd', 'rsi', 'vp']
2026-08-21 22:18:18,015 - INFO - Signal evaluated: HOLD. Reason/Details: Confluence score: 35% (HOLD)
2026-08-21 22:18:18,228 - INFO - Logged heartbeat status: OK
2026-08-21 22:18:18,229 - INFO - Job "LiveRunner.process_cycle (trigger: interval[0:05:00], next run at: 2026-08-21 22:23:17 IST)" executed successfully
2026-08-21 22:23:17,292 - INFO - Running job "LiveRunner.process_cycle (trigger: interval[0:05:00], next run at: 2026-08-21 22:28:17 IST)" (scheduled at 2026-08-21 22:23:17.245985+05:30)
2026-08-21 22:23:17,359 - INFO - [bot-1787212632638-4865] Starting signal check cycle for BTC/USDT (5m)...
2026-08-21 22:23:17,370 - INFO - Fetching recent candles for BTC/USDT (5m) [Bot: bot-1787212632638-4865] via ProviderManager...
2026-08-21 22:23:18,031 - INFO - Indicators computed | close=77472.01 ema_9=77356.12 ema_20=77319.66 ema_50=77263.63 ema_200=76157.46 macd=32.1173 poc=69350.0 val=64025.0 vah=74525.0
2026-08-21 22:23:18,033 - INFO - [bot-1787212632638-4865] Evaluating strategy on completed candle: 2026-08-21 16:45:00+00:00 at Close price: 77530.19
2026-08-21 22:23:18,222 - INFO - LONG signal blocked | Location blocked (Close 77530.19 outside Value Area [62744.50 - 76015.50], VAL=64025.00, VAH=74525.00) | context={'close': 77530.19, 'ema_9': 77327.14786556269, 'ema_20': 77303.62543003306, 'ema_50': 77255.12450110391, 'ema_200': 76144.25262187838, 'macd_line': 21.229475276821177, 'macd_signal': 6.32280964717363, 'macd_hist': 14.906665629647547, 'poc': np.float64(69350.0), 'val': np.float64(64025.0), 'vah': np.float64(74525.0)}
2026-08-21 22:23:18,244 - INFO - Confluence Evaluation | Regime: TRENDING (ADX=39.6) | Direction: HOLD | BullScore: 65.2% | BearScore: 34.8% | Active: ['ema', 'macd', 'rsi', 'vp']
2026-08-21 22:23:18,357 - INFO - Signal evaluated: HOLD. Reason/Details: LONG setup blocked: Location blocked (Close 77530.19 outside Value Area [62744.50 - 76015.50], VAL=64025.00, VAH=74525.00)
2026-08-21 22:23:18,832 - INFO - Logged heartbeat status: OK
2026-08-21 22:23:18,837 - INFO - Job "LiveRunner.process_cycle (trigger: interval[0:05:00], next run at: 2026-08-21 22:28:17 IST)" executed successfully
2026-08-21 22:28:17,262 - INFO - Running job "LiveRunner.process_cycle (trigger: interval[0:05:00], next run at: 2026-08-21 22:33:17 IST)" (scheduled at 2026-08-21 22:28:17.245985+05:30)
2026-08-21 22:28:17,284 - INFO - [bot-1787212632638-4865] Starting signal check cycle for BTC/USDT (5m)...
2026-08-21 22:28:17,356 - INFO - Fetching recent candles for BTC/USDT (5m) [Bot: bot-1787212632638-4865] via ProviderManager...
2026-08-21 22:28:17,878 - INFO - Indicators computed | close=77516.37 ema_9=77387.85 ema_20=77338.22 ema_50=77273.47 ema_200=76170.97 macd=43.6964 poc=69350.0 val=64025.0 vah=74550.0
2026-08-21 22:28:17,880 - INFO - [bot-1787212632638-4865] Evaluating strategy on completed candle: 2026-08-21 16:50:00+00:00 at Close price: 77470.00
2026-08-21 22:28:17,992 - INFO - Confluence Evaluation | Regime: TRENDING (ADX=39.0) | Direction: HOLD | BullScore: 65.2% | BearScore: 34.8% | Active: ['ema', 'macd', 'rsi', 'vp']
2026-08-21 22:28:18,109 - INFO - Signal evaluated: HOLD. Reason/Details: Confluence score: 65% (HOLD)
2026-08-21 22:28:18,329 - INFO - Logged heartbeat status: OK
2026-08-21 22:28:18,329 - INFO - Job "LiveRunner.process_cycle (trigger: interval[0:05:00], next run at: 2026-08-21 22:33:17 IST)" executed successfully
2026-08-21 22:33:17,285 - INFO - Running job "LiveRunner.process_cycle (trigger: interval[0:05:00], next run at: 2026-08-21 22:38:17 IST)" (scheduled at 2026-08-21 22:33:17.245985+05:30)
2026-08-21 22:33:17,351 - INFO - [bot-1787212632638-4865] Starting signal check cycle for BTC/USDT (5m)...
2026-08-21 22:33:17,638 - INFO - Fetching recent candles for BTC/USDT (5m) [Bot: bot-1787212632638-4865] via ProviderManager...
2026-08-21 22:33:20,083 - INFO - Indicators computed | close=77578.00 ema_9=77421.02 ema_20=77358.44 ema_50=77284.26 ema_200=76184.67 macd=55.4426 poc=69350.0 val=64025.0 vah=74550.0
2026-08-21 22:33:20,085 - INFO - [bot-1787212632638-4865] Evaluating strategy on completed candle: 2026-08-21 16:55:00+00:00 at Close price: 77486.01
2026-08-21 22:33:20,707 - INFO - Confluence Evaluation | Regime: TRENDING (ADX=37.1) | Direction: LONG | BullScore: 82.6% | BearScore: 17.4% | Active: ['ema', 'macd', 'rsi', 'vp']
2026-08-21 22:33:21,021 - INFO - Capping position size 0.309004 BTC to available cash equivalent 0.064528 BTC.
2026-08-21 22:33:21,116 - INFO - Created pending signal approval ID 255 for bot bot-1787212632638-4865 (LONG @ $77486.01, status: WAITING_APPROVAL)
2026-08-21 22:33:21,383 - INFO - [bot-1787212632638-4865] Signal LONG generated (ID: 255). Waiting for manual user approval.
2026-08-21 22:33:21,601 - INFO - Logged heartbeat status: OK
2026-08-21 22:33:21,602 - INFO - Job "LiveRunner.process_cycle (trigger: interval[0:05:00], next run at: 2026-08-21 22:38:17 IST)" executed successfully
2026-08-21 22:38:17,374 - INFO - Running job "LiveRunner.process_cycle (trigger: interval[0:05:00], next run at: 2026-08-21 22:43:17 IST)" (scheduled at 2026-08-21 22:38:17.245985+05:30)
2026-08-21 22:38:17,468 - INFO - [bot-1787212632638-4865] Starting signal check cycle for BTC/USDT (5m)...
2026-08-21 22:38:17,559 - INFO - Fetching recent candles for BTC/USDT (5m) [Bot: bot-1787212632638-4865] via ProviderManager...
2026-08-21 22:38:18,137 - INFO - Indicators computed | close=77608.00 ema_9=77449.46 ema_20=77377.38 ema_50=77294.85 ema_200=76198.28 macd=64.8552 poc=69350.0 val=64025.0 vah=74575.0
2026-08-21 22:38:18,138 - INFO - [bot-1787212632638-4865] Evaluating strategy on completed candle: 2026-08-21 17:00:00+00:00 at Close price: 77522.00
2026-08-21 22:38:18,229 - INFO - Confluence Evaluation | Regime: TRENDING (ADX=34.7) | Direction: LONG | BullScore: 82.6% | BearScore: 17.4% | Active: ['ema', 'macd', 'rsi', 'vp']
2026-08-21 22:38:18,341 - INFO - Capping position size 0.307437 BTC to available cash equivalent 0.064498 BTC.
2026-08-21 22:38:18,408 - INFO - [bot-1787212632638-4865] Signal LONG active pending approval already exists (ID: 255).
2026-08-21 22:38:18,682 - INFO - Logged heartbeat status: OK
2026-08-21 22:38:18,684 - INFO - Job "LiveRunner.process_cycle (trigger: interval[0:05:00], next run at: 2026-08-21 22:43:17 IST)" executed successfully
/Users/ashishparadkar/Downloads/algo-code-main/.venv/lib/python3.9/site-packages/urllib3/__init__.py:35: NotOpenSSLWarning: urllib3 v2 only supports OpenSSL 1.1.1+, currently the 'ssl' module is compiled with 'LibreSSL 2.8.3'. See: https://github.com/urllib3/urllib3/issues/3020
  warnings.warn(
/Users/ashishparadkar/Downloads/algo-code-main/.venv/lib/python3.9/site-packages/urllib3/__init__.py:35: NotOpenSSLWarning: urllib3 v2 only supports OpenSSL 1.1.1+, currently the 'ssl' module is compiled with 'LibreSSL 2.8.3'. See: https://github.com/urllib3/urllib3/issues/3020
  warnings.warn(
2026-08-21 22:46:06,400 - INFO - Bot state startup reconciliation finished: 0 bot(s) reconciled to STOPPED.
2026-08-21 22:46:06,813 - INFO - Telegram notification service initialized successfully (Chat ID: 5657...)
2026-08-21 22:46:06,846 - INFO - Initializing scheduled trading bot live runner for bot-1787212632638-4865...
2026-08-21 22:46:07,034 - INFO - SQLite database tables verified/created.
2026-08-21 22:46:07,320 - INFO - Initializing CCXT Binance in TESTNET mode.
2026-08-21 22:46:18,141 - INFO - [bot-1787212632638-4865] Pre-flight instrument resolved: BTC/USDT (SPOT via binance_spot)
2026-08-21 22:46:18,234 - INFO - [bot-1787212632638-4865] Starting signal check cycle for BTC/USDT (5m)...
2026-08-21 22:46:18,240 - INFO - Fetching recent candles for BTC/USDT (5m) [Bot: bot-1787212632638-4865] via ProviderManager...
2026-08-21 22:46:46,500 - INFO - Indicators computed | close=77368.00 ema_9=77452.26 ema_20=77393.07 ema_50=77308.10 ema_200=76223.44 macd=60.4923 poc=69350.0 val=64025.0 vah=74600.0
2026-08-21 22:46:46,508 - INFO - [bot-1787212632638-4865] Evaluating strategy on completed candle: 2026-08-21 17:10:00+00:00 at Close price: 77561.30
2026-08-21 22:46:46,695 - INFO - Confluence Evaluation | Regime: TRENDING (ADX=37.2) | Direction: LONG | BullScore: 78.9% | BearScore: 21.1% | Active: ['ema', 'macd', 'vp']
2026-08-21 22:46:46,840 - INFO - Capping position size 1.027063 BTC to available cash equivalent 0.128930 BTC.
2026-08-21 22:46:46,921 - INFO - [bot-1787212632638-4865] Signal LONG active pending approval already exists (ID: 255).
2026-08-21 22:46:47,069 - INFO - Logged heartbeat status: OK
2026-08-21 22:46:47,076 - INFO - Adding job tentatively -- it will be properly scheduled when the scheduler starts
2026-08-21 22:46:47,076 - INFO - Bot bot-1787212632638-4865 scheduled to check every 5 minutes.
2026-08-21 22:46:47,078 - INFO - Added job "LiveRunner.process_cycle" to job store "default"
2026-08-21 22:46:47,078 - INFO - Scheduler started
