/Users/ashishparadkar/Downloads/algo-code-main/.venv/lib/python3.9/site-packages/urllib3/__init__.py:35: NotOpenSSLWarning: urllib3 v2 only supports OpenSSL 1.1.1+, currently the 'ssl' module is compiled with 'LibreSSL 2.8.3'. See: https://github.com/urllib3/urllib3/issues/3020
  warnings.warn(
2026-08-20 22:18:13,719 - INFO - Bot state startup reconciliation finished: 0 bot(s) reconciled to STOPPED.
2026-08-20 22:18:14,707 - INFO - Telegram notification service initialized successfully (Chat ID: 5657...)
2026-08-20 22:18:15,205 - INFO - Initializing scheduled trading bot live runner for bot-1787212529946-1e09...
2026-08-20 22:18:15,756 - INFO - SQLite database tables verified/created.
2026-08-20 22:18:16,534 - INFO - Initializing CCXT Binance in TESTNET mode.
2026-08-20 22:18:48,244 - INFO - [bot-1787212529946-1e09] Pre-flight instrument resolved: NIFTY (INDEX via zerodha)
2026-08-20 22:18:49,145 - INFO - [bot-1787212529946-1e09] Starting signal check cycle for NIFTY (15m)...
2026-08-20 22:18:49,161 - INFO - Fetching recent candles for NIFTY (15m) [Bot: bot-1787212529946-1e09] via ProviderManager...
2026-08-20 22:18:49,161 - ERROR - System Error in runner execution cycle: PROVIDER_CAPABILITY_MISMATCH: Adapter Binance Spot API does not support INDEX instrument NIFTY.
Traceback (most recent call last):
  File "/Users/ashishparadkar/Downloads/algo-code-main/src/live_runner.py", line 199, in process_cycle
    df, _ = self.provider_manager.fetch_ohlcv_safe(self.symbol, self.timeframe, limit=1000)
  File "/Users/ashishparadkar/Downloads/algo-code-main/src/provider_manager.py", line 341, in fetch_ohlcv_safe
    raise ccxt.NotSupported(
ccxt.base.errors.NotSupported: PROVIDER_CAPABILITY_MISMATCH: Adapter Binance Spot API does not support INDEX instrument NIFTY.
2026-08-20 22:18:50,761 - WARNING - [bot-1787212529946-1e09] Marked bot as non-retryable configuration error to prevent infinite error storm.
2026-08-20 22:18:51,451 - INFO - Logged heartbeat status: ERROR
2026-08-20 22:18:52,083 - INFO - Adding job tentatively -- it will be properly scheduled when the scheduler starts
2026-08-20 22:18:52,084 - INFO - Bot bot-1787212529946-1e09 scheduled to check every 15 minutes.
2026-08-20 22:18:52,121 - INFO - Added job "LiveRunner.process_cycle" to job store "default"
2026-08-20 22:18:52,121 - INFO - Scheduler started
2026-08-20 22:33:52,013 - INFO - Running job "LiveRunner.process_cycle (trigger: interval[0:15:00], next run at: 2026-08-20 22:48:51 IST)" (scheduled at 2026-08-20 22:33:51.779570+05:30)
2026-08-20 22:33:52,033 - ERROR - [bot-1787212529946-1e09] Halting runner cycle: Bot is configured with unexecutable instrument 'NIFTY'. Error: Fatal Non-Retryable Error: PROVIDER_CAPABILITY_MISMATCH: Adapter Binance Spot API does not support INDEX instrument NIFTY.
2026-08-20 22:33:52,315 - INFO - Job "LiveRunner.process_cycle (trigger: interval[0:15:00], next run at: 2026-08-20 22:48:51 IST)" executed successfully
2026-08-20 22:48:51,849 - INFO - Running job "LiveRunner.process_cycle (trigger: interval[0:15:00], next run at: 2026-08-20 23:03:51 IST)" (scheduled at 2026-08-20 22:48:51.779570+05:30)
2026-08-20 22:48:51,852 - ERROR - [bot-1787212529946-1e09] Halting runner cycle: Bot is configured with unexecutable instrument 'NIFTY'. Error: Fatal Non-Retryable Error: PROVIDER_CAPABILITY_MISMATCH: Adapter Binance Spot API does not support INDEX instrument NIFTY.
2026-08-20 22:48:52,039 - INFO - Job "LiveRunner.process_cycle (trigger: interval[0:15:00], next run at: 2026-08-20 23:03:51 IST)" executed successfully
/Users/ashishparadkar/Downloads/algo-code-main/.venv/lib/python3.9/site-packages/urllib3/__init__.py:35: NotOpenSSLWarning: urllib3 v2 only supports OpenSSL 1.1.1+, currently the 'ssl' module is compiled with 'LibreSSL 2.8.3'. See: https://github.com/urllib3/urllib3/issues/3020
  warnings.warn(
2026-08-21 06:21:42,521 - INFO - Bot state startup reconciliation finished: 0 bot(s) reconciled to STOPPED.
2026-08-21 06:21:43,051 - INFO - Telegram notification service initialized successfully (Chat ID: 5657...)
2026-08-21 06:21:43,449 - INFO - Initializing scheduled trading bot live runner for bot-1787212529946-1e09...
2026-08-21 06:21:43,671 - INFO - SQLite database tables verified/created.
2026-08-21 06:21:44,846 - INFO - Initializing CCXT Binance in TESTNET mode.
2026-08-21 06:22:22,989 - INFO - [bot-1787212529946-1e09] Pre-flight instrument resolved: NIFTY (INDEX via zerodha)
2026-08-21 06:22:24,175 - INFO - [bot-1787212529946-1e09] Starting signal check cycle for NIFTY (15m)...
2026-08-21 06:22:24,239 - INFO - Fetching recent candles for NIFTY (15m) [Bot: bot-1787212529946-1e09] via ProviderManager...
2026-08-21 06:22:24,240 - ERROR - System Error in runner execution cycle: PROVIDER_CAPABILITY_MISMATCH: Adapter Binance Spot API does not support INDEX instrument NIFTY.
Traceback (most recent call last):
  File "/Users/ashishparadkar/Downloads/algo-code-main/src/live_runner.py", line 199, in process_cycle
    df, _ = self.provider_manager.fetch_ohlcv_safe(self.symbol, self.timeframe, limit=1000)
  File "/Users/ashishparadkar/Downloads/algo-code-main/src/provider_manager.py", line 341, in fetch_ohlcv_safe
    raise ccxt.NotSupported(
ccxt.base.errors.NotSupported: PROVIDER_CAPABILITY_MISMATCH: Adapter Binance Spot API does not support INDEX instrument NIFTY.
2026-08-21 06:22:25,786 - WARNING - [bot-1787212529946-1e09] Marked bot as non-retryable configuration error to prevent infinite error storm.
2026-08-21 06:22:26,672 - INFO - Logged heartbeat status: ERROR
2026-08-21 06:22:26,718 - INFO - Adding job tentatively -- it will be properly scheduled when the scheduler starts
2026-08-21 06:22:26,718 - INFO - Bot bot-1787212529946-1e09 scheduled to check every 15 minutes.
2026-08-21 06:22:26,723 - INFO - Added job "LiveRunner.process_cycle" to job store "default"
2026-08-21 06:22:26,724 - INFO - Scheduler started
2026-08-21 06:37:26,947 - INFO - Running job "LiveRunner.process_cycle (trigger: interval[0:15:00], next run at: 2026-08-21 06:52:26 IST)" (scheduled at 2026-08-21 06:37:26.718478+05:30)
2026-08-21 06:37:26,983 - ERROR - [bot-1787212529946-1e09] Halting runner cycle: Bot is configured with unexecutable instrument 'NIFTY'. Error: Fatal Non-Retryable Error: PROVIDER_CAPABILITY_MISMATCH: Adapter Binance Spot API does not support INDEX instrument NIFTY.
2026-08-21 06:37:27,261 - INFO - Job "LiveRunner.process_cycle (trigger: interval[0:15:00], next run at: 2026-08-21 06:52:26 IST)" executed successfully
2026-08-21 06:52:26,785 - INFO - Running job "LiveRunner.process_cycle (trigger: interval[0:15:00], next run at: 2026-08-21 07:07:26 IST)" (scheduled at 2026-08-21 06:52:26.718478+05:30)
2026-08-21 06:52:26,801 - ERROR - [bot-1787212529946-1e09] Halting runner cycle: Bot is configured with unexecutable instrument 'NIFTY'. Error: Fatal Non-Retryable Error: PROVIDER_CAPABILITY_MISMATCH: Adapter Binance Spot API does not support INDEX instrument NIFTY.
2026-08-21 06:52:26,979 - INFO - Job "LiveRunner.process_cycle (trigger: interval[0:15:00], next run at: 2026-08-21 07:07:26 IST)" executed successfully
/Users/ashishparadkar/Downloads/algo-code-main/.venv/lib/python3.9/site-packages/urllib3/__init__.py:35: NotOpenSSLWarning: urllib3 v2 only supports OpenSSL 1.1.1+, currently the 'ssl' module is compiled with 'LibreSSL 2.8.3'. See: https://github.com/urllib3/urllib3/issues/3020
  warnings.warn(
2026-08-21 12:14:24,735 - INFO - Bot state startup reconciliation finished: 0 bot(s) reconciled to STOPPED.
2026-08-21 12:14:24,828 - INFO - Telegram notification service initialized successfully (Chat ID: 5657...)
2026-08-21 12:14:25,520 - INFO - Initializing scheduled trading bot live runner for bot-1787212529946-1e09...
2026-08-21 12:14:26,356 - INFO - SQLite database tables verified/created.
2026-08-21 12:14:26,945 - INFO - Initializing CCXT Binance in TESTNET mode.
2026-08-21 12:15:00,892 - INFO - [bot-1787212529946-1e09] Pre-flight instrument resolved: NIFTY (INDEX via zerodha)
2026-08-21 12:15:01,242 - INFO - [bot-1787212529946-1e09] Starting signal check cycle for NIFTY (15m)...
2026-08-21 12:15:01,698 - INFO - Fetching recent candles for NIFTY (15m) [Bot: bot-1787212529946-1e09] via ProviderManager...
2026-08-21 12:15:01,700 - ERROR - System Error in runner execution cycle: PROVIDER_CAPABILITY_MISMATCH: Adapter Binance Spot API does not support INDEX instrument NIFTY.
Traceback (most recent call last):
  File "/Users/ashishparadkar/Downloads/algo-code-main/src/live_runner.py", line 199, in process_cycle
    df, _ = self.provider_manager.fetch_ohlcv_safe(self.symbol, self.timeframe, limit=1000)
  File "/Users/ashishparadkar/Downloads/algo-code-main/src/provider_manager.py", line 341, in fetch_ohlcv_safe
    raise ccxt.NotSupported(
ccxt.base.errors.NotSupported: PROVIDER_CAPABILITY_MISMATCH: Adapter Binance Spot API does not support INDEX instrument NIFTY.
2026-08-21 12:15:02,808 - WARNING - [bot-1787212529946-1e09] Marked bot as non-retryable configuration error to prevent infinite error storm.
2026-08-21 12:15:04,082 - INFO - Logged heartbeat status: ERROR
2026-08-21 12:15:04,119 - INFO - Adding job tentatively -- it will be properly scheduled when the scheduler starts
2026-08-21 12:15:04,120 - INFO - Bot bot-1787212529946-1e09 scheduled to check every 15 minutes.
2026-08-21 12:15:04,125 - INFO - Added job "LiveRunner.process_cycle" to job store "default"
2026-08-21 12:15:04,125 - INFO - Scheduler started
2026-08-21 12:30:04,277 - INFO - Running job "LiveRunner.process_cycle (trigger: interval[0:15:00], next run at: 2026-08-21 12:45:04 IST)" (scheduled at 2026-08-21 12:30:04.119322+05:30)
2026-08-21 12:30:04,312 - ERROR - [bot-1787212529946-1e09] Halting runner cycle: Bot is configured with unexecutable instrument 'NIFTY'. Error: Fatal Non-Retryable Error: PROVIDER_CAPABILITY_MISMATCH: Adapter Binance Spot API does not support INDEX instrument NIFTY.
2026-08-21 12:30:04,540 - INFO - Job "LiveRunner.process_cycle (trigger: interval[0:15:00], next run at: 2026-08-21 12:45:04 IST)" executed successfully
2026-08-21 12:45:04,184 - INFO - Running job "LiveRunner.process_cycle (trigger: interval[0:15:00], next run at: 2026-08-21 13:00:04 IST)" (scheduled at 2026-08-21 12:45:04.119322+05:30)
2026-08-21 12:45:04,186 - ERROR - [bot-1787212529946-1e09] Halting runner cycle: Bot is configured with unexecutable instrument 'NIFTY'. Error: Fatal Non-Retryable Error: PROVIDER_CAPABILITY_MISMATCH: Adapter Binance Spot API does not support INDEX instrument NIFTY.
2026-08-21 12:45:04,359 - INFO - Job "LiveRunner.process_cycle (trigger: interval[0:15:00], next run at: 2026-08-21 13:00:04 IST)" executed successfully
2026-08-21 13:00:04,197 - INFO - Running job "LiveRunner.process_cycle (trigger: interval[0:15:00], next run at: 2026-08-21 13:15:04 IST)" (scheduled at 2026-08-21 13:00:04.119322+05:30)
2026-08-21 13:00:04,210 - ERROR - [bot-1787212529946-1e09] Halting runner cycle: Bot is configured with unexecutable instrument 'NIFTY'. Error: Fatal Non-Retryable Error: PROVIDER_CAPABILITY_MISMATCH: Adapter Binance Spot API does not support INDEX instrument NIFTY.
2026-08-21 13:00:04,355 - INFO - Job "LiveRunner.process_cycle (trigger: interval[0:15:00], next run at: 2026-08-21 13:15:04 IST)" executed successfully
2026-08-21 13:15:04,188 - INFO - Running job "LiveRunner.process_cycle (trigger: interval[0:15:00], next run at: 2026-08-21 13:30:04 IST)" (scheduled at 2026-08-21 13:15:04.119322+05:30)
2026-08-21 13:15:04,207 - ERROR - [bot-1787212529946-1e09] Halting runner cycle: Bot is configured with unexecutable instrument 'NIFTY'. Error: Fatal Non-Retryable Error: PROVIDER_CAPABILITY_MISMATCH: Adapter Binance Spot API does not support INDEX instrument NIFTY.
2026-08-21 13:15:04,392 - INFO - Job "LiveRunner.process_cycle (trigger: interval[0:15:00], next run at: 2026-08-21 13:30:04 IST)" executed successfully
2026-08-21 13:30:04,203 - INFO - Running job "LiveRunner.process_cycle (trigger: interval[0:15:00], next run at: 2026-08-21 13:45:04 IST)" (scheduled at 2026-08-21 13:30:04.119322+05:30)
2026-08-21 13:30:04,214 - ERROR - [bot-1787212529946-1e09] Halting runner cycle: Bot is configured with unexecutable instrument 'NIFTY'. Error: Fatal Non-Retryable Error: PROVIDER_CAPABILITY_MISMATCH: Adapter Binance Spot API does not support INDEX instrument NIFTY.
2026-08-21 13:30:04,389 - INFO - Job "LiveRunner.process_cycle (trigger: interval[0:15:00], next run at: 2026-08-21 13:45:04 IST)" executed successfully
/Users/ashishparadkar/Downloads/algo-code-main/.venv/lib/python3.9/site-packages/urllib3/__init__.py:35: NotOpenSSLWarning: urllib3 v2 only supports OpenSSL 1.1.1+, currently the 'ssl' module is compiled with 'LibreSSL 2.8.3'. See: https://github.com/urllib3/urllib3/issues/3020
  warnings.warn(
/Users/ashishparadkar/Downloads/algo-code-main/.venv/lib/python3.9/site-packages/urllib3/__init__.py:35: NotOpenSSLWarning: urllib3 v2 only supports OpenSSL 1.1.1+, currently the 'ssl' module is compiled with 'LibreSSL 2.8.3'. See: https://github.com/urllib3/urllib3/issues/3020
  warnings.warn(
2026-08-21 15:31:04,877 - INFO - Bot state startup reconciliation finished: 0 bot(s) reconciled to STOPPED.
2026-08-21 15:31:06,174 - INFO - Telegram notification service initialized successfully (Chat ID: 5657...)
2026-08-21 15:31:06,534 - INFO - Initializing scheduled trading bot live runner for bot-1787212529946-1e09...
2026-08-21 15:31:07,209 - INFO - SQLite database tables verified/created.
2026-08-21 15:31:07,878 - INFO - Initializing CCXT Binance in TESTNET mode.
/Users/ashishparadkar/Downloads/algo-code-main/.venv/lib/python3.9/site-packages/urllib3/__init__.py:35: NotOpenSSLWarning: urllib3 v2 only supports OpenSSL 1.1.1+, currently the 'ssl' module is compiled with 'LibreSSL 2.8.3'. See: https://github.com/urllib3/urllib3/issues/3020
  warnings.warn(
2026-08-21 18:14:16,629 - INFO - Bot state startup reconciliation finished: 0 bot(s) reconciled to STOPPED.
2026-08-21 18:14:18,641 - INFO - Telegram notification service initialized successfully (Chat ID: 5657...)
2026-08-21 18:14:19,305 - INFO - Initializing scheduled trading bot live runner for bot-1787212529946-1e09...
2026-08-21 18:14:20,406 - INFO - SQLite database tables verified/created.
2026-08-21 18:14:21,446 - INFO - Initializing CCXT Binance in TESTNET mode.
2026-08-21 18:15:17,077 - INFO - [bot-1787212529946-1e09] Pre-flight instrument resolved: NIFTY (INDEX via zerodha)
2026-08-21 18:15:19,641 - INFO - [bot-1787212529946-1e09] Starting signal check cycle for NIFTY (15m)...
2026-08-21 18:15:20,320 - INFO - Fetching recent candles for NIFTY (15m) [Bot: bot-1787212529946-1e09] via ProviderManager...
2026-08-21 18:15:20,321 - ERROR - System Error in runner execution cycle: PROVIDER_CAPABILITY_MISMATCH: Adapter Binance Spot API does not support INDEX instrument NIFTY.
Traceback (most recent call last):
  File "/Users/ashishparadkar/Downloads/algo-code-main/src/live_runner.py", line 199, in process_cycle
    df, _ = self.provider_manager.fetch_ohlcv_safe(self.symbol, self.timeframe, limit=1000)
  File "/Users/ashishparadkar/Downloads/algo-code-main/src/provider_manager.py", line 341, in fetch_ohlcv_safe
    raise ccxt.NotSupported(
ccxt.base.errors.NotSupported: PROVIDER_CAPABILITY_MISMATCH: Adapter Binance Spot API does not support INDEX instrument NIFTY.
2026-08-21 18:15:22,166 - WARNING - [bot-1787212529946-1e09] Marked bot as non-retryable configuration error to prevent infinite error storm.
2026-08-21 18:15:24,373 - INFO - Logged heartbeat status: ERROR
2026-08-21 18:15:25,794 - INFO - Adding job tentatively -- it will be properly scheduled when the scheduler starts
2026-08-21 18:15:25,794 - INFO - Bot bot-1787212529946-1e09 scheduled to check every 15 minutes.
2026-08-21 18:15:25,821 - INFO - Added job "LiveRunner.process_cycle" to job store "default"
2026-08-21 18:15:25,821 - INFO - Scheduler started
/Users/ashishparadkar/Downloads/algo-code-main/.venv/lib/python3.9/site-packages/urllib3/__init__.py:35: NotOpenSSLWarning: urllib3 v2 only supports OpenSSL 1.1.1+, currently the 'ssl' module is compiled with 'LibreSSL 2.8.3'. See: https://github.com/urllib3/urllib3/issues/3020
  warnings.warn(
2026-08-21 20:27:48,883 - INFO - Bot state startup reconciliation finished: 0 bot(s) reconciled to STOPPED.
2026-08-21 20:27:50,824 - INFO - Telegram notification service initialized successfully (Chat ID: 5657...)
2026-08-21 20:27:50,856 - INFO - Initializing scheduled trading bot live runner for bot-1787212529946-1e09...
2026-08-21 20:27:52,599 - INFO - SQLite database tables verified/created.
2026-08-21 20:27:54,883 - INFO - Initializing CCXT Binance in TESTNET mode.
2026-08-21 20:28:47,891 - INFO - [bot-1787212529946-1e09] Pre-flight instrument resolved: NIFTY (INDEX via zerodha)
2026-08-21 20:28:48,747 - INFO - [bot-1787212529946-1e09] Starting signal check cycle for NIFTY (15m)...
2026-08-21 20:28:48,763 - INFO - Fetching recent candles for NIFTY (15m) [Bot: bot-1787212529946-1e09] via ProviderManager...
2026-08-21 20:28:48,763 - ERROR - System Error in runner execution cycle: PROVIDER_CAPABILITY_MISMATCH: Adapter Binance Spot API does not support INDEX instrument NIFTY.
Traceback (most recent call last):
  File "/Users/ashishparadkar/Downloads/algo-code-main/src/live_runner.py", line 199, in process_cycle
    df, _ = self.provider_manager.fetch_ohlcv_safe(self.symbol, self.timeframe, limit=1000)
  File "/Users/ashishparadkar/Downloads/algo-code-main/src/provider_manager.py", line 341, in fetch_ohlcv_safe
    raise ccxt.NotSupported(
ccxt.base.errors.NotSupported: PROVIDER_CAPABILITY_MISMATCH: Adapter Binance Spot API does not support INDEX instrument NIFTY.
2026-08-21 20:28:50,392 - WARNING - [bot-1787212529946-1e09] Marked bot as non-retryable configuration error to prevent infinite error storm.
2026-08-21 20:28:53,965 - INFO - Logged heartbeat status: ERROR
2026-08-21 20:28:54,891 - INFO - Adding job tentatively -- it will be properly scheduled when the scheduler starts
2026-08-21 20:28:54,891 - INFO - Bot bot-1787212529946-1e09 scheduled to check every 15 minutes.
2026-08-21 20:28:54,913 - INFO - Added job "LiveRunner.process_cycle" to job store "default"
2026-08-21 20:28:54,914 - INFO - Scheduler started
/Users/ashishparadkar/Downloads/algo-code-main/.venv/lib/python3.9/site-packages/urllib3/__init__.py:35: NotOpenSSLWarning: urllib3 v2 only supports OpenSSL 1.1.1+, currently the 'ssl' module is compiled with 'LibreSSL 2.8.3'. See: https://github.com/urllib3/urllib3/issues/3020
  warnings.warn(
2026-08-21 21:34:03,385 - INFO - Bot state startup reconciliation finished: 0 bot(s) reconciled to STOPPED.
2026-08-21 21:34:03,477 - INFO - Telegram notification service initialized successfully (Chat ID: 5657...)
2026-08-21 21:34:03,492 - INFO - Initializing scheduled trading bot live runner for bot-1787212529946-1e09...
2026-08-21 21:34:05,675 - INFO - SQLite database tables verified/created.
2026-08-21 21:34:07,320 - INFO - Initializing CCXT Binance in TESTNET mode.
2026-08-21 21:35:27,276 - INFO - [bot-1787212529946-1e09] Pre-flight instrument resolved: NIFTY (INDEX via zerodha)
2026-08-21 21:35:28,960 - INFO - [bot-1787212529946-1e09] Starting signal check cycle for NIFTY (15m)...
2026-08-21 21:35:29,724 - INFO - Fetching recent candles for NIFTY (15m) [Bot: bot-1787212529946-1e09] via ProviderManager...
2026-08-21 21:35:29,724 - ERROR - System Error in runner execution cycle: PROVIDER_CAPABILITY_MISMATCH: Adapter Binance Spot API does not support INDEX instrument NIFTY.
Traceback (most recent call last):
  File "/Users/ashishparadkar/Downloads/algo-code-main/src/live_runner.py", line 199, in process_cycle
    df, _ = self.provider_manager.fetch_ohlcv_safe(self.symbol, self.timeframe, limit=1000)
  File "/Users/ashishparadkar/Downloads/algo-code-main/src/provider_manager.py", line 341, in fetch_ohlcv_safe
    raise ccxt.NotSupported(
ccxt.base.errors.NotSupported: PROVIDER_CAPABILITY_MISMATCH: Adapter Binance Spot API does not support INDEX instrument NIFTY.
2026-08-21 21:35:34,260 - WARNING - [bot-1787212529946-1e09] Marked bot as non-retryable configuration error to prevent infinite error storm.
2026-08-21 21:35:36,234 - INFO - Logged heartbeat status: ERROR
2026-08-21 21:35:38,766 - INFO - Adding job tentatively -- it will be properly scheduled when the scheduler starts
2026-08-21 21:35:38,802 - INFO - Bot bot-1787212529946-1e09 scheduled to check every 15 minutes.
2026-08-21 21:35:38,832 - INFO - Added job "LiveRunner.process_cycle" to job store "default"
2026-08-21 21:35:38,833 - INFO - Scheduler started
2026-08-21 21:50:45,543 - WARNING - Run time of job "LiveRunner.process_cycle (trigger: interval[0:15:00], next run at: 2026-08-21 22:05:38 IST)" was missed by 0:00:06.192593
2026-08-21 22:05:39,806 - INFO - Running job "LiveRunner.process_cycle (trigger: interval[0:15:00], next run at: 2026-08-21 22:20:38 IST)" (scheduled at 2026-08-21 22:05:38.764556+05:30)
2026-08-21 22:05:40,056 - ERROR - [bot-1787212529946-1e09] Halting runner cycle: Bot is configured with unexecutable instrument 'NIFTY'. Error: Fatal Non-Retryable Error: PROVIDER_CAPABILITY_MISMATCH: Adapter Binance Spot API does not support INDEX instrument NIFTY.
2026-08-21 22:05:40,844 - INFO - Job "LiveRunner.process_cycle (trigger: interval[0:15:00], next run at: 2026-08-21 22:20:38 IST)" executed successfully
2026-08-21 22:20:38,890 - INFO - Running job "LiveRunner.process_cycle (trigger: interval[0:15:00], next run at: 2026-08-21 22:35:38 IST)" (scheduled at 2026-08-21 22:20:38.764556+05:30)
2026-08-21 22:20:38,919 - ERROR - [bot-1787212529946-1e09] Halting runner cycle: Bot is configured with unexecutable instrument 'NIFTY'. Error: Fatal Non-Retryable Error: PROVIDER_CAPABILITY_MISMATCH: Adapter Binance Spot API does not support INDEX instrument NIFTY.
2026-08-21 22:20:39,100 - INFO - Job "LiveRunner.process_cycle (trigger: interval[0:15:00], next run at: 2026-08-21 22:35:38 IST)" executed successfully
2026-08-21 22:35:38,973 - INFO - Running job "LiveRunner.process_cycle (trigger: interval[0:15:00], next run at: 2026-08-21 22:50:38 IST)" (scheduled at 2026-08-21 22:35:38.764556+05:30)
2026-08-21 22:35:39,145 - ERROR - [bot-1787212529946-1e09] Halting runner cycle: Bot is configured with unexecutable instrument 'NIFTY'. Error: Fatal Non-Retryable Error: PROVIDER_CAPABILITY_MISMATCH: Adapter Binance Spot API does not support INDEX instrument NIFTY.
2026-08-21 22:35:40,226 - INFO - Job "LiveRunner.process_cycle (trigger: interval[0:15:00], next run at: 2026-08-21 22:50:38 IST)" executed successfully
/Users/ashishparadkar/Downloads/algo-code-main/.venv/lib/python3.9/site-packages/urllib3/__init__.py:35: NotOpenSSLWarning: urllib3 v2 only supports OpenSSL 1.1.1+, currently the 'ssl' module is compiled with 'LibreSSL 2.8.3'. See: https://github.com/urllib3/urllib3/issues/3020
  warnings.warn(
2026-08-21 22:45:56,539 - INFO - Bot state startup reconciliation finished: 0 bot(s) reconciled to STOPPED.
2026-08-21 22:45:57,824 - INFO - Telegram notification service initialized successfully (Chat ID: 5657...)
2026-08-21 22:45:57,843 - INFO - Initializing scheduled trading bot live runner for bot-1787212529946-1e09...
