/Users/ashishparadkar/Downloads/algo-code-main/.venv/lib/python3.9/site-packages/urllib3/__init__.py:35: NotOpenSSLWarning: urllib3 v2 only supports OpenSSL 1.1.1+, currently the 'ssl' module is compiled with 'LibreSSL 2.8.3'. See: https://github.com/urllib3/urllib3/issues/3020
  warnings.warn(
/Users/ashishparadkar/Downloads/algo-code-main/.venv/lib/python3.9/site-packages/urllib3/__init__.py:35: NotOpenSSLWarning: urllib3 v2 only supports OpenSSL 1.1.1+, currently the 'ssl' module is compiled with 'LibreSSL 2.8.3'. See: https://github.com/urllib3/urllib3/issues/3020
  warnings.warn(
2026-08-21 18:15:27,477 - INFO - Bot state startup reconciliation finished: 0 bot(s) reconciled to STOPPED.
2026-08-21 18:15:30,931 - INFO - Telegram notification service initialized successfully (Chat ID: 5657...)
2026-08-21 18:15:32,239 - INFO - Initializing scheduled trading bot live runner for bot-1787304019814-db81...
2026-08-21 18:15:33,139 - INFO - SQLite database tables verified/created.
2026-08-21 18:15:34,092 - INFO - Initializing CCXT Binance in TESTNET mode.
/Users/ashishparadkar/Downloads/algo-code-main/.venv/lib/python3.9/site-packages/urllib3/__init__.py:35: NotOpenSSLWarning: urllib3 v2 only supports OpenSSL 1.1.1+, currently the 'ssl' module is compiled with 'LibreSSL 2.8.3'. See: https://github.com/urllib3/urllib3/issues/3020
  warnings.warn(
2026-08-21 20:28:54,278 - INFO - Bot state startup reconciliation finished: 0 bot(s) reconciled to STOPPED.
2026-08-21 20:28:56,089 - INFO - Telegram notification service initialized successfully (Chat ID: 5657...)
2026-08-21 20:28:56,532 - INFO - Initializing scheduled trading bot live runner for bot-1787304019814-db81...
2026-08-21 20:28:57,640 - INFO - SQLite database tables verified/created.
2026-08-21 20:28:57,710 - INFO - Initializing CCXT Binance in TESTNET mode.
2026-08-21 20:32:39,930 - INFO - [bot-1787304019814-db81] Pre-flight instrument resolved: SOL/USDT (SPOT via binance_spot)
2026-08-21 20:32:48,438 - INFO - [bot-1787304019814-db81] Starting signal check cycle for SOL/USDT (5m)...
2026-08-21 20:32:50,405 - INFO - Fetching recent candles for SOL/USDT (5m) [Bot: bot-1787304019814-db81] via ProviderManager...
/Users/ashishparadkar/Downloads/algo-code-main/.venv/lib/python3.9/site-packages/urllib3/__init__.py:35: NotOpenSSLWarning: urllib3 v2 only supports OpenSSL 1.1.1+, currently the 'ssl' module is compiled with 'LibreSSL 2.8.3'. See: https://github.com/urllib3/urllib3/issues/3020
  warnings.warn(
2026-08-21 21:36:26,011 - INFO - Bot state startup reconciliation finished: 0 bot(s) reconciled to STOPPED.
2026-08-21 21:36:31,981 - INFO - Telegram notification service initialized successfully (Chat ID: 5657...)
2026-08-21 21:36:32,013 - INFO - Initializing scheduled trading bot live runner for bot-1787304019814-db81...
2026-08-21 21:36:33,315 - INFO - SQLite database tables verified/created.
2026-08-21 21:36:36,743 - INFO - Initializing CCXT Binance in TESTNET mode.
2026-08-21 21:39:34,838 - INFO - [bot-1787304019814-db81] Pre-flight instrument resolved: SOL/USDT (SPOT via binance_spot)
2026-08-21 21:39:40,892 - INFO - [bot-1787304019814-db81] Starting signal check cycle for SOL/USDT (5m)...
2026-08-21 21:39:41,493 - INFO - Fetching recent candles for SOL/USDT (5m) [Bot: bot-1787304019814-db81] via ProviderManager...
2026-08-21 22:02:50,190 - INFO - Indicators computed | close=91.51 ema_9=91.34 ema_20=91.35 ema_50=91.24 ema_200=90.25 macd=0.0101 poc=75.0 val=75.0 vah=75.0
2026-08-21 22:02:50,614 - INFO - [bot-1787304019814-db81] Evaluating strategy on completed candle: 2026-08-21 16:25:00+00:00 at Close price: 91.51
2026-08-21 22:02:52,687 - INFO - Confluence Evaluation | Regime: TRENDING (ADX=35.3) | Direction: HOLD | BullScore: 32.6% | BearScore: 67.4% | Active: ['ema', 'macd', 'rsi', 'vp']
2026-08-21 22:02:53,568 - INFO - Signal evaluated: HOLD. Reason/Details: Confluence score: 67% (HOLD)
2026-08-21 22:02:54,909 - INFO - Logged heartbeat status: OK
2026-08-21 22:02:57,218 - INFO - Adding job tentatively -- it will be properly scheduled when the scheduler starts
2026-08-21 22:02:57,230 - INFO - Bot bot-1787304019814-db81 scheduled to check every 5 minutes.
2026-08-21 22:02:57,994 - INFO - Added job "LiveRunner.process_cycle" to job store "default"
2026-08-21 22:02:57,996 - INFO - Scheduler started
2026-08-21 22:07:56,977 - INFO - Running job "LiveRunner.process_cycle (trigger: interval[0:05:00], next run at: 2026-08-21 22:12:56 IST)" (scheduled at 2026-08-21 22:07:56.911795+05:30)
2026-08-21 22:07:57,005 - INFO - [bot-1787304019814-db81] Starting signal check cycle for SOL/USDT (5m)...
2026-08-21 22:07:57,108 - INFO - Fetching recent candles for SOL/USDT (5m) [Bot: bot-1787304019814-db81] via ProviderManager...
2026-08-21 22:07:57,794 - INFO - Indicators computed | close=91.51 ema_9=91.37 ema_20=91.37 ema_50=91.25 ema_200=90.26 macd=0.0232 poc=75.0 val=75.0 vah=75.0
2026-08-21 22:07:57,795 - INFO - [bot-1787304019814-db81] Evaluating strategy on completed candle: 2026-08-21 16:30:00+00:00 at Close price: 91.52
2026-08-21 22:07:57,938 - INFO - Confluence Evaluation | Regime: TRENDING (ADX=32.9) | Direction: HOLD | BullScore: 32.6% | BearScore: 34.8% | Active: ['ema', 'macd', 'rsi', 'vp']
2026-08-21 22:07:58,058 - INFO - Signal evaluated: HOLD. Reason/Details: Confluence score: 35% (HOLD)
2026-08-21 22:07:58,304 - INFO - Logged heartbeat status: OK
2026-08-21 22:07:58,305 - INFO - Job "LiveRunner.process_cycle (trigger: interval[0:05:00], next run at: 2026-08-21 22:12:56 IST)" executed successfully
2026-08-21 22:12:56,968 - INFO - Running job "LiveRunner.process_cycle (trigger: interval[0:05:00], next run at: 2026-08-21 22:17:56 IST)" (scheduled at 2026-08-21 22:12:56.911795+05:30)
2026-08-21 22:12:57,080 - INFO - [bot-1787304019814-db81] Starting signal check cycle for SOL/USDT (5m)...
2026-08-21 22:12:57,149 - INFO - Fetching recent candles for SOL/USDT (5m) [Bot: bot-1787304019814-db81] via ProviderManager...
2026-08-21 22:12:57,710 - INFO - Indicators computed | close=91.35 ema_9=91.38 ema_20=91.37 ema_50=91.25 ema_200=90.27 macd=0.0247 poc=75.0 val=75.0 vah=75.0
2026-08-21 22:12:57,716 - INFO - [bot-1787304019814-db81] Evaluating strategy on completed candle: 2026-08-21 16:35:00+00:00 at Close price: 91.59
2026-08-21 22:12:57,850 - INFO - LONG signal blocked | Location blocked (Close 91.59 outside Value Area [73.50 - 76.50], VAL=75.00, VAH=75.00) | context={'close': 91.59, 'ema_9': 91.38839763928361, 'ema_20': 91.37506947835311, 'ema_50': 91.24986974854684, 'ema_200': 90.26007095397489, 'macd_line': 0.02956168449264851, 'macd_signal': 0.03348612307182361, 'macd_hist': -0.003924438579175099, 'poc': np.float64(75.0), 'val': np.float64(75.0), 'vah': np.float64(75.0)}
2026-08-21 22:12:57,870 - INFO - Confluence Evaluation | Regime: TRENDING (ADX=30.8) | Direction: HOLD | BullScore: 50.0% | BearScore: 17.4% | Active: ['ema', 'macd', 'rsi', 'vp']
2026-08-21 22:12:57,968 - INFO - Signal evaluated: HOLD. Reason/Details: LONG setup blocked: Location blocked (Close 91.59 outside Value Area [73.50 - 76.50], VAL=75.00, VAH=75.00)
2026-08-21 22:12:58,398 - INFO - Logged heartbeat status: OK
2026-08-21 22:12:58,399 - INFO - Job "LiveRunner.process_cycle (trigger: interval[0:05:00], next run at: 2026-08-21 22:17:56 IST)" executed successfully
2026-08-21 22:17:56,954 - INFO - Running job "LiveRunner.process_cycle (trigger: interval[0:05:00], next run at: 2026-08-21 22:22:56 IST)" (scheduled at 2026-08-21 22:17:56.911795+05:30)
2026-08-21 22:17:57,018 - INFO - [bot-1787304019814-db81] Starting signal check cycle for SOL/USDT (5m)...
2026-08-21 22:17:57,150 - INFO - Fetching recent candles for SOL/USDT (5m) [Bot: bot-1787304019814-db81] via ProviderManager...
2026-08-21 22:17:58,168 - INFO - Indicators computed | close=91.59 ema_9=91.43 ema_20=91.40 ema_50=91.27 ema_200=90.28 macd=0.0422 poc=75.0 val=75.0 vah=75.0
2026-08-21 22:17:58,171 - INFO - [bot-1787304019814-db81] Evaluating strategy on completed candle: 2026-08-21 16:40:00+00:00 at Close price: 91.39
2026-08-21 22:17:58,352 - INFO - Confluence Evaluation | Regime: TRENDING (ADX=29.8) | Direction: HOLD | BullScore: 32.6% | BearScore: 34.8% | Active: ['ema', 'macd', 'rsi', 'vp']
2026-08-21 22:17:58,490 - INFO - Signal evaluated: HOLD. Reason/Details: Confluence score: 35% (HOLD)
2026-08-21 22:17:58,670 - INFO - Logged heartbeat status: OK
2026-08-21 22:17:58,670 - INFO - Job "LiveRunner.process_cycle (trigger: interval[0:05:00], next run at: 2026-08-21 22:22:56 IST)" executed successfully
2026-08-21 22:22:56,979 - INFO - Running job "LiveRunner.process_cycle (trigger: interval[0:05:00], next run at: 2026-08-21 22:27:56 IST)" (scheduled at 2026-08-21 22:22:56.911795+05:30)
2026-08-21 22:22:57,043 - INFO - [bot-1787304019814-db81] Starting signal check cycle for SOL/USDT (5m)...
2026-08-21 22:22:57,111 - INFO - Fetching recent candles for SOL/USDT (5m) [Bot: bot-1787304019814-db81] via ProviderManager...
2026-08-21 22:22:57,978 - INFO - Indicators computed | close=91.74 ema_9=91.51 ema_20=91.44 ema_50=91.29 ema_200=90.30 macd=0.0716 poc=75.0 val=75.0 vah=75.0
2026-08-21 22:22:57,981 - INFO - [bot-1787304019814-db81] Evaluating strategy on completed candle: 2026-08-21 16:45:00+00:00 at Close price: 91.70
2026-08-21 22:22:58,083 - INFO - Confluence Evaluation | Regime: TRENDING (ADX=28.6) | Direction: LONG | BullScore: 82.6% | BearScore: 17.4% | Active: ['ema', 'macd', 'rsi', 'vp']
2026-08-21 22:22:58,202 - INFO - Capping position size 275.862069 BTC to available cash equivalent 87.241003 BTC.
2026-08-21 22:22:58,311 - INFO - Created pending signal approval ID 230 for bot bot-1787304019814-db81 (LONG @ $91.70, status: WAITING_APPROVAL)
2026-08-21 22:22:58,391 - INFO - [bot-1787304019814-db81] Signal LONG generated (ID: 230). Waiting for manual user approval.
2026-08-21 22:22:58,627 - INFO - Logged heartbeat status: OK
2026-08-21 22:22:58,628 - INFO - Job "LiveRunner.process_cycle (trigger: interval[0:05:00], next run at: 2026-08-21 22:27:56 IST)" executed successfully
2026-08-21 22:27:56,925 - INFO - Running job "LiveRunner.process_cycle (trigger: interval[0:05:00], next run at: 2026-08-21 22:32:56 IST)" (scheduled at 2026-08-21 22:27:56.911795+05:30)
2026-08-21 22:27:56,933 - INFO - [bot-1787304019814-db81] Starting signal check cycle for SOL/USDT (5m)...
2026-08-21 22:27:56,976 - INFO - Fetching recent candles for SOL/USDT (5m) [Bot: bot-1787304019814-db81] via ProviderManager...
2026-08-21 22:27:57,399 - INFO - Indicators computed | close=91.62 ema_9=91.53 ema_20=91.45 ema_50=91.30 ema_200=90.31 macd=0.0762 poc=75.0 val=75.0 vah=75.0
2026-08-21 22:27:57,400 - INFO - [bot-1787304019814-db81] Evaluating strategy on completed candle: 2026-08-21 16:50:00+00:00 at Close price: 91.72
2026-08-21 22:27:57,471 - INFO - Confluence Evaluation | Regime: TRENDING (ADX=27.0) | Direction: LONG | BullScore: 82.6% | BearScore: 17.4% | Active: ['ema', 'macd', 'rsi', 'vp']
2026-08-21 22:27:57,582 - INFO - Capping position size 326.530612 BTC to available cash equivalent 87.221980 BTC.
2026-08-21 22:27:57,595 - INFO - [bot-1787304019814-db81] Signal LONG active pending approval already exists (ID: 230).
2026-08-21 22:27:57,816 - INFO - Logged heartbeat status: OK
2026-08-21 22:27:57,817 - INFO - Job "LiveRunner.process_cycle (trigger: interval[0:05:00], next run at: 2026-08-21 22:32:56 IST)" executed successfully
2026-08-21 22:32:57,050 - INFO - Running job "LiveRunner.process_cycle (trigger: interval[0:05:00], next run at: 2026-08-21 22:37:56 IST)" (scheduled at 2026-08-21 22:32:56.911795+05:30)
2026-08-21 22:32:57,204 - INFO - [bot-1787304019814-db81] Starting signal check cycle for SOL/USDT (5m)...
2026-08-21 22:32:57,423 - INFO - Fetching recent candles for SOL/USDT (5m) [Bot: bot-1787304019814-db81] via ProviderManager...
2026-08-21 22:32:59,914 - INFO - Indicators computed | close=91.59 ema_9=91.54 ema_20=91.47 ema_50=91.31 ema_200=90.33 macd=0.0784 poc=75.0 val=75.0 vah=75.0
2026-08-21 22:32:59,917 - INFO - [bot-1787304019814-db81] Evaluating strategy on completed candle: 2026-08-21 16:55:00+00:00 at Close price: 91.63
2026-08-21 22:33:00,182 - INFO - Confluence Evaluation | Regime: TRENDING (ADX=27.1) | Direction: LONG | BullScore: 82.6% | BearScore: 17.4% | Active: ['ema', 'macd', 'rsi', 'vp']
2026-08-21 22:33:00,410 - INFO - Capping position size 400.000000 BTC to available cash equivalent 87.307650 BTC.
2026-08-21 22:33:00,443 - INFO - [bot-1787304019814-db81] Signal LONG active pending approval already exists (ID: 230).
2026-08-21 22:33:00,834 - INFO - Logged heartbeat status: OK
2026-08-21 22:33:00,835 - INFO - Job "LiveRunner.process_cycle (trigger: interval[0:05:00], next run at: 2026-08-21 22:37:56 IST)" executed successfully
2026-08-21 22:37:57,006 - INFO - Running job "LiveRunner.process_cycle (trigger: interval[0:05:00], next run at: 2026-08-21 22:42:56 IST)" (scheduled at 2026-08-21 22:37:56.911795+05:30)
2026-08-21 22:37:57,024 - INFO - [bot-1787304019814-db81] Starting signal check cycle for SOL/USDT (5m)...
2026-08-21 22:37:57,078 - INFO - Fetching recent candles for SOL/USDT (5m) [Bot: bot-1787304019814-db81] via ProviderManager...
2026-08-21 22:37:57,561 - INFO - Indicators computed | close=91.81 ema_9=91.60 ema_20=91.51 ema_50=91.34 ema_200=90.34 macd=0.0993 poc=75.0 val=75.0 vah=75.0
2026-08-21 22:37:57,562 - INFO - [bot-1787304019814-db81] Evaluating strategy on completed candle: 2026-08-21 17:00:00+00:00 at Close price: 91.64
2026-08-21 22:37:57,645 - INFO - Confluence Evaluation | Regime: TRENDING (ADX=26.9) | Direction: LONG | BullScore: 82.6% | BearScore: 17.4% | Active: ['ema', 'macd', 'rsi', 'vp']
2026-08-21 22:37:57,762 - INFO - Capping position size 390.243902 BTC to available cash equivalent 87.298123 BTC.
2026-08-21 22:37:57,821 - INFO - [bot-1787304019814-db81] Signal LONG active pending approval already exists (ID: 230).
2026-08-21 22:37:58,050 - INFO - Logged heartbeat status: OK
2026-08-21 22:37:58,051 - INFO - Job "LiveRunner.process_cycle (trigger: interval[0:05:00], next run at: 2026-08-21 22:42:56 IST)" executed successfully
/Users/ashishparadkar/Downloads/algo-code-main/.venv/lib/python3.9/site-packages/urllib3/__init__.py:35: NotOpenSSLWarning: urllib3 v2 only supports OpenSSL 1.1.1+, currently the 'ssl' module is compiled with 'LibreSSL 2.8.3'. See: https://github.com/urllib3/urllib3/issues/3020
  warnings.warn(
2026-08-21 22:46:10,194 - INFO - Bot state startup reconciliation finished: 0 bot(s) reconciled to STOPPED.
2026-08-21 22:46:10,490 - INFO - Telegram notification service initialized successfully (Chat ID: 5657...)
2026-08-21 22:46:10,505 - INFO - Initializing scheduled trading bot live runner for bot-1787304019814-db81...
2026-08-21 22:46:11,055 - INFO - SQLite database tables verified/created.
2026-08-21 22:46:11,467 - INFO - Initializing CCXT Binance in TESTNET mode.
2026-08-21 22:46:21,022 - INFO - [bot-1787304019814-db81] Pre-flight instrument resolved: BTC/USDT (SPOT via binance_spot)
2026-08-21 22:46:21,204 - INFO - [bot-1787304019814-db81] Starting signal check cycle for BTC/USDT (5m)...
2026-08-21 22:46:21,275 - INFO - Fetching recent candles for BTC/USDT (5m) [Bot: bot-1787304019814-db81] via ProviderManager...
2026-08-21 22:46:48,141 - INFO - Indicators computed | close=77379.99 ema_9=77454.66 ema_20=77394.21 ema_50=77308.57 ema_200=76223.56 macd=61.4488 poc=69350.0 val=64025.0 vah=74600.0
2026-08-21 22:46:48,146 - INFO - [bot-1787304019814-db81] Evaluating strategy on completed candle: 2026-08-21 17:10:00+00:00 at Close price: 77561.30
2026-08-21 22:46:49,336 - INFO - Confluence Evaluation | Regime: TRENDING (ADX=37.2) | Direction: LONG | BullScore: 78.9% | BearScore: 21.1% | Active: ['ema', 'macd', 'vp']
2026-08-21 22:46:50,635 - INFO - Capping position size 1.027063 BTC to available cash equivalent 0.128930 BTC.
2026-08-21 22:46:50,669 - INFO - [bot-1787304019814-db81] Signal LONG active pending approval already exists (ID: 230).
2026-08-21 22:46:51,170 - INFO - Logged heartbeat status: OK
2026-08-21 22:46:51,224 - INFO - Adding job tentatively -- it will be properly scheduled when the scheduler starts
2026-08-21 22:46:51,224 - INFO - Bot bot-1787304019814-db81 scheduled to check every 5 minutes.
2026-08-21 22:46:51,340 - INFO - Added job "LiveRunner.process_cycle" to job store "default"
2026-08-21 22:46:51,340 - INFO - Scheduler started
