/Users/ashishparadkar/Downloads/algo-code-main/.venv/lib/python3.9/site-packages/urllib3/__init__.py:35: NotOpenSSLWarning: urllib3 v2 only supports OpenSSL 1.1.1+, currently the 'ssl' module is compiled with 'LibreSSL 2.8.3'. See: https://github.com/urllib3/urllib3/issues/3020
  warnings.warn(
2026-08-21 18:17:08,746 - INFO - Bot state startup reconciliation finished: 0 bot(s) reconciled to STOPPED.
2026-08-21 18:17:15,501 - INFO - Telegram notification service initialized successfully (Chat ID: 5657...)
2026-08-21 18:17:16,376 - INFO - Initializing scheduled trading bot live runner for bot-1787306388162-bfe9...
2026-08-21 18:17:20,168 - INFO - SQLite database tables verified/created.
2026-08-21 18:17:20,225 - INFO - Initializing CCXT Binance in TESTNET mode.
/Users/ashishparadkar/Downloads/algo-code-main/.venv/lib/python3.9/site-packages/urllib3/__init__.py:35: NotOpenSSLWarning: urllib3 v2 only supports OpenSSL 1.1.1+, currently the 'ssl' module is compiled with 'LibreSSL 2.8.3'. See: https://github.com/urllib3/urllib3/issues/3020
  warnings.warn(
2026-08-21 20:31:33,475 - INFO - Bot state startup reconciliation finished: 0 bot(s) reconciled to STOPPED.
2026-08-21 20:31:51,950 - INFO - Telegram notification service initialized successfully (Chat ID: 5657...)
2026-08-21 20:31:55,873 - INFO - Initializing scheduled trading bot live runner for bot-1787306388162-bfe9...
2026-08-21 20:31:59,457 - INFO - SQLite database tables verified/created.
2026-08-21 20:32:04,545 - INFO - Initializing CCXT Binance in TESTNET mode.
/Users/ashishparadkar/Downloads/algo-code-main/.venv/lib/python3.9/site-packages/urllib3/__init__.py:35: NotOpenSSLWarning: urllib3 v2 only supports OpenSSL 1.1.1+, currently the 'ssl' module is compiled with 'LibreSSL 2.8.3'. See: https://github.com/urllib3/urllib3/issues/3020
  warnings.warn(
2026-08-21 21:38:17,259 - INFO - Bot state startup reconciliation finished: 0 bot(s) reconciled to STOPPED.
2026-08-21 21:38:23,755 - INFO - Telegram notification service initialized successfully (Chat ID: 5657...)
2026-08-21 21:38:25,155 - INFO - Initializing scheduled trading bot live runner for bot-1787306388162-bfe9...
2026-08-21 21:38:27,347 - INFO - SQLite database tables verified/created.
2026-08-21 21:38:30,681 - INFO - Initializing CCXT Binance in TESTNET mode.
2026-08-21 21:42:15,459 - INFO - [bot-1787306388162-bfe9] Pre-flight instrument resolved: BTC/USDT (SPOT via binance_spot)
2026-08-21 21:42:28,980 - INFO - [bot-1787306388162-bfe9] Starting signal check cycle for BTC/USDT (5m)...
2026-08-21 21:42:33,090 - INFO - Fetching recent candles for BTC/USDT (5m) [Bot: bot-1787306388162-bfe9] via ProviderManager...
2026-08-21 22:03:29,414 - INFO - Indicators computed | close=77290.01 ema_9=77230.03 ema_20=77261.78 ema_50=77234.04 ema_200=76105.42 macd=-17.5182 poc=69350.0 val=64025.0 vah=74450.0
2026-08-21 22:03:29,574 - INFO - [bot-1787306388162-bfe9] Evaluating strategy on completed candle: 2026-08-21 16:25:00+00:00 at Close price: 77383.87
2026-08-21 22:03:30,336 - INFO - Confluence Evaluation | Regime: TRENDING (ADX=39.1) | Direction: LONG | BullScore: 88.2% | BearScore: 11.8% | Active: ['ema_9', 'ema_20', 'rsi', 'vwap', 'supertrend', 'atr']
2026-08-21 22:03:31,093 - INFO - Capping position size 0.295928 BTC to available cash equivalent 0.129226 BTC.
2026-08-21 22:03:31,343 - INFO - Created pending signal approval ID 219 for bot bot-1787306388162-bfe9 (LONG @ $77383.87, status: WAITING_APPROVAL)
2026-08-21 22:03:31,592 - INFO - [bot-1787306388162-bfe9] Signal LONG generated (ID: 219). Waiting for manual user approval.
2026-08-21 22:03:32,557 - INFO - Logged heartbeat status: OK
2026-08-21 22:03:33,406 - INFO - Adding job tentatively -- it will be properly scheduled when the scheduler starts
2026-08-21 22:03:33,406 - INFO - Bot bot-1787306388162-bfe9 scheduled to check every 5 minutes.
2026-08-21 22:03:33,618 - INFO - Added job "LiveRunner.process_cycle" to job store "default"
2026-08-21 22:03:33,619 - INFO - Scheduler started
2026-08-21 22:08:33,308 - INFO - Running job "LiveRunner.process_cycle (trigger: interval[0:05:00], next run at: 2026-08-21 22:08:33 IST)" (scheduled at 2026-08-21 22:08:33.242316+05:30)
2026-08-21 22:08:33,328 - INFO - [bot-1787306388162-bfe9] Starting signal check cycle for BTC/USDT (5m)...
2026-08-21 22:08:33,408 - INFO - Fetching recent candles for BTC/USDT (5m) [Bot: bot-1787306388162-bfe9] via ProviderManager...
2026-08-21 22:08:34,025 - INFO - Indicators computed | close=77278.00 ema_9=77247.32 ema_20=77267.47 ema_50=77237.57 ema_200=76117.56 macd=-10.5412 poc=69350.0 val=64025.0 vah=74475.0
2026-08-21 22:08:34,026 - INFO - [bot-1787306388162-bfe9] Evaluating strategy on completed candle: 2026-08-21 16:30:00+00:00 at Close price: 77338.12
2026-08-21 22:08:34,140 - INFO - Confluence Evaluation | Regime: TRENDING (ADX=39.7) | Direction: HOLD | BullScore: 44.1% | BearScore: 55.9% | Active: ['ema_9', 'ema_20', 'rsi', 'vwap', 'supertrend', 'atr']
2026-08-21 22:08:34,239 - INFO - Signal evaluated: HOLD. Reason/Details: Confluence score: 56% (HOLD)
2026-08-21 22:08:34,423 - INFO - Logged heartbeat status: OK
2026-08-21 22:08:34,423 - INFO - Job "LiveRunner.process_cycle (trigger: interval[0:05:00], next run at: 2026-08-21 22:13:33 IST)" executed successfully
2026-08-21 22:13:33,336 - INFO - Running job "LiveRunner.process_cycle (trigger: interval[0:05:00], next run at: 2026-08-21 22:18:33 IST)" (scheduled at 2026-08-21 22:13:33.242316+05:30)
2026-08-21 22:13:33,385 - INFO - [bot-1787306388162-bfe9] Starting signal check cycle for BTC/USDT (5m)...
2026-08-21 22:13:33,448 - INFO - Fetching recent candles for BTC/USDT (5m) [Bot: bot-1787306388162-bfe9] via ProviderManager...
2026-08-21 22:13:34,273 - INFO - Indicators computed | close=77326.73 ema_9=77269.33 ema_20=77276.41 ema_50=77242.51 ema_200=76129.97 macd=-1.7166 poc=69350.0 val=64025.0 vah=74475.0
2026-08-21 22:13:34,276 - INFO - [bot-1787306388162-bfe9] Evaluating strategy on completed candle: 2026-08-21 16:35:00+00:00 at Close price: 77316.28
2026-08-21 22:13:34,325 - INFO - Confluence Evaluation | Regime: TRENDING (ADX=39.7) | Direction: HOLD | BullScore: 44.1% | BearScore: 55.9% | Active: ['ema_9', 'ema_20', 'rsi', 'vwap', 'supertrend', 'atr']
2026-08-21 22:13:34,351 - INFO - Signal evaluated: HOLD. Reason/Details: Confluence score: 56% (HOLD)
2026-08-21 22:13:34,486 - INFO - Logged heartbeat status: OK
2026-08-21 22:13:34,487 - INFO - Job "LiveRunner.process_cycle (trigger: interval[0:05:00], next run at: 2026-08-21 22:18:33 IST)" executed successfully
2026-08-21 22:18:33,264 - INFO - Running job "LiveRunner.process_cycle (trigger: interval[0:05:00], next run at: 2026-08-21 22:23:33 IST)" (scheduled at 2026-08-21 22:18:33.242316+05:30)
2026-08-21 22:18:33,347 - INFO - [bot-1787306388162-bfe9] Starting signal check cycle for BTC/USDT (5m)...
2026-08-21 22:18:33,384 - INFO - Fetching recent candles for BTC/USDT (5m) [Bot: bot-1787306388162-bfe9] via ProviderManager...
2026-08-21 22:18:33,933 - INFO - Indicators computed | close=77420.00 ema_9=77305.11 ema_20=77293.13 ema_50=77250.80 ema_200=76143.16 macd=12.4394 poc=69350.0 val=64025.0 vah=74500.0
2026-08-21 22:18:33,934 - INFO - [bot-1787306388162-bfe9] Evaluating strategy on completed candle: 2026-08-21 16:40:00+00:00 at Close price: 77362.04
2026-08-21 22:18:33,989 - INFO - Confluence Evaluation | Regime: TRENDING (ADX=40.2) | Direction: LONG | BullScore: 88.2% | BearScore: 11.8% | Active: ['ema_9', 'ema_20', 'rsi', 'vwap', 'supertrend', 'atr']
2026-08-21 22:18:34,133 - INFO - Capping position size 0.527565 BTC to available cash equivalent 0.129262 BTC.
2026-08-21 22:18:34,198 - INFO - [bot-1787306388162-bfe9] Signal LONG active pending approval already exists (ID: 219).
2026-08-21 22:18:34,415 - INFO - Logged heartbeat status: OK
2026-08-21 22:18:34,415 - INFO - Job "LiveRunner.process_cycle (trigger: interval[0:05:00], next run at: 2026-08-21 22:23:33 IST)" executed successfully
2026-08-21 22:23:33,283 - INFO - Running job "LiveRunner.process_cycle (trigger: interval[0:05:00], next run at: 2026-08-21 22:28:33 IST)" (scheduled at 2026-08-21 22:23:33.242316+05:30)
2026-08-21 22:23:33,346 - INFO - [bot-1787306388162-bfe9] Starting signal check cycle for BTC/USDT (5m)...
2026-08-21 22:23:33,392 - INFO - Fetching recent candles for BTC/USDT (5m) [Bot: bot-1787306388162-bfe9] via ProviderManager...
2026-08-21 22:23:33,986 - INFO - Indicators computed | close=77485.99 ema_9=77358.92 ema_20=77320.99 ema_50=77264.18 ema_200=76157.60 macd=33.2325 poc=69350.0 val=64025.0 vah=74525.0
2026-08-21 22:23:33,989 - INFO - [bot-1787306388162-bfe9] Evaluating strategy on completed candle: 2026-08-21 16:45:00+00:00 at Close price: 77530.19
2026-08-21 22:23:34,113 - INFO - LONG signal blocked | Location blocked (Close 77530.19 outside Value Area [62744.50 - 76015.50], VAL=64025.00, VAH=74525.00) | context={'close': 77530.19, 'ema_9': 77327.14786556269, 'ema_20': 77303.62543003306, 'ema_50': 77255.12450110391, 'ema_200': 76144.25262187838, 'macd_line': 21.229475276821177, 'macd_signal': 6.32280964717363, 'macd_hist': 14.906665629647547, 'poc': np.float64(69350.0), 'val': np.float64(64025.0), 'vah': np.float64(74525.0)}
2026-08-21 22:23:34,124 - INFO - Confluence Evaluation | Regime: TRENDING (ADX=39.6) | Direction: LONG | BullScore: 88.2% | BearScore: 11.8% | Active: ['ema_9', 'ema_20', 'rsi', 'vwap', 'supertrend', 'atr']
2026-08-21 22:23:34,229 - INFO - Signal evaluated: HOLD. Reason/Details: Confluence score: 88% (LONG) meets 75% threshold
2026-08-21 22:23:34,484 - INFO - Logged heartbeat status: OK
2026-08-21 22:23:34,485 - INFO - Job "LiveRunner.process_cycle (trigger: interval[0:05:00], next run at: 2026-08-21 22:28:33 IST)" executed successfully
2026-08-21 22:28:33,261 - INFO - Running job "LiveRunner.process_cycle (trigger: interval[0:05:00], next run at: 2026-08-21 22:33:33 IST)" (scheduled at 2026-08-21 22:28:33.242316+05:30)
2026-08-21 22:28:33,313 - INFO - [bot-1787306388162-bfe9] Starting signal check cycle for BTC/USDT (5m)...
2026-08-21 22:28:33,361 - INFO - Fetching recent candles for BTC/USDT (5m) [Bot: bot-1787306388162-bfe9] via ProviderManager...
2026-08-21 22:28:34,930 - INFO - Indicators computed | close=77525.99 ema_9=77389.77 ema_20=77339.14 ema_50=77273.84 ema_200=76171.06 macd=44.4639 poc=69350.0 val=64025.0 vah=74550.0
2026-08-21 22:28:34,937 - INFO - [bot-1787306388162-bfe9] Evaluating strategy on completed candle: 2026-08-21 16:50:00+00:00 at Close price: 77470.00
2026-08-21 22:28:35,175 - INFO - Confluence Evaluation | Regime: TRENDING (ADX=39.0) | Direction: HOLD | BullScore: 44.1% | BearScore: 55.9% | Active: ['ema_9', 'ema_20', 'rsi', 'vwap', 'supertrend', 'atr']
2026-08-21 22:28:35,421 - INFO - Signal evaluated: HOLD. Reason/Details: Confluence score: 56% (HOLD)
2026-08-21 22:28:35,702 - INFO - Logged heartbeat status: OK
2026-08-21 22:28:35,702 - INFO - Job "LiveRunner.process_cycle (trigger: interval[0:05:00], next run at: 2026-08-21 22:33:33 IST)" executed successfully
2026-08-21 22:33:33,289 - INFO - Running job "LiveRunner.process_cycle (trigger: interval[0:05:00], next run at: 2026-08-21 22:38:33 IST)" (scheduled at 2026-08-21 22:33:33.242316+05:30)
2026-08-21 22:33:33,346 - INFO - [bot-1787306388162-bfe9] Starting signal check cycle for BTC/USDT (5m)...
2026-08-21 22:33:33,374 - INFO - Fetching recent candles for BTC/USDT (5m) [Bot: bot-1787306388162-bfe9] via ProviderManager...
2026-08-21 22:33:36,977 - INFO - Indicators computed | close=77566.00 ema_9=77418.62 ema_20=77357.30 ema_50=77283.79 ema_200=76184.55 macd=54.4853 poc=69350.0 val=64025.0 vah=74550.0
2026-08-21 22:33:36,982 - INFO - [bot-1787306388162-bfe9] Evaluating strategy on completed candle: 2026-08-21 16:55:00+00:00 at Close price: 77486.01
2026-08-21 22:33:37,119 - INFO - Confluence Evaluation | Regime: TRENDING (ADX=37.1) | Direction: LONG | BullScore: 100.0% | BearScore: 0.0% | Active: ['ema_9', 'ema_20', 'rsi', 'vwap', 'supertrend', 'atr']
2026-08-21 22:33:37,156 - INFO - Capping position size 0.618009 BTC to available cash equivalent 0.129056 BTC.
2026-08-21 22:33:37,340 - INFO - Created pending signal approval ID 259 for bot bot-1787306388162-bfe9 (LONG @ $77486.01, status: WAITING_APPROVAL)
2026-08-21 22:33:37,384 - INFO - [bot-1787306388162-bfe9] Signal LONG generated (ID: 259). Waiting for manual user approval.
2026-08-21 22:33:37,583 - INFO - Logged heartbeat status: OK
2026-08-21 22:33:37,583 - INFO - Job "LiveRunner.process_cycle (trigger: interval[0:05:00], next run at: 2026-08-21 22:38:33 IST)" executed successfully
2026-08-21 22:38:33,352 - INFO - Running job "LiveRunner.process_cycle (trigger: interval[0:05:00], next run at: 2026-08-21 22:43:33 IST)" (scheduled at 2026-08-21 22:38:33.242316+05:30)
2026-08-21 22:38:33,397 - INFO - [bot-1787306388162-bfe9] Starting signal check cycle for BTC/USDT (5m)...
2026-08-21 22:38:33,463 - INFO - Fetching recent candles for BTC/USDT (5m) [Bot: bot-1787306388162-bfe9] via ProviderManager...
2026-08-21 22:38:33,977 - INFO - Indicators computed | close=77665.99 ema_9=77461.06 ema_20=77382.91 ema_50=77297.12 ema_200=76198.86 macd=69.4812 poc=69350.0 val=64025.0 vah=74575.0
2026-08-21 22:38:33,978 - INFO - [bot-1787306388162-bfe9] Evaluating strategy on completed candle: 2026-08-21 17:00:00+00:00 at Close price: 77522.00
2026-08-21 22:38:34,047 - INFO - Confluence Evaluation | Regime: TRENDING (ADX=34.7) | Direction: LONG | BullScore: 100.0% | BearScore: 0.0% | Active: ['ema_9', 'ema_20', 'rsi', 'vwap', 'supertrend', 'atr']
2026-08-21 22:38:34,159 - INFO - Capping position size 0.614874 BTC to available cash equivalent 0.128996 BTC.
2026-08-21 22:38:34,164 - INFO - [bot-1787306388162-bfe9] Signal LONG active pending approval already exists (ID: 259).
2026-08-21 22:38:34,280 - INFO - Logged heartbeat status: OK
2026-08-21 22:38:34,281 - INFO - Job "LiveRunner.process_cycle (trigger: interval[0:05:00], next run at: 2026-08-21 22:43:33 IST)" executed successfully
/Users/ashishparadkar/Downloads/algo-code-main/.venv/lib/python3.9/site-packages/urllib3/__init__.py:35: NotOpenSSLWarning: urllib3 v2 only supports OpenSSL 1.1.1+, currently the 'ssl' module is compiled with 'LibreSSL 2.8.3'. See: https://github.com/urllib3/urllib3/issues/3020
  warnings.warn(
2026-08-21 22:46:17,841 - INFO - Bot state startup reconciliation finished: 0 bot(s) reconciled to STOPPED.
2026-08-21 22:46:18,326 - INFO - Telegram notification service initialized successfully (Chat ID: 5657...)
2026-08-21 22:46:18,347 - INFO - Initializing scheduled trading bot live runner for bot-1787306388162-bfe9...
2026-08-21 22:46:18,633 - INFO - SQLite database tables verified/created.
2026-08-21 22:46:18,980 - INFO - Initializing CCXT Binance in TESTNET mode.
2026-08-21 22:46:30,053 - INFO - [bot-1787306388162-bfe9] Pre-flight instrument resolved: BTC/USDT (SPOT via binance_spot)
2026-08-21 22:46:30,298 - INFO - [bot-1787306388162-bfe9] Starting signal check cycle for BTC/USDT (5m)...
2026-08-21 22:46:30,374 - INFO - Fetching recent candles for BTC/USDT (5m) [Bot: bot-1787306388162-bfe9] via ProviderManager...
2026-08-21 22:46:58,293 - INFO - Indicators computed | close=77418.99 ema_9=77462.46 ema_20=77397.93 ema_50=77310.10 ema_200=76223.94 macd=64.5599 poc=69350.0 val=64025.0 vah=74600.0
2026-08-21 22:46:58,310 - INFO - [bot-1787306388162-bfe9] Evaluating strategy on completed candle: 2026-08-21 17:10:00+00:00 at Close price: 77561.30
2026-08-21 22:46:58,578 - INFO - Confluence Evaluation | Regime: TRENDING (ADX=37.2) | Direction: LONG | BullScore: 78.9% | BearScore: 21.1% | Active: ['ema', 'macd', 'vp']
2026-08-21 22:46:58,761 - INFO - Capping position size 1.027063 BTC to available cash equivalent 0.128930 BTC.
2026-08-21 22:46:58,793 - INFO - [bot-1787306388162-bfe9] Signal LONG active pending approval already exists (ID: 259).
2026-08-21 22:46:58,945 - INFO - Logged heartbeat status: OK
2026-08-21 22:46:59,044 - INFO - Adding job tentatively -- it will be properly scheduled when the scheduler starts
2026-08-21 22:46:59,045 - INFO - Bot bot-1787306388162-bfe9 scheduled to check every 5 minutes.
2026-08-21 22:46:59,094 - INFO - Added job "LiveRunner.process_cycle" to job store "default"
2026-08-21 22:46:59,095 - INFO - Scheduler started
