2026-08-16 19:06:06,854 - INFO - Initializing scheduled trading bot live runner for bot-1786887342094-7c38...
2026-08-16 19:06:06,979 - INFO - SQLite database tables verified/created.
2026-08-16 19:06:06,990 - INFO - Initializing CCXT Binance in TESTNET mode.
2026-08-16 19:06:11,383 - INFO - Initializing CCXT Binance in MAINNET mode (Public endpoints).
2026-08-16 19:06:11,848 - INFO - Sending Telegram alert...
2026-08-16 19:06:13,863 - INFO - Telegram alert sent successfully.
2026-08-16 19:06:13,865 - INFO - [bot-1786887342094-7c38] Starting signal check cycle for ETH/USDT (15m)...
2026-08-16 19:06:13,868 - INFO - Fetching recent candles for ETH/USDT (15m) [Bot: bot-1786887342094-7c38]...
2026-08-16 19:06:15,501 - ERROR - Error fetching live OHLCV for ETH/USDT 15m: 
2026-08-16 19:06:15,583 - ERROR - System Error in runner execution cycle: 
Traceback (most recent call last):
  File "H:\algo\algo\btc-bot\src\live_runner.py", line 167, in process_cycle
    df = self.mainnet_fetcher.fetch_live_ohlcv(self.symbol, self.timeframe, limit=1000)
  File "H:\algo\algo\btc-bot\src\data_fetcher.py", line 196, in fetch_live_ohlcv
    raise e
  File "H:\algo\algo\btc-bot\src\data_fetcher.py", line 175, in fetch_live_ohlcv
    candles = self.exchange.fetch_ohlcv(
        symbol=symbol,
        timeframe=timeframe,
        limit=limit
    )
  File "H:\algo\algo\.venv\Lib\site-packages\ccxt\binance.py", line 4713, in fetch_ohlcv
    self.load_markets()
    ~~~~~~~~~~~~~~~~~^^
  File "H:\algo\algo\.venv\Lib\site-packages\ccxt\base\exchange.py", line 1816, in load_markets
  File "H:\algo\algo\.venv\Lib\site-packages\ccxt\binance.py", line 3241, in fetch_markets
    promisesRaw.append(self.publicGetExchangeInfo(params))
                       ~~~~~~~~~~~~~~~~~~~~~~~~~~^^^^^^^^
  File "H:\algo\algo\.venv\Lib\site-packages\ccxt\base\types.py", line 35, in unbound_method
    return _self.request(self.path, self.api, self.method, params, config=self.config)
           ~~~~~~~~~~~~~^^^^^^^^^^^^^^^^^^^^^^^^^^^^^^^^^^^^^^^^^^^^^^^^^^^^^^^^^^^^^^
  File "H:\algo\algo\.venv\Lib\site-packages\ccxt\binance.py", line 11823, in request
    response = self.fetch2(path, api, method, params, headers, body, config)
  File "H:\algo\algo\.venv\Lib\site-packages\ccxt\base\exchange.py", line 5544, in fetch2
    raise e
  File "H:\algo\algo\.venv\Lib\site-packages\ccxt\base\exchange.py", line 5525, in fetch2
    response = self.fetch(request['url'], request['method'], request['headers'], request['body'])
  File "H:\algo\algo\.venv\Lib\site-packages\ccxt\base\exchange.py", line 620, in fetch
    response = self.session.request(
        method,
    ...<6 lines>...
        files=files
    )
  File "H:\algo\algo\.venv\Lib\site-packages\requests\sessions.py", line 651, in request
    resp = self.send(prep, **send_kwargs)
  File "H:\algo\algo\.venv\Lib\site-packages\requests\sessions.py", line 827, in send
    r.content
  File "H:\algo\algo\.venv\Lib\site-packages\requests\models.py", line 1042, in content
    self._content = b"".join(self.iter_content(CONTENT_CHUNK_SIZE)) or b""
                    ~~~~~~~~^^^^^^^^^^^^^^^^^^^^^^^^^^^^^^^^^^^^^^^
MemoryError
2026-08-16 19:06:23,574 - ERROR - Audit batch write failed: database is locked
2026-08-16 19:06:32,116 - ERROR - Error logging system error to DB: database is locked
2026-08-16 19:06:37,505 - INFO - Sending Telegram alert...
2026-08-16 19:06:42,511 - INFO - Telegram alert sent successfully.
2026-08-16 19:06:46,832 - INFO - Logged heartbeat status: ERROR
2026-08-16 19:06:46,838 - INFO - Adding job tentatively -- it will be properly scheduled when the scheduler starts
2026-08-16 19:06:46,839 - INFO - Bot bot-1786887342094-7c38 scheduled to check every 15 minutes.
2026-08-16 19:06:46,839 - INFO - Added job "LiveRunner.process_cycle" to job store "default"
2026-08-16 19:06:46,839 - INFO - Scheduler started
2026-08-16 19:11:40,788 - INFO - Initializing scheduled trading bot live runner for bot-1786887342094-7c38...
2026-08-16 19:11:49,540 - INFO - SQLite database tables verified/created.
2026-08-16 19:11:50,846 - INFO - Initializing CCXT Binance in TESTNET mode.
2026-08-16 19:11:52,650 - WARNING - ExecutionEngine: failed to load markets: 
2026-08-16 19:11:52,650 - INFO - Initializing CCXT Binance in MAINNET mode (Public endpoints).
2026-08-16 19:11:52,657 - INFO - Sending Telegram alert...
2026-08-16 19:11:58,743 - INFO - Telegram alert sent successfully.
2026-08-16 19:11:58,940 - INFO - [bot-1786887342094-7c38] Starting signal check cycle for ETH/USDT (15m)...
2026-08-16 19:12:10,500 - ERROR - Error logging bot activity for bot-1786887342094-7c38: database is locked
2026-08-16 19:12:10,501 - INFO - Fetching recent candles for ETH/USDT (15m) [Bot: bot-1786887342094-7c38]...
2026-08-16 19:12:18,131 - ERROR - Error fetching live OHLCV for ETH/USDT 15m: 
2026-08-16 19:12:18,131 - ERROR - System Error in runner execution cycle: 
Traceback (most recent call last):
  File "H:\algo\algo\btc-bot\src\live_runner.py", line 167, in process_cycle
    df = self.mainnet_fetcher.fetch_live_ohlcv(self.symbol, self.timeframe, limit=1000)
  File "H:\algo\algo\btc-bot\src\data_fetcher.py", line 196, in fetch_live_ohlcv
    raise e
  File "H:\algo\algo\btc-bot\src\data_fetcher.py", line 175, in fetch_live_ohlcv
    candles = self.exchange.fetch_ohlcv(
        symbol=symbol,
        timeframe=timeframe,
        limit=limit
    )
  File "H:\algo\algo\.venv\Lib\site-packages\ccxt\binance.py", line 4713, in fetch_ohlcv
    self.load_markets()
    ~~~~~~~~~~~~~~~~~^^
  File "H:\algo\algo\.venv\Lib\site-packages\ccxt\base\exchange.py", line 1816, in load_markets
    markets = self.fetch_markets(params)
  File "H:\algo\algo\.venv\Lib\site-packages\ccxt\binance.py", line 3241, in fetch_markets
    promisesRaw.append(self.publicGetExchangeInfo(params))
                       ~~~~~~~~~~~~~~~~~~~~~~~~~~^^^^^^^^
  File "H:\algo\algo\.venv\Lib\site-packages\ccxt\base\types.py", line 35, in unbound_method
    return _self.request(self.path, self.api, self.method, params, config=self.config)
           ~~~~~~~~~~~~~^^^^^^^^^^^^^^^^^^^^^^^^^^^^^^^^^^^^^^^^^^^^^^^^^^^^^^^^^^^^^^
  File "H:\algo\algo\.venv\Lib\site-packages\ccxt\binance.py", line 11823, in request
    response = self.fetch2(path, api, method, params, headers, body, config)
  File "H:\algo\algo\.venv\Lib\site-packages\ccxt\base\exchange.py", line 5544, in fetch2
    raise e
  File "H:\algo\algo\.venv\Lib\site-packages\ccxt\base\exchange.py", line 5525, in fetch2
    response = self.fetch(request['url'], request['method'], request['headers'], request['body'])
  File "H:\algo\algo\.venv\Lib\site-packages\ccxt\base\exchange.py", line 635, in fetch
    http_response = self.on_rest_response(http_status_code, http_status_text, url, method, headers, response.text, request_headers, request_body)
                                                                                                    ^^^^^^^^^^^^^
  File "H:\algo\algo\.venv\Lib\site-packages\requests\models.py", line 1075, in text
    content = str(self.content, encoding or "utf-8", errors="replace")
MemoryError
2026-08-16 19:12:33,797 - INFO - Sending Telegram alert...
2026-08-16 19:12:35,199 - INFO - Telegram alert sent successfully.
2026-08-16 19:12:35,537 - INFO - Logged heartbeat status: ERROR
2026-08-16 19:12:35,540 - INFO - Adding job tentatively -- it will be properly scheduled when the scheduler starts
2026-08-16 19:12:35,540 - INFO - Bot bot-1786887342094-7c38 scheduled to check every 15 minutes.
2026-08-16 19:12:35,540 - INFO - Added job "LiveRunner.process_cycle" to job store "default"
2026-08-16 19:12:35,540 - INFO - Scheduler started
