/Users/ashishparadkar/Downloads/algo-code-main/.venv/lib/python3.9/site-packages/urllib3/__init__.py:35: NotOpenSSLWarning: urllib3 v2 only supports OpenSSL 1.1.1+, currently the 'ssl' module is compiled with 'LibreSSL 2.8.3'. See: https://github.com/urllib3/urllib3/issues/3020
  warnings.warn(
/Users/ashishparadkar/Downloads/algo-code-main/.venv/lib/python3.9/site-packages/urllib3/__init__.py:35: NotOpenSSLWarning: urllib3 v2 only supports OpenSSL 1.1.1+, currently the 'ssl' module is compiled with 'LibreSSL 2.8.3'. See: https://github.com/urllib3/urllib3/issues/3020
  warnings.warn(
2026-08-21 21:40:39,364 - INFO - Bot state startup reconciliation finished: 0 bot(s) reconciled to STOPPED.
2026-08-21 21:40:48,733 - INFO - Telegram notification service initialized successfully (Chat ID: 5657...)
2026-08-21 21:40:50,739 - INFO - Initializing scheduled trading bot live runner for bot-1787316014879-8492...
2026-08-21 21:40:51,617 - INFO - SQLite database tables verified/created.
2026-08-21 21:40:51,691 - INFO - Initializing CCXT Binance in TESTNET mode.
2026-08-21 21:45:36,235 - INFO - [bot-1787316014879-8492] Pre-flight instrument resolved: BTC/USDT (SPOT via binance_spot)
2026-08-21 21:45:42,688 - INFO - [bot-1787316014879-8492] Starting signal check cycle for BTC/USDT (15m)...
2026-08-21 21:45:43,432 - INFO - Fetching recent candles for BTC/USDT (15m) [Bot: bot-1787316014879-8492] via ProviderManager...
2026-08-21 22:00:03,567 - INFO - Indicators computed | close=77310.28 ema_9=77261.27 ema_20=77225.63 ema_50=76592.97 ema_200=72796.28 macd=111.1917 poc=63050.0 val=62700.0 vah=72550.0
2026-08-21 22:00:05,750 - INFO - [bot-1787316014879-8492] Evaluating strategy on completed candle: 2026-08-21 16:00:00+00:00 at Close price: 76858.57
2026-08-21 22:00:10,751 - INFO - Confluence Evaluation | Regime: TRENDING (ADX=27.9) | Direction: HOLD | BullScore: 0.0% | BearScore: 21.1% | Active: ['ema', 'macd', 'vp']
2026-08-21 22:00:13,966 - INFO - Signal evaluated: HOLD. Reason/Details: Confluence score: 21% (HOLD)
2026-08-21 22:00:18,472 - INFO - Logged heartbeat status: OK
2026-08-21 22:00:25,948 - INFO - Adding job tentatively -- it will be properly scheduled when the scheduler starts
2026-08-21 22:00:25,964 - INFO - Bot bot-1787316014879-8492 scheduled to check every 15 minutes.
2026-08-21 22:00:28,195 - INFO - Added job "LiveRunner.process_cycle" to job store "default"
2026-08-21 22:00:28,219 - INFO - Scheduler started
2026-08-21 22:15:25,315 - INFO - Running job "LiveRunner.process_cycle (trigger: interval[0:15:00], next run at: 2026-08-21 22:15:24 IST)" (scheduled at 2026-08-21 22:15:24.930418+05:30)
2026-08-21 22:15:25,767 - INFO - [bot-1787316014879-8492] Starting signal check cycle for BTC/USDT (15m)...
2026-08-21 22:15:25,989 - INFO - Fetching recent candles for BTC/USDT (15m) [Bot: bot-1787316014879-8492] via ProviderManager...
2026-08-21 22:15:31,167 - INFO - Indicators computed | close=77330.00 ema_9=77300.56 ema_20=77253.06 ema_50=76653.52 ema_200=72887.09 macd=110.3991 poc=63050.0 val=62700.0 vah=72575.0
2026-08-21 22:15:31,200 - INFO - [bot-1787316014879-8492] Evaluating strategy on completed candle: 2026-08-21 16:30:00+00:00 at Close price: 77362.04
2026-08-21 22:15:31,291 - INFO - Confluence Evaluation | Regime: TRENDING (ADX=28.9) | Direction: HOLD | BullScore: 39.5% | BearScore: 21.1% | Active: ['ema', 'macd', 'vp']
2026-08-21 22:15:31,466 - INFO - Signal evaluated: HOLD. Reason/Details: Confluence score: 40% (HOLD)
2026-08-21 22:15:31,868 - INFO - Logged heartbeat status: OK
2026-08-21 22:15:31,873 - INFO - Job "LiveRunner.process_cycle (trigger: interval[0:15:00], next run at: 2026-08-21 22:30:24 IST)" executed successfully
2026-08-21 22:30:25,082 - INFO - Running job "LiveRunner.process_cycle (trigger: interval[0:15:00], next run at: 2026-08-21 22:45:24 IST)" (scheduled at 2026-08-21 22:30:24.930418+05:30)
2026-08-21 22:30:25,216 - INFO - [bot-1787316014879-8492] Starting signal check cycle for BTC/USDT (15m)...
2026-08-21 22:30:25,255 - INFO - Fetching recent candles for BTC/USDT (15m) [Bot: bot-1787316014879-8492] via ProviderManager...
2026-08-21 22:30:26,894 - INFO - Indicators computed | close=77486.91 ema_9=77362.79 ema_20=77288.77 ema_50=76692.08 ema_200=72934.39 macd=127.2725 poc=63050.0 val=62700.0 vah=72575.0
2026-08-21 22:30:26,898 - INFO - [bot-1787316014879-8492] Evaluating strategy on completed candle: 2026-08-21 16:45:00+00:00 at Close price: 77486.01
2026-08-21 22:30:27,031 - INFO - Confluence Evaluation | Regime: TRENDING (ADX=27.4) | Direction: HOLD | BullScore: 39.5% | BearScore: 21.1% | Active: ['ema', 'macd', 'vp']
2026-08-21 22:30:27,153 - INFO - Signal evaluated: HOLD. Reason/Details: Confluence score: 40% (HOLD)
2026-08-21 22:30:27,511 - INFO - Logged heartbeat status: OK
2026-08-21 22:30:27,512 - INFO - Job "LiveRunner.process_cycle (trigger: interval[0:15:00], next run at: 2026-08-21 22:45:24 IST)" executed successfully
