2026-08-15 17:38:09,080 - INFO - Initializing scheduled trading bot live runner for bot-1786795301076-90a2...
2026-08-15 17:50:30,988 - INFO - Initializing scheduled trading bot live runner for bot-1786795301076-90a2...
2026-08-15 17:54:36,887 - INFO - Initializing scheduled trading bot live runner for bot-1786795301076-90a2...
2026-08-15 17:54:36,916 - INFO - SQLite database tables verified/created.
2026-08-15 17:54:36,934 - INFO - Initializing CCXT Binance in TESTNET mode.
2026-08-15 19:37:56,843 - INFO - Initializing scheduled trading bot live runner for bot-1786795301076-90a2...
2026-08-15 19:37:56,876 - INFO - SQLite database tables verified/created.
2026-08-15 19:37:56,894 - INFO - Initializing CCXT Binance in TESTNET mode.
2026-08-15 20:22:02,312 - INFO - BotWatchdog thread started.
2026-08-15 20:22:02,312 - INFO - BotWatchdog singleton background thread started.
2026-08-15 20:22:02,371 - INFO - Initializing scheduled trading bot live runner for bot-1786795301076-90a2...
2026-08-15 20:22:02,396 - INFO - SQLite database tables verified/created.
2026-08-15 20:23:00,960 - INFO - Initializing scheduled trading bot live runner for bot-1786795301076-90a2...
2026-08-15 20:23:01,003 - INFO - SQLite database tables verified/created.
2026-08-15 20:54:02,956 - INFO - BotWatchdog thread started.
2026-08-15 20:54:02,956 - INFO - BotWatchdog singleton background thread started.
2026-08-15 20:54:03,509 - INFO - Initializing scheduled trading bot live runner for bot-1786795301076-90a2...
2026-08-15 20:54:05,948 - INFO - SQLite database tables verified/created.
2026-08-15 20:54:06,495 - INFO - Initializing CCXT Binance in TESTNET mode.
2026-08-15 20:54:08,462 - INFO - Initializing CCXT Binance in MAINNET mode (Public endpoints).
2026-08-15 20:54:08,522 - INFO - Sending Telegram alert...
2026-08-15 20:54:31,299 - ERROR - Error logging Telegram event: database is locked
2026-08-15 20:54:31,360 - INFO - Telegram alert sent successfully.
2026-08-15 20:54:31,438 - INFO - [bot-1786795301076-90a2] Starting signal check cycle for BTC/USDT (5m)...
2026-08-15 20:54:42,724 - ERROR - Error logging bot activity for bot-1786795301076-90a2: database is locked
2026-08-15 20:54:42,750 - INFO - Fetching recent candles for BTC/USDT (5m) [Bot: bot-1786795301076-90a2]...
2026-08-15 20:55:44,119 - ERROR - Error fetching live OHLCV for BTC/USDT 5m: 
2026-08-15 20:55:44,144 - ERROR - System Error in runner execution cycle: 
Traceback (most recent call last):
  File "H:\algo\algo\btc-bot\src\live_runner.py", line 161, in process_cycle
    df = self.mainnet_fetcher.fetch_live_ohlcv(self.symbol, self.timeframe, limit=1000)
  File "H:\algo\algo\btc-bot\src\data_fetcher.py", line 196, in fetch_live_ohlcv
    raise e
  File "H:\algo\algo\btc-bot\src\data_fetcher.py", line 175, in fetch_live_ohlcv
    candles = self.exchange.fetch_ohlcv(
        symbol=symbol,
        timeframe=timeframe,
        limit=limit
    )
  File "C:\Users\Admin\AppData\Local\Python\pythoncore-3.14-64\Lib\site-packages\ccxt\binance.py", line 4709, in fetch_ohlcv
    self.load_markets()
    ~~~~~~~~~~~~~~~~~^^
  File "C:\Users\Admin\AppData\Local\Python\pythoncore-3.14-64\Lib\site-packages\ccxt\base\exchange.py", line 1816, in load_markets
    markets = self.fetch_markets(params)
  File "C:\Users\Admin\AppData\Local\Python\pythoncore-3.14-64\Lib\site-packages\ccxt\binance.py", line 3241, in fetch_markets
    promisesRaw.append(self.publicGetExchangeInfo(params))
                       ~~~~~~~~~~~~~~~~~~~~~~~~~~^^^^^^^^
  File "C:\Users\Admin\AppData\Local\Python\pythoncore-3.14-64\Lib\site-packages\ccxt\base\types.py", line 35, in unbound_method
    return _self.request(self.path, self.api, self.method, params, config=self.config)
           ~~~~~~~~~~~~~^^^^^^^^^^^^^^^^^^^^^^^^^^^^^^^^^^^^^^^^^^^^^^^^^^^^^^^^^^^^^^
  File "C:\Users\Admin\AppData\Local\Python\pythoncore-3.14-64\Lib\site-packages\ccxt\binance.py", line 11819, in request
    response = self.fetch2(path, api, method, params, headers, body, config)
  File "C:\Users\Admin\AppData\Local\Python\pythoncore-3.14-64\Lib\site-packages\ccxt\base\exchange.py", line 5544, in fetch2
    raise e
  File "C:\Users\Admin\AppData\Local\Python\pythoncore-3.14-64\Lib\site-packages\ccxt\base\exchange.py", line 5525, in fetch2
    response = self.fetch(request['url'], request['method'], request['headers'], request['body'])
  File "C:\Users\Admin\AppData\Local\Python\pythoncore-3.14-64\Lib\site-packages\ccxt\base\exchange.py", line 635, in fetch
    http_response = self.on_rest_response(http_status_code, http_status_text, url, method, headers, response.text, request_headers, request_body)
                                                                                                    ^^^^^^^^^^^^^
  File "C:\Users\Admin\AppData\Local\Python\pythoncore-3.14-64\Lib\site-packages\requests\models.py", line 1075, in text
    content = str(self.content, encoding or "utf-8", errors="replace")
MemoryError
