/Users/ashishparadkar/Downloads/algo-code-main/.venv/lib/python3.9/site-packages/urllib3/__init__.py:35: NotOpenSSLWarning: urllib3 v2 only supports OpenSSL 1.1.1+, currently the 'ssl' module is compiled with 'LibreSSL 2.8.3'. See: https://github.com/urllib3/urllib3/issues/3020
  warnings.warn(
2026-08-20 12:39:32,468 - INFO - Bot state startup reconciliation finished: 0 bot(s) reconciled to STOPPED.
2026-08-20 12:39:32,866 - INFO - Telegram notification service initialized successfully (Chat ID: 5657...)
2026-08-20 12:39:33,013 - INFO - Initializing scheduled trading bot live runner for bot-1787209210084-6e7a...
2026-08-20 12:39:33,105 - INFO - SQLite database tables verified/created.
2026-08-20 12:39:33,458 - INFO - Initializing CCXT Binance in TESTNET mode.
2026-08-20 12:39:46,177 - INFO - [bot-1787209210084-6e7a] Pre-flight instrument resolved: NIFTY (INDEX via zerodha)
2026-08-20 12:39:46,253 - INFO - [bot-1787209210084-6e7a] Starting signal check cycle for NIFTY (15m)...
2026-08-20 12:39:46,519 - INFO - Fetching recent candles for NIFTY (15m) [Bot: bot-1787209210084-6e7a] via ProviderManager...
2026-08-20 12:39:46,520 - ERROR - System Error in runner execution cycle: PROVIDER_CAPABILITY_MISMATCH: Adapter Binance Spot API does not support INDEX instrument NIFTY.
Traceback (most recent call last):
  File "/Users/ashishparadkar/Downloads/algo-code-main/src/live_runner.py", line 199, in process_cycle
    df, _ = self.provider_manager.fetch_ohlcv_safe(self.symbol, self.timeframe, limit=1000)
  File "/Users/ashishparadkar/Downloads/algo-code-main/src/provider_manager.py", line 341, in fetch_ohlcv_safe
    raise ccxt.NotSupported(
ccxt.base.errors.NotSupported: PROVIDER_CAPABILITY_MISMATCH: Adapter Binance Spot API does not support INDEX instrument NIFTY.
2026-08-20 12:39:47,057 - WARNING - [bot-1787209210084-6e7a] Marked bot as non-retryable configuration error to prevent infinite error storm.
2026-08-20 12:39:47,358 - INFO - Logged heartbeat status: ERROR
2026-08-20 12:39:47,381 - INFO - Adding job tentatively -- it will be properly scheduled when the scheduler starts
2026-08-20 12:39:47,381 - INFO - Bot bot-1787209210084-6e7a scheduled to check every 15 minutes.
2026-08-20 12:39:47,387 - INFO - Added job "LiveRunner.process_cycle" to job store "default"
2026-08-20 12:39:47,387 - INFO - Scheduler started
