/Users/ashishparadkar/Downloads/algo-code-main/.venv/lib/python3.9/site-packages/urllib3/__init__.py:35: NotOpenSSLWarning: urllib3 v2 only supports OpenSSL 1.1.1+, currently the 'ssl' module is compiled with 'LibreSSL 2.8.3'. See: https://github.com/urllib3/urllib3/issues/3020
  warnings.warn(
/Users/ashishparadkar/Downloads/algo-code-main/.venv/lib/python3.9/site-packages/urllib3/__init__.py:35: NotOpenSSLWarning: urllib3 v2 only supports OpenSSL 1.1.1+, currently the 'ssl' module is compiled with 'LibreSSL 2.8.3'. See: https://github.com/urllib3/urllib3/issues/3020
  warnings.warn(
2026-08-21 21:40:30,351 - INFO - Bot state startup reconciliation finished: 0 bot(s) reconciled to STOPPED.
2026-08-21 21:40:37,239 - INFO - Telegram notification service initialized successfully (Chat ID: 5657...)
2026-08-21 21:40:37,827 - INFO - Initializing scheduled trading bot live runner for bot-1787316174923-7356...
2026-08-21 21:40:40,289 - INFO - SQLite database tables verified/created.
2026-08-21 21:40:43,355 - INFO - Initializing CCXT Binance in TESTNET mode.
2026-08-21 21:45:28,374 - INFO - [bot-1787316174923-7356] Pre-flight instrument resolved: NIFTY (INDEX via zerodha)
2026-08-21 21:45:35,058 - INFO - [bot-1787316174923-7356] Starting signal check cycle for NIFTY (15m)...
2026-08-21 21:45:36,471 - INFO - Fetching recent candles for NIFTY (15m) [Bot: bot-1787316174923-7356] via ProviderManager...
2026-08-21 21:45:36,484 - ERROR - System Error in runner execution cycle: PROVIDER_CAPABILITY_MISMATCH: Adapter Binance Spot API does not support INDEX instrument NIFTY.
Traceback (most recent call last):
  File "/Users/ashishparadkar/Downloads/algo-code-main/src/live_runner.py", line 199, in process_cycle
    df, _ = self.provider_manager.fetch_ohlcv_safe(self.symbol, self.timeframe, limit=1000)
  File "/Users/ashishparadkar/Downloads/algo-code-main/src/provider_manager.py", line 341, in fetch_ohlcv_safe
    raise ccxt.NotSupported(
ccxt.base.errors.NotSupported: PROVIDER_CAPABILITY_MISMATCH: Adapter Binance Spot API does not support INDEX instrument NIFTY.
2026-08-21 21:45:58,880 - WARNING - [bot-1787316174923-7356] Marked bot as non-retryable configuration error to prevent infinite error storm.
2026-08-21 21:46:03,489 - INFO - Logged heartbeat status: ERROR
2026-08-21 21:46:06,574 - INFO - Adding job tentatively -- it will be properly scheduled when the scheduler starts
2026-08-21 21:46:06,578 - INFO - Bot bot-1787316174923-7356 scheduled to check every 15 minutes.
2026-08-21 21:46:07,800 - INFO - Added job "LiveRunner.process_cycle" to job store "default"
2026-08-21 21:46:07,800 - INFO - Scheduler started
2026-08-21 22:01:11,479 - WARNING - Run time of job "LiveRunner.process_cycle (trigger: interval[0:15:00], next run at: 2026-08-21 22:16:06 IST)" was missed by 0:00:04.577839
2026-08-21 22:16:07,002 - INFO - Running job "LiveRunner.process_cycle (trigger: interval[0:15:00], next run at: 2026-08-21 22:31:06 IST)" (scheduled at 2026-08-21 22:16:06.563447+05:30)
2026-08-21 22:16:07,065 - ERROR - [bot-1787316174923-7356] Halting runner cycle: Bot is configured with unexecutable instrument 'NIFTY'. Error: Fatal Non-Retryable Error: PROVIDER_CAPABILITY_MISMATCH: Adapter Binance Spot API does not support INDEX instrument NIFTY.
2026-08-21 22:16:07,582 - INFO - Job "LiveRunner.process_cycle (trigger: interval[0:15:00], next run at: 2026-08-21 22:31:06 IST)" executed successfully
2026-08-21 22:31:06,646 - INFO - Running job "LiveRunner.process_cycle (trigger: interval[0:15:00], next run at: 2026-08-21 22:46:06 IST)" (scheduled at 2026-08-21 22:31:06.563447+05:30)
2026-08-21 22:31:06,657 - ERROR - [bot-1787316174923-7356] Halting runner cycle: Bot is configured with unexecutable instrument 'NIFTY'. Error: Fatal Non-Retryable Error: PROVIDER_CAPABILITY_MISMATCH: Adapter Binance Spot API does not support INDEX instrument NIFTY.
2026-08-21 22:31:06,829 - INFO - Job "LiveRunner.process_cycle (trigger: interval[0:15:00], next run at: 2026-08-21 22:46:06 IST)" executed successfully
