/Users/ashishparadkar/Downloads/algo-code-main/.venv/lib/python3.9/site-packages/urllib3/__init__.py:35: NotOpenSSLWarning: urllib3 v2 only supports OpenSSL 1.1.1+, currently the 'ssl' module is compiled with 'LibreSSL 2.8.3'. See: https://github.com/urllib3/urllib3/issues/3020
  warnings.warn(
2026-08-18 12:50:24,344 - INFO - Initializing scheduled trading bot live runner for bot-1787026874581-6152...
2026-08-18 12:50:24,420 - INFO - SQLite database tables verified/created.
2026-08-18 12:50:24,534 - WARNING - Telegram alerts are DISABLED. Set TELEGRAM_BOT_TOKEN and TELEGRAM_CHAT_ID in your .env file.
2026-08-18 12:50:24,538 - INFO - Initializing CCXT Binance in TESTNET mode.
2026-08-18 12:50:26,309 - INFO - Initializing CCXT Binance in MAINNET mode (Public endpoints).
2026-08-18 12:50:26,325 - INFO - Skipping Telegram notification (disabled): 🚀 <b>ashish Started</b>
• <b>Symbol</b>: BTC-OPTIONS
• <b>Timeframe</b>: 5m
• <b>Status</b>: RUNNING
2026-08-18 12:50:26,328 - INFO - [bot-1787026874581-6152] Starting signal check cycle for BTC-OPTIONS (5m)...
2026-08-18 12:50:26,383 - INFO - Fetching recent candles for BTC-OPTIONS (5m) [Bot: bot-1787026874581-6152]...
2026-08-18 12:50:29,202 - ERROR - Error fetching live OHLCV for BTC-OPTIONS 5m: binance does not have market symbol BTC-OPTIONS
2026-08-18 12:50:29,203 - ERROR - System Error in runner execution cycle: binance does not have market symbol BTC-OPTIONS
Traceback (most recent call last):
  File "/Users/ashishparadkar/Downloads/algo-code-main/src/live_runner.py", line 167, in process_cycle
    df = self.mainnet_fetcher.fetch_live_ohlcv(self.symbol, self.timeframe, limit=1000)
  File "/Users/ashishparadkar/Downloads/algo-code-main/src/data_fetcher.py", line 196, in fetch_live_ohlcv
    raise e
  File "/Users/ashishparadkar/Downloads/algo-code-main/src/data_fetcher.py", line 175, in fetch_live_ohlcv
    candles = self.exchange.fetch_ohlcv(
  File "/Users/ashishparadkar/Downloads/algo-code-main/.venv/lib/python3.9/site-packages/ccxt/binance.py", line 4699, in fetch_ohlcv
    market = self.market(symbol)
  File "/Users/ashishparadkar/Downloads/algo-code-main/.venv/lib/python3.9/site-packages/ccxt/binance.py", line 2909, in market
    raise BadSymbol(self.id + ' does not have market symbol ' + symbol)
ccxt.base.errors.BadSymbol: binance does not have market symbol BTC-OPTIONS
2026-08-18 12:50:29,325 - INFO - Skipping Telegram notification (disabled): 🚨 <b>CRITICAL ERROR</b>: System Error in runner execution cycle: binance does not have market symbol BTC-OPTIONS
2026-08-18 12:50:29,550 - INFO - Logged heartbeat status: ERROR
2026-08-18 12:50:29,582 - INFO - Adding job tentatively -- it will be properly scheduled when the scheduler starts
2026-08-18 12:50:29,582 - INFO - Bot bot-1787026874581-6152 scheduled to check every 5 minutes.
2026-08-18 12:50:29,585 - INFO - Added job "LiveRunner.process_cycle" to job store "default"
2026-08-18 12:50:29,585 - INFO - Scheduler started
2026-08-18 12:55:29,602 - INFO - Running job "LiveRunner.process_cycle (trigger: interval[0:05:00], next run at: 2026-08-18 12:55:29 IST)" (scheduled at 2026-08-18 12:55:29.581715+05:30)
2026-08-18 12:55:29,614 - INFO - [bot-1787026874581-6152] Starting signal check cycle for BTC-OPTIONS (5m)...
2026-08-18 12:55:29,661 - INFO - Fetching recent candles for BTC-OPTIONS (5m) [Bot: bot-1787026874581-6152]...
2026-08-18 12:55:29,664 - ERROR - Error fetching live OHLCV for BTC-OPTIONS 5m: binance does not have market symbol BTC-OPTIONS
2026-08-18 12:55:29,664 - ERROR - System Error in runner execution cycle: binance does not have market symbol BTC-OPTIONS
Traceback (most recent call last):
  File "/Users/ashishparadkar/Downloads/algo-code-main/src/live_runner.py", line 167, in process_cycle
    df = self.mainnet_fetcher.fetch_live_ohlcv(self.symbol, self.timeframe, limit=1000)
  File "/Users/ashishparadkar/Downloads/algo-code-main/src/data_fetcher.py", line 196, in fetch_live_ohlcv
    raise e
  File "/Users/ashishparadkar/Downloads/algo-code-main/src/data_fetcher.py", line 175, in fetch_live_ohlcv
    candles = self.exchange.fetch_ohlcv(
  File "/Users/ashishparadkar/Downloads/algo-code-main/.venv/lib/python3.9/site-packages/ccxt/binance.py", line 4699, in fetch_ohlcv
    market = self.market(symbol)
  File "/Users/ashishparadkar/Downloads/algo-code-main/.venv/lib/python3.9/site-packages/ccxt/binance.py", line 2909, in market
    raise BadSymbol(self.id + ' does not have market symbol ' + symbol)
ccxt.base.errors.BadSymbol: binance does not have market symbol BTC-OPTIONS
2026-08-18 12:55:29,807 - INFO - Skipping Telegram notification (disabled): 🚨 <b>CRITICAL ERROR</b>: System Error in runner execution cycle: binance does not have market symbol BTC-OPTIONS
2026-08-18 12:55:30,032 - INFO - Logged heartbeat status: ERROR
2026-08-18 12:55:30,032 - INFO - Job "LiveRunner.process_cycle (trigger: interval[0:05:00], next run at: 2026-08-18 13:00:29 IST)" executed successfully
2026-08-18 13:00:29,615 - INFO - Running job "LiveRunner.process_cycle (trigger: interval[0:05:00], next run at: 2026-08-18 13:05:29 IST)" (scheduled at 2026-08-18 13:00:29.581715+05:30)
2026-08-18 13:00:29,623 - INFO - [bot-1787026874581-6152] Starting signal check cycle for BTC-OPTIONS (5m)...
2026-08-18 13:00:29,669 - INFO - Fetching recent candles for BTC-OPTIONS (5m) [Bot: bot-1787026874581-6152]...
2026-08-18 13:00:29,669 - ERROR - Error fetching live OHLCV for BTC-OPTIONS 5m: binance does not have market symbol BTC-OPTIONS
2026-08-18 13:00:29,669 - ERROR - System Error in runner execution cycle: binance does not have market symbol BTC-OPTIONS
Traceback (most recent call last):
  File "/Users/ashishparadkar/Downloads/algo-code-main/src/live_runner.py", line 167, in process_cycle
    df = self.mainnet_fetcher.fetch_live_ohlcv(self.symbol, self.timeframe, limit=1000)
  File "/Users/ashishparadkar/Downloads/algo-code-main/src/data_fetcher.py", line 196, in fetch_live_ohlcv
    raise e
  File "/Users/ashishparadkar/Downloads/algo-code-main/src/data_fetcher.py", line 175, in fetch_live_ohlcv
    candles = self.exchange.fetch_ohlcv(
  File "/Users/ashishparadkar/Downloads/algo-code-main/.venv/lib/python3.9/site-packages/ccxt/binance.py", line 4699, in fetch_ohlcv
    market = self.market(symbol)
  File "/Users/ashishparadkar/Downloads/algo-code-main/.venv/lib/python3.9/site-packages/ccxt/binance.py", line 2909, in market
    raise BadSymbol(self.id + ' does not have market symbol ' + symbol)
ccxt.base.errors.BadSymbol: binance does not have market symbol BTC-OPTIONS
2026-08-18 13:00:29,752 - INFO - Skipping Telegram notification (disabled): 🚨 <b>CRITICAL ERROR</b>: System Error in runner execution cycle: binance does not have market symbol BTC-OPTIONS
2026-08-18 13:00:29,873 - INFO - Logged heartbeat status: ERROR
2026-08-18 13:00:29,873 - INFO - Job "LiveRunner.process_cycle (trigger: interval[0:05:00], next run at: 2026-08-18 13:05:29 IST)" executed successfully
2026-08-18 13:05:29,598 - INFO - Running job "LiveRunner.process_cycle (trigger: interval[0:05:00], next run at: 2026-08-18 13:10:29 IST)" (scheduled at 2026-08-18 13:05:29.581715+05:30)
2026-08-18 13:05:29,605 - INFO - [bot-1787026874581-6152] Starting signal check cycle for BTC-OPTIONS (5m)...
2026-08-18 13:05:29,653 - INFO - Fetching recent candles for BTC-OPTIONS (5m) [Bot: bot-1787026874581-6152]...
2026-08-18 13:05:29,654 - ERROR - Error fetching live OHLCV for BTC-OPTIONS 5m: binance does not have market symbol BTC-OPTIONS
2026-08-18 13:05:29,654 - ERROR - System Error in runner execution cycle: binance does not have market symbol BTC-OPTIONS
Traceback (most recent call last):
  File "/Users/ashishparadkar/Downloads/algo-code-main/src/live_runner.py", line 167, in process_cycle
    df = self.mainnet_fetcher.fetch_live_ohlcv(self.symbol, self.timeframe, limit=1000)
  File "/Users/ashishparadkar/Downloads/algo-code-main/src/data_fetcher.py", line 196, in fetch_live_ohlcv
    raise e
  File "/Users/ashishparadkar/Downloads/algo-code-main/src/data_fetcher.py", line 175, in fetch_live_ohlcv
    candles = self.exchange.fetch_ohlcv(
  File "/Users/ashishparadkar/Downloads/algo-code-main/.venv/lib/python3.9/site-packages/ccxt/binance.py", line 4699, in fetch_ohlcv
    market = self.market(symbol)
  File "/Users/ashishparadkar/Downloads/algo-code-main/.venv/lib/python3.9/site-packages/ccxt/binance.py", line 2909, in market
    raise BadSymbol(self.id + ' does not have market symbol ' + symbol)
ccxt.base.errors.BadSymbol: binance does not have market symbol BTC-OPTIONS
2026-08-18 13:05:29,801 - INFO - Skipping Telegram notification (disabled): 🚨 <b>CRITICAL ERROR</b>: System Error in runner execution cycle: binance does not have market symbol BTC-OPTIONS
2026-08-18 13:05:30,003 - INFO - Logged heartbeat status: ERROR
2026-08-18 13:05:30,003 - INFO - Job "LiveRunner.process_cycle (trigger: interval[0:05:00], next run at: 2026-08-18 13:10:29 IST)" executed successfully
2026-08-18 13:55:45,284 - WARNING - Run time of job "LiveRunner.process_cycle (trigger: interval[0:05:00], next run at: 2026-08-18 14:00:29 IST)" was missed by 0:00:15.701675
2026-08-18 14:00:29,597 - INFO - Running job "LiveRunner.process_cycle (trigger: interval[0:05:00], next run at: 2026-08-18 14:05:29 IST)" (scheduled at 2026-08-18 14:00:29.581715+05:30)
2026-08-18 14:00:29,605 - INFO - [bot-1787026874581-6152] Starting signal check cycle for BTC-OPTIONS (5m)...
2026-08-18 14:00:29,653 - INFO - Fetching recent candles for BTC-OPTIONS (5m) [Bot: bot-1787026874581-6152]...
2026-08-18 14:00:29,656 - ERROR - Error fetching live OHLCV for BTC-OPTIONS 5m: binance does not have market symbol BTC-OPTIONS
2026-08-18 14:00:29,656 - ERROR - System Error in runner execution cycle: binance does not have market symbol BTC-OPTIONS
Traceback (most recent call last):
  File "/Users/ashishparadkar/Downloads/algo-code-main/src/live_runner.py", line 167, in process_cycle
    df = self.mainnet_fetcher.fetch_live_ohlcv(self.symbol, self.timeframe, limit=1000)
  File "/Users/ashishparadkar/Downloads/algo-code-main/src/data_fetcher.py", line 196, in fetch_live_ohlcv
    raise e
  File "/Users/ashishparadkar/Downloads/algo-code-main/src/data_fetcher.py", line 175, in fetch_live_ohlcv
    candles = self.exchange.fetch_ohlcv(
  File "/Users/ashishparadkar/Downloads/algo-code-main/.venv/lib/python3.9/site-packages/ccxt/binance.py", line 4699, in fetch_ohlcv
    market = self.market(symbol)
  File "/Users/ashishparadkar/Downloads/algo-code-main/.venv/lib/python3.9/site-packages/ccxt/binance.py", line 2909, in market
    raise BadSymbol(self.id + ' does not have market symbol ' + symbol)
ccxt.base.errors.BadSymbol: binance does not have market symbol BTC-OPTIONS
2026-08-18 14:00:29,805 - INFO - Skipping Telegram notification (disabled): 🚨 <b>CRITICAL ERROR</b>: System Error in runner execution cycle: binance does not have market symbol BTC-OPTIONS
2026-08-18 14:00:29,970 - INFO - Logged heartbeat status: ERROR
2026-08-18 14:00:29,970 - INFO - Job "LiveRunner.process_cycle (trigger: interval[0:05:00], next run at: 2026-08-18 14:05:29 IST)" executed successfully
2026-08-18 14:05:29,606 - INFO - Running job "LiveRunner.process_cycle (trigger: interval[0:05:00], next run at: 2026-08-18 14:10:29 IST)" (scheduled at 2026-08-18 14:05:29.581715+05:30)
2026-08-18 14:05:29,634 - INFO - [bot-1787026874581-6152] Starting signal check cycle for BTC-OPTIONS (5m)...
2026-08-18 14:05:29,707 - INFO - Fetching recent candles for BTC-OPTIONS (5m) [Bot: bot-1787026874581-6152]...
2026-08-18 14:05:29,710 - ERROR - Error fetching live OHLCV for BTC-OPTIONS 5m: binance does not have market symbol BTC-OPTIONS
2026-08-18 14:05:29,710 - ERROR - System Error in runner execution cycle: binance does not have market symbol BTC-OPTIONS
Traceback (most recent call last):
  File "/Users/ashishparadkar/Downloads/algo-code-main/src/live_runner.py", line 167, in process_cycle
    df = self.mainnet_fetcher.fetch_live_ohlcv(self.symbol, self.timeframe, limit=1000)
  File "/Users/ashishparadkar/Downloads/algo-code-main/src/data_fetcher.py", line 196, in fetch_live_ohlcv
    raise e
  File "/Users/ashishparadkar/Downloads/algo-code-main/src/data_fetcher.py", line 175, in fetch_live_ohlcv
    candles = self.exchange.fetch_ohlcv(
  File "/Users/ashishparadkar/Downloads/algo-code-main/.venv/lib/python3.9/site-packages/ccxt/binance.py", line 4699, in fetch_ohlcv
    market = self.market(symbol)
  File "/Users/ashishparadkar/Downloads/algo-code-main/.venv/lib/python3.9/site-packages/ccxt/binance.py", line 2909, in market
    raise BadSymbol(self.id + ' does not have market symbol ' + symbol)
ccxt.base.errors.BadSymbol: binance does not have market symbol BTC-OPTIONS
2026-08-18 14:05:29,921 - INFO - Skipping Telegram notification (disabled): 🚨 <b>CRITICAL ERROR</b>: System Error in runner execution cycle: binance does not have market symbol BTC-OPTIONS
2026-08-18 14:05:30,161 - INFO - Logged heartbeat status: ERROR
2026-08-18 14:05:30,161 - INFO - Job "LiveRunner.process_cycle (trigger: interval[0:05:00], next run at: 2026-08-18 14:10:29 IST)" executed successfully
/Users/ashishparadkar/Downloads/algo-code-main/.venv/lib/python3.9/site-packages/urllib3/__init__.py:35: NotOpenSSLWarning: urllib3 v2 only supports OpenSSL 1.1.1+, currently the 'ssl' module is compiled with 'LibreSSL 2.8.3'. See: https://github.com/urllib3/urllib3/issues/3020
  warnings.warn(
2026-08-18 14:35:48,882 - INFO - Initializing scheduled trading bot live runner for bot-1787026874581-6152...
2026-08-18 14:35:48,943 - INFO - SQLite database tables verified/created.
2026-08-18 14:35:48,998 - WARNING - Telegram alerts are DISABLED. Set TELEGRAM_BOT_TOKEN and TELEGRAM_CHAT_ID in your .env file.
2026-08-18 14:35:49,001 - INFO - Initializing CCXT Binance in TESTNET mode.
2026-08-18 14:35:51,320 - INFO - Initializing CCXT Binance in MAINNET mode (Public endpoints).
2026-08-18 14:35:51,347 - INFO - Skipping Telegram notification (disabled): 🚀 <b>ashish Started</b>
• <b>Symbol</b>: BTC-OPTIONS
• <b>Timeframe</b>: 5m
• <b>Status</b>: RUNNING
2026-08-18 14:35:51,349 - INFO - [bot-1787026874581-6152] Starting signal check cycle for BTC-OPTIONS (5m)...
2026-08-18 14:35:51,405 - INFO - Fetching recent candles for BTC-OPTIONS (5m) [Bot: bot-1787026874581-6152]...
2026-08-18 14:35:54,678 - ERROR - Error fetching live OHLCV for BTC-OPTIONS 5m: binance does not have market symbol BTC-OPTIONS
2026-08-18 14:35:54,680 - ERROR - System Error in runner execution cycle: binance does not have market symbol BTC-OPTIONS
Traceback (most recent call last):
  File "/Users/ashishparadkar/Downloads/algo-code-main/src/live_runner.py", line 167, in process_cycle
    df = self.mainnet_fetcher.fetch_live_ohlcv(self.symbol, self.timeframe, limit=1000)
  File "/Users/ashishparadkar/Downloads/algo-code-main/src/data_fetcher.py", line 196, in fetch_live_ohlcv
    raise e
  File "/Users/ashishparadkar/Downloads/algo-code-main/src/data_fetcher.py", line 175, in fetch_live_ohlcv
    candles = self.exchange.fetch_ohlcv(
  File "/Users/ashishparadkar/Downloads/algo-code-main/.venv/lib/python3.9/site-packages/ccxt/binance.py", line 4699, in fetch_ohlcv
    market = self.market(symbol)
  File "/Users/ashishparadkar/Downloads/algo-code-main/.venv/lib/python3.9/site-packages/ccxt/binance.py", line 2909, in market
    raise BadSymbol(self.id + ' does not have market symbol ' + symbol)
ccxt.base.errors.BadSymbol: binance does not have market symbol BTC-OPTIONS
2026-08-18 14:35:54,851 - INFO - Skipping Telegram notification (disabled): 🚨 <b>CRITICAL ERROR</b>: System Error in runner execution cycle: binance does not have market symbol BTC-OPTIONS
2026-08-18 14:35:55,054 - INFO - Logged heartbeat status: ERROR
2026-08-18 14:35:55,082 - INFO - Adding job tentatively -- it will be properly scheduled when the scheduler starts
2026-08-18 14:35:55,082 - INFO - Bot bot-1787026874581-6152 scheduled to check every 5 minutes.
2026-08-18 14:35:55,088 - INFO - Added job "LiveRunner.process_cycle" to job store "default"
2026-08-18 14:35:55,088 - INFO - Scheduler started
2026-08-18 14:40:55,103 - INFO - Running job "LiveRunner.process_cycle (trigger: interval[0:05:00], next run at: 2026-08-18 14:40:55 IST)" (scheduled at 2026-08-18 14:40:55.082349+05:30)
2026-08-18 14:40:55,111 - INFO - [bot-1787026874581-6152] Starting signal check cycle for BTC-OPTIONS (5m)...
2026-08-18 14:40:55,159 - INFO - Fetching recent candles for BTC-OPTIONS (5m) [Bot: bot-1787026874581-6152]...
2026-08-18 14:40:55,162 - ERROR - Error fetching live OHLCV for BTC-OPTIONS 5m: binance does not have market symbol BTC-OPTIONS
2026-08-18 14:40:55,162 - ERROR - System Error in runner execution cycle: binance does not have market symbol BTC-OPTIONS
Traceback (most recent call last):
  File "/Users/ashishparadkar/Downloads/algo-code-main/src/live_runner.py", line 167, in process_cycle
    df = self.mainnet_fetcher.fetch_live_ohlcv(self.symbol, self.timeframe, limit=1000)
  File "/Users/ashishparadkar/Downloads/algo-code-main/src/data_fetcher.py", line 196, in fetch_live_ohlcv
    raise e
  File "/Users/ashishparadkar/Downloads/algo-code-main/src/data_fetcher.py", line 175, in fetch_live_ohlcv
    candles = self.exchange.fetch_ohlcv(
  File "/Users/ashishparadkar/Downloads/algo-code-main/.venv/lib/python3.9/site-packages/ccxt/binance.py", line 4699, in fetch_ohlcv
    market = self.market(symbol)
  File "/Users/ashishparadkar/Downloads/algo-code-main/.venv/lib/python3.9/site-packages/ccxt/binance.py", line 2909, in market
    raise BadSymbol(self.id + ' does not have market symbol ' + symbol)
ccxt.base.errors.BadSymbol: binance does not have market symbol BTC-OPTIONS
2026-08-18 14:40:55,299 - INFO - Skipping Telegram notification (disabled): 🚨 <b>CRITICAL ERROR</b>: System Error in runner execution cycle: binance does not have market symbol BTC-OPTIONS
2026-08-18 14:40:55,508 - INFO - Logged heartbeat status: ERROR
2026-08-18 14:40:55,508 - INFO - Job "LiveRunner.process_cycle (trigger: interval[0:05:00], next run at: 2026-08-18 14:45:55 IST)" executed successfully
2026-08-18 14:45:55,096 - INFO - Running job "LiveRunner.process_cycle (trigger: interval[0:05:00], next run at: 2026-08-18 14:50:55 IST)" (scheduled at 2026-08-18 14:45:55.082349+05:30)
2026-08-18 14:45:55,103 - INFO - [bot-1787026874581-6152] Starting signal check cycle for BTC-OPTIONS (5m)...
2026-08-18 14:45:55,148 - INFO - Fetching recent candles for BTC-OPTIONS (5m) [Bot: bot-1787026874581-6152]...
2026-08-18 14:45:55,148 - ERROR - Error fetching live OHLCV for BTC-OPTIONS 5m: binance does not have market symbol BTC-OPTIONS
2026-08-18 14:45:55,149 - ERROR - System Error in runner execution cycle: binance does not have market symbol BTC-OPTIONS
Traceback (most recent call last):
  File "/Users/ashishparadkar/Downloads/algo-code-main/src/live_runner.py", line 167, in process_cycle
    df = self.mainnet_fetcher.fetch_live_ohlcv(self.symbol, self.timeframe, limit=1000)
  File "/Users/ashishparadkar/Downloads/algo-code-main/src/data_fetcher.py", line 196, in fetch_live_ohlcv
    raise e
  File "/Users/ashishparadkar/Downloads/algo-code-main/src/data_fetcher.py", line 175, in fetch_live_ohlcv
    candles = self.exchange.fetch_ohlcv(
  File "/Users/ashishparadkar/Downloads/algo-code-main/.venv/lib/python3.9/site-packages/ccxt/binance.py", line 4699, in fetch_ohlcv
    market = self.market(symbol)
  File "/Users/ashishparadkar/Downloads/algo-code-main/.venv/lib/python3.9/site-packages/ccxt/binance.py", line 2909, in market
    raise BadSymbol(self.id + ' does not have market symbol ' + symbol)
ccxt.base.errors.BadSymbol: binance does not have market symbol BTC-OPTIONS
2026-08-18 14:45:55,248 - INFO - Skipping Telegram notification (disabled): 🚨 <b>CRITICAL ERROR</b>: System Error in runner execution cycle: binance does not have market symbol BTC-OPTIONS
2026-08-18 14:45:55,456 - INFO - Logged heartbeat status: ERROR
2026-08-18 14:45:55,457 - INFO - Job "LiveRunner.process_cycle (trigger: interval[0:05:00], next run at: 2026-08-18 14:50:55 IST)" executed successfully
2026-08-18 14:50:55,113 - INFO - Running job "LiveRunner.process_cycle (trigger: interval[0:05:00], next run at: 2026-08-18 14:55:55 IST)" (scheduled at 2026-08-18 14:50:55.082349+05:30)
2026-08-18 14:50:55,121 - INFO - [bot-1787026874581-6152] Starting signal check cycle for BTC-OPTIONS (5m)...
2026-08-18 14:50:55,165 - INFO - Fetching recent candles for BTC-OPTIONS (5m) [Bot: bot-1787026874581-6152]...
2026-08-18 14:50:55,168 - ERROR - Error fetching live OHLCV for BTC-OPTIONS 5m: binance does not have market symbol BTC-OPTIONS
2026-08-18 14:50:55,168 - ERROR - System Error in runner execution cycle: binance does not have market symbol BTC-OPTIONS
Traceback (most recent call last):
  File "/Users/ashishparadkar/Downloads/algo-code-main/src/live_runner.py", line 167, in process_cycle
    df = self.mainnet_fetcher.fetch_live_ohlcv(self.symbol, self.timeframe, limit=1000)
  File "/Users/ashishparadkar/Downloads/algo-code-main/src/data_fetcher.py", line 196, in fetch_live_ohlcv
    raise e
  File "/Users/ashishparadkar/Downloads/algo-code-main/src/data_fetcher.py", line 175, in fetch_live_ohlcv
    candles = self.exchange.fetch_ohlcv(
  File "/Users/ashishparadkar/Downloads/algo-code-main/.venv/lib/python3.9/site-packages/ccxt/binance.py", line 4699, in fetch_ohlcv
    market = self.market(symbol)
  File "/Users/ashishparadkar/Downloads/algo-code-main/.venv/lib/python3.9/site-packages/ccxt/binance.py", line 2909, in market
    raise BadSymbol(self.id + ' does not have market symbol ' + symbol)
ccxt.base.errors.BadSymbol: binance does not have market symbol BTC-OPTIONS
2026-08-18 14:50:55,303 - INFO - Skipping Telegram notification (disabled): 🚨 <b>CRITICAL ERROR</b>: System Error in runner execution cycle: binance does not have market symbol BTC-OPTIONS
2026-08-18 14:50:55,542 - INFO - Logged heartbeat status: ERROR
2026-08-18 14:50:55,542 - INFO - Job "LiveRunner.process_cycle (trigger: interval[0:05:00], next run at: 2026-08-18 14:55:55 IST)" executed successfully
2026-08-18 14:55:55,093 - INFO - Running job "LiveRunner.process_cycle (trigger: interval[0:05:00], next run at: 2026-08-18 15:00:55 IST)" (scheduled at 2026-08-18 14:55:55.082349+05:30)
2026-08-18 14:55:55,101 - INFO - [bot-1787026874581-6152] Starting signal check cycle for BTC-OPTIONS (5m)...
2026-08-18 14:55:55,145 - INFO - Fetching recent candles for BTC-OPTIONS (5m) [Bot: bot-1787026874581-6152]...
2026-08-18 14:55:55,145 - ERROR - Error fetching live OHLCV for BTC-OPTIONS 5m: binance does not have market symbol BTC-OPTIONS
2026-08-18 14:55:55,145 - ERROR - System Error in runner execution cycle: binance does not have market symbol BTC-OPTIONS
Traceback (most recent call last):
  File "/Users/ashishparadkar/Downloads/algo-code-main/src/live_runner.py", line 167, in process_cycle
    df = self.mainnet_fetcher.fetch_live_ohlcv(self.symbol, self.timeframe, limit=1000)
  File "/Users/ashishparadkar/Downloads/algo-code-main/src/data_fetcher.py", line 196, in fetch_live_ohlcv
    raise e
  File "/Users/ashishparadkar/Downloads/algo-code-main/src/data_fetcher.py", line 175, in fetch_live_ohlcv
    candles = self.exchange.fetch_ohlcv(
  File "/Users/ashishparadkar/Downloads/algo-code-main/.venv/lib/python3.9/site-packages/ccxt/binance.py", line 4699, in fetch_ohlcv
    market = self.market(symbol)
  File "/Users/ashishparadkar/Downloads/algo-code-main/.venv/lib/python3.9/site-packages/ccxt/binance.py", line 2909, in market
    raise BadSymbol(self.id + ' does not have market symbol ' + symbol)
ccxt.base.errors.BadSymbol: binance does not have market symbol BTC-OPTIONS
2026-08-18 14:55:55,282 - INFO - Skipping Telegram notification (disabled): 🚨 <b>CRITICAL ERROR</b>: System Error in runner execution cycle: binance does not have market symbol BTC-OPTIONS
2026-08-18 14:55:55,484 - INFO - Logged heartbeat status: ERROR
2026-08-18 14:55:55,485 - INFO - Job "LiveRunner.process_cycle (trigger: interval[0:05:00], next run at: 2026-08-18 15:00:55 IST)" executed successfully
2026-08-18 15:00:55,097 - INFO - Running job "LiveRunner.process_cycle (trigger: interval[0:05:00], next run at: 2026-08-18 15:05:55 IST)" (scheduled at 2026-08-18 15:00:55.082349+05:30)
2026-08-18 15:00:55,104 - INFO - [bot-1787026874581-6152] Starting signal check cycle for BTC-OPTIONS (5m)...
2026-08-18 15:00:55,153 - INFO - Fetching recent candles for BTC-OPTIONS (5m) [Bot: bot-1787026874581-6152]...
2026-08-18 15:00:55,153 - ERROR - Error fetching live OHLCV for BTC-OPTIONS 5m: binance does not have market symbol BTC-OPTIONS
2026-08-18 15:00:55,153 - ERROR - System Error in runner execution cycle: binance does not have market symbol BTC-OPTIONS
Traceback (most recent call last):
  File "/Users/ashishparadkar/Downloads/algo-code-main/src/live_runner.py", line 167, in process_cycle
    df = self.mainnet_fetcher.fetch_live_ohlcv(self.symbol, self.timeframe, limit=1000)
  File "/Users/ashishparadkar/Downloads/algo-code-main/src/data_fetcher.py", line 196, in fetch_live_ohlcv
    raise e
  File "/Users/ashishparadkar/Downloads/algo-code-main/src/data_fetcher.py", line 175, in fetch_live_ohlcv
    candles = self.exchange.fetch_ohlcv(
  File "/Users/ashishparadkar/Downloads/algo-code-main/.venv/lib/python3.9/site-packages/ccxt/binance.py", line 4699, in fetch_ohlcv
    market = self.market(symbol)
  File "/Users/ashishparadkar/Downloads/algo-code-main/.venv/lib/python3.9/site-packages/ccxt/binance.py", line 2909, in market
    raise BadSymbol(self.id + ' does not have market symbol ' + symbol)
ccxt.base.errors.BadSymbol: binance does not have market symbol BTC-OPTIONS
2026-08-18 15:00:55,275 - INFO - Skipping Telegram notification (disabled): 🚨 <b>CRITICAL ERROR</b>: System Error in runner execution cycle: binance does not have market symbol BTC-OPTIONS
2026-08-18 15:00:55,471 - INFO - Logged heartbeat status: ERROR
2026-08-18 15:00:55,472 - INFO - Job "LiveRunner.process_cycle (trigger: interval[0:05:00], next run at: 2026-08-18 15:05:55 IST)" executed successfully
2026-08-18 15:05:55,119 - INFO - Running job "LiveRunner.process_cycle (trigger: interval[0:05:00], next run at: 2026-08-18 15:10:55 IST)" (scheduled at 2026-08-18 15:05:55.082349+05:30)
2026-08-18 15:05:55,123 - INFO - [bot-1787026874581-6152] Starting signal check cycle for BTC-OPTIONS (5m)...
2026-08-18 15:05:55,164 - INFO - Fetching recent candles for BTC-OPTIONS (5m) [Bot: bot-1787026874581-6152]...
2026-08-18 15:05:55,165 - ERROR - Error fetching live OHLCV for BTC-OPTIONS 5m: binance does not have market symbol BTC-OPTIONS
2026-08-18 15:05:55,165 - ERROR - System Error in runner execution cycle: binance does not have market symbol BTC-OPTIONS
Traceback (most recent call last):
  File "/Users/ashishparadkar/Downloads/algo-code-main/src/live_runner.py", line 167, in process_cycle
    df = self.mainnet_fetcher.fetch_live_ohlcv(self.symbol, self.timeframe, limit=1000)
  File "/Users/ashishparadkar/Downloads/algo-code-main/src/data_fetcher.py", line 196, in fetch_live_ohlcv
    raise e
  File "/Users/ashishparadkar/Downloads/algo-code-main/src/data_fetcher.py", line 175, in fetch_live_ohlcv
    candles = self.exchange.fetch_ohlcv(
  File "/Users/ashishparadkar/Downloads/algo-code-main/.venv/lib/python3.9/site-packages/ccxt/binance.py", line 4699, in fetch_ohlcv
    market = self.market(symbol)
  File "/Users/ashishparadkar/Downloads/algo-code-main/.venv/lib/python3.9/site-packages/ccxt/binance.py", line 2909, in market
    raise BadSymbol(self.id + ' does not have market symbol ' + symbol)
ccxt.base.errors.BadSymbol: binance does not have market symbol BTC-OPTIONS
2026-08-18 15:05:55,304 - INFO - Skipping Telegram notification (disabled): 🚨 <b>CRITICAL ERROR</b>: System Error in runner execution cycle: binance does not have market symbol BTC-OPTIONS
2026-08-18 15:05:55,591 - INFO - Logged heartbeat status: ERROR
2026-08-18 15:05:55,592 - INFO - Job "LiveRunner.process_cycle (trigger: interval[0:05:00], next run at: 2026-08-18 15:10:55 IST)" executed successfully
2026-08-18 16:16:32,725 - WARNING - Run time of job "LiveRunner.process_cycle (trigger: interval[0:05:00], next run at: 2026-08-18 16:20:55 IST)" was missed by 0:00:37.642493
2026-08-18 16:20:55,094 - INFO - Running job "LiveRunner.process_cycle (trigger: interval[0:05:00], next run at: 2026-08-18 16:25:55 IST)" (scheduled at 2026-08-18 16:20:55.082349+05:30)
2026-08-18 16:20:55,106 - INFO - [bot-1787026874581-6152] Starting signal check cycle for BTC-OPTIONS (5m)...
2026-08-18 16:20:55,150 - INFO - Fetching recent candles for BTC-OPTIONS (5m) [Bot: bot-1787026874581-6152]...
2026-08-18 16:20:55,152 - ERROR - Error fetching live OHLCV for BTC-OPTIONS 5m: binance does not have market symbol BTC-OPTIONS
2026-08-18 16:20:55,153 - ERROR - System Error in runner execution cycle: binance does not have market symbol BTC-OPTIONS
Traceback (most recent call last):
  File "/Users/ashishparadkar/Downloads/algo-code-main/src/live_runner.py", line 167, in process_cycle
    df = self.mainnet_fetcher.fetch_live_ohlcv(self.symbol, self.timeframe, limit=1000)
  File "/Users/ashishparadkar/Downloads/algo-code-main/src/data_fetcher.py", line 196, in fetch_live_ohlcv
    raise e
  File "/Users/ashishparadkar/Downloads/algo-code-main/src/data_fetcher.py", line 175, in fetch_live_ohlcv
    candles = self.exchange.fetch_ohlcv(
  File "/Users/ashishparadkar/Downloads/algo-code-main/.venv/lib/python3.9/site-packages/ccxt/binance.py", line 4699, in fetch_ohlcv
    market = self.market(symbol)
  File "/Users/ashishparadkar/Downloads/algo-code-main/.venv/lib/python3.9/site-packages/ccxt/binance.py", line 2909, in market
    raise BadSymbol(self.id + ' does not have market symbol ' + symbol)
ccxt.base.errors.BadSymbol: binance does not have market symbol BTC-OPTIONS
2026-08-18 16:20:55,293 - INFO - Skipping Telegram notification (disabled): 🚨 <b>CRITICAL ERROR</b>: System Error in runner execution cycle: binance does not have market symbol BTC-OPTIONS
2026-08-18 16:20:55,468 - INFO - Logged heartbeat status: ERROR
2026-08-18 16:20:55,468 - INFO - Job "LiveRunner.process_cycle (trigger: interval[0:05:00], next run at: 2026-08-18 16:25:55 IST)" executed successfully
2026-08-18 16:38:16,837 - WARNING - Run time of job "LiveRunner.process_cycle (trigger: interval[0:05:00], next run at: 2026-08-18 16:40:55 IST)" was missed by 0:02:21.754849
2026-08-18 16:40:55,091 - INFO - Running job "LiveRunner.process_cycle (trigger: interval[0:05:00], next run at: 2026-08-18 16:45:55 IST)" (scheduled at 2026-08-18 16:40:55.082349+05:30)
2026-08-18 16:40:55,104 - INFO - [bot-1787026874581-6152] Starting signal check cycle for BTC-OPTIONS (5m)...
2026-08-18 16:40:55,152 - INFO - Fetching recent candles for BTC-OPTIONS (5m) [Bot: bot-1787026874581-6152]...
2026-08-18 16:40:55,156 - ERROR - Error fetching live OHLCV for BTC-OPTIONS 5m: binance does not have market symbol BTC-OPTIONS
2026-08-18 16:40:55,156 - ERROR - System Error in runner execution cycle: binance does not have market symbol BTC-OPTIONS
Traceback (most recent call last):
  File "/Users/ashishparadkar/Downloads/algo-code-main/src/live_runner.py", line 167, in process_cycle
    df = self.mainnet_fetcher.fetch_live_ohlcv(self.symbol, self.timeframe, limit=1000)
  File "/Users/ashishparadkar/Downloads/algo-code-main/src/data_fetcher.py", line 196, in fetch_live_ohlcv
    raise e
  File "/Users/ashishparadkar/Downloads/algo-code-main/src/data_fetcher.py", line 175, in fetch_live_ohlcv
    candles = self.exchange.fetch_ohlcv(
  File "/Users/ashishparadkar/Downloads/algo-code-main/.venv/lib/python3.9/site-packages/ccxt/binance.py", line 4699, in fetch_ohlcv
    market = self.market(symbol)
  File "/Users/ashishparadkar/Downloads/algo-code-main/.venv/lib/python3.9/site-packages/ccxt/binance.py", line 2909, in market
    raise BadSymbol(self.id + ' does not have market symbol ' + symbol)
ccxt.base.errors.BadSymbol: binance does not have market symbol BTC-OPTIONS
2026-08-18 16:40:55,286 - INFO - Skipping Telegram notification (disabled): 🚨 <b>CRITICAL ERROR</b>: System Error in runner execution cycle: binance does not have market symbol BTC-OPTIONS
2026-08-18 16:40:55,505 - INFO - Logged heartbeat status: ERROR
2026-08-18 16:40:55,505 - INFO - Job "LiveRunner.process_cycle (trigger: interval[0:05:00], next run at: 2026-08-18 16:45:55 IST)" executed successfully
2026-08-18 16:45:55,101 - INFO - Running job "LiveRunner.process_cycle (trigger: interval[0:05:00], next run at: 2026-08-18 16:50:55 IST)" (scheduled at 2026-08-18 16:45:55.082349+05:30)
2026-08-18 16:45:55,111 - INFO - [bot-1787026874581-6152] Starting signal check cycle for BTC-OPTIONS (5m)...
2026-08-18 16:45:55,165 - INFO - Fetching recent candles for BTC-OPTIONS (5m) [Bot: bot-1787026874581-6152]...
2026-08-18 16:45:55,167 - ERROR - Error fetching live OHLCV for BTC-OPTIONS 5m: binance does not have market symbol BTC-OPTIONS
2026-08-18 16:45:55,167 - ERROR - System Error in runner execution cycle: binance does not have market symbol BTC-OPTIONS
Traceback (most recent call last):
  File "/Users/ashishparadkar/Downloads/algo-code-main/src/live_runner.py", line 167, in process_cycle
    df = self.mainnet_fetcher.fetch_live_ohlcv(self.symbol, self.timeframe, limit=1000)
  File "/Users/ashishparadkar/Downloads/algo-code-main/src/data_fetcher.py", line 196, in fetch_live_ohlcv
    raise e
  File "/Users/ashishparadkar/Downloads/algo-code-main/src/data_fetcher.py", line 175, in fetch_live_ohlcv
    candles = self.exchange.fetch_ohlcv(
  File "/Users/ashishparadkar/Downloads/algo-code-main/.venv/lib/python3.9/site-packages/ccxt/binance.py", line 4699, in fetch_ohlcv
    market = self.market(symbol)
  File "/Users/ashishparadkar/Downloads/algo-code-main/.venv/lib/python3.9/site-packages/ccxt/binance.py", line 2909, in market
    raise BadSymbol(self.id + ' does not have market symbol ' + symbol)
ccxt.base.errors.BadSymbol: binance does not have market symbol BTC-OPTIONS
2026-08-18 16:45:55,307 - INFO - Skipping Telegram notification (disabled): 🚨 <b>CRITICAL ERROR</b>: System Error in runner execution cycle: binance does not have market symbol BTC-OPTIONS
2026-08-18 16:45:55,559 - INFO - Logged heartbeat status: ERROR
2026-08-18 16:45:55,560 - INFO - Job "LiveRunner.process_cycle (trigger: interval[0:05:00], next run at: 2026-08-18 16:50:55 IST)" executed successfully
2026-08-18 16:50:55,092 - INFO - Running job "LiveRunner.process_cycle (trigger: interval[0:05:00], next run at: 2026-08-18 16:55:55 IST)" (scheduled at 2026-08-18 16:50:55.082349+05:30)
2026-08-18 16:50:55,098 - INFO - [bot-1787026874581-6152] Starting signal check cycle for BTC-OPTIONS (5m)...
2026-08-18 16:50:55,145 - INFO - Fetching recent candles for BTC-OPTIONS (5m) [Bot: bot-1787026874581-6152]...
2026-08-18 16:50:55,145 - ERROR - Error fetching live OHLCV for BTC-OPTIONS 5m: binance does not have market symbol BTC-OPTIONS
2026-08-18 16:50:55,146 - ERROR - System Error in runner execution cycle: binance does not have market symbol BTC-OPTIONS
Traceback (most recent call last):
  File "/Users/ashishparadkar/Downloads/algo-code-main/src/live_runner.py", line 167, in process_cycle
    df = self.mainnet_fetcher.fetch_live_ohlcv(self.symbol, self.timeframe, limit=1000)
  File "/Users/ashishparadkar/Downloads/algo-code-main/src/data_fetcher.py", line 196, in fetch_live_ohlcv
    raise e
  File "/Users/ashishparadkar/Downloads/algo-code-main/src/data_fetcher.py", line 175, in fetch_live_ohlcv
    candles = self.exchange.fetch_ohlcv(
  File "/Users/ashishparadkar/Downloads/algo-code-main/.venv/lib/python3.9/site-packages/ccxt/binance.py", line 4699, in fetch_ohlcv
    market = self.market(symbol)
  File "/Users/ashishparadkar/Downloads/algo-code-main/.venv/lib/python3.9/site-packages/ccxt/binance.py", line 2909, in market
    raise BadSymbol(self.id + ' does not have market symbol ' + symbol)
ccxt.base.errors.BadSymbol: binance does not have market symbol BTC-OPTIONS
2026-08-18 16:50:55,287 - INFO - Skipping Telegram notification (disabled): 🚨 <b>CRITICAL ERROR</b>: System Error in runner execution cycle: binance does not have market symbol BTC-OPTIONS
2026-08-18 16:50:55,493 - INFO - Logged heartbeat status: ERROR
2026-08-18 16:50:55,493 - INFO - Job "LiveRunner.process_cycle (trigger: interval[0:05:00], next run at: 2026-08-18 16:55:55 IST)" executed successfully
2026-08-18 16:56:18,078 - WARNING - Run time of job "LiveRunner.process_cycle (trigger: interval[0:05:00], next run at: 2026-08-18 17:00:55 IST)" was missed by 0:00:22.993768
2026-08-18 17:00:55,100 - INFO - Running job "LiveRunner.process_cycle (trigger: interval[0:05:00], next run at: 2026-08-18 17:05:55 IST)" (scheduled at 2026-08-18 17:00:55.082349+05:30)
2026-08-18 17:00:55,111 - INFO - [bot-1787026874581-6152] Starting signal check cycle for BTC-OPTIONS (5m)...
2026-08-18 17:00:55,168 - INFO - Fetching recent candles for BTC-OPTIONS (5m) [Bot: bot-1787026874581-6152]...
2026-08-18 17:00:55,173 - ERROR - Error fetching live OHLCV for BTC-OPTIONS 5m: binance does not have market symbol BTC-OPTIONS
2026-08-18 17:00:55,174 - ERROR - System Error in runner execution cycle: binance does not have market symbol BTC-OPTIONS
Traceback (most recent call last):
  File "/Users/ashishparadkar/Downloads/algo-code-main/src/live_runner.py", line 167, in process_cycle
    df = self.mainnet_fetcher.fetch_live_ohlcv(self.symbol, self.timeframe, limit=1000)
  File "/Users/ashishparadkar/Downloads/algo-code-main/src/data_fetcher.py", line 196, in fetch_live_ohlcv
    raise e
  File "/Users/ashishparadkar/Downloads/algo-code-main/src/data_fetcher.py", line 175, in fetch_live_ohlcv
    candles = self.exchange.fetch_ohlcv(
  File "/Users/ashishparadkar/Downloads/algo-code-main/.venv/lib/python3.9/site-packages/ccxt/binance.py", line 4699, in fetch_ohlcv
    market = self.market(symbol)
  File "/Users/ashishparadkar/Downloads/algo-code-main/.venv/lib/python3.9/site-packages/ccxt/binance.py", line 2909, in market
    raise BadSymbol(self.id + ' does not have market symbol ' + symbol)
ccxt.base.errors.BadSymbol: binance does not have market symbol BTC-OPTIONS
2026-08-18 17:00:55,323 - INFO - Skipping Telegram notification (disabled): 🚨 <b>CRITICAL ERROR</b>: System Error in runner execution cycle: binance does not have market symbol BTC-OPTIONS
2026-08-18 17:00:55,526 - INFO - Logged heartbeat status: ERROR
2026-08-18 17:00:55,526 - INFO - Job "LiveRunner.process_cycle (trigger: interval[0:05:00], next run at: 2026-08-18 17:05:55 IST)" executed successfully
2026-08-18 17:05:55,098 - INFO - Running job "LiveRunner.process_cycle (trigger: interval[0:05:00], next run at: 2026-08-18 17:10:55 IST)" (scheduled at 2026-08-18 17:05:55.082349+05:30)
2026-08-18 17:05:55,109 - INFO - [bot-1787026874581-6152] Starting signal check cycle for BTC-OPTIONS (5m)...
2026-08-18 17:05:55,164 - INFO - Fetching recent candles for BTC-OPTIONS (5m) [Bot: bot-1787026874581-6152]...
2026-08-18 17:05:55,166 - ERROR - Error fetching live OHLCV for BTC-OPTIONS 5m: binance does not have market symbol BTC-OPTIONS
2026-08-18 17:05:55,166 - ERROR - System Error in runner execution cycle: binance does not have market symbol BTC-OPTIONS
Traceback (most recent call last):
  File "/Users/ashishparadkar/Downloads/algo-code-main/src/live_runner.py", line 167, in process_cycle
    df = self.mainnet_fetcher.fetch_live_ohlcv(self.symbol, self.timeframe, limit=1000)
  File "/Users/ashishparadkar/Downloads/algo-code-main/src/data_fetcher.py", line 196, in fetch_live_ohlcv
    raise e
  File "/Users/ashishparadkar/Downloads/algo-code-main/src/data_fetcher.py", line 175, in fetch_live_ohlcv
    candles = self.exchange.fetch_ohlcv(
  File "/Users/ashishparadkar/Downloads/algo-code-main/.venv/lib/python3.9/site-packages/ccxt/binance.py", line 4699, in fetch_ohlcv
    market = self.market(symbol)
  File "/Users/ashishparadkar/Downloads/algo-code-main/.venv/lib/python3.9/site-packages/ccxt/binance.py", line 2909, in market
    raise BadSymbol(self.id + ' does not have market symbol ' + symbol)
ccxt.base.errors.BadSymbol: binance does not have market symbol BTC-OPTIONS
2026-08-18 17:05:55,292 - INFO - Skipping Telegram notification (disabled): 🚨 <b>CRITICAL ERROR</b>: System Error in runner execution cycle: binance does not have market symbol BTC-OPTIONS
2026-08-18 17:05:55,470 - INFO - Logged heartbeat status: ERROR
2026-08-18 17:05:55,471 - INFO - Job "LiveRunner.process_cycle (trigger: interval[0:05:00], next run at: 2026-08-18 17:10:55 IST)" executed successfully
2026-08-18 17:10:55,098 - INFO - Running job "LiveRunner.process_cycle (trigger: interval[0:05:00], next run at: 2026-08-18 17:15:55 IST)" (scheduled at 2026-08-18 17:10:55.082349+05:30)
2026-08-18 17:10:55,111 - INFO - [bot-1787026874581-6152] Starting signal check cycle for BTC-OPTIONS (5m)...
2026-08-18 17:10:55,159 - INFO - Fetching recent candles for BTC-OPTIONS (5m) [Bot: bot-1787026874581-6152]...
2026-08-18 17:10:55,161 - ERROR - Error fetching live OHLCV for BTC-OPTIONS 5m: binance does not have market symbol BTC-OPTIONS
2026-08-18 17:10:55,162 - ERROR - System Error in runner execution cycle: binance does not have market symbol BTC-OPTIONS
Traceback (most recent call last):
  File "/Users/ashishparadkar/Downloads/algo-code-main/src/live_runner.py", line 167, in process_cycle
    df = self.mainnet_fetcher.fetch_live_ohlcv(self.symbol, self.timeframe, limit=1000)
  File "/Users/ashishparadkar/Downloads/algo-code-main/src/data_fetcher.py", line 196, in fetch_live_ohlcv
    raise e
  File "/Users/ashishparadkar/Downloads/algo-code-main/src/data_fetcher.py", line 175, in fetch_live_ohlcv
    candles = self.exchange.fetch_ohlcv(
  File "/Users/ashishparadkar/Downloads/algo-code-main/.venv/lib/python3.9/site-packages/ccxt/binance.py", line 4699, in fetch_ohlcv
    market = self.market(symbol)
  File "/Users/ashishparadkar/Downloads/algo-code-main/.venv/lib/python3.9/site-packages/ccxt/binance.py", line 2909, in market
    raise BadSymbol(self.id + ' does not have market symbol ' + symbol)
ccxt.base.errors.BadSymbol: binance does not have market symbol BTC-OPTIONS
2026-08-18 17:10:55,300 - INFO - Skipping Telegram notification (disabled): 🚨 <b>CRITICAL ERROR</b>: System Error in runner execution cycle: binance does not have market symbol BTC-OPTIONS
2026-08-18 17:10:55,568 - INFO - Logged heartbeat status: ERROR
2026-08-18 17:10:55,568 - INFO - Job "LiveRunner.process_cycle (trigger: interval[0:05:00], next run at: 2026-08-18 17:15:55 IST)" executed successfully
/Users/ashishparadkar/Downloads/algo-code-main/.venv/lib/python3.9/site-packages/urllib3/__init__.py:35: NotOpenSSLWarning: urllib3 v2 only supports OpenSSL 1.1.1+, currently the 'ssl' module is compiled with 'LibreSSL 2.8.3'. See: https://github.com/urllib3/urllib3/issues/3020
  warnings.warn(
2026-08-18 17:45:24,789 - INFO - Initializing scheduled trading bot live runner for bot-1787026874581-6152...
2026-08-18 17:45:24,850 - INFO - SQLite database tables verified/created.
2026-08-18 17:45:24,924 - WARNING - Telegram alerts are DISABLED. Set TELEGRAM_BOT_TOKEN and TELEGRAM_CHAT_ID in your .env file.
2026-08-18 17:45:24,930 - INFO - Initializing CCXT Binance in TESTNET mode.
2026-08-18 17:45:28,027 - INFO - Initializing CCXT Binance in MAINNET mode (Public endpoints).
2026-08-18 17:45:28,048 - INFO - Skipping Telegram notification (disabled): 🚀 <b>ashish Started</b>
• <b>Symbol</b>: BTC-OPTIONS
• <b>Timeframe</b>: 5m
• <b>Status</b>: RUNNING
2026-08-18 17:45:28,051 - INFO - [bot-1787026874581-6152] Starting signal check cycle for BTC-OPTIONS (5m)...
2026-08-18 17:45:28,101 - INFO - Fetching recent candles for BTC-OPTIONS (5m) [Bot: bot-1787026874581-6152]...
2026-08-18 17:45:33,040 - ERROR - Error fetching live OHLCV for BTC-OPTIONS 5m: binance does not have market symbol BTC-OPTIONS
2026-08-18 17:45:33,041 - ERROR - System Error in runner execution cycle: binance does not have market symbol BTC-OPTIONS
Traceback (most recent call last):
  File "/Users/ashishparadkar/Downloads/algo-code-main/src/live_runner.py", line 167, in process_cycle
    df = self.mainnet_fetcher.fetch_live_ohlcv(self.symbol, self.timeframe, limit=1000)
  File "/Users/ashishparadkar/Downloads/algo-code-main/src/data_fetcher.py", line 196, in fetch_live_ohlcv
    raise e
  File "/Users/ashishparadkar/Downloads/algo-code-main/src/data_fetcher.py", line 175, in fetch_live_ohlcv
    candles = self.exchange.fetch_ohlcv(
  File "/Users/ashishparadkar/Downloads/algo-code-main/.venv/lib/python3.9/site-packages/ccxt/binance.py", line 4699, in fetch_ohlcv
    market = self.market(symbol)
  File "/Users/ashishparadkar/Downloads/algo-code-main/.venv/lib/python3.9/site-packages/ccxt/binance.py", line 2909, in market
    raise BadSymbol(self.id + ' does not have market symbol ' + symbol)
ccxt.base.errors.BadSymbol: binance does not have market symbol BTC-OPTIONS
2026-08-18 17:45:33,195 - INFO - Skipping Telegram notification (disabled): 🚨 <b>CRITICAL ERROR</b>: System Error in runner execution cycle: binance does not have market symbol BTC-OPTIONS
2026-08-18 17:45:33,419 - INFO - Logged heartbeat status: ERROR
2026-08-18 17:45:33,430 - INFO - Adding job tentatively -- it will be properly scheduled when the scheduler starts
2026-08-18 17:45:33,430 - INFO - Bot bot-1787026874581-6152 scheduled to check every 5 minutes.
2026-08-18 17:45:33,435 - INFO - Added job "LiveRunner.process_cycle" to job store "default"
2026-08-18 17:45:33,435 - INFO - Scheduler started
2026-08-18 17:50:33,453 - INFO - Running job "LiveRunner.process_cycle (trigger: interval[0:05:00], next run at: 2026-08-18 17:50:33 IST)" (scheduled at 2026-08-18 17:50:33.429817+05:30)
2026-08-18 17:50:33,467 - INFO - [bot-1787026874581-6152] Starting signal check cycle for BTC-OPTIONS (5m)...
2026-08-18 17:50:33,513 - INFO - Fetching recent candles for BTC-OPTIONS (5m) [Bot: bot-1787026874581-6152]...
2026-08-18 17:50:33,514 - ERROR - Error fetching live OHLCV for BTC-OPTIONS 5m: binance does not have market symbol BTC-OPTIONS
2026-08-18 17:50:33,515 - ERROR - System Error in runner execution cycle: binance does not have market symbol BTC-OPTIONS
Traceback (most recent call last):
  File "/Users/ashishparadkar/Downloads/algo-code-main/src/live_runner.py", line 167, in process_cycle
    df = self.mainnet_fetcher.fetch_live_ohlcv(self.symbol, self.timeframe, limit=1000)
  File "/Users/ashishparadkar/Downloads/algo-code-main/src/data_fetcher.py", line 196, in fetch_live_ohlcv
    raise e
  File "/Users/ashishparadkar/Downloads/algo-code-main/src/data_fetcher.py", line 175, in fetch_live_ohlcv
    candles = self.exchange.fetch_ohlcv(
  File "/Users/ashishparadkar/Downloads/algo-code-main/.venv/lib/python3.9/site-packages/ccxt/binance.py", line 4699, in fetch_ohlcv
    market = self.market(symbol)
  File "/Users/ashishparadkar/Downloads/algo-code-main/.venv/lib/python3.9/site-packages/ccxt/binance.py", line 2909, in market
    raise BadSymbol(self.id + ' does not have market symbol ' + symbol)
ccxt.base.errors.BadSymbol: binance does not have market symbol BTC-OPTIONS
2026-08-18 17:50:33,616 - INFO - Skipping Telegram notification (disabled): 🚨 <b>CRITICAL ERROR</b>: System Error in runner execution cycle: binance does not have market symbol BTC-OPTIONS
2026-08-18 17:50:33,793 - INFO - Logged heartbeat status: ERROR
2026-08-18 17:50:33,793 - INFO - Job "LiveRunner.process_cycle (trigger: interval[0:05:00], next run at: 2026-08-18 17:55:33 IST)" executed successfully
2026-08-18 17:55:33,466 - INFO - Running job "LiveRunner.process_cycle (trigger: interval[0:05:00], next run at: 2026-08-18 18:00:33 IST)" (scheduled at 2026-08-18 17:55:33.429817+05:30)
2026-08-18 17:55:33,477 - INFO - [bot-1787026874581-6152] Starting signal check cycle for BTC-OPTIONS (5m)...
2026-08-18 17:55:33,533 - INFO - Fetching recent candles for BTC-OPTIONS (5m) [Bot: bot-1787026874581-6152]...
2026-08-18 17:55:33,533 - ERROR - Error fetching live OHLCV for BTC-OPTIONS 5m: binance does not have market symbol BTC-OPTIONS
2026-08-18 17:55:33,533 - ERROR - System Error in runner execution cycle: binance does not have market symbol BTC-OPTIONS
Traceback (most recent call last):
  File "/Users/ashishparadkar/Downloads/algo-code-main/src/live_runner.py", line 167, in process_cycle
    df = self.mainnet_fetcher.fetch_live_ohlcv(self.symbol, self.timeframe, limit=1000)
  File "/Users/ashishparadkar/Downloads/algo-code-main/src/data_fetcher.py", line 196, in fetch_live_ohlcv
    raise e
  File "/Users/ashishparadkar/Downloads/algo-code-main/src/data_fetcher.py", line 175, in fetch_live_ohlcv
    candles = self.exchange.fetch_ohlcv(
  File "/Users/ashishparadkar/Downloads/algo-code-main/.venv/lib/python3.9/site-packages/ccxt/binance.py", line 4699, in fetch_ohlcv
    market = self.market(symbol)
  File "/Users/ashishparadkar/Downloads/algo-code-main/.venv/lib/python3.9/site-packages/ccxt/binance.py", line 2909, in market
    raise BadSymbol(self.id + ' does not have market symbol ' + symbol)
ccxt.base.errors.BadSymbol: binance does not have market symbol BTC-OPTIONS
2026-08-18 17:55:33,735 - INFO - Skipping Telegram notification (disabled): 🚨 <b>CRITICAL ERROR</b>: System Error in runner execution cycle: binance does not have market symbol BTC-OPTIONS
2026-08-18 17:55:33,978 - INFO - Logged heartbeat status: ERROR
2026-08-18 17:55:33,980 - INFO - Job "LiveRunner.process_cycle (trigger: interval[0:05:00], next run at: 2026-08-18 18:00:33 IST)" executed successfully
2026-08-18 18:00:33,468 - INFO - Running job "LiveRunner.process_cycle (trigger: interval[0:05:00], next run at: 2026-08-18 18:05:33 IST)" (scheduled at 2026-08-18 18:00:33.429817+05:30)
2026-08-18 18:00:33,480 - INFO - [bot-1787026874581-6152] Starting signal check cycle for BTC-OPTIONS (5m)...
2026-08-18 18:00:33,527 - INFO - Fetching recent candles for BTC-OPTIONS (5m) [Bot: bot-1787026874581-6152]...
2026-08-18 18:00:33,529 - ERROR - Error fetching live OHLCV for BTC-OPTIONS 5m: binance does not have market symbol BTC-OPTIONS
2026-08-18 18:00:33,529 - ERROR - System Error in runner execution cycle: binance does not have market symbol BTC-OPTIONS
Traceback (most recent call last):
  File "/Users/ashishparadkar/Downloads/algo-code-main/src/live_runner.py", line 167, in process_cycle
    df = self.mainnet_fetcher.fetch_live_ohlcv(self.symbol, self.timeframe, limit=1000)
  File "/Users/ashishparadkar/Downloads/algo-code-main/src/data_fetcher.py", line 196, in fetch_live_ohlcv
    raise e
  File "/Users/ashishparadkar/Downloads/algo-code-main/src/data_fetcher.py", line 175, in fetch_live_ohlcv
    candles = self.exchange.fetch_ohlcv(
  File "/Users/ashishparadkar/Downloads/algo-code-main/.venv/lib/python3.9/site-packages/ccxt/binance.py", line 4699, in fetch_ohlcv
    market = self.market(symbol)
  File "/Users/ashishparadkar/Downloads/algo-code-main/.venv/lib/python3.9/site-packages/ccxt/binance.py", line 2909, in market
    raise BadSymbol(self.id + ' does not have market symbol ' + symbol)
ccxt.base.errors.BadSymbol: binance does not have market symbol BTC-OPTIONS
2026-08-18 18:00:33,630 - INFO - Skipping Telegram notification (disabled): 🚨 <b>CRITICAL ERROR</b>: System Error in runner execution cycle: binance does not have market symbol BTC-OPTIONS
2026-08-18 18:00:33,798 - INFO - Logged heartbeat status: ERROR
2026-08-18 18:00:33,798 - INFO - Job "LiveRunner.process_cycle (trigger: interval[0:05:00], next run at: 2026-08-18 18:05:33 IST)" executed successfully
2026-08-18 18:10:55,174 - WARNING - Run time of job "LiveRunner.process_cycle (trigger: interval[0:05:00], next run at: 2026-08-18 18:15:33 IST)" was missed by 0:00:21.743461
2026-08-18 18:15:33,444 - INFO - Running job "LiveRunner.process_cycle (trigger: interval[0:05:00], next run at: 2026-08-18 18:20:33 IST)" (scheduled at 2026-08-18 18:15:33.429817+05:30)
2026-08-18 18:15:33,459 - INFO - [bot-1787026874581-6152] Starting signal check cycle for BTC-OPTIONS (5m)...
2026-08-18 18:15:33,512 - INFO - Fetching recent candles for BTC-OPTIONS (5m) [Bot: bot-1787026874581-6152]...
2026-08-18 18:15:33,514 - ERROR - Error fetching live OHLCV for BTC-OPTIONS 5m: binance does not have market symbol BTC-OPTIONS
2026-08-18 18:15:33,514 - ERROR - System Error in runner execution cycle: binance does not have market symbol BTC-OPTIONS
Traceback (most recent call last):
  File "/Users/ashishparadkar/Downloads/algo-code-main/src/live_runner.py", line 167, in process_cycle
    df = self.mainnet_fetcher.fetch_live_ohlcv(self.symbol, self.timeframe, limit=1000)
  File "/Users/ashishparadkar/Downloads/algo-code-main/src/data_fetcher.py", line 196, in fetch_live_ohlcv
    raise e
  File "/Users/ashishparadkar/Downloads/algo-code-main/src/data_fetcher.py", line 175, in fetch_live_ohlcv
    candles = self.exchange.fetch_ohlcv(
  File "/Users/ashishparadkar/Downloads/algo-code-main/.venv/lib/python3.9/site-packages/ccxt/binance.py", line 4699, in fetch_ohlcv
    market = self.market(symbol)
  File "/Users/ashishparadkar/Downloads/algo-code-main/.venv/lib/python3.9/site-packages/ccxt/binance.py", line 2909, in market
    raise BadSymbol(self.id + ' does not have market symbol ' + symbol)
ccxt.base.errors.BadSymbol: binance does not have market symbol BTC-OPTIONS
2026-08-18 18:15:33,650 - INFO - Skipping Telegram notification (disabled): 🚨 <b>CRITICAL ERROR</b>: System Error in runner execution cycle: binance does not have market symbol BTC-OPTIONS
2026-08-18 18:15:33,907 - INFO - Logged heartbeat status: ERROR
2026-08-18 18:15:33,907 - INFO - Job "LiveRunner.process_cycle (trigger: interval[0:05:00], next run at: 2026-08-18 18:20:33 IST)" executed successfully
2026-08-18 18:20:33,474 - INFO - Running job "LiveRunner.process_cycle (trigger: interval[0:05:00], next run at: 2026-08-18 18:25:33 IST)" (scheduled at 2026-08-18 18:20:33.429817+05:30)
2026-08-18 18:20:33,486 - INFO - [bot-1787026874581-6152] Starting signal check cycle for BTC-OPTIONS (5m)...
2026-08-18 18:20:33,528 - INFO - Fetching recent candles for BTC-OPTIONS (5m) [Bot: bot-1787026874581-6152]...
2026-08-18 18:20:33,530 - ERROR - Error fetching live OHLCV for BTC-OPTIONS 5m: binance does not have market symbol BTC-OPTIONS
2026-08-18 18:20:33,530 - ERROR - System Error in runner execution cycle: binance does not have market symbol BTC-OPTIONS
Traceback (most recent call last):
  File "/Users/ashishparadkar/Downloads/algo-code-main/src/live_runner.py", line 167, in process_cycle
    df = self.mainnet_fetcher.fetch_live_ohlcv(self.symbol, self.timeframe, limit=1000)
  File "/Users/ashishparadkar/Downloads/algo-code-main/src/data_fetcher.py", line 196, in fetch_live_ohlcv
    raise e
  File "/Users/ashishparadkar/Downloads/algo-code-main/src/data_fetcher.py", line 175, in fetch_live_ohlcv
    candles = self.exchange.fetch_ohlcv(
  File "/Users/ashishparadkar/Downloads/algo-code-main/.venv/lib/python3.9/site-packages/ccxt/binance.py", line 4699, in fetch_ohlcv
    market = self.market(symbol)
  File "/Users/ashishparadkar/Downloads/algo-code-main/.venv/lib/python3.9/site-packages/ccxt/binance.py", line 2909, in market
    raise BadSymbol(self.id + ' does not have market symbol ' + symbol)
ccxt.base.errors.BadSymbol: binance does not have market symbol BTC-OPTIONS
2026-08-18 18:20:33,651 - INFO - Skipping Telegram notification (disabled): 🚨 <b>CRITICAL ERROR</b>: System Error in runner execution cycle: binance does not have market symbol BTC-OPTIONS
2026-08-18 18:20:33,759 - INFO - Logged heartbeat status: ERROR
2026-08-18 18:20:33,759 - INFO - Job "LiveRunner.process_cycle (trigger: interval[0:05:00], next run at: 2026-08-18 18:25:33 IST)" executed successfully
2026-08-18 18:25:33,444 - INFO - Running job "LiveRunner.process_cycle (trigger: interval[0:05:00], next run at: 2026-08-18 18:30:33 IST)" (scheduled at 2026-08-18 18:25:33.429817+05:30)
2026-08-18 18:25:33,453 - INFO - [bot-1787026874581-6152] Starting signal check cycle for BTC-OPTIONS (5m)...
2026-08-18 18:25:33,474 - INFO - Fetching recent candles for BTC-OPTIONS (5m) [Bot: bot-1787026874581-6152]...
2026-08-18 18:25:33,476 - ERROR - Error fetching live OHLCV for BTC-OPTIONS 5m: binance does not have market symbol BTC-OPTIONS
2026-08-18 18:25:33,477 - ERROR - System Error in runner execution cycle: binance does not have market symbol BTC-OPTIONS
Traceback (most recent call last):
  File "/Users/ashishparadkar/Downloads/algo-code-main/src/live_runner.py", line 167, in process_cycle
    df = self.mainnet_fetcher.fetch_live_ohlcv(self.symbol, self.timeframe, limit=1000)
  File "/Users/ashishparadkar/Downloads/algo-code-main/src/data_fetcher.py", line 196, in fetch_live_ohlcv
    raise e
  File "/Users/ashishparadkar/Downloads/algo-code-main/src/data_fetcher.py", line 175, in fetch_live_ohlcv
    candles = self.exchange.fetch_ohlcv(
  File "/Users/ashishparadkar/Downloads/algo-code-main/.venv/lib/python3.9/site-packages/ccxt/binance.py", line 4699, in fetch_ohlcv
    market = self.market(symbol)
  File "/Users/ashishparadkar/Downloads/algo-code-main/.venv/lib/python3.9/site-packages/ccxt/binance.py", line 2909, in market
    raise BadSymbol(self.id + ' does not have market symbol ' + symbol)
ccxt.base.errors.BadSymbol: binance does not have market symbol BTC-OPTIONS
2026-08-18 18:25:33,526 - INFO - Skipping Telegram notification (disabled): 🚨 <b>CRITICAL ERROR</b>: System Error in runner execution cycle: binance does not have market symbol BTC-OPTIONS
2026-08-18 18:25:33,673 - INFO - Logged heartbeat status: ERROR
2026-08-18 18:25:33,674 - INFO - Job "LiveRunner.process_cycle (trigger: interval[0:05:00], next run at: 2026-08-18 18:30:33 IST)" executed successfully
