/Users/ashishparadkar/Downloads/algo-code-main/.venv/lib/python3.9/site-packages/urllib3/__init__.py:35: NotOpenSSLWarning: urllib3 v2 only supports OpenSSL 1.1.1+, currently the 'ssl' module is compiled with 'LibreSSL 2.8.3'. See: https://github.com/urllib3/urllib3/issues/3020
  warnings.warn(
2026-08-21 18:15:58,540 - INFO - Bot state startup reconciliation finished: 0 bot(s) reconciled to STOPPED.
2026-08-21 18:16:01,478 - INFO - Telegram notification service initialized successfully (Chat ID: 5657...)
2026-08-21 18:16:02,144 - INFO - Initializing scheduled trading bot live runner for bot-1787305864920-cddf...
2026-08-21 18:16:04,597 - INFO - SQLite database tables verified/created.
2026-08-21 18:16:10,320 - INFO - Initializing CCXT Binance in TESTNET mode.
/Users/ashishparadkar/Downloads/algo-code-main/.venv/lib/python3.9/site-packages/urllib3/__init__.py:35: NotOpenSSLWarning: urllib3 v2 only supports OpenSSL 1.1.1+, currently the 'ssl' module is compiled with 'LibreSSL 2.8.3'. See: https://github.com/urllib3/urllib3/issues/3020
  warnings.warn(
2026-08-21 20:29:42,307 - INFO - Bot state startup reconciliation finished: 0 bot(s) reconciled to STOPPED.
2026-08-21 20:29:48,605 - INFO - Telegram notification service initialized successfully (Chat ID: 5657...)
2026-08-21 20:29:48,631 - INFO - Initializing scheduled trading bot live runner for bot-1787305864920-cddf...
2026-08-21 20:29:52,015 - INFO - SQLite database tables verified/created.
2026-08-21 20:29:54,798 - INFO - Initializing CCXT Binance in TESTNET mode.
/Users/ashishparadkar/Downloads/algo-code-main/.venv/lib/python3.9/site-packages/urllib3/__init__.py:35: NotOpenSSLWarning: urllib3 v2 only supports OpenSSL 1.1.1+, currently the 'ssl' module is compiled with 'LibreSSL 2.8.3'. See: https://github.com/urllib3/urllib3/issues/3020
  warnings.warn(
2026-08-21 21:37:03,514 - INFO - Bot state startup reconciliation finished: 0 bot(s) reconciled to STOPPED.
2026-08-21 21:37:13,601 - INFO - Telegram notification service initialized successfully (Chat ID: 5657...)
2026-08-21 21:37:14,199 - INFO - Initializing scheduled trading bot live runner for bot-1787305864920-cddf...
2026-08-21 21:37:15,037 - INFO - SQLite database tables verified/created.
2026-08-21 21:37:15,096 - INFO - Initializing CCXT Binance in TESTNET mode.
2026-08-21 21:39:52,244 - INFO - [bot-1787305864920-cddf] Pre-flight instrument resolved: BTC/USDT (SPOT via binance_spot)
2026-08-21 21:39:57,706 - INFO - [bot-1787305864920-cddf] Starting signal check cycle for BTC/USDT (15m)...
2026-08-21 21:39:58,695 - INFO - Fetching recent candles for BTC/USDT (15m) [Bot: bot-1787305864920-cddf] via ProviderManager...
2026-08-21 22:02:54,111 - INFO - Indicators computed | close=77339.99 ema_9=77288.79 ema_20=77242.86 ema_50=76625.04 ema_200=72842.21 macd=113.7383 poc=63050.0 val=62700.0 vah=72550.0
2026-08-21 22:02:54,675 - INFO - [bot-1787305864920-cddf] Evaluating strategy on completed candle: 2026-08-21 16:15:00+00:00 at Close price: 77383.87
2026-08-21 22:02:56,430 - INFO - Confluence Evaluation | Regime: TRENDING (ADX=29.4) | Direction: HOLD | BullScore: 39.5% | BearScore: 21.1% | Active: ['ema', 'macd', 'vp']
2026-08-21 22:02:57,176 - INFO - Signal evaluated: HOLD. Reason/Details: Confluence score: 40% (HOLD)
2026-08-21 22:02:58,338 - INFO - Logged heartbeat status: OK
2026-08-21 22:03:00,898 - INFO - Adding job tentatively -- it will be properly scheduled when the scheduler starts
2026-08-21 22:03:00,926 - INFO - Bot bot-1787305864920-cddf scheduled to check every 15 minutes.
2026-08-21 22:03:01,676 - INFO - Added job "LiveRunner.process_cycle" to job store "default"
2026-08-21 22:03:01,677 - INFO - Scheduler started
2026-08-21 22:18:00,632 - INFO - Running job "LiveRunner.process_cycle (trigger: interval[0:15:00], next run at: 2026-08-21 22:33:00 IST)" (scheduled at 2026-08-21 22:18:00.447982+05:30)
2026-08-21 22:18:00,706 - INFO - [bot-1787305864920-cddf] Starting signal check cycle for BTC/USDT (15m)...
2026-08-21 22:18:00,786 - INFO - Fetching recent candles for BTC/USDT (15m) [Bot: bot-1787305864920-cddf] via ProviderManager...
2026-08-21 22:18:01,839 - INFO - Indicators computed | close=77421.95 ema_9=77318.95 ema_20=77261.82 ema_50=76657.12 ema_200=72888.00 macd=117.7342 poc=63050.0 val=62700.0 vah=72575.0
2026-08-21 22:18:01,843 - INFO - [bot-1787305864920-cddf] Evaluating strategy on completed candle: 2026-08-21 16:30:00+00:00 at Close price: 77362.04
2026-08-21 22:18:01,967 - INFO - Confluence Evaluation | Regime: TRENDING (ADX=28.9) | Direction: HOLD | BullScore: 39.5% | BearScore: 21.1% | Active: ['ema', 'macd', 'vp']
2026-08-21 22:18:02,118 - INFO - Signal evaluated: HOLD. Reason/Details: Confluence score: 40% (HOLD)
2026-08-21 22:18:02,343 - INFO - Logged heartbeat status: OK
2026-08-21 22:18:02,344 - INFO - Job "LiveRunner.process_cycle (trigger: interval[0:15:00], next run at: 2026-08-21 22:33:00 IST)" executed successfully
2026-08-21 22:33:00,544 - INFO - Running job "LiveRunner.process_cycle (trigger: interval[0:15:00], next run at: 2026-08-21 22:48:00 IST)" (scheduled at 2026-08-21 22:33:00.447982+05:30)
2026-08-21 22:33:00,817 - INFO - [bot-1787305864920-cddf] Starting signal check cycle for BTC/USDT (15m)...
2026-08-21 22:33:00,947 - INFO - Fetching recent candles for BTC/USDT (15m) [Bot: bot-1787305864920-cddf] via ProviderManager...
2026-08-21 22:33:03,690 - INFO - Indicators computed | close=77558.99 ema_9=77377.21 ema_20=77295.64 ema_50=76694.90 ema_200=72935.11 macd=133.0225 poc=63050.0 val=62700.0 vah=72600.0
2026-08-21 22:33:03,697 - INFO - [bot-1787305864920-cddf] Evaluating strategy on completed candle: 2026-08-21 16:45:00+00:00 at Close price: 77486.01
2026-08-21 22:33:03,838 - INFO - Confluence Evaluation | Regime: TRENDING (ADX=27.4) | Direction: HOLD | BullScore: 39.5% | BearScore: 21.1% | Active: ['ema', 'macd', 'vp']
2026-08-21 22:33:04,228 - INFO - Signal evaluated: HOLD. Reason/Details: Confluence score: 40% (HOLD)
2026-08-21 22:33:04,525 - INFO - Logged heartbeat status: OK
2026-08-21 22:33:04,526 - INFO - Job "LiveRunner.process_cycle (trigger: interval[0:15:00], next run at: 2026-08-21 22:48:00 IST)" executed successfully
/Users/ashishparadkar/Downloads/algo-code-main/.venv/lib/python3.9/site-packages/urllib3/__init__.py:35: NotOpenSSLWarning: urllib3 v2 only supports OpenSSL 1.1.1+, currently the 'ssl' module is compiled with 'LibreSSL 2.8.3'. See: https://github.com/urllib3/urllib3/issues/3020
  warnings.warn(
2026-08-21 22:46:13,730 - INFO - Bot state startup reconciliation finished: 0 bot(s) reconciled to STOPPED.
2026-08-21 22:46:14,067 - INFO - Telegram notification service initialized successfully (Chat ID: 5657...)
2026-08-21 22:46:14,076 - INFO - Initializing scheduled trading bot live runner for bot-1787305864920-cddf...
2026-08-21 22:46:14,249 - INFO - SQLite database tables verified/created.
2026-08-21 22:46:14,669 - INFO - Initializing CCXT Binance in TESTNET mode.
2026-08-21 22:46:24,552 - INFO - [bot-1787305864920-cddf] Pre-flight instrument resolved: BTC/USDT (SPOT via binance_spot)
2026-08-21 22:46:24,751 - INFO - [bot-1787305864920-cddf] Starting signal check cycle for BTC/USDT (5m)...
2026-08-21 22:46:24,991 - INFO - Fetching recent candles for BTC/USDT (5m) [Bot: bot-1787305864920-cddf] via ProviderManager...
2026-08-21 22:46:54,160 - INFO - Indicators computed | close=77412.02 ema_9=77461.06 ema_20=77397.26 ema_50=77309.82 ema_200=76223.87 macd=64.0039 poc=69350.0 val=64025.0 vah=74600.0
2026-08-21 22:46:54,178 - INFO - [bot-1787305864920-cddf] Evaluating strategy on completed candle: 2026-08-21 17:10:00+00:00 at Close price: 77561.30
2026-08-21 22:46:54,404 - INFO - Confluence Evaluation | Regime: TRENDING (ADX=37.2) | Direction: LONG | BullScore: 78.9% | BearScore: 21.1% | Active: ['ema', 'macd', 'vp']
2026-08-21 22:46:54,493 - INFO - Capping position size 1.027063 BTC to available cash equivalent 0.128930 BTC.
2026-08-21 22:46:54,541 - INFO - Created pending signal approval ID 267 for bot bot-1787305864920-cddf (LONG @ $77561.30, status: WAITING_APPROVAL)
2026-08-21 22:46:54,573 - INFO - [bot-1787305864920-cddf] Signal LONG generated (ID: 267). Waiting for manual user approval.
2026-08-21 22:46:55,823 - INFO - Logged heartbeat status: OK
2026-08-21 22:46:55,894 - INFO - Adding job tentatively -- it will be properly scheduled when the scheduler starts
2026-08-21 22:46:55,895 - INFO - Bot bot-1787305864920-cddf scheduled to check every 5 minutes.
2026-08-21 22:46:55,908 - INFO - Added job "LiveRunner.process_cycle" to job store "default"
2026-08-21 22:46:55,909 - INFO - Scheduler started
