2026-08-16 13:27:23,379 - INFO - Initializing scheduled trading bot live runner for bot-1786867036425-3686...
2026-08-16 13:27:23,391 - INFO - SQLite database tables verified/created.
2026-08-16 13:27:23,405 - INFO - Initializing CCXT Binance in TESTNET mode.
2026-08-16 13:27:41,416 - INFO - Initializing scheduled trading bot live runner for bot-1786867036425-3686...
2026-08-16 13:27:41,471 - INFO - SQLite database tables verified/created.
2026-08-16 13:27:41,672 - INFO - Initializing CCXT Binance in TESTNET mode.
2026-08-16 13:27:43,891 - INFO - Initializing CCXT Binance in MAINNET mode (Public endpoints).
2026-08-16 13:27:43,907 - INFO - Sending Telegram alert...
2026-08-16 13:27:44,626 - INFO - Telegram alert sent successfully.
2026-08-16 13:27:44,629 - INFO - [bot-1786867036425-3686] Starting signal check cycle for BTC/USDT (5m)...
2026-08-16 13:27:44,635 - INFO - Fetching recent candles for BTC/USDT (5m) [Bot: bot-1786867036425-3686]...
2026-08-16 13:27:55,161 - INFO - Indicators computed | close=63061.03 ema_9=63060.94 ema_20=63063.21 ema_50=63075.00 ema_200=63082.96 macd=-4.4922 poc=63050.0 val=62600.0 vah=63425.0
2026-08-16 13:27:55,162 - INFO - [bot-1786867036425-3686] Evaluating strategy on completed candle: 2026-08-16T07:50:00+00:00 at Close price: 63061.03
2026-08-16 13:28:00,589 - INFO - Confluence Evaluation | Regime: TRENDING (ADX=27.8) | Direction: SHORT | BullScore: 11.8% | BearScore: 88.2% | Active: ['ema_9', 'ema_20', 'rsi', 'vwap', 'supertrend', 'atr']
2026-08-16 13:28:08,425 - INFO - Capping position size 4.611128 BTC to available cash equivalent 0.237865 BTC.
2026-08-16 13:28:14,313 - INFO - Created pending signal approval ID 196 for bot bot-1786867036425-3686 (SHORT @ $63061.03, status: WAITING_APPROVAL)
2026-08-16 13:28:15,144 - INFO - [bot-1786867036425-3686] Signal SHORT generated (ID: 196). Waiting for manual user approval.
2026-08-16 13:28:15,178 - INFO - Logged heartbeat status: OK
2026-08-16 13:28:15,181 - INFO - Adding job tentatively -- it will be properly scheduled when the scheduler starts
2026-08-16 13:28:15,181 - INFO - Bot bot-1786867036425-3686 scheduled to check every 5 minutes.
2026-08-16 13:28:15,181 - INFO - Added job "LiveRunner.process_cycle" to job store "default"
2026-08-16 13:28:15,181 - INFO - Scheduler started
