/Users/ashishparadkar/Downloads/algo-code-main/.venv/lib/python3.9/site-packages/urllib3/__init__.py:35: NotOpenSSLWarning: urllib3 v2 only supports OpenSSL 1.1.1+, currently the 'ssl' module is compiled with 'LibreSSL 2.8.3'. See: https://github.com/urllib3/urllib3/issues/3020
  warnings.warn(
/Users/ashishparadkar/Downloads/algo-code-main/.venv/lib/python3.9/site-packages/urllib3/__init__.py:35: NotOpenSSLWarning: urllib3 v2 only supports OpenSSL 1.1.1+, currently the 'ssl' module is compiled with 'LibreSSL 2.8.3'. See: https://github.com/urllib3/urllib3/issues/3020
  warnings.warn(
/Users/ashishparadkar/Downloads/algo-code-main/.venv/lib/python3.9/site-packages/urllib3/__init__.py:35: NotOpenSSLWarning: urllib3 v2 only supports OpenSSL 1.1.1+, currently the 'ssl' module is compiled with 'LibreSSL 2.8.3'. See: https://github.com/urllib3/urllib3/issues/3020
  warnings.warn(
2026-08-21 21:38:57,193 - INFO - Bot state startup reconciliation finished: 0 bot(s) reconciled to STOPPED.
2026-08-21 21:39:01,112 - INFO - Telegram notification service initialized successfully (Chat ID: 5657...)
2026-08-21 21:39:01,833 - INFO - Initializing scheduled trading bot live runner for bot-1787315803559-8d90...
2026-08-21 21:39:03,524 - INFO - SQLite database tables verified/created.
2026-08-21 21:39:06,093 - INFO - Initializing CCXT Binance in TESTNET mode.
2026-08-21 21:43:09,751 - INFO - [bot-1787315803559-8d90] Pre-flight instrument resolved: BTC/USDT (SPOT via binance_spot)
2026-08-21 21:43:18,132 - INFO - [bot-1787315803559-8d90] Starting signal check cycle for BTC/USDT (15m)...
2026-08-21 21:43:21,207 - INFO - Fetching recent candles for BTC/USDT (15m) [Bot: bot-1787315803559-8d90] via ProviderManager...
2026-08-21 22:03:19,325 - INFO - Indicators computed | close=77308.01 ema_9=77282.39 ema_20=77239.81 ema_50=76623.79 ema_200=72841.90 macd=111.1872 poc=63050.0 val=62700.0 vah=72550.0
2026-08-21 22:03:19,731 - INFO - [bot-1787315803559-8d90] Evaluating strategy on completed candle: 2026-08-21 16:15:00+00:00 at Close price: 77383.87
2026-08-21 22:03:20,789 - INFO - Confluence Evaluation | Regime: TRENDING (ADX=29.4) | Direction: HOLD | BullScore: 39.5% | BearScore: 21.1% | Active: ['ema', 'macd', 'vp']
2026-08-21 22:03:21,010 - INFO - Signal evaluated: HOLD. Reason/Details: Confluence score: 40% (HOLD)
2026-08-21 22:03:21,785 - INFO - Logged heartbeat status: OK
2026-08-21 22:03:23,661 - INFO - Adding job tentatively -- it will be properly scheduled when the scheduler starts
2026-08-21 22:03:23,662 - INFO - Bot bot-1787315803559-8d90 scheduled to check every 15 minutes.
2026-08-21 22:03:24,465 - INFO - Added job "LiveRunner.process_cycle" to job store "default"
2026-08-21 22:03:24,465 - INFO - Scheduler started
2026-08-21 22:18:23,588 - INFO - Running job "LiveRunner.process_cycle (trigger: interval[0:15:00], next run at: 2026-08-21 22:18:23 IST)" (scheduled at 2026-08-21 22:18:23.348705+05:30)
2026-08-21 22:18:23,722 - INFO - [bot-1787315803559-8d90] Starting signal check cycle for BTC/USDT (15m)...
2026-08-21 22:18:23,823 - INFO - Fetching recent candles for BTC/USDT (15m) [Bot: bot-1787315803559-8d90] via ProviderManager...
2026-08-21 22:18:25,015 - INFO - Indicators computed | close=77440.01 ema_9=77322.56 ema_20=77263.54 ema_50=76657.83 ema_200=72888.18 macd=119.1749 poc=63050.0 val=62700.0 vah=72575.0
2026-08-21 22:18:25,017 - INFO - [bot-1787315803559-8d90] Evaluating strategy on completed candle: 2026-08-21 16:30:00+00:00 at Close price: 77362.04
2026-08-21 22:18:25,132 - INFO - Confluence Evaluation | Regime: TRENDING (ADX=28.9) | Direction: HOLD | BullScore: 39.5% | BearScore: 21.1% | Active: ['ema', 'macd', 'vp']
2026-08-21 22:18:25,224 - INFO - Signal evaluated: HOLD. Reason/Details: Confluence score: 40% (HOLD)
2026-08-21 22:18:25,447 - INFO - Logged heartbeat status: OK
2026-08-21 22:18:25,449 - INFO - Job "LiveRunner.process_cycle (trigger: interval[0:15:00], next run at: 2026-08-21 22:33:23 IST)" executed successfully
2026-08-21 22:33:23,426 - INFO - Running job "LiveRunner.process_cycle (trigger: interval[0:15:00], next run at: 2026-08-21 22:48:23 IST)" (scheduled at 2026-08-21 22:33:23.348705+05:30)
2026-08-21 22:33:23,556 - INFO - [bot-1787315803559-8d90] Starting signal check cycle for BTC/USDT (15m)...
2026-08-21 22:33:23,625 - INFO - Fetching recent candles for BTC/USDT (15m) [Bot: bot-1787315803559-8d90] via ProviderManager...
2026-08-21 22:33:25,958 - INFO - Indicators computed | close=77578.00 ema_9=77381.01 ema_20=77297.45 ema_50=76695.65 ema_200=72935.30 macd=134.5390 poc=63050.0 val=62700.0 vah=72600.0
2026-08-21 22:33:25,968 - INFO - [bot-1787315803559-8d90] Evaluating strategy on completed candle: 2026-08-21 16:45:00+00:00 at Close price: 77486.01
2026-08-21 22:33:26,097 - INFO - Confluence Evaluation | Regime: TRENDING (ADX=27.4) | Direction: HOLD | BullScore: 39.5% | BearScore: 21.1% | Active: ['ema', 'macd', 'vp']
2026-08-21 22:33:26,210 - INFO - Signal evaluated: HOLD. Reason/Details: Confluence score: 40% (HOLD)
2026-08-21 22:33:27,399 - INFO - Logged heartbeat status: OK
2026-08-21 22:33:27,399 - INFO - Job "LiveRunner.process_cycle (trigger: interval[0:15:00], next run at: 2026-08-21 22:48:23 IST)" executed successfully
/Users/ashishparadkar/Downloads/algo-code-main/.venv/lib/python3.9/site-packages/urllib3/__init__.py:35: NotOpenSSLWarning: urllib3 v2 only supports OpenSSL 1.1.1+, currently the 'ssl' module is compiled with 'LibreSSL 2.8.3'. See: https://github.com/urllib3/urllib3/issues/3020
  warnings.warn(
2026-08-21 22:46:22,159 - INFO - Bot state startup reconciliation finished: 0 bot(s) reconciled to STOPPED.
2026-08-21 22:46:22,515 - INFO - Telegram notification service initialized successfully (Chat ID: 5657...)
2026-08-21 22:46:22,659 - INFO - Initializing scheduled trading bot live runner for bot-1787315803559-8d90...
2026-08-21 22:46:22,776 - INFO - SQLite database tables verified/created.
2026-08-21 22:46:23,065 - INFO - Initializing CCXT Binance in TESTNET mode.
2026-08-21 22:46:35,526 - INFO - [bot-1787315803559-8d90] Pre-flight instrument resolved: BTC/USDT (SPOT via binance_spot)
2026-08-21 22:46:35,745 - INFO - [bot-1787315803559-8d90] Starting signal check cycle for BTC/USDT (15m)...
2026-08-21 22:46:35,795 - INFO - Fetching recent candles for BTC/USDT (15m) [Bot: bot-1787315803559-8d90] via ProviderManager...
2026-08-21 22:47:02,561 - INFO - Indicators computed | close=77400.01 ema_9=77382.14 ema_20=77305.78 ema_50=76722.64 ema_200=72979.56 macd=126.9410 poc=63050.0 val=62700.0 vah=72600.0
2026-08-21 22:47:02,574 - INFO - [bot-1787315803559-8d90] Evaluating strategy on completed candle: 2026-08-21 17:00:00+00:00 at Close price: 77561.30
2026-08-21 22:47:02,660 - INFO - Confluence Evaluation | Regime: RANGING (ADX=24.4) | Direction: HOLD | BullScore: 25.8% | BearScore: 48.4% | Active: ['ema', 'macd', 'vp']
2026-08-21 22:47:02,725 - INFO - Signal evaluated: HOLD. Reason/Details: Confluence score: 48% (HOLD)
2026-08-21 22:47:02,873 - INFO - Logged heartbeat status: OK
2026-08-21 22:47:02,888 - INFO - Adding job tentatively -- it will be properly scheduled when the scheduler starts
2026-08-21 22:47:02,889 - INFO - Bot bot-1787315803559-8d90 scheduled to check every 15 minutes.
2026-08-21 22:47:02,894 - INFO - Added job "LiveRunner.process_cycle" to job store "default"
2026-08-21 22:47:02,895 - INFO - Scheduler started
/Users/ashishparadkar/Downloads/algo-code-main/.venv/lib/python3.9/site-packages/urllib3/__init__.py:35: NotOpenSSLWarning: urllib3 v2 only supports OpenSSL 1.1.1+, currently the 'ssl' module is compiled with 'LibreSSL 2.8.3'. See: https://github.com/urllib3/urllib3/issues/3020
  warnings.warn(
