/Users/ashishparadkar/Downloads/algo-code-main/.venv/lib/python3.9/site-packages/urllib3/__init__.py:35: NotOpenSSLWarning: urllib3 v2 only supports OpenSSL 1.1.1+, currently the 'ssl' module is compiled with 'LibreSSL 2.8.3'. See: https://github.com/urllib3/urllib3/issues/3020
  warnings.warn(
2026-08-21 18:17:19,459 - INFO - Bot state startup reconciliation finished: 0 bot(s) reconciled to STOPPED.
2026-08-21 18:17:26,753 - INFO - Telegram notification service initialized successfully (Chat ID: 5657...)
/Users/ashishparadkar/Downloads/algo-code-main/.venv/lib/python3.9/site-packages/urllib3/__init__.py:35: NotOpenSSLWarning: urllib3 v2 only supports OpenSSL 1.1.1+, currently the 'ssl' module is compiled with 'LibreSSL 2.8.3'. See: https://github.com/urllib3/urllib3/issues/3020
  warnings.warn(
2026-08-21 20:30:53,893 - INFO - Bot state startup reconciliation finished: 0 bot(s) reconciled to STOPPED.
2026-08-21 20:30:59,019 - INFO - Telegram notification service initialized successfully (Chat ID: 5657...)
2026-08-21 20:31:00,213 - INFO - Initializing scheduled trading bot live runner for bot-1787306388947-69b7...
2026-08-21 20:31:02,245 - INFO - SQLite database tables verified/created.
2026-08-21 20:31:05,342 - INFO - Initializing CCXT Binance in TESTNET mode.
/Users/ashishparadkar/Downloads/algo-code-main/.venv/lib/python3.9/site-packages/urllib3/__init__.py:35: NotOpenSSLWarning: urllib3 v2 only supports OpenSSL 1.1.1+, currently the 'ssl' module is compiled with 'LibreSSL 2.8.3'. See: https://github.com/urllib3/urllib3/issues/3020
  warnings.warn(
2026-08-21 21:38:17,644 - INFO - Bot state startup reconciliation finished: 0 bot(s) reconciled to STOPPED.
2026-08-21 21:38:21,925 - INFO - Telegram notification service initialized successfully (Chat ID: 5657...)
2026-08-21 21:38:23,423 - INFO - Initializing scheduled trading bot live runner for bot-1787306388947-69b7...
2026-08-21 21:38:25,202 - INFO - SQLite database tables verified/created.
2026-08-21 21:38:28,260 - INFO - Initializing CCXT Binance in TESTNET mode.
2026-08-21 21:41:00,907 - INFO - [bot-1787306388947-69b7] Pre-flight instrument resolved: BTC/USDT (SPOT via binance_spot)
2026-08-21 21:41:06,048 - INFO - [bot-1787306388947-69b7] Starting signal check cycle for BTC/USDT (5m)...
2026-08-21 21:41:06,824 - INFO - Fetching recent candles for BTC/USDT (5m) [Bot: bot-1787306388947-69b7] via ProviderManager...
2026-08-21 22:02:55,975 - INFO - Indicators computed | close=77324.81 ema_9=77236.99 ema_20=77265.10 ema_50=77235.40 ema_200=76105.77 macd=-14.7421 poc=69350.0 val=64025.0 vah=74450.0
2026-08-21 22:02:56,409 - INFO - [bot-1787306388947-69b7] Evaluating strategy on completed candle: 2026-08-21 16:25:00+00:00 at Close price: 77383.87
2026-08-21 22:02:58,009 - INFO - Confluence Evaluation | Regime: TRENDING (ADX=39.1) | Direction: HOLD | BullScore: 32.6% | BearScore: 67.4% | Active: ['ema', 'macd', 'rsi', 'vp']
2026-08-21 22:02:58,962 - INFO - Signal evaluated: HOLD. Reason/Details: Confluence score: 67% (HOLD)
2026-08-21 22:02:59,714 - INFO - Logged heartbeat status: OK
2026-08-21 22:03:02,359 - INFO - Adding job tentatively -- it will be properly scheduled when the scheduler starts
2026-08-21 22:03:02,385 - INFO - Bot bot-1787306388947-69b7 scheduled to check every 5 minutes.
2026-08-21 22:03:03,239 - INFO - Added job "LiveRunner.process_cycle" to job store "default"
2026-08-21 22:03:03,241 - INFO - Scheduler started
2026-08-21 22:08:01,988 - INFO - Running job "LiveRunner.process_cycle (trigger: interval[0:05:00], next run at: 2026-08-21 22:13:01 IST)" (scheduled at 2026-08-21 22:08:01.896732+05:30)
2026-08-21 22:08:02,025 - INFO - [bot-1787306388947-69b7] Starting signal check cycle for BTC/USDT (5m)...
2026-08-21 22:08:02,108 - INFO - Fetching recent candles for BTC/USDT (5m) [Bot: bot-1787306388947-69b7] via ProviderManager...
2026-08-21 22:08:03,056 - INFO - Indicators computed | close=77306.01 ema_9=77252.92 ema_20=77270.14 ema_50=77238.67 ema_200=76117.84 macd=-8.3068 poc=69350.0 val=64025.0 vah=74475.0
2026-08-21 22:08:03,061 - INFO - [bot-1787306388947-69b7] Evaluating strategy on completed candle: 2026-08-21 16:30:00+00:00 at Close price: 77338.12
2026-08-21 22:08:03,154 - INFO - Confluence Evaluation | Regime: TRENDING (ADX=39.7) | Direction: HOLD | BullScore: 32.6% | BearScore: 67.4% | Active: ['ema', 'macd', 'rsi', 'vp']
2026-08-21 22:08:03,191 - INFO - Signal evaluated: HOLD. Reason/Details: Confluence score: 67% (HOLD)
2026-08-21 22:08:03,439 - INFO - Logged heartbeat status: OK
2026-08-21 22:08:03,440 - INFO - Job "LiveRunner.process_cycle (trigger: interval[0:05:00], next run at: 2026-08-21 22:13:01 IST)" executed successfully
2026-08-21 22:13:01,962 - INFO - Running job "LiveRunner.process_cycle (trigger: interval[0:05:00], next run at: 2026-08-21 22:18:01 IST)" (scheduled at 2026-08-21 22:13:01.896732+05:30)
2026-08-21 22:13:02,025 - INFO - [bot-1787306388947-69b7] Starting signal check cycle for BTC/USDT (5m)...
2026-08-21 22:13:02,082 - INFO - Fetching recent candles for BTC/USDT (5m) [Bot: bot-1787306388947-69b7] via ProviderManager...
2026-08-21 22:13:02,833 - INFO - Indicators computed | close=77278.53 ema_9=77259.69 ema_20=77271.82 ema_50=77240.62 ema_200=76129.49 macd=-5.5616 poc=69350.0 val=64025.0 vah=74475.0
2026-08-21 22:13:02,834 - INFO - [bot-1787306388947-69b7] Evaluating strategy on completed candle: 2026-08-21 16:35:00+00:00 at Close price: 77316.28
2026-08-21 22:13:02,942 - INFO - Confluence Evaluation | Regime: TRENDING (ADX=39.7) | Direction: HOLD | BullScore: 32.6% | BearScore: 67.4% | Active: ['ema', 'macd', 'rsi', 'vp']
2026-08-21 22:13:03,066 - INFO - Signal evaluated: HOLD. Reason/Details: Confluence score: 67% (HOLD)
2026-08-21 22:13:03,233 - INFO - Logged heartbeat status: OK
2026-08-21 22:13:03,233 - INFO - Job "LiveRunner.process_cycle (trigger: interval[0:05:00], next run at: 2026-08-21 22:18:01 IST)" executed successfully
2026-08-21 22:18:01,922 - INFO - Running job "LiveRunner.process_cycle (trigger: interval[0:05:00], next run at: 2026-08-21 22:23:01 IST)" (scheduled at 2026-08-21 22:18:01.896732+05:30)
2026-08-21 22:18:01,972 - INFO - [bot-1787306388947-69b7] Starting signal check cycle for BTC/USDT (5m)...
2026-08-21 22:18:01,998 - INFO - Fetching recent candles for BTC/USDT (5m) [Bot: bot-1787306388947-69b7] via ProviderManager...
2026-08-21 22:18:02,498 - INFO - Indicators computed | close=77421.95 ema_9=77305.50 ema_20=77293.32 ema_50=77250.88 ema_200=76143.18 macd=12.5949 poc=69350.0 val=64025.0 vah=74500.0
2026-08-21 22:18:02,499 - INFO - [bot-1787306388947-69b7] Evaluating strategy on completed candle: 2026-08-21 16:40:00+00:00 at Close price: 77362.04
2026-08-21 22:18:02,573 - INFO - Confluence Evaluation | Regime: TRENDING (ADX=40.2) | Direction: HOLD | BullScore: 32.6% | BearScore: 34.8% | Active: ['ema', 'macd', 'rsi', 'vp']
2026-08-21 22:18:02,680 - INFO - Signal evaluated: HOLD. Reason/Details: Confluence score: 35% (HOLD)
2026-08-21 22:18:02,896 - INFO - Logged heartbeat status: OK
2026-08-21 22:18:02,897 - INFO - Job "LiveRunner.process_cycle (trigger: interval[0:05:00], next run at: 2026-08-21 22:23:01 IST)" executed successfully
2026-08-21 22:23:01,934 - INFO - Running job "LiveRunner.process_cycle (trigger: interval[0:05:00], next run at: 2026-08-21 22:28:01 IST)" (scheduled at 2026-08-21 22:23:01.896732+05:30)
2026-08-21 22:23:02,013 - INFO - [bot-1787306388947-69b7] Starting signal check cycle for BTC/USDT (5m)...
2026-08-21 22:23:02,136 - INFO - Fetching recent candles for BTC/USDT (5m) [Bot: bot-1787306388947-69b7] via ProviderManager...
2026-08-21 22:23:02,902 - INFO - Indicators computed | close=77472.00 ema_9=77356.12 ema_20=77319.66 ema_50=77263.63 ema_200=76157.46 macd=32.1165 poc=69350.0 val=64025.0 vah=74525.0
2026-08-21 22:23:02,911 - INFO - [bot-1787306388947-69b7] Evaluating strategy on completed candle: 2026-08-21 16:45:00+00:00 at Close price: 77530.19
2026-08-21 22:23:03,067 - INFO - LONG signal blocked | Location blocked (Close 77530.19 outside Value Area [62744.50 - 76015.50], VAL=64025.00, VAH=74525.00) | context={'close': 77530.19, 'ema_9': 77327.14786556269, 'ema_20': 77303.62543003306, 'ema_50': 77255.12450110391, 'ema_200': 76144.25262187838, 'macd_line': 21.229475276821177, 'macd_signal': 6.32280964717363, 'macd_hist': 14.906665629647547, 'poc': np.float64(69350.0), 'val': np.float64(64025.0), 'vah': np.float64(74525.0)}
2026-08-21 22:23:03,090 - INFO - Confluence Evaluation | Regime: TRENDING (ADX=39.6) | Direction: HOLD | BullScore: 65.2% | BearScore: 34.8% | Active: ['ema', 'macd', 'rsi', 'vp']
2026-08-21 22:23:03,235 - INFO - Signal evaluated: HOLD. Reason/Details: LONG setup blocked: Location blocked (Close 77530.19 outside Value Area [62744.50 - 76015.50], VAL=64025.00, VAH=74525.00)
2026-08-21 22:23:03,630 - INFO - Logged heartbeat status: OK
2026-08-21 22:23:03,630 - INFO - Job "LiveRunner.process_cycle (trigger: interval[0:05:00], next run at: 2026-08-21 22:28:01 IST)" executed successfully
2026-08-21 22:28:01,910 - INFO - Running job "LiveRunner.process_cycle (trigger: interval[0:05:00], next run at: 2026-08-21 22:33:01 IST)" (scheduled at 2026-08-21 22:28:01.896732+05:30)
2026-08-21 22:28:01,920 - INFO - [bot-1787306388947-69b7] Starting signal check cycle for BTC/USDT (5m)...
2026-08-21 22:28:01,971 - INFO - Fetching recent candles for BTC/USDT (5m) [Bot: bot-1787306388947-69b7] via ProviderManager...
2026-08-21 22:28:02,680 - INFO - Indicators computed | close=77516.37 ema_9=77387.85 ema_20=77338.22 ema_50=77273.47 ema_200=76170.97 macd=43.6964 poc=69350.0 val=64025.0 vah=74550.0
2026-08-21 22:28:02,686 - INFO - [bot-1787306388947-69b7] Evaluating strategy on completed candle: 2026-08-21 16:50:00+00:00 at Close price: 77470.00
2026-08-21 22:28:02,793 - INFO - Confluence Evaluation | Regime: TRENDING (ADX=39.0) | Direction: HOLD | BullScore: 65.2% | BearScore: 34.8% | Active: ['ema', 'macd', 'rsi', 'vp']
2026-08-21 22:28:02,909 - INFO - Signal evaluated: HOLD. Reason/Details: Confluence score: 65% (HOLD)
2026-08-21 22:28:03,010 - INFO - Logged heartbeat status: OK
2026-08-21 22:28:03,011 - INFO - Job "LiveRunner.process_cycle (trigger: interval[0:05:00], next run at: 2026-08-21 22:33:01 IST)" executed successfully
2026-08-21 22:33:01,948 - INFO - Running job "LiveRunner.process_cycle (trigger: interval[0:05:00], next run at: 2026-08-21 22:38:01 IST)" (scheduled at 2026-08-21 22:33:01.896732+05:30)
2026-08-21 22:33:02,116 - INFO - [bot-1787306388947-69b7] Starting signal check cycle for BTC/USDT (5m)...
2026-08-21 22:33:02,187 - INFO - Fetching recent candles for BTC/USDT (5m) [Bot: bot-1787306388947-69b7] via ProviderManager...
2026-08-21 22:33:04,188 - INFO - Indicators computed | close=77579.67 ema_9=77421.36 ema_20=77358.60 ema_50=77284.33 ema_200=76184.68 macd=55.5758 poc=69350.0 val=64025.0 vah=74550.0
2026-08-21 22:33:04,200 - INFO - [bot-1787306388947-69b7] Evaluating strategy on completed candle: 2026-08-21 16:55:00+00:00 at Close price: 77486.01
2026-08-21 22:33:04,496 - INFO - Confluence Evaluation | Regime: TRENDING (ADX=37.1) | Direction: LONG | BullScore: 82.6% | BearScore: 17.4% | Active: ['ema', 'macd', 'rsi', 'vp']
2026-08-21 22:33:05,111 - INFO - Capping position size 0.927013 BTC to available cash equivalent 0.193583 BTC.
2026-08-21 22:33:05,401 - INFO - Created pending signal approval ID 253 for bot bot-1787306388947-69b7 (LONG @ $77486.01, status: WAITING_APPROVAL)
2026-08-21 22:33:05,436 - INFO - [bot-1787306388947-69b7] Signal LONG generated (ID: 253). Waiting for manual user approval.
2026-08-21 22:33:05,642 - INFO - Logged heartbeat status: OK
2026-08-21 22:33:05,655 - INFO - Job "LiveRunner.process_cycle (trigger: interval[0:05:00], next run at: 2026-08-21 22:38:01 IST)" executed successfully
2026-08-21 22:38:01,997 - INFO - Running job "LiveRunner.process_cycle (trigger: interval[0:05:00], next run at: 2026-08-21 22:43:01 IST)" (scheduled at 2026-08-21 22:38:01.896732+05:30)
2026-08-21 22:38:02,021 - INFO - [bot-1787306388947-69b7] Starting signal check cycle for BTC/USDT (5m)...
2026-08-21 22:38:02,069 - INFO - Fetching recent candles for BTC/USDT (5m) [Bot: bot-1787306388947-69b7] via ProviderManager...
2026-08-21 22:38:02,546 - INFO - Indicators computed | close=77624.01 ema_9=77452.66 ema_20=77378.91 ema_50=77295.48 ema_200=76198.44 macd=66.1323 poc=69350.0 val=64025.0 vah=74575.0
2026-08-21 22:38:02,547 - INFO - [bot-1787306388947-69b7] Evaluating strategy on completed candle: 2026-08-21 17:00:00+00:00 at Close price: 77522.00
2026-08-21 22:38:02,617 - INFO - Confluence Evaluation | Regime: TRENDING (ADX=34.7) | Direction: LONG | BullScore: 82.6% | BearScore: 17.4% | Active: ['ema', 'macd', 'rsi', 'vp']
2026-08-21 22:38:02,715 - INFO - Capping position size 0.922311 BTC to available cash equivalent 0.193493 BTC.
2026-08-21 22:38:02,786 - INFO - [bot-1787306388947-69b7] Signal LONG active pending approval already exists (ID: 253).
2026-08-21 22:38:03,015 - INFO - Logged heartbeat status: OK
2026-08-21 22:38:03,016 - INFO - Job "LiveRunner.process_cycle (trigger: interval[0:05:00], next run at: 2026-08-21 22:43:01 IST)" executed successfully
/Users/ashishparadkar/Downloads/algo-code-main/.venv/lib/python3.9/site-packages/urllib3/__init__.py:35: NotOpenSSLWarning: urllib3 v2 only supports OpenSSL 1.1.1+, currently the 'ssl' module is compiled with 'LibreSSL 2.8.3'. See: https://github.com/urllib3/urllib3/issues/3020
  warnings.warn(
2026-08-21 22:46:18,753 - INFO - Bot state startup reconciliation finished: 0 bot(s) reconciled to STOPPED.
2026-08-21 22:46:19,203 - INFO - Telegram notification service initialized successfully (Chat ID: 5657...)
2026-08-21 22:46:19,216 - INFO - Initializing scheduled trading bot live runner for bot-1787306388947-69b7...
2026-08-21 22:46:19,390 - INFO - SQLite database tables verified/created.
2026-08-21 22:46:19,680 - INFO - Initializing CCXT Binance in TESTNET mode.
2026-08-21 22:46:30,324 - INFO - [bot-1787306388947-69b7] Pre-flight instrument resolved: BTC/USDT (SPOT via binance_spot)
2026-08-21 22:46:30,368 - INFO - [bot-1787306388947-69b7] Starting signal check cycle for BTC/USDT (5m)...
2026-08-21 22:46:30,403 - INFO - Fetching recent candles for BTC/USDT (5m) [Bot: bot-1787306388947-69b7] via ProviderManager...
2026-08-21 22:46:57,675 - INFO - Indicators computed | close=77418.98 ema_9=77462.46 ema_20=77397.92 ema_50=77310.10 ema_200=76223.94 macd=64.5591 poc=69350.0 val=64025.0 vah=74600.0
2026-08-21 22:46:57,693 - INFO - [bot-1787306388947-69b7] Evaluating strategy on completed candle: 2026-08-21 17:10:00+00:00 at Close price: 77561.30
2026-08-21 22:46:58,053 - INFO - Confluence Evaluation | Regime: TRENDING (ADX=37.2) | Direction: LONG | BullScore: 78.9% | BearScore: 21.1% | Active: ['ema', 'macd', 'vp']
2026-08-21 22:46:58,252 - INFO - Capping position size 1.027063 BTC to available cash equivalent 0.128930 BTC.
2026-08-21 22:46:58,273 - INFO - [bot-1787306388947-69b7] Signal LONG active pending approval already exists (ID: 253).
2026-08-21 22:46:58,526 - INFO - Logged heartbeat status: OK
2026-08-21 22:46:58,558 - INFO - Adding job tentatively -- it will be properly scheduled when the scheduler starts
2026-08-21 22:46:58,559 - INFO - Bot bot-1787306388947-69b7 scheduled to check every 5 minutes.
2026-08-21 22:46:58,563 - INFO - Added job "LiveRunner.process_cycle" to job store "default"
2026-08-21 22:46:58,563 - INFO - Scheduler started
