2026-08-15 15:45:31,818 - INFO - BotWatchdog thread started.
2026-08-15 15:45:31,818 - INFO - BotWatchdog singleton background thread started.
2026-08-15 17:32:02,490 - INFO - Initializing scheduled trading bot live runner for bot-1786788923051-dce7...
2026-08-15 17:38:08,946 - INFO - Initializing scheduled trading bot live runner for bot-1786788923051-dce7...
2026-08-15 17:54:36,443 - INFO - Initializing scheduled trading bot live runner for bot-1786788923051-dce7...
2026-08-15 17:54:36,471 - INFO - SQLite database tables verified/created.
2026-08-15 17:54:36,491 - INFO - Initializing CCXT Binance in TESTNET mode.
2026-08-15 19:37:56,081 - INFO - Initializing scheduled trading bot live runner for bot-1786788923051-dce7...
2026-08-15 19:37:56,120 - INFO - SQLite database tables verified/created.
2026-08-15 19:37:56,136 - INFO - Initializing CCXT Binance in TESTNET mode.
2026-08-15 20:09:30,460 - INFO - Initializing scheduled trading bot live runner for bot-1786788923051-dce7...
2026-08-15 20:22:01,986 - INFO - BotWatchdog thread started.
2026-08-15 20:22:01,986 - INFO - BotWatchdog singleton background thread started.
2026-08-15 20:22:02,046 - INFO - Initializing scheduled trading bot live runner for bot-1786788923051-dce7...
2026-08-15 20:22:02,071 - INFO - SQLite database tables verified/created.
2026-08-15 20:22:02,110 - INFO - Initializing CCXT Binance in TESTNET mode.
2026-08-15 20:23:02,357 - INFO - Initializing scheduled trading bot live runner for bot-1786788923051-dce7...
2026-08-15 20:54:01,714 - INFO - BotWatchdog thread started.
2026-08-15 20:54:01,714 - INFO - BotWatchdog singleton background thread started.
2026-08-15 20:54:01,792 - INFO - Initializing scheduled trading bot live runner for bot-1786788923051-dce7...
2026-08-15 20:54:16,267 - INFO - SQLite database tables verified/created.
2026-08-15 20:54:16,400 - INFO - Initializing CCXT Binance in TESTNET mode.
2026-08-15 20:54:27,895 - INFO - Initializing CCXT Binance in MAINNET mode (Public endpoints).
2026-08-15 20:54:28,205 - INFO - Sending Telegram alert...
2026-08-15 20:54:47,973 - INFO - Telegram alert sent successfully.
2026-08-15 20:54:48,024 - INFO - [bot-1786788923051-dce7] Starting signal check cycle for ETH/USDT (15m)...
2026-08-15 20:54:48,028 - INFO - Fetching recent candles for ETH/USDT (15m) [Bot: bot-1786788923051-dce7]...
2026-08-15 20:55:42,801 - ERROR - Error fetching live OHLCV for ETH/USDT 15m: 
2026-08-15 20:55:42,802 - ERROR - System Error in runner execution cycle: 
Traceback (most recent call last):
  File "H:\algo\algo\btc-bot\src\live_runner.py", line 161, in process_cycle
    df = self.mainnet_fetcher.fetch_live_ohlcv(self.symbol, self.timeframe, limit=1000)
  File "H:\algo\algo\btc-bot\src\data_fetcher.py", line 196, in fetch_live_ohlcv
    raise e
  File "H:\algo\algo\btc-bot\src\data_fetcher.py", line 175, in fetch_live_ohlcv
    candles = self.exchange.fetch_ohlcv(
        symbol=symbol,
        timeframe=timeframe,
        limit=limit
    )
  File "C:\Users\Admin\AppData\Local\Python\pythoncore-3.14-64\Lib\site-packages\ccxt\binance.py", line 4709, in fetch_ohlcv
    self.load_markets()
    ~~~~~~~~~~~~~~~~~^^
  File "C:\Users\Admin\AppData\Local\Python\pythoncore-3.14-64\Lib\site-packages\ccxt\base\exchange.py", line 1816, in load_markets
    markets = self.fetch_markets(params)
  File "C:\Users\Admin\AppData\Local\Python\pythoncore-3.14-64\Lib\site-packages\ccxt\binance.py", line 3241, in fetch_markets
    promisesRaw.append(self.publicGetExchangeInfo(params))
                       ~~~~~~~~~~~~~~~~~~~~~~~~~~^^^^^^^^
  File "C:\Users\Admin\AppData\Local\Python\pythoncore-3.14-64\Lib\site-packages\ccxt\base\types.py", line 35, in unbound_method
    return _self.request(self.path, self.api, self.method, params, config=self.config)
           ~~~~~~~~~~~~~^^^^^^^^^^^^^^^^^^^^^^^^^^^^^^^^^^^^^^^^^^^^^^^^^^^^^^^^^^^^^^
  File "C:\Users\Admin\AppData\Local\Python\pythoncore-3.14-64\Lib\site-packages\ccxt\binance.py", line 11819, in request
    response = self.fetch2(path, api, method, params, headers, body, config)
  File "C:\Users\Admin\AppData\Local\Python\pythoncore-3.14-64\Lib\site-packages\ccxt\base\exchange.py", line 5544, in fetch2
    raise e
  File "C:\Users\Admin\AppData\Local\Python\pythoncore-3.14-64\Lib\site-packages\ccxt\base\exchange.py", line 5525, in fetch2
    response = self.fetch(request['url'], request['method'], request['headers'], request['body'])
  File "C:\Users\Admin\AppData\Local\Python\pythoncore-3.14-64\Lib\site-packages\ccxt\base\exchange.py", line 635, in fetch
    http_response = self.on_rest_response(http_status_code, http_status_text, url, method, headers, response.text, request_headers, request_body)
                                                                                                    ^^^^^^^^^^^^^
  File "C:\Users\Admin\AppData\Local\Python\pythoncore-3.14-64\Lib\site-packages\requests\models.py", line 1075, in text
    content = str(self.content, encoding or "utf-8", errors="replace")
MemoryError
2026-08-15 21:42:58,451 - INFO - BotWatchdog thread started.
2026-08-15 21:42:58,451 - INFO - BotWatchdog singleton background thread started.
2026-08-15 21:42:58,503 - INFO - Initializing scheduled trading bot live runner for bot-1786788923051-dce7...
2026-08-15 21:42:58,514 - INFO - SQLite database tables verified/created.
2026-08-15 21:42:58,602 - INFO - Initializing CCXT Binance in TESTNET mode.
2026-08-15 21:42:59,696 - INFO - Initializing CCXT Binance in MAINNET mode (Public endpoints).
2026-08-15 21:42:59,708 - INFO - Sending Telegram alert...
2026-08-15 21:43:00,404 - INFO - Telegram alert sent successfully.
2026-08-15 21:43:00,408 - INFO - [bot-1786788923051-dce7] Starting signal check cycle for ETH/USDT (15m)...
2026-08-15 21:43:00,415 - INFO - Fetching recent candles for ETH/USDT (15m) [Bot: bot-1786788923051-dce7]...
2026-08-15 21:43:02,993 - INFO - Indicators computed | close=1884.73 ema_9=1884.05 ema_20=1882.97 ema_50=1881.97 ema_200=1882.24 macd=1.0591 poc=1875.0 val=1875.0 vah=1900.0
2026-08-15 21:43:02,994 - INFO - [bot-1786788923051-dce7] Evaluating strategy on completed candle: 2026-08-15T15:45:00+00:00 at Close price: 1884.91
2026-08-15 21:43:03,011 - INFO - Confluence Evaluation | Regime: TRENDING (ADX=47.6) | Direction: LONG | BullScore: 82.6% | BearScore: 0.0% | Active: ['ema', 'macd', 'rsi', 'vp']
2026-08-15 21:43:03,027 - INFO - Capping position size 23.474178 BTC to available cash equivalent 2.652647 BTC.
2026-08-15 21:43:03,035 - INFO - Created pending signal approval ID 140 for bot bot-1786788923051-dce7 (LONG @ $1884.91, status: WAITING_APPROVAL)
2026-08-15 21:43:03,811 - INFO - [bot-1786788923051-dce7] Signal LONG generated (ID: 140). Waiting for manual user approval.
2026-08-15 21:43:03,872 - INFO - Logged heartbeat status: OK
2026-08-15 21:43:03,875 - INFO - Adding job tentatively -- it will be properly scheduled when the scheduler starts
2026-08-15 21:43:03,875 - INFO - Bot bot-1786788923051-dce7 scheduled to check every 15 minutes.
2026-08-15 21:43:03,875 - INFO - Added job "LiveRunner.process_cycle" to job store "default"
2026-08-15 21:43:03,875 - INFO - Scheduler started
2026-08-15 21:58:03,883 - INFO - Running job "LiveRunner.process_cycle (trigger: interval[0:15:00], next run at: 2026-08-15 21:58:03 IST)" (scheduled at 2026-08-15 21:58:03.875266+05:30)
2026-08-15 21:58:03,888 - INFO - [bot-1786788923051-dce7] Starting signal check cycle for ETH/USDT (15m)...
2026-08-15 21:58:03,901 - INFO - Fetching recent candles for ETH/USDT (15m) [Bot: bot-1786788923051-dce7]...
2026-08-15 21:58:04,392 - INFO - Indicators computed | close=1885.55 ema_9=1884.32 ema_20=1883.21 ema_50=1882.10 ema_200=1882.27 macd=1.1182 poc=1875.0 val=1875.0 vah=1900.0
2026-08-15 21:58:04,393 - INFO - [bot-1786788923051-dce7] Evaluating strategy on completed candle: 2026-08-15T16:00:00+00:00 at Close price: 1884.56
2026-08-15 21:58:04,419 - INFO - Confluence Evaluation | Regime: TRENDING (ADX=50.3) | Direction: LONG | BullScore: 82.6% | BearScore: 0.0% | Active: ['ema', 'macd', 'rsi', 'vp']
2026-08-15 21:58:04,446 - INFO - Capping position size 30.030030 BTC to available cash equivalent 2.653139 BTC.
2026-08-15 21:58:04,514 - INFO - [bot-1786788923051-dce7] Signal LONG active pending approval already exists (ID: 140).
2026-08-15 21:58:04,576 - INFO - Logged heartbeat status: OK
2026-08-15 21:58:04,576 - INFO - Job "LiveRunner.process_cycle (trigger: interval[0:15:00], next run at: 2026-08-15 22:13:03 IST)" executed successfully
2026-08-16 11:54:27,669 - INFO - BotWatchdog thread started.
2026-08-16 11:54:27,669 - INFO - BotWatchdog singleton background thread started.
2026-08-16 11:54:27,719 - INFO - Initializing scheduled trading bot live runner for bot-1786788923051-dce7...
2026-08-16 11:54:27,729 - INFO - SQLite database tables verified/created.
2026-08-16 11:54:27,742 - INFO - Initializing CCXT Binance in TESTNET mode.
2026-08-16 11:54:35,876 - INFO - Initializing CCXT Binance in MAINNET mode (Public endpoints).
2026-08-16 11:54:35,894 - INFO - Sending Telegram alert...
2026-08-16 11:54:36,804 - INFO - Telegram alert sent successfully.
2026-08-16 11:54:36,809 - INFO - [bot-1786788923051-dce7] Starting signal check cycle for ETH/USDT (15m)...
2026-08-16 11:54:36,847 - INFO - Fetching recent candles for ETH/USDT (15m) [Bot: bot-1786788923051-dce7]...
2026-08-16 11:54:47,888 - INFO - Indicators computed | close=1879.39 ema_9=1880.81 ema_20=1881.71 ema_50=1882.43 ema_200=1882.57 macd=-0.8216 poc=1875.0 val=1875.0 vah=1900.0
2026-08-16 11:54:47,889 - INFO - [bot-1786788923051-dce7] Evaluating strategy on completed candle: 2026-08-16T06:00:00+00:00 at Close price: 1879.80
2026-08-16 11:54:47,920 - INFO - Confluence Evaluation | Regime: RANGING (ADX=20.1) | Direction: HOLD | BullScore: 32.6% | BearScore: 67.4% | Active: ['ema', 'macd', 'rsi', 'vp']
2026-08-16 11:54:47,944 - INFO - Signal evaluated: HOLD. Reason/Details: Confluence score: 67% (HOLD)
2026-08-16 11:54:48,117 - INFO - Logged heartbeat status: OK
2026-08-16 11:54:48,143 - INFO - Adding job tentatively -- it will be properly scheduled when the scheduler starts
2026-08-16 11:54:48,143 - INFO - Bot bot-1786788923051-dce7 scheduled to check every 15 minutes.
2026-08-16 11:54:48,144 - INFO - Added job "LiveRunner.process_cycle" to job store "default"
2026-08-16 11:54:48,144 - INFO - Scheduler started
