2026-08-15 13:54:55,318 - INFO - BotWatchdog thread started.
2026-08-15 13:54:55,318 - INFO - BotWatchdog singleton background thread started.
2026-08-15 14:00:46,234 - INFO - BotWatchdog thread started.
2026-08-15 14:00:46,237 - INFO - BotWatchdog singleton background thread started.
2026-08-15 14:15:28,107 - INFO - BotWatchdog thread started.
2026-08-15 14:15:28,112 - INFO - BotWatchdog singleton background thread started.
2026-08-15 14:42:35,728 - INFO - BotWatchdog thread started.
2026-08-15 14:42:35,728 - INFO - BotWatchdog singleton background thread started.
2026-08-15 15:06:18,529 - INFO - BotWatchdog thread started.
2026-08-15 15:06:18,530 - INFO - BotWatchdog singleton background thread started.
2026-08-15 15:40:09,949 - INFO - BotWatchdog thread started.
2026-08-15 15:40:09,951 - INFO - BotWatchdog singleton background thread started.
2026-08-15 15:45:28,975 - INFO - BotWatchdog thread started.
2026-08-15 15:45:28,976 - INFO - BotWatchdog singleton background thread started.
2026-08-15 17:31:58,747 - INFO - Initializing scheduled trading bot live runner for bot-1786782248499-4268...
2026-08-15 17:38:04,381 - INFO - Initializing scheduled trading bot live runner for bot-1786782248499-4268...
2026-08-15 17:50:26,881 - INFO - Initializing scheduled trading bot live runner for bot-1786782248499-4268...
2026-08-15 17:50:26,934 - INFO - SQLite database tables verified/created.
2026-08-15 17:50:26,948 - INFO - Initializing CCXT Binance in TESTNET mode.
2026-08-15 17:54:28,927 - INFO - Initializing scheduled trading bot live runner for bot-1786782248499-4268...
2026-08-15 17:54:28,957 - INFO - SQLite database tables verified/created.
2026-08-15 17:54:28,976 - INFO - Initializing CCXT Binance in TESTNET mode.
2026-08-15 20:09:31,871 - INFO - Initializing scheduled trading bot live runner for bot-1786782248499-4268...
2026-08-15 20:09:31,913 - INFO - SQLite database tables verified/created.
2026-08-15 20:21:57,493 - INFO - BotWatchdog thread started.
2026-08-15 20:21:57,494 - INFO - BotWatchdog singleton background thread started.
2026-08-15 20:21:57,561 - INFO - Initializing scheduled trading bot live runner for bot-1786782248499-4268...
2026-08-15 20:21:57,576 - INFO - SQLite database tables verified/created.
2026-08-15 20:21:57,589 - INFO - Initializing CCXT Binance in TESTNET mode.
2026-08-15 20:22:56,008 - INFO - Initializing scheduled trading bot live runner for bot-1786782248499-4268...
2026-08-15 20:22:56,034 - INFO - SQLite database tables verified/created.
2026-08-15 20:25:04,379 - INFO - Initializing scheduled trading bot live runner for bot-1786782248499-4268...
2026-08-15 20:53:54,661 - INFO - BotWatchdog thread started.
2026-08-15 20:53:54,661 - INFO - BotWatchdog singleton background thread started.
2026-08-15 20:53:55,736 - INFO - Initializing scheduled trading bot live runner for bot-1786782248499-4268...
2026-08-15 20:53:56,330 - INFO - SQLite database tables verified/created.
2026-08-15 20:53:56,652 - INFO - Initializing CCXT Binance in TESTNET mode.
2026-08-15 20:54:01,239 - INFO - Initializing CCXT Binance in MAINNET mode (Public endpoints).
2026-08-15 20:54:01,388 - INFO - Sending Telegram alert...
2026-08-15 20:54:15,806 - INFO - Telegram alert sent successfully.
2026-08-15 20:54:15,812 - INFO - [bot-1786782248499-4268] Starting signal check cycle for BTC/USDT (5m)...
2026-08-15 20:54:15,821 - INFO - Fetching recent candles for BTC/USDT (5m) [Bot: bot-1786782248499-4268]...
2026-08-15 20:54:31,288 - INFO - Indicators computed | close=63063.82 ema_9=63051.60 ema_20=63044.34 ema_50=63035.98 ema_200=63035.20 macd=7.4386 poc=63425.0 val=63050.0 vah=64300.0
2026-08-15 20:54:31,385 - INFO - [bot-1786782248499-4268] Evaluating strategy on completed candle: 2026-08-15T15:15:00+00:00 at Close price: 63078.95
2026-08-15 20:54:42,617 - ERROR - Error logging bot activity for bot-1786782248499-4268: database is locked
2026-08-15 20:54:42,696 - INFO - Confluence Evaluation | Regime: RANGING (ADX=18.2) | Direction: LONG | BullScore: 100.0% | BearScore: 0.0% | Active: ['ema', 'macd', 'rsi', 'vp']
2026-08-15 20:54:48,056 - INFO - Capping position size 1.086957 BTC to available cash equivalent 0.079266 BTC.
2026-08-15 20:54:48,350 - INFO - Created pending signal approval ID 112 for bot bot-1786782248499-4268 (LONG @ $63078.95, status: WAITING_APPROVAL)
2026-08-15 20:55:17,485 - INFO - [bot-1786782248499-4268] Signal LONG generated (ID: 112). Waiting for manual user approval.
2026-08-15 20:55:21,558 - INFO - Logged heartbeat status: OK
2026-08-15 20:55:36,728 - INFO - Adding job tentatively -- it will be properly scheduled when the scheduler starts
2026-08-15 20:55:36,728 - INFO - Bot bot-1786782248499-4268 scheduled to check every 5 minutes.
2026-08-15 20:55:36,729 - INFO - Added job "LiveRunner.process_cycle" to job store "default"
2026-08-15 20:55:36,730 - INFO - Scheduler started
2026-08-15 21:42:44,453 - INFO - BotWatchdog thread started.
2026-08-15 21:42:44,453 - INFO - BotWatchdog singleton background thread started.
2026-08-15 21:42:44,485 - INFO - Initializing scheduled trading bot live runner for bot-1786782248499-4268...
2026-08-15 21:42:44,496 - INFO - SQLite database tables verified/created.
2026-08-15 21:42:44,509 - INFO - Initializing CCXT Binance in TESTNET mode.
2026-08-15 21:42:45,966 - INFO - Initializing CCXT Binance in MAINNET mode (Public endpoints).
2026-08-15 21:42:45,977 - INFO - Sending Telegram alert...
2026-08-15 21:42:46,833 - INFO - Telegram alert sent successfully.
2026-08-15 21:42:46,838 - INFO - [bot-1786782248499-4268] Starting signal check cycle for BTC/USDT (5m)...
2026-08-15 21:42:46,849 - INFO - Fetching recent candles for BTC/USDT (5m) [Bot: bot-1786782248499-4268]...
2026-08-15 21:42:48,951 - INFO - Indicators computed | close=63086.21 ema_9=63091.01 ema_20=63078.11 ema_50=63056.59 ema_200=63041.25 macd=15.8343 poc=63425.0 val=63050.0 vah=64300.0
2026-08-15 21:42:48,952 - INFO - [bot-1786782248499-4268] Evaluating strategy on completed candle: 2026-08-15T16:05:00+00:00 at Close price: 63086.40
2026-08-15 21:42:48,978 - INFO - Confluence Evaluation | Regime: TRENDING (ADX=51.0) | Direction: LONG | BullScore: 100.0% | BearScore: 0.0% | Active: ['ema', 'macd', 'rsi', 'vp']
2026-08-15 21:42:48,998 - INFO - Capping position size 1.360915 BTC to available cash equivalent 0.079256 BTC.
2026-08-15 21:42:49,024 - INFO - Created pending signal approval ID 133 for bot bot-1786782248499-4268 (LONG @ $63086.40, status: WAITING_APPROVAL)
2026-08-15 21:42:50,189 - INFO - [bot-1786782248499-4268] Signal LONG generated (ID: 133). Waiting for manual user approval.
2026-08-15 21:42:50,429 - INFO - Logged heartbeat status: OK
2026-08-15 21:42:50,433 - INFO - Adding job tentatively -- it will be properly scheduled when the scheduler starts
2026-08-15 21:42:50,433 - INFO - Bot bot-1786782248499-4268 scheduled to check every 5 minutes.
2026-08-15 21:42:50,433 - INFO - Added job "LiveRunner.process_cycle" to job store "default"
2026-08-15 21:42:50,433 - INFO - Scheduler started
2026-08-15 21:47:50,445 - INFO - Running job "LiveRunner.process_cycle (trigger: interval[0:05:00], next run at: 2026-08-15 21:47:50 IST)" (scheduled at 2026-08-15 21:47:50.433080+05:30)
2026-08-15 21:47:50,453 - INFO - [bot-1786782248499-4268] Starting signal check cycle for BTC/USDT (5m)...
2026-08-15 21:47:50,464 - INFO - Fetching recent candles for BTC/USDT (5m) [Bot: bot-1786782248499-4268]...
2026-08-15 21:47:50,952 - INFO - Indicators computed | close=63066.74 ema_9=63085.65 ema_20=63076.75 ema_50=63056.86 ema_200=63041.47 macd=12.7900 poc=63425.0 val=63050.0 vah=64300.0
2026-08-15 21:47:50,952 - INFO - [bot-1786782248499-4268] Evaluating strategy on completed candle: 2026-08-15T16:10:00+00:00 at Close price: 63083.03
2026-08-15 21:47:50,972 - INFO - Confluence Evaluation | Regime: TRENDING (ADX=52.1) | Direction: HOLD | BullScore: 67.4% | BearScore: 0.0% | Active: ['ema', 'macd', 'rsi', 'vp']
2026-08-15 21:47:50,991 - INFO - Signal evaluated: HOLD. Reason/Details: Confluence score: 67% (HOLD)
2026-08-15 21:47:51,051 - INFO - Logged heartbeat status: OK
2026-08-15 21:47:51,051 - INFO - Job "LiveRunner.process_cycle (trigger: interval[0:05:00], next run at: 2026-08-15 21:52:50 IST)" executed successfully
2026-08-15 21:52:50,445 - INFO - Running job "LiveRunner.process_cycle (trigger: interval[0:05:00], next run at: 2026-08-15 21:57:50 IST)" (scheduled at 2026-08-15 21:52:50.433080+05:30)
2026-08-15 21:52:50,448 - INFO - [bot-1786782248499-4268] Starting signal check cycle for BTC/USDT (5m)...
2026-08-15 21:52:50,456 - INFO - Fetching recent candles for BTC/USDT (5m) [Bot: bot-1786782248499-4268]...
2026-08-15 21:52:50,841 - INFO - Indicators computed | close=63083.48 ema_9=63087.25 ema_20=63078.49 ema_50=63058.39 ema_200=63042.02 macd=12.5774 poc=63425.0 val=63050.0 vah=64300.0
2026-08-15 21:52:50,841 - INFO - [bot-1786782248499-4268] Evaluating strategy on completed candle: 2026-08-15T16:15:00+00:00 at Close price: 63079.47
2026-08-15 21:52:50,858 - INFO - Confluence Evaluation | Regime: TRENDING (ADX=51.5) | Direction: HOLD | BullScore: 67.4% | BearScore: 0.0% | Active: ['ema', 'macd', 'rsi', 'vp']
2026-08-15 21:52:50,879 - INFO - Signal evaluated: HOLD. Reason/Details: Confluence score: 67% (HOLD)
2026-08-15 21:52:50,943 - INFO - Logged heartbeat status: OK
2026-08-15 21:52:50,943 - INFO - Job "LiveRunner.process_cycle (trigger: interval[0:05:00], next run at: 2026-08-15 21:57:50 IST)" executed successfully
2026-08-15 21:57:50,449 - INFO - Running job "LiveRunner.process_cycle (trigger: interval[0:05:00], next run at: 2026-08-15 22:02:50 IST)" (scheduled at 2026-08-15 21:57:50.433080+05:30)
2026-08-15 21:57:50,453 - INFO - [bot-1786782248499-4268] Starting signal check cycle for BTC/USDT (5m)...
2026-08-15 21:57:50,461 - INFO - Fetching recent candles for BTC/USDT (5m) [Bot: bot-1786782248499-4268]...
2026-08-15 21:57:50,838 - INFO - Indicators computed | close=63115.59 ema_9=63096.36 ema_20=63083.88 ema_50=63061.44 ema_200=63042.96 macd=15.3581 poc=63425.0 val=63050.0 vah=64300.0
2026-08-15 21:57:50,839 - INFO - [bot-1786782248499-4268] Evaluating strategy on completed candle: 2026-08-15T16:20:00+00:00 at Close price: 63104.99
2026-08-15 21:57:50,869 - INFO - Confluence Evaluation | Regime: TRENDING (ADX=52.6) | Direction: HOLD | BullScore: 67.4% | BearScore: 0.0% | Active: ['ema', 'macd', 'rsi', 'vp']
2026-08-15 21:57:50,904 - INFO - Signal evaluated: HOLD. Reason/Details: Confluence score: 67% (HOLD)
2026-08-15 21:57:50,981 - INFO - Logged heartbeat status: OK
2026-08-15 21:57:50,981 - INFO - Job "LiveRunner.process_cycle (trigger: interval[0:05:00], next run at: 2026-08-15 22:02:50 IST)" executed successfully
2026-08-15 22:02:50,437 - INFO - Running job "LiveRunner.process_cycle (trigger: interval[0:05:00], next run at: 2026-08-15 22:07:50 IST)" (scheduled at 2026-08-15 22:02:50.433080+05:30)
2026-08-15 22:02:50,444 - INFO - [bot-1786782248499-4268] Starting signal check cycle for BTC/USDT (5m)...
2026-08-15 22:02:50,452 - INFO - Fetching recent candles for BTC/USDT (5m) [Bot: bot-1786782248499-4268]...
2026-08-15 22:02:50,875 - INFO - Indicators computed | close=63119.87 ema_9=63102.02 ema_20=63087.82 ema_50=63063.96 ema_200=63043.79 macd=16.7284 poc=63425.0 val=63050.0 vah=64300.0
2026-08-15 22:02:50,876 - INFO - [bot-1786782248499-4268] Evaluating strategy on completed candle: 2026-08-15T16:25:00+00:00 at Close price: 63121.59
2026-08-15 22:02:50,897 - INFO - Confluence Evaluation | Regime: TRENDING (ADX=52.8) | Direction: LONG | BullScore: 100.0% | BearScore: 0.0% | Active: ['ema', 'macd', 'rsi', 'vp']
2026-08-15 22:02:50,920 - INFO - Capping position size 0.847961 BTC to available cash equivalent 0.079212 BTC.
2026-08-15 22:02:50,925 - INFO - [bot-1786782248499-4268] Signal LONG active pending approval already exists (ID: 133).
2026-08-15 22:02:50,978 - INFO - Logged heartbeat status: OK
2026-08-15 22:02:50,978 - INFO - Job "LiveRunner.process_cycle (trigger: interval[0:05:00], next run at: 2026-08-15 22:07:50 IST)" executed successfully
2026-08-16 11:54:04,855 - INFO - BotWatchdog thread started.
2026-08-16 11:54:04,855 - INFO - BotWatchdog singleton background thread started.
2026-08-16 11:54:04,897 - INFO - Initializing scheduled trading bot live runner for bot-1786782248499-4268...
2026-08-16 11:54:04,910 - INFO - SQLite database tables verified/created.
2026-08-16 11:54:04,924 - INFO - Initializing CCXT Binance in TESTNET mode.
2026-08-16 11:54:07,973 - INFO - Initializing CCXT Binance in MAINNET mode (Public endpoints).
2026-08-16 11:54:07,988 - INFO - Sending Telegram alert...
2026-08-16 11:54:11,874 - INFO - Telegram alert sent successfully.
2026-08-16 11:54:11,880 - INFO - [bot-1786782248499-4268] Starting signal check cycle for BTC/USDT (5m)...
2026-08-16 11:54:11,891 - INFO - Fetching recent candles for BTC/USDT (5m) [Bot: bot-1786782248499-4268]...
2026-08-16 11:54:17,806 - INFO - Indicators computed | close=63054.35 ema_9=63061.81 ema_20=63074.79 ema_50=63090.30 ema_200=63087.38 macd=-14.7046 poc=63050.0 val=62600.0 vah=63425.0
2026-08-16 11:54:17,808 - INFO - [bot-1786782248499-4268] Evaluating strategy on completed candle: 2026-08-16T06:15:00+00:00 at Close price: 63057.38
2026-08-16 11:54:17,840 - INFO - Confluence Evaluation | Regime: TRENDING (ADX=69.5) | Direction: SHORT | BullScore: 0.0% | BearScore: 82.6% | Active: ['ema', 'macd', 'rsi', 'vp']
2026-08-16 11:54:17,872 - INFO - Capping position size 1.188919 BTC to available cash equivalent 0.079293 BTC.
2026-08-16 11:54:17,897 - INFO - Created pending signal approval ID 185 for bot bot-1786782248499-4268 (SHORT @ $63057.38, status: WAITING_APPROVAL)
2026-08-16 11:54:18,669 - INFO - [bot-1786782248499-4268] Signal SHORT generated (ID: 185). Waiting for manual user approval.
2026-08-16 11:54:19,448 - INFO - Logged heartbeat status: OK
2026-08-16 11:54:19,452 - INFO - Adding job tentatively -- it will be properly scheduled when the scheduler starts
2026-08-16 11:54:19,452 - INFO - Bot bot-1786782248499-4268 scheduled to check every 5 minutes.
2026-08-16 11:54:19,452 - INFO - Added job "LiveRunner.process_cycle" to job store "default"
2026-08-16 11:54:19,452 - INFO - Scheduler started
2026-08-16 11:59:19,464 - INFO - Running job "LiveRunner.process_cycle (trigger: interval[0:05:00], next run at: 2026-08-16 11:59:19 IST)" (scheduled at 2026-08-16 11:59:19.452221+05:30)
2026-08-16 11:59:19,470 - INFO - [bot-1786782248499-4268] Starting signal check cycle for BTC/USDT (5m)...
2026-08-16 11:59:19,478 - INFO - Fetching recent candles for BTC/USDT (5m) [Bot: bot-1786782248499-4268]...
2026-08-16 11:59:20,199 - INFO - Indicators computed | close=63072.31 ema_9=63063.91 ema_20=63074.55 ema_50=63089.60 ema_200=63087.23 macd=-13.0636 poc=63050.0 val=62600.0 vah=63425.0
2026-08-16 11:59:20,199 - INFO - [bot-1786782248499-4268] Evaluating strategy on completed candle: 2026-08-16T06:20:00+00:00 at Close price: 63054.35
2026-08-16 11:59:20,638 - INFO - Confluence Evaluation | Regime: TRENDING (ADX=68.7) | Direction: SHORT | BullScore: 0.0% | BearScore: 82.6% | Active: ['ema', 'macd', 'rsi', 'vp']
2026-08-16 11:59:20,645 - INFO - Capping position size 1.147579 BTC to available cash equivalent 0.079297 BTC.
2026-08-16 11:59:21,577 - INFO - [bot-1786782248499-4268] Signal SHORT active pending approval already exists (ID: 185).
2026-08-16 11:59:22,040 - INFO - Logged heartbeat status: OK
2026-08-16 11:59:22,040 - INFO - Job "LiveRunner.process_cycle (trigger: interval[0:05:00], next run at: 2026-08-16 12:04:19 IST)" executed successfully
