/Users/ashishparadkar/Downloads/algo-code-main/.venv/lib/python3.9/site-packages/urllib3/__init__.py:35: NotOpenSSLWarning: urllib3 v2 only supports OpenSSL 1.1.1+, currently the 'ssl' module is compiled with 'LibreSSL 2.8.3'. See: https://github.com/urllib3/urllib3/issues/3020
  warnings.warn(
/Users/ashishparadkar/Downloads/algo-code-main/.venv/lib/python3.9/site-packages/urllib3/__init__.py:35: NotOpenSSLWarning: urllib3 v2 only supports OpenSSL 1.1.1+, currently the 'ssl' module is compiled with 'LibreSSL 2.8.3'. See: https://github.com/urllib3/urllib3/issues/3020
  warnings.warn(
2026-08-21 20:32:45,230 - INFO - Bot state startup reconciliation finished: 0 bot(s) reconciled to STOPPED.
/Users/ashishparadkar/Downloads/algo-code-main/.venv/lib/python3.9/site-packages/urllib3/__init__.py:35: NotOpenSSLWarning: urllib3 v2 only supports OpenSSL 1.1.1+, currently the 'ssl' module is compiled with 'LibreSSL 2.8.3'. See: https://github.com/urllib3/urllib3/issues/3020
  warnings.warn(
2026-08-21 21:38:30,407 - INFO - Bot state startup reconciliation finished: 0 bot(s) reconciled to STOPPED.
2026-08-21 21:38:37,091 - INFO - Telegram notification service initialized successfully (Chat ID: 5657...)
2026-08-21 21:38:38,545 - INFO - Initializing scheduled trading bot live runner for bot-1787306389347-6c28...
2026-08-21 21:38:38,607 - INFO - SQLite database tables verified/created.
2026-08-21 21:38:40,312 - INFO - Initializing CCXT Binance in TESTNET mode.
2026-08-21 21:41:52,587 - INFO - [bot-1787306389347-6c28] Pre-flight instrument resolved: ETH/USDT (SPOT via binance_spot)
2026-08-21 21:42:01,942 - INFO - [bot-1787306389347-6c28] Starting signal check cycle for ETH/USDT (5m)...
2026-08-21 21:42:04,341 - INFO - Fetching recent candles for ETH/USDT (5m) [Bot: bot-1787306389347-6c28] via ProviderManager...
2026-08-21 22:03:16,192 - INFO - Indicators computed | close=2400.99 ema_9=2396.70 ema_20=2395.15 ema_50=2391.88 ema_200=2371.23 macd=1.9064 poc=2250.0 val=2100.0 vah=2425.0
2026-08-21 22:03:16,534 - INFO - [bot-1787306389347-6c28] Evaluating strategy on completed candle: 2026-08-21 16:25:00+00:00 at Close price: 2402.91
2026-08-21 22:03:17,681 - INFO - Confluence Evaluation | Regime: RANGING (ADX=24.4) | Direction: HOLD | BullScore: 50.0% | BearScore: 0.0% | Active: ['ema', 'macd', 'rsi', 'vp']
2026-08-21 22:03:18,219 - INFO - Signal evaluated: HOLD. Reason/Details: Confluence score: 50% (HOLD)
2026-08-21 22:03:19,046 - INFO - Logged heartbeat status: OK
2026-08-21 22:03:20,791 - INFO - Adding job tentatively -- it will be properly scheduled when the scheduler starts
2026-08-21 22:03:20,793 - INFO - Bot bot-1787306389347-6c28 scheduled to check every 5 minutes.
2026-08-21 22:03:21,341 - INFO - Added job "LiveRunner.process_cycle" to job store "default"
2026-08-21 22:03:21,342 - INFO - Scheduler started
2026-08-21 22:08:20,745 - INFO - Running job "LiveRunner.process_cycle (trigger: interval[0:05:00], next run at: 2026-08-21 22:13:20 IST)" (scheduled at 2026-08-21 22:08:20.591430+05:30)
2026-08-21 22:08:20,807 - INFO - [bot-1787306389347-6c28] Starting signal check cycle for ETH/USDT (5m)...
2026-08-21 22:08:21,075 - INFO - Fetching recent candles for ETH/USDT (5m) [Bot: bot-1787306389347-6c28] via ProviderManager...
2026-08-21 22:08:23,873 - INFO - Indicators computed | close=2401.19 ema_9=2397.81 ema_20=2395.84 ema_50=2392.29 ema_200=2371.54 macd=2.2413 poc=2250.0 val=2100.0 vah=2425.0
2026-08-21 22:08:23,890 - INFO - [bot-1787306389347-6c28] Evaluating strategy on completed candle: 2026-08-21 16:30:00+00:00 at Close price: 2402.31
2026-08-21 22:08:24,089 - INFO - Confluence Evaluation | Regime: RANGING (ADX=23.6) | Direction: HOLD | BullScore: 67.4% | BearScore: 0.0% | Active: ['ema', 'macd', 'rsi', 'vp']
2026-08-21 22:08:24,238 - INFO - Signal evaluated: HOLD. Reason/Details: Confluence score: 67% (HOLD)
2026-08-21 22:08:24,475 - INFO - Logged heartbeat status: OK
2026-08-21 22:08:24,475 - INFO - Job "LiveRunner.process_cycle (trigger: interval[0:05:00], next run at: 2026-08-21 22:13:20 IST)" executed successfully
2026-08-21 22:13:20,651 - INFO - Running job "LiveRunner.process_cycle (trigger: interval[0:05:00], next run at: 2026-08-21 22:18:20 IST)" (scheduled at 2026-08-21 22:13:20.591430+05:30)
2026-08-21 22:13:20,798 - INFO - [bot-1787306389347-6c28] Starting signal check cycle for ETH/USDT (5m)...
2026-08-21 22:13:20,920 - INFO - Fetching recent candles for ETH/USDT (5m) [Bot: bot-1787306389347-6c28] via ProviderManager...
2026-08-21 22:13:22,387 - INFO - Indicators computed | close=2401.17 ema_9=2398.53 ema_20=2396.37 ema_50=2392.65 ema_200=2371.84 macd=2.4131 poc=2250.0 val=2100.0 vah=2425.0
2026-08-21 22:13:22,388 - INFO - [bot-1787306389347-6c28] Evaluating strategy on completed candle: 2026-08-21 16:35:00+00:00 at Close price: 2401.50
2026-08-21 22:13:22,488 - INFO - Confluence Evaluation | Regime: RANGING (ADX=22.0) | Direction: HOLD | BullScore: 67.4% | BearScore: 0.0% | Active: ['ema', 'macd', 'rsi', 'vp']
2026-08-21 22:13:22,598 - INFO - Signal evaluated: HOLD. Reason/Details: Confluence score: 67% (HOLD)
2026-08-21 22:13:22,833 - INFO - Logged heartbeat status: OK
2026-08-21 22:13:22,833 - INFO - Job "LiveRunner.process_cycle (trigger: interval[0:05:00], next run at: 2026-08-21 22:18:20 IST)" executed successfully
2026-08-21 22:18:20,614 - INFO - Running job "LiveRunner.process_cycle (trigger: interval[0:05:00], next run at: 2026-08-21 22:23:20 IST)" (scheduled at 2026-08-21 22:18:20.591430+05:30)
2026-08-21 22:18:20,652 - INFO - [bot-1787306389347-6c28] Starting signal check cycle for ETH/USDT (5m)...
2026-08-21 22:18:20,694 - INFO - Fetching recent candles for ETH/USDT (5m) [Bot: bot-1787306389347-6c28] via ProviderManager...
2026-08-21 22:18:21,194 - INFO - Indicators computed | close=2405.89 ema_9=2400.07 ema_20=2397.32 ema_50=2393.19 ema_200=2372.18 macd=2.9038 poc=2250.0 val=2100.0 vah=2425.0
2026-08-21 22:18:21,197 - INFO - [bot-1787306389347-6c28] Evaluating strategy on completed candle: 2026-08-21 16:40:00+00:00 at Close price: 2401.60
2026-08-21 22:18:21,281 - INFO - Confluence Evaluation | Regime: RANGING (ADX=20.1) | Direction: HOLD | BullScore: 67.4% | BearScore: 0.0% | Active: ['ema', 'macd', 'rsi', 'vp']
2026-08-21 22:18:21,379 - INFO - Signal evaluated: HOLD. Reason/Details: Confluence score: 67% (HOLD)
2026-08-21 22:18:21,610 - INFO - Logged heartbeat status: OK
2026-08-21 22:18:21,614 - INFO - Job "LiveRunner.process_cycle (trigger: interval[0:05:00], next run at: 2026-08-21 22:23:20 IST)" executed successfully
2026-08-21 22:23:20,621 - INFO - Running job "LiveRunner.process_cycle (trigger: interval[0:05:00], next run at: 2026-08-21 22:28:20 IST)" (scheduled at 2026-08-21 22:23:20.591430+05:30)
2026-08-21 22:23:20,657 - INFO - [bot-1787306389347-6c28] Starting signal check cycle for ETH/USDT (5m)...
2026-08-21 22:23:20,705 - INFO - Fetching recent candles for ETH/USDT (5m) [Bot: bot-1787306389347-6c28] via ProviderManager...
2026-08-21 22:23:21,249 - INFO - Indicators computed | close=2409.85 ema_9=2402.49 ema_20=2398.76 ema_50=2393.95 ema_200=2372.59 macd=3.7235 poc=2250.0 val=2100.0 vah=2425.0
2026-08-21 22:23:21,250 - INFO - [bot-1787306389347-6c28] Evaluating strategy on completed candle: 2026-08-21 16:45:00+00:00 at Close price: 2408.80
2026-08-21 22:23:21,351 - INFO - Confluence Evaluation | Regime: RANGING (ADX=19.2) | Direction: HOLD | BullScore: 67.4% | BearScore: 0.0% | Active: ['ema', 'macd', 'rsi', 'vp']
2026-08-21 22:23:21,455 - INFO - Signal evaluated: HOLD. Reason/Details: Confluence score: 67% (HOLD)
2026-08-21 22:23:21,710 - INFO - Logged heartbeat status: OK
2026-08-21 22:23:21,711 - INFO - Job "LiveRunner.process_cycle (trigger: interval[0:05:00], next run at: 2026-08-21 22:28:20 IST)" executed successfully
2026-08-21 22:28:20,611 - INFO - Running job "LiveRunner.process_cycle (trigger: interval[0:05:00], next run at: 2026-08-21 22:33:20 IST)" (scheduled at 2026-08-21 22:28:20.591430+05:30)
2026-08-21 22:28:20,635 - INFO - [bot-1787306389347-6c28] Starting signal check cycle for ETH/USDT (5m)...
2026-08-21 22:28:20,691 - INFO - Fetching recent candles for ETH/USDT (5m) [Bot: bot-1787306389347-6c28] via ProviderManager...
2026-08-21 22:28:21,427 - INFO - Indicators computed | close=2407.83 ema_9=2403.57 ema_20=2399.63 ema_50=2394.50 ema_200=2372.94 macd=3.9839 poc=2250.0 val=2100.0 vah=2425.0
2026-08-21 22:28:21,431 - INFO - [bot-1787306389347-6c28] Evaluating strategy on completed candle: 2026-08-21 16:50:00+00:00 at Close price: 2409.91
2026-08-21 22:28:21,560 - INFO - Confluence Evaluation | Regime: RANGING (ADX=18.7) | Direction: HOLD | BullScore: 67.4% | BearScore: 0.0% | Active: ['ema', 'macd', 'rsi', 'vp']
2026-08-21 22:28:21,677 - INFO - Signal evaluated: HOLD. Reason/Details: Confluence score: 67% (HOLD)
2026-08-21 22:28:21,881 - INFO - Logged heartbeat status: OK
2026-08-21 22:28:21,882 - INFO - Job "LiveRunner.process_cycle (trigger: interval[0:05:00], next run at: 2026-08-21 22:33:20 IST)" executed successfully
2026-08-21 22:33:20,638 - INFO - Running job "LiveRunner.process_cycle (trigger: interval[0:05:00], next run at: 2026-08-21 22:38:20 IST)" (scheduled at 2026-08-21 22:33:20.591430+05:30)
2026-08-21 22:33:20,672 - INFO - [bot-1787306389347-6c28] Starting signal check cycle for ETH/USDT (5m)...
2026-08-21 22:33:20,736 - INFO - Fetching recent candles for ETH/USDT (5m) [Bot: bot-1787306389347-6c28] via ProviderManager...
2026-08-21 22:33:22,717 - INFO - Indicators computed | close=2408.15 ema_9=2404.19 ema_20=2400.28 ema_50=2394.96 ema_200=2373.27 macd=4.0497 poc=2250.0 val=2100.0 vah=2425.0
2026-08-21 22:33:22,723 - INFO - [bot-1787306389347-6c28] Evaluating strategy on completed candle: 2026-08-21 16:55:00+00:00 at Close price: 2405.97
2026-08-21 22:33:22,876 - INFO - Confluence Evaluation | Regime: RANGING (ADX=14.6) | Direction: HOLD | BullScore: 67.4% | BearScore: 0.0% | Active: ['ema', 'macd', 'rsi', 'vp']
2026-08-21 22:33:23,064 - INFO - Signal evaluated: HOLD. Reason/Details: Confluence score: 67% (HOLD)
2026-08-21 22:33:23,297 - INFO - Logged heartbeat status: OK
2026-08-21 22:33:23,300 - INFO - Job "LiveRunner.process_cycle (trigger: interval[0:05:00], next run at: 2026-08-21 22:38:20 IST)" executed successfully
2026-08-21 22:38:20,694 - INFO - Running job "LiveRunner.process_cycle (trigger: interval[0:05:00], next run at: 2026-08-21 22:43:20 IST)" (scheduled at 2026-08-21 22:38:20.591430+05:30)
2026-08-21 22:38:20,803 - INFO - [bot-1787306389347-6c28] Starting signal check cycle for ETH/USDT (5m)...
2026-08-21 22:38:20,852 - INFO - Fetching recent candles for ETH/USDT (5m) [Bot: bot-1787306389347-6c28] via ProviderManager...
2026-08-21 22:38:21,523 - INFO - Indicators computed | close=2413.35 ema_9=2406.03 ema_20=2401.53 ema_50=2395.69 ema_200=2373.67 macd=4.5906 poc=2250.0 val=2100.0 vah=2425.0
2026-08-21 22:38:21,525 - INFO - [bot-1787306389347-6c28] Evaluating strategy on completed candle: 2026-08-21 17:00:00+00:00 at Close price: 2408.22
2026-08-21 22:38:21,613 - INFO - Confluence Evaluation | Regime: RANGING (ADX=15.3) | Direction: HOLD | BullScore: 67.4% | BearScore: 0.0% | Active: ['ema', 'macd', 'rsi', 'vp']
2026-08-21 22:38:21,742 - INFO - Signal evaluated: HOLD. Reason/Details: Confluence score: 67% (HOLD)
2026-08-21 22:38:21,930 - INFO - Logged heartbeat status: OK
2026-08-21 22:38:21,930 - INFO - Job "LiveRunner.process_cycle (trigger: interval[0:05:00], next run at: 2026-08-21 22:43:20 IST)" executed successfully
