/Users/ashishparadkar/Downloads/algo-code-main/.venv/lib/python3.9/site-packages/urllib3/__init__.py:35: NotOpenSSLWarning: urllib3 v2 only supports OpenSSL 1.1.1+, currently the 'ssl' module is compiled with 'LibreSSL 2.8.3'. See: https://github.com/urllib3/urllib3/issues/3020
  warnings.warn(
/Users/ashishparadkar/Downloads/algo-code-main/.venv/lib/python3.9/site-packages/urllib3/__init__.py:35: NotOpenSSLWarning: urllib3 v2 only supports OpenSSL 1.1.1+, currently the 'ssl' module is compiled with 'LibreSSL 2.8.3'. See: https://github.com/urllib3/urllib3/issues/3020
  warnings.warn(
2026-08-21 20:32:05,510 - INFO - Bot state startup reconciliation finished: 0 bot(s) reconciled to STOPPED.
2026-08-21 20:32:13,744 - INFO - Telegram notification service initialized successfully (Chat ID: 5657...)
2026-08-21 20:32:19,211 - INFO - Initializing scheduled trading bot live runner for bot-1787306389121-1974...
2026-08-21 20:32:23,339 - INFO - SQLite database tables verified/created.
2026-08-21 20:32:27,304 - INFO - Initializing CCXT Binance in TESTNET mode.
/Users/ashishparadkar/Downloads/algo-code-main/.venv/lib/python3.9/site-packages/urllib3/__init__.py:35: NotOpenSSLWarning: urllib3 v2 only supports OpenSSL 1.1.1+, currently the 'ssl' module is compiled with 'LibreSSL 2.8.3'. See: https://github.com/urllib3/urllib3/issues/3020
  warnings.warn(
2026-08-21 21:38:14,129 - INFO - Bot state startup reconciliation finished: 0 bot(s) reconciled to STOPPED.
2026-08-21 21:38:22,092 - INFO - Telegram notification service initialized successfully (Chat ID: 5657...)
2026-08-21 21:38:23,891 - INFO - Initializing scheduled trading bot live runner for bot-1787306389121-1974...
2026-08-21 21:38:27,488 - INFO - SQLite database tables verified/created.
2026-08-21 21:38:30,684 - INFO - Initializing CCXT Binance in TESTNET mode.
2026-08-21 21:41:57,404 - INFO - [bot-1787306389121-1974] Pre-flight instrument resolved: NIFTY (INDEX via zerodha)
2026-08-21 21:42:09,811 - INFO - [bot-1787306389121-1974] Starting signal check cycle for NIFTY (15m)...
2026-08-21 21:42:12,594 - INFO - Fetching recent candles for NIFTY (15m) [Bot: bot-1787306389121-1974] via ProviderManager...
2026-08-21 21:42:12,609 - ERROR - System Error in runner execution cycle: PROVIDER_CAPABILITY_MISMATCH: Adapter Binance Spot API does not support INDEX instrument NIFTY.
Traceback (most recent call last):
  File "/Users/ashishparadkar/Downloads/algo-code-main/src/live_runner.py", line 199, in process_cycle
    df, _ = self.provider_manager.fetch_ohlcv_safe(self.symbol, self.timeframe, limit=1000)
  File "/Users/ashishparadkar/Downloads/algo-code-main/src/provider_manager.py", line 341, in fetch_ohlcv_safe
    raise ccxt.NotSupported(
ccxt.base.errors.NotSupported: PROVIDER_CAPABILITY_MISMATCH: Adapter Binance Spot API does not support INDEX instrument NIFTY.
2026-08-21 21:42:40,432 - WARNING - [bot-1787306389121-1974] Marked bot as non-retryable configuration error to prevent infinite error storm.
2026-08-21 21:42:49,196 - INFO - Logged heartbeat status: ERROR
2026-08-21 21:42:54,394 - INFO - Adding job tentatively -- it will be properly scheduled when the scheduler starts
2026-08-21 21:42:54,395 - INFO - Bot bot-1787306389121-1974 scheduled to check every 15 minutes.
2026-08-21 21:42:55,835 - INFO - Added job "LiveRunner.process_cycle" to job store "default"
2026-08-21 21:42:55,854 - INFO - Scheduler started
2026-08-21 21:58:01,200 - WARNING - Run time of job "LiveRunner.process_cycle (trigger: interval[0:15:00], next run at: 2026-08-21 22:12:54 IST)" was missed by 0:00:06.461111
2026-08-21 22:12:54,966 - INFO - Running job "LiveRunner.process_cycle (trigger: interval[0:15:00], next run at: 2026-08-21 22:27:54 IST)" (scheduled at 2026-08-21 22:12:54.365933+05:30)
2026-08-21 22:12:55,033 - ERROR - [bot-1787306389121-1974] Halting runner cycle: Bot is configured with unexecutable instrument 'NIFTY'. Error: Fatal Non-Retryable Error: PROVIDER_CAPABILITY_MISMATCH: Adapter Binance Spot API does not support INDEX instrument NIFTY.
2026-08-21 22:12:55,691 - INFO - Job "LiveRunner.process_cycle (trigger: interval[0:15:00], next run at: 2026-08-21 22:27:54 IST)" executed successfully
2026-08-21 22:27:54,454 - INFO - Running job "LiveRunner.process_cycle (trigger: interval[0:15:00], next run at: 2026-08-21 22:42:54 IST)" (scheduled at 2026-08-21 22:27:54.365933+05:30)
2026-08-21 22:27:54,461 - ERROR - [bot-1787306389121-1974] Halting runner cycle: Bot is configured with unexecutable instrument 'NIFTY'. Error: Fatal Non-Retryable Error: PROVIDER_CAPABILITY_MISMATCH: Adapter Binance Spot API does not support INDEX instrument NIFTY.
2026-08-21 22:27:54,702 - INFO - Job "LiveRunner.process_cycle (trigger: interval[0:15:00], next run at: 2026-08-21 22:42:54 IST)" executed successfully
