/Users/ashishparadkar/Downloads/algo-code-main/.venv/lib/python3.9/site-packages/urllib3/__init__.py:35: NotOpenSSLWarning: urllib3 v2 only supports OpenSSL 1.1.1+, currently the 'ssl' module is compiled with 'LibreSSL 2.8.3'. See: https://github.com/urllib3/urllib3/issues/3020
  warnings.warn(
2026-08-21 21:42:28,663 - INFO - Bot state startup reconciliation finished: 0 bot(s) reconciled to STOPPED.
2026-08-21 21:42:36,256 - INFO - Telegram notification service initialized successfully (Chat ID: 5657...)
2026-08-21 21:42:37,960 - INFO - Initializing scheduled trading bot live runner for bot-1787324187012-65a5...
2026-08-21 21:42:40,210 - INFO - SQLite database tables verified/created.
2026-08-21 21:42:43,609 - INFO - Initializing CCXT Binance in TESTNET mode.
2026-08-21 21:46:04,084 - INFO - [bot-1787324187012-65a5] Pre-flight instrument resolved: BTC/USDT (SPOT via binance_spot)
2026-08-21 21:46:09,759 - INFO - [bot-1787324187012-65a5] Starting signal check cycle for BTC/USDT (5m)...
2026-08-21 21:46:09,828 - INFO - Fetching recent candles for BTC/USDT (5m) [Bot: bot-1787324187012-65a5] via ProviderManager...
2026-08-21 22:00:19,655 - INFO - Indicators computed | close=77342.71 ema_9=77206.80 ema_20=77254.89 ema_50=77230.14 ema_200=76093.11 macd=-26.8928 poc=64250.0 val=64025.0 vah=74400.0
2026-08-21 22:00:21,403 - INFO - [bot-1787324187012-65a5] Evaluating strategy on completed candle: 2026-08-21 16:20:00+00:00 at Close price: 77150.00
2026-08-21 22:00:29,714 - INFO - Confluence Evaluation | Regime: TRENDING (ADX=38.1) | Direction: HOLD | BullScore: 0.0% | BearScore: 67.4% | Active: ['ema', 'macd', 'rsi', 'vp']
2026-08-21 22:00:31,516 - INFO - Signal evaluated: HOLD. Reason/Details: Confluence score: 67% (HOLD)
2026-08-21 22:00:34,912 - INFO - Logged heartbeat status: OK
2026-08-21 22:00:40,312 - INFO - Adding job tentatively -- it will be properly scheduled when the scheduler starts
2026-08-21 22:00:40,579 - INFO - Bot bot-1787324187012-65a5 scheduled to check every 5 minutes.
2026-08-21 22:00:42,128 - INFO - Added job "LiveRunner.process_cycle" to job store "default"
2026-08-21 22:00:42,130 - INFO - Scheduler started
2026-08-21 22:05:40,099 - INFO - Running job "LiveRunner.process_cycle (trigger: interval[0:05:00], next run at: 2026-08-21 22:10:39 IST)" (scheduled at 2026-08-21 22:05:39.733872+05:30)
2026-08-21 22:05:40,278 - INFO - [bot-1787324187012-65a5] Starting signal check cycle for BTC/USDT (5m)...
2026-08-21 22:05:40,437 - INFO - Fetching recent candles for BTC/USDT (5m) [Bot: bot-1787324187012-65a5] via ProviderManager...
2026-08-21 22:05:41,953 - INFO - Indicators computed | close=77326.08 ema_9=77256.93 ema_20=77272.05 ema_50=77239.46 ema_200=76118.04 macd=-6.7057 poc=69350.0 val=64025.0 vah=74450.0
2026-08-21 22:05:41,958 - INFO - [bot-1787324187012-65a5] Evaluating strategy on completed candle: 2026-08-21 16:30:00+00:00 at Close price: 77338.12
2026-08-21 22:05:42,058 - INFO - Confluence Evaluation | Regime: TRENDING (ADX=39.7) | Direction: HOLD | BullScore: 32.6% | BearScore: 67.4% | Active: ['ema', 'macd', 'rsi', 'vp']
2026-08-21 22:05:42,180 - INFO - Signal evaluated: HOLD. Reason/Details: Confluence score: 67% (HOLD)
2026-08-21 22:05:42,410 - INFO - Logged heartbeat status: OK
2026-08-21 22:05:42,411 - INFO - Job "LiveRunner.process_cycle (trigger: interval[0:05:00], next run at: 2026-08-21 22:10:39 IST)" executed successfully
2026-08-21 22:10:39,830 - INFO - Running job "LiveRunner.process_cycle (trigger: interval[0:05:00], next run at: 2026-08-21 22:15:39 IST)" (scheduled at 2026-08-21 22:10:39.733872+05:30)
2026-08-21 22:10:39,892 - INFO - [bot-1787324187012-65a5] Starting signal check cycle for BTC/USDT (5m)...
2026-08-21 22:10:39,969 - INFO - Fetching recent candles for BTC/USDT (5m) [Bot: bot-1787324187012-65a5] via ProviderManager...
2026-08-21 22:10:40,790 - INFO - Indicators computed | close=77288.63 ema_9=77261.71 ema_20=77272.79 ema_50=77241.02 ema_200=76129.59 macd=-4.7559 poc=69350.0 val=64025.0 vah=74475.0
2026-08-21 22:10:40,793 - INFO - [bot-1787324187012-65a5] Evaluating strategy on completed candle: 2026-08-21 16:35:00+00:00 at Close price: 77316.28
2026-08-21 22:10:40,953 - INFO - Confluence Evaluation | Regime: TRENDING (ADX=39.7) | Direction: HOLD | BullScore: 32.6% | BearScore: 67.4% | Active: ['ema', 'macd', 'rsi', 'vp']
2026-08-21 22:10:41,169 - INFO - Signal evaluated: HOLD. Reason/Details: Confluence score: 67% (HOLD)
2026-08-21 22:10:41,301 - INFO - Logged heartbeat status: OK
2026-08-21 22:10:41,302 - INFO - Job "LiveRunner.process_cycle (trigger: interval[0:05:00], next run at: 2026-08-21 22:15:39 IST)" executed successfully
2026-08-21 22:15:39,788 - INFO - Running job "LiveRunner.process_cycle (trigger: interval[0:05:00], next run at: 2026-08-21 22:20:39 IST)" (scheduled at 2026-08-21 22:15:39.733872+05:30)
2026-08-21 22:15:39,828 - INFO - [bot-1787324187012-65a5] Starting signal check cycle for BTC/USDT (5m)...
2026-08-21 22:15:40,000 - INFO - Fetching recent candles for BTC/USDT (5m) [Bot: bot-1787324187012-65a5] via ProviderManager...
2026-08-21 22:15:41,519 - INFO - Indicators computed | close=77318.01 ema_9=77284.71 ema_20=77283.42 ema_50=77246.80 ema_200=76142.14 macd=4.3034 poc=69350.0 val=64025.0 vah=74500.0
2026-08-21 22:15:41,522 - INFO - [bot-1787324187012-65a5] Evaluating strategy on completed candle: 2026-08-21 16:40:00+00:00 at Close price: 77362.04
2026-08-21 22:15:42,161 - INFO - Confluence Evaluation | Regime: TRENDING (ADX=40.2) | Direction: HOLD | BullScore: 32.6% | BearScore: 34.8% | Active: ['ema', 'macd', 'rsi', 'vp']
2026-08-21 22:15:42,250 - INFO - Signal evaluated: HOLD. Reason/Details: Confluence score: 35% (HOLD)
2026-08-21 22:15:42,539 - INFO - Logged heartbeat status: OK
2026-08-21 22:15:42,539 - INFO - Job "LiveRunner.process_cycle (trigger: interval[0:05:00], next run at: 2026-08-21 22:20:39 IST)" executed successfully
2026-08-21 22:20:39,751 - INFO - Running job "LiveRunner.process_cycle (trigger: interval[0:05:00], next run at: 2026-08-21 22:25:39 IST)" (scheduled at 2026-08-21 22:20:39.733872+05:30)
2026-08-21 22:20:39,799 - INFO - [bot-1787324187012-65a5] Starting signal check cycle for BTC/USDT (5m)...
2026-08-21 22:20:39,848 - INFO - Fetching recent candles for BTC/USDT (5m) [Bot: bot-1787324187012-65a5] via ProviderManager...
2026-08-21 22:20:40,347 - INFO - Indicators computed | close=77526.00 ema_9=77366.92 ema_20=77324.80 ema_50=77265.75 ema_200=76158.00 macd=36.4241 poc=69350.0 val=64025.0 vah=74525.0
2026-08-21 22:20:40,348 - INFO - [bot-1787324187012-65a5] Evaluating strategy on completed candle: 2026-08-21 16:45:00+00:00 at Close price: 77530.19
2026-08-21 22:20:40,594 - INFO - LONG signal blocked | Location blocked (Close 77530.19 outside Value Area [62744.50 - 76015.50], VAL=64025.00, VAH=74525.00) | context={'close': 77530.19, 'ema_9': 77327.14786556269, 'ema_20': 77303.62543003306, 'ema_50': 77255.12450110391, 'ema_200': 76144.25262187838, 'macd_line': 21.229475276821177, 'macd_signal': 6.32280964717363, 'macd_hist': 14.906665629647547, 'poc': np.float64(69350.0), 'val': np.float64(64025.0), 'vah': np.float64(74525.0)}
2026-08-21 22:20:40,611 - INFO - Confluence Evaluation | Regime: TRENDING (ADX=39.6) | Direction: HOLD | BullScore: 65.2% | BearScore: 34.8% | Active: ['ema', 'macd', 'rsi', 'vp']
2026-08-21 22:20:40,702 - INFO - Signal evaluated: HOLD. Reason/Details: LONG setup blocked: Location blocked (Close 77530.19 outside Value Area [62744.50 - 76015.50], VAL=64025.00, VAH=74525.00)
2026-08-21 22:20:41,068 - INFO - Logged heartbeat status: OK
2026-08-21 22:20:41,069 - INFO - Job "LiveRunner.process_cycle (trigger: interval[0:05:00], next run at: 2026-08-21 22:25:39 IST)" executed successfully
2026-08-21 22:25:39,772 - INFO - Running job "LiveRunner.process_cycle (trigger: interval[0:05:00], next run at: 2026-08-21 22:30:39 IST)" (scheduled at 2026-08-21 22:25:39.733872+05:30)
2026-08-21 22:25:39,873 - INFO - [bot-1787324187012-65a5] Starting signal check cycle for BTC/USDT (5m)...
2026-08-21 22:25:39,940 - INFO - Fetching recent candles for BTC/USDT (5m) [Bot: bot-1787324187012-65a5] via ProviderManager...
2026-08-21 22:25:40,564 - INFO - Indicators computed | close=77470.19 ema_9=77378.61 ema_20=77333.82 ema_50=77271.65 ema_200=76170.51 macd=40.0126 poc=69350.0 val=64025.0 vah=74525.0
2026-08-21 22:25:40,565 - INFO - [bot-1787324187012-65a5] Evaluating strategy on completed candle: 2026-08-21 16:50:00+00:00 at Close price: 77470.00
2026-08-21 22:25:40,642 - INFO - Confluence Evaluation | Regime: TRENDING (ADX=39.0) | Direction: HOLD | BullScore: 65.2% | BearScore: 34.8% | Active: ['ema', 'macd', 'rsi', 'vp']
2026-08-21 22:25:40,741 - INFO - Signal evaluated: HOLD. Reason/Details: Confluence score: 65% (HOLD)
2026-08-21 22:25:40,897 - INFO - Logged heartbeat status: OK
2026-08-21 22:25:40,898 - INFO - Job "LiveRunner.process_cycle (trigger: interval[0:05:00], next run at: 2026-08-21 22:30:39 IST)" executed successfully
2026-08-21 22:30:39,766 - INFO - Running job "LiveRunner.process_cycle (trigger: interval[0:05:00], next run at: 2026-08-21 22:35:39 IST)" (scheduled at 2026-08-21 22:30:39.733872+05:30)
2026-08-21 22:30:39,864 - INFO - [bot-1787324187012-65a5] Starting signal check cycle for BTC/USDT (5m)...
2026-08-21 22:30:39,924 - INFO - Fetching recent candles for BTC/USDT (5m) [Bot: bot-1787324187012-65a5] via ProviderManager...
2026-08-21 22:30:41,111 - INFO - Indicators computed | close=77504.01 ema_9=77406.22 ema_20=77351.40 ema_50=77281.36 ema_200=76183.93 macd=49.5403 poc=69350.0 val=64025.0 vah=74550.0
2026-08-21 22:30:41,121 - INFO - [bot-1787324187012-65a5] Evaluating strategy on completed candle: 2026-08-21 16:55:00+00:00 at Close price: 77486.01
2026-08-21 22:30:41,345 - INFO - Confluence Evaluation | Regime: TRENDING (ADX=37.1) | Direction: LONG | BullScore: 82.6% | BearScore: 17.4% | Active: ['ema', 'macd', 'rsi', 'vp']
2026-08-21 22:30:41,486 - INFO - Capping position size 0.927013 BTC to available cash equivalent 0.193583 BTC.
2026-08-21 22:30:41,553 - INFO - Created pending signal approval ID 241 for bot bot-1787324187012-65a5 (LONG @ $77486.01, status: WAITING_APPROVAL)
2026-08-21 22:30:41,836 - INFO - [bot-1787324187012-65a5] Signal LONG generated (ID: 241). Waiting for manual user approval.
2026-08-21 22:30:42,176 - INFO - Logged heartbeat status: OK
2026-08-21 22:30:42,178 - INFO - Job "LiveRunner.process_cycle (trigger: interval[0:05:00], next run at: 2026-08-21 22:35:39 IST)" executed successfully
2026-08-21 22:35:39,761 - INFO - Running job "LiveRunner.process_cycle (trigger: interval[0:05:00], next run at: 2026-08-21 22:40:39 IST)" (scheduled at 2026-08-21 22:35:39.733872+05:30)
2026-08-21 22:35:39,807 - INFO - [bot-1787324187012-65a5] Starting signal check cycle for BTC/USDT (5m)...
2026-08-21 22:35:39,849 - INFO - Fetching recent candles for BTC/USDT (5m) [Bot: bot-1787324187012-65a5] via ProviderManager...
2026-08-21 22:35:42,075 - INFO - Indicators computed | close=77539.99 ema_9=77435.86 ema_20=77370.91 ema_50=77292.18 ema_200=76197.60 macd=59.4299 poc=69350.0 val=64025.0 vah=74575.0
2026-08-21 22:35:42,098 - INFO - [bot-1787324187012-65a5] Evaluating strategy on completed candle: 2026-08-21 17:00:00+00:00 at Close price: 77522.00
2026-08-21 22:35:42,279 - INFO - Confluence Evaluation | Regime: TRENDING (ADX=34.7) | Direction: LONG | BullScore: 82.6% | BearScore: 17.4% | Active: ['ema', 'macd', 'rsi', 'vp']
2026-08-21 22:35:42,858 - INFO - Capping position size 0.922311 BTC to available cash equivalent 0.193493 BTC.
2026-08-21 22:35:43,474 - INFO - [bot-1787324187012-65a5] Signal LONG active pending approval already exists (ID: 241).
2026-08-21 22:35:43,954 - INFO - Logged heartbeat status: OK
2026-08-21 22:35:43,955 - INFO - Job "LiveRunner.process_cycle (trigger: interval[0:05:00], next run at: 2026-08-21 22:40:39 IST)" executed successfully
2026-08-21 22:40:39,853 - INFO - Running job "LiveRunner.process_cycle (trigger: interval[0:05:00], next run at: 2026-08-21 22:45:39 IST)" (scheduled at 2026-08-21 22:40:39.733872+05:30)
2026-08-21 22:40:39,867 - INFO - [bot-1787324187012-65a5] Starting signal check cycle for BTC/USDT (5m)...
2026-08-21 22:40:39,914 - INFO - Fetching recent candles for BTC/USDT (5m) [Bot: bot-1787324187012-65a5] via ProviderManager...
2026-08-21 22:40:40,395 - INFO - Indicators computed | close=77638.01 ema_9=77488.67 ema_20=77403.01 ema_50=77308.66 ema_200=76212.70 macd=77.9616 poc=69350.0 val=64025.0 vah=74575.0
2026-08-21 22:40:40,397 - INFO - [bot-1787324187012-65a5] Evaluating strategy on completed candle: 2026-08-21 17:05:00+00:00 at Close price: 77617.37
2026-08-21 22:40:40,483 - INFO - Confluence Evaluation | Regime: TRENDING (ADX=35.6) | Direction: LONG | BullScore: 82.6% | BearScore: 17.4% | Active: ['ema', 'macd', 'rsi', 'vp']
2026-08-21 22:40:40,649 - INFO - Capping position size 0.796411 BTC to available cash equivalent 0.193256 BTC.
2026-08-21 22:40:40,709 - INFO - [bot-1787324187012-65a5] Signal LONG active pending approval already exists (ID: 241).
2026-08-21 22:40:40,925 - INFO - Logged heartbeat status: OK
2026-08-21 22:40:40,930 - INFO - Job "LiveRunner.process_cycle (trigger: interval[0:05:00], next run at: 2026-08-21 22:45:39 IST)" executed successfully
