/Users/ashishparadkar/Downloads/algo-code-main/.venv/lib/python3.9/site-packages/urllib3/__init__.py:35: NotOpenSSLWarning: urllib3 v2 only supports OpenSSL 1.1.1+, currently the 'ssl' module is compiled with 'LibreSSL 2.8.3'. See: https://github.com/urllib3/urllib3/issues/3020
  warnings.warn(
2026-08-21 21:44:56,623 - INFO - Bot state startup reconciliation finished: 0 bot(s) reconciled to STOPPED.
2026-08-21 21:45:04,219 - INFO - Telegram notification service initialized successfully (Chat ID: 5657...)
2026-08-21 21:45:05,370 - INFO - Initializing scheduled trading bot live runner for bot-1787325076966-b8c1...
2026-08-21 21:45:06,654 - INFO - SQLite database tables verified/created.
2026-08-21 21:45:08,855 - INFO - Initializing CCXT Binance in TESTNET mode.
2026-08-21 21:47:14,475 - INFO - [bot-1787325076966-b8c1] Pre-flight instrument resolved: BTC/USDT (SPOT via binance_spot)
2026-08-21 21:47:18,757 - INFO - [bot-1787325076966-b8c1] Starting signal check cycle for BTC/USDT (15m)...
2026-08-21 21:47:19,423 - INFO - Fetching recent candles for BTC/USDT (15m) [Bot: bot-1787325076966-b8c1] via ProviderManager...
2026-08-21 21:58:08,559 - INFO - Indicators computed | close=77117.00 ema_9=77222.61 ema_20=77207.22 ema_50=76585.39 ema_200=72794.35 macd=95.7734 poc=63050.0 val=62700.0 vah=72525.0
2026-08-21 21:58:10,661 - INFO - [bot-1787325076966-b8c1] Evaluating strategy on completed candle: 2026-08-21 16:00:00+00:00 at Close price: 76858.57
2026-08-21 21:58:18,988 - INFO - Confluence Evaluation | Regime: TRENDING (ADX=27.9) | Direction: HOLD | BullScore: 0.0% | BearScore: 21.1% | Active: ['ema', 'macd', 'vp']
2026-08-21 21:58:22,216 - INFO - Signal evaluated: HOLD. Reason/Details: Confluence score: 21% (HOLD)
2026-08-21 21:58:26,629 - INFO - Logged heartbeat status: OK
2026-08-21 21:58:34,834 - INFO - Adding job tentatively -- it will be properly scheduled when the scheduler starts
2026-08-21 21:58:35,149 - INFO - Bot bot-1787325076966-b8c1 scheduled to check every 15 minutes.
2026-08-21 21:58:37,435 - INFO - Added job "LiveRunner.process_cycle" to job store "default"
2026-08-21 21:58:37,465 - INFO - Scheduler started
2026-08-21 22:13:34,200 - INFO - Running job "LiveRunner.process_cycle (trigger: interval[0:15:00], next run at: 2026-08-21 22:28:33 IST)" (scheduled at 2026-08-21 22:13:33.831518+05:30)
2026-08-21 22:13:34,453 - INFO - [bot-1787325076966-b8c1] Starting signal check cycle for BTC/USDT (15m)...
2026-08-21 22:13:34,686 - INFO - Fetching recent candles for BTC/USDT (15m) [Bot: bot-1787325076966-b8c1] via ProviderManager...
2026-08-21 22:13:38,587 - INFO - Indicators computed | close=77315.92 ema_9=77283.97 ema_20=77240.57 ema_50=76624.10 ema_200=72841.97 macd=111.8182 poc=63050.0 val=62700.0 vah=72550.0
2026-08-21 22:13:38,588 - INFO - [bot-1787325076966-b8c1] Evaluating strategy on completed candle: 2026-08-21 16:15:00+00:00 at Close price: 77383.87
2026-08-21 22:13:38,740 - INFO - Confluence Evaluation | Regime: TRENDING (ADX=29.4) | Direction: HOLD | BullScore: 39.5% | BearScore: 21.1% | Active: ['ema', 'macd', 'vp']
2026-08-21 22:13:38,884 - INFO - Signal evaluated: HOLD. Reason/Details: Confluence score: 40% (HOLD)
2026-08-21 22:13:39,122 - INFO - Logged heartbeat status: OK
2026-08-21 22:13:39,123 - INFO - Job "LiveRunner.process_cycle (trigger: interval[0:15:00], next run at: 2026-08-21 22:28:33 IST)" executed successfully
2026-08-21 22:28:33,934 - INFO - Running job "LiveRunner.process_cycle (trigger: interval[0:15:00], next run at: 2026-08-21 22:43:33 IST)" (scheduled at 2026-08-21 22:28:33.831518+05:30)
2026-08-21 22:28:34,004 - INFO - [bot-1787325076966-b8c1] Starting signal check cycle for BTC/USDT (15m)...
2026-08-21 22:28:34,158 - INFO - Fetching recent candles for BTC/USDT (15m) [Bot: bot-1787325076966-b8c1] via ProviderManager...
2026-08-21 22:28:36,582 - INFO - Indicators computed | close=77525.99 ema_9=77339.76 ema_20=77271.72 ema_50=76661.20 ema_200=72889.04 macd=126.0337 poc=63050.0 val=62700.0 vah=72575.0
2026-08-21 22:28:36,589 - INFO - [bot-1787325076966-b8c1] Evaluating strategy on completed candle: 2026-08-21 16:30:00+00:00 at Close price: 77362.04
2026-08-21 22:28:36,786 - INFO - Confluence Evaluation | Regime: TRENDING (ADX=28.9) | Direction: HOLD | BullScore: 39.5% | BearScore: 21.1% | Active: ['ema', 'macd', 'vp']
2026-08-21 22:28:36,891 - INFO - Signal evaluated: HOLD. Reason/Details: Confluence score: 40% (HOLD)
2026-08-21 22:28:37,114 - INFO - Logged heartbeat status: OK
2026-08-21 22:28:37,115 - INFO - Job "LiveRunner.process_cycle (trigger: interval[0:15:00], next run at: 2026-08-21 22:43:33 IST)" executed successfully
