2026-08-15 17:38:09,488 - INFO - Initializing scheduled trading bot live runner for bot-1786795311345-adf7...
2026-08-15 17:50:31,228 - INFO - Initializing scheduled trading bot live runner for bot-1786795311345-adf7...
2026-08-15 17:54:33,754 - INFO - Initializing scheduled trading bot live runner for bot-1786795311345-adf7...
2026-08-15 17:54:33,779 - INFO - SQLite database tables verified/created.
2026-08-15 17:54:33,800 - INFO - Initializing CCXT Binance in TESTNET mode.
2026-08-15 19:37:57,237 - INFO - Initializing scheduled trading bot live runner for bot-1786795311345-adf7...
2026-08-15 19:37:57,265 - INFO - SQLite database tables verified/created.
2026-08-15 19:37:57,290 - INFO - Initializing CCXT Binance in TESTNET mode.
2026-08-15 20:22:02,752 - INFO - BotWatchdog thread started.
2026-08-15 20:22:02,753 - INFO - BotWatchdog singleton background thread started.
2026-08-15 20:22:02,854 - INFO - Initializing scheduled trading bot live runner for bot-1786795311345-adf7...
Traceback (most recent call last):
  File "H:\algo\algo\btc-bot\src\live_runner.py", line 19, in <module>
    from src import config
  File "H:\algo\algo\btc-bot\src\__init__.py", line 14, in <module>
    from . import trade_ledger
  File "H:\algo\algo\btc-bot\src\trade_ledger.py", line 646, in <module>
    trade_ledger = AuthoritativeTradeLedger()
  File "H:\algo\algo\btc-bot\src\trade_ledger.py", line 282, in __init__
    init_trade_ledger_schema()
    ~~~~~~~~~~~~~~~~~~~~~~~~^^
  File "H:\algo\algo\btc-bot\src\trade_ledger.py", line 27, in init_trade_ledger_schema
    cursor.execute(
    ~~~~~~~~~~~~~~^
        """
        ^^^
    ...<17 lines>...
        """
        ^^^
    )
    ^
sqlite3.OperationalError: disk I/O error
2026-08-15 20:54:02,767 - INFO - BotWatchdog thread started.
2026-08-15 20:54:02,767 - INFO - BotWatchdog singleton background thread started.
2026-08-15 20:54:03,290 - INFO - Initializing scheduled trading bot live runner for bot-1786795311345-adf7...
2026-08-15 20:54:03,851 - INFO - SQLite database tables verified/created.
2026-08-15 20:54:05,336 - INFO - Initializing CCXT Binance in TESTNET mode.
2026-08-15 20:54:07,500 - INFO - Initializing CCXT Binance in MAINNET mode (Public endpoints).
2026-08-15 20:54:07,583 - INFO - Sending Telegram alert...
2026-08-15 20:54:19,706 - INFO - Telegram alert sent successfully.
2026-08-15 20:54:19,764 - INFO - [bot-1786795311345-adf7] Starting signal check cycle for ETH/USDT (15m)...
2026-08-15 20:54:20,018 - INFO - Fetching recent candles for ETH/USDT (15m) [Bot: bot-1786795311345-adf7]...
2026-08-15 20:54:34,058 - INFO - Indicators computed | close=1883.64 ema_9=1883.03 ema_20=1882.20 ema_50=1881.55 ema_200=1882.15 macd=0.7796 poc=1875.0 val=1875.0 vah=1900.0
2026-08-15 20:54:34,121 - INFO - [bot-1786795311345-adf7] Evaluating strategy on completed candle: 2026-08-15T15:00:00+00:00 at Close price: 1883.66
2026-08-15 20:54:47,281 - INFO - Confluence Evaluation | Regime: TRENDING (ADX=36.0) | Direction: LONG | BullScore: 100.0% | BearScore: 0.0% | Active: ['ema', 'macd', 'rsi', 'vp']
2026-08-15 20:55:24,129 - INFO - Capping position size 24.570025 BTC to available cash equivalent 2.654407 BTC.
2026-08-15 20:55:26,444 - INFO - Created pending signal approval ID 126 for bot bot-1786795311345-adf7 (LONG @ $1883.66, status: WAITING_APPROVAL)
2026-08-15 21:43:04,347 - INFO - BotWatchdog thread started.
2026-08-15 21:43:04,347 - INFO - BotWatchdog singleton background thread started.
2026-08-15 21:43:04,376 - INFO - Initializing scheduled trading bot live runner for bot-1786795311345-adf7...
2026-08-15 21:43:04,385 - INFO - SQLite database tables verified/created.
2026-08-15 21:43:04,398 - INFO - Initializing CCXT Binance in TESTNET mode.
2026-08-15 21:43:05,598 - INFO - Initializing CCXT Binance in MAINNET mode (Public endpoints).
2026-08-15 21:43:05,607 - INFO - Sending Telegram alert...
2026-08-15 21:43:06,439 - INFO - Telegram alert sent successfully.
2026-08-15 21:43:06,443 - INFO - [bot-1786795311345-adf7] Starting signal check cycle for ETH/USDT (15m)...
2026-08-15 21:43:06,450 - INFO - Fetching recent candles for ETH/USDT (15m) [Bot: bot-1786795311345-adf7]...
2026-08-15 21:43:08,592 - INFO - Indicators computed | close=1884.74 ema_9=1884.05 ema_20=1882.98 ema_50=1881.97 ema_200=1882.24 macd=1.0599 poc=1875.0 val=1875.0 vah=1900.0
2026-08-15 21:43:08,592 - INFO - [bot-1786795311345-adf7] Evaluating strategy on completed candle: 2026-08-15T15:45:00+00:00 at Close price: 1884.91
2026-08-15 21:43:08,609 - INFO - Confluence Evaluation | Regime: TRENDING (ADX=47.6) | Direction: LONG | BullScore: 82.6% | BearScore: 0.0% | Active: ['ema', 'macd', 'rsi', 'vp']
2026-08-15 21:43:08,626 - INFO - Capping position size 23.474178 BTC to available cash equivalent 2.652647 BTC.
2026-08-15 21:43:08,632 - INFO - Created pending signal approval ID 142 for bot bot-1786795311345-adf7 (LONG @ $1884.91, status: WAITING_APPROVAL)
2026-08-15 21:43:09,465 - INFO - [bot-1786795311345-adf7] Signal LONG generated (ID: 142). Waiting for manual user approval.
2026-08-15 21:43:09,516 - INFO - Logged heartbeat status: OK
2026-08-15 21:43:09,521 - INFO - Adding job tentatively -- it will be properly scheduled when the scheduler starts
2026-08-15 21:43:09,521 - INFO - Bot bot-1786795311345-adf7 scheduled to check every 15 minutes.
2026-08-15 21:43:09,521 - INFO - Added job "LiveRunner.process_cycle" to job store "default"
2026-08-15 21:43:09,521 - INFO - Scheduler started
2026-08-15 21:58:09,529 - INFO - Running job "LiveRunner.process_cycle (trigger: interval[0:15:00], next run at: 2026-08-15 21:58:09 IST)" (scheduled at 2026-08-15 21:58:09.521124+05:30)
2026-08-15 21:58:09,536 - INFO - [bot-1786795311345-adf7] Starting signal check cycle for ETH/USDT (15m)...
2026-08-15 21:58:09,553 - INFO - Fetching recent candles for ETH/USDT (15m) [Bot: bot-1786795311345-adf7]...
2026-08-15 21:58:09,959 - INFO - Indicators computed | close=1885.54 ema_9=1884.32 ema_20=1883.20 ema_50=1882.10 ema_200=1882.27 macd=1.1174 poc=1875.0 val=1875.0 vah=1900.0
2026-08-15 21:58:09,959 - INFO - [bot-1786795311345-adf7] Evaluating strategy on completed candle: 2026-08-15T16:00:00+00:00 at Close price: 1884.56
2026-08-15 21:58:09,988 - INFO - Confluence Evaluation | Regime: TRENDING (ADX=50.3) | Direction: LONG | BullScore: 82.6% | BearScore: 0.0% | Active: ['ema', 'macd', 'rsi', 'vp']
2026-08-15 21:58:10,014 - INFO - Capping position size 30.030030 BTC to available cash equivalent 2.653139 BTC.
2026-08-15 21:58:10,037 - INFO - [bot-1786795311345-adf7] Signal LONG active pending approval already exists (ID: 142).
2026-08-15 21:58:10,122 - INFO - Logged heartbeat status: OK
2026-08-15 21:58:10,122 - INFO - Job "LiveRunner.process_cycle (trigger: interval[0:15:00], next run at: 2026-08-15 22:13:09 IST)" executed successfully
2026-08-16 11:54:41,552 - INFO - BotWatchdog thread started.
2026-08-16 11:54:41,552 - INFO - BotWatchdog singleton background thread started.
2026-08-16 11:54:41,609 - INFO - Initializing scheduled trading bot live runner for bot-1786795311345-adf7...
2026-08-16 11:54:41,620 - INFO - SQLite database tables verified/created.
2026-08-16 11:54:41,632 - INFO - Initializing CCXT Binance in TESTNET mode.
2026-08-16 11:54:48,171 - INFO - Initializing CCXT Binance in MAINNET mode (Public endpoints).
2026-08-16 11:54:48,186 - INFO - Sending Telegram alert...
2026-08-16 11:54:49,571 - INFO - Telegram alert sent successfully.
2026-08-16 11:54:49,579 - INFO - [bot-1786795311345-adf7] Starting signal check cycle for ETH/USDT (15m)...
2026-08-16 11:54:49,587 - INFO - Fetching recent candles for ETH/USDT (15m) [Bot: bot-1786795311345-adf7]...
2026-08-16 11:54:55,212 - INFO - Indicators computed | close=1879.40 ema_9=1880.82 ema_20=1881.71 ema_50=1882.43 ema_200=1882.57 macd=-0.8208 poc=1875.0 val=1875.0 vah=1900.0
2026-08-16 11:54:55,212 - INFO - [bot-1786795311345-adf7] Evaluating strategy on completed candle: 2026-08-16T06:00:00+00:00 at Close price: 1879.80
2026-08-16 11:54:55,238 - INFO - Confluence Evaluation | Regime: RANGING (ADX=20.1) | Direction: HOLD | BullScore: 32.6% | BearScore: 67.4% | Active: ['ema', 'macd', 'rsi', 'vp']
2026-08-16 11:54:55,256 - INFO - Signal evaluated: HOLD. Reason/Details: Confluence score: 67% (HOLD)
2026-08-16 11:54:55,325 - INFO - Logged heartbeat status: OK
2026-08-16 11:54:55,333 - INFO - Adding job tentatively -- it will be properly scheduled when the scheduler starts
2026-08-16 11:54:55,333 - INFO - Bot bot-1786795311345-adf7 scheduled to check every 15 minutes.
2026-08-16 11:54:55,333 - INFO - Added job "LiveRunner.process_cycle" to job store "default"
2026-08-16 11:54:55,333 - INFO - Scheduler started
