/Users/ashishparadkar/Downloads/algo-code-main/.venv/lib/python3.9/site-packages/urllib3/__init__.py:35: NotOpenSSLWarning: urllib3 v2 only supports OpenSSL 1.1.1+, currently the 'ssl' module is compiled with 'LibreSSL 2.8.3'. See: https://github.com/urllib3/urllib3/issues/3020
  warnings.warn(
2026-08-21 21:42:45,338 - INFO - Bot state startup reconciliation finished: 0 bot(s) reconciled to STOPPED.
2026-08-21 21:42:51,896 - INFO - Telegram notification service initialized successfully (Chat ID: 5657...)
2026-08-21 21:42:53,008 - INFO - Initializing scheduled trading bot live runner for bot-1787324187133-614d...
2026-08-21 21:42:55,709 - INFO - SQLite database tables verified/created.
2026-08-21 21:42:58,944 - INFO - Initializing CCXT Binance in TESTNET mode.
2026-08-21 21:45:58,740 - INFO - [bot-1787324187133-614d] Pre-flight instrument resolved: NIFTY (INDEX via zerodha)
2026-08-21 21:46:03,728 - INFO - [bot-1787324187133-614d] Starting signal check cycle for NIFTY (15m)...
2026-08-21 21:46:04,733 - INFO - Fetching recent candles for NIFTY (15m) [Bot: bot-1787324187133-614d] via ProviderManager...
2026-08-21 21:46:04,749 - ERROR - System Error in runner execution cycle: PROVIDER_CAPABILITY_MISMATCH: Adapter Binance Spot API does not support INDEX instrument NIFTY.
Traceback (most recent call last):
  File "/Users/ashishparadkar/Downloads/algo-code-main/src/live_runner.py", line 199, in process_cycle
    df, _ = self.provider_manager.fetch_ohlcv_safe(self.symbol, self.timeframe, limit=1000)
  File "/Users/ashishparadkar/Downloads/algo-code-main/src/provider_manager.py", line 341, in fetch_ohlcv_safe
    raise ccxt.NotSupported(
ccxt.base.errors.NotSupported: PROVIDER_CAPABILITY_MISMATCH: Adapter Binance Spot API does not support INDEX instrument NIFTY.
2026-08-21 21:46:18,849 - WARNING - [bot-1787324187133-614d] Marked bot as non-retryable configuration error to prevent infinite error storm.
2026-08-21 21:46:22,337 - INFO - Logged heartbeat status: ERROR
2026-08-21 21:46:25,375 - INFO - Adding job tentatively -- it will be properly scheduled when the scheduler starts
2026-08-21 21:46:25,421 - INFO - Bot bot-1787324187133-614d scheduled to check every 15 minutes.
2026-08-21 21:46:26,252 - INFO - Added job "LiveRunner.process_cycle" to job store "default"
2026-08-21 21:46:26,253 - INFO - Scheduler started
2026-08-21 22:01:30,541 - WARNING - Run time of job "LiveRunner.process_cycle (trigger: interval[0:15:00], next run at: 2026-08-21 22:16:25 IST)" was missed by 0:00:04.890189
2026-08-21 22:16:25,512 - INFO - Running job "LiveRunner.process_cycle (trigger: interval[0:15:00], next run at: 2026-08-21 22:31:25 IST)" (scheduled at 2026-08-21 22:16:25.039325+05:30)
2026-08-21 22:16:25,831 - ERROR - [bot-1787324187133-614d] Halting runner cycle: Bot is configured with unexecutable instrument 'NIFTY'. Error: Fatal Non-Retryable Error: PROVIDER_CAPABILITY_MISMATCH: Adapter Binance Spot API does not support INDEX instrument NIFTY.
2026-08-21 22:16:26,912 - INFO - Job "LiveRunner.process_cycle (trigger: interval[0:15:00], next run at: 2026-08-21 22:31:25 IST)" executed successfully
2026-08-21 22:31:25,123 - INFO - Running job "LiveRunner.process_cycle (trigger: interval[0:15:00], next run at: 2026-08-21 22:46:25 IST)" (scheduled at 2026-08-21 22:31:25.039325+05:30)
2026-08-21 22:31:25,129 - ERROR - [bot-1787324187133-614d] Halting runner cycle: Bot is configured with unexecutable instrument 'NIFTY'. Error: Fatal Non-Retryable Error: PROVIDER_CAPABILITY_MISMATCH: Adapter Binance Spot API does not support INDEX instrument NIFTY.
2026-08-21 22:31:25,425 - INFO - Job "LiveRunner.process_cycle (trigger: interval[0:15:00], next run at: 2026-08-21 22:46:25 IST)" executed successfully
