/Users/ashishparadkar/Downloads/algo-code-main/.venv/lib/python3.9/site-packages/urllib3/__init__.py:35: NotOpenSSLWarning: urllib3 v2 only supports OpenSSL 1.1.1+, currently the 'ssl' module is compiled with 'LibreSSL 2.8.3'. See: https://github.com/urllib3/urllib3/issues/3020
  warnings.warn(
2026-08-20 22:18:10,280 - INFO - Bot state startup reconciliation finished: 0 bot(s) reconciled to STOPPED.
2026-08-20 22:18:12,442 - INFO - Telegram notification service initialized successfully (Chat ID: 5657...)
2026-08-20 22:18:13,084 - INFO - Initializing scheduled trading bot live runner for bot-1787212529852-517c...
2026-08-20 22:18:13,520 - INFO - SQLite database tables verified/created.
2026-08-20 22:18:14,502 - INFO - Initializing CCXT Binance in TESTNET mode.
2026-08-20 22:18:47,735 - INFO - [bot-1787212529852-517c] Pre-flight instrument resolved: BTC/USDT (SPOT via binance_spot)
2026-08-20 22:18:48,739 - INFO - [bot-1787212529852-517c] Starting signal check cycle for BTC/USDT (5m)...
2026-08-20 22:18:48,751 - INFO - Fetching recent candles for BTC/USDT (5m) [Bot: bot-1787212529852-517c] via ProviderManager...
2026-08-20 22:19:57,165 - INFO - Indicators computed | close=72567.62 ema_9=72457.64 ema_20=72335.95 ema_50=72095.83 ema_200=70831.37 macd=147.0584 poc=64325.0 val=63300.0 vah=69600.0
2026-08-20 22:19:57,172 - INFO - [bot-1787212529852-517c] Evaluating strategy on completed candle: 2026-08-20 16:40:00+00:00 at Close price: 72630.89
2026-08-20 22:19:57,431 - INFO - Confluence Evaluation | Regime: TRENDING (ADX=34.9) | Direction: LONG | BullScore: 82.6% | BearScore: 17.4% | Active: ['ema', 'macd', 'rsi', 'vp']
2026-08-20 22:19:57,542 - INFO - Capping position size 0.711946 BTC to available cash equivalent 0.206524 BTC.
2026-08-20 22:19:57,556 - INFO - Created pending signal approval ID 57 for bot bot-1787212529852-517c (LONG @ $72630.89, status: WAITING_APPROVAL)
2026-08-20 22:19:57,630 - INFO - [bot-1787212529852-517c] Signal LONG generated (ID: 57). Waiting for manual user approval.
2026-08-20 22:19:57,829 - INFO - Logged heartbeat status: OK
2026-08-20 22:19:57,924 - INFO - Adding job tentatively -- it will be properly scheduled when the scheduler starts
2026-08-20 22:19:57,925 - INFO - Bot bot-1787212529852-517c scheduled to check every 5 minutes.
2026-08-20 22:19:57,929 - INFO - Added job "LiveRunner.process_cycle" to job store "default"
2026-08-20 22:19:57,930 - INFO - Scheduler started
2026-08-20 22:24:58,094 - INFO - Running job "LiveRunner.process_cycle (trigger: interval[0:05:00], next run at: 2026-08-20 22:29:57 IST)" (scheduled at 2026-08-20 22:24:57.923971+05:30)
2026-08-20 22:24:58,179 - INFO - [bot-1787212529852-517c] Starting signal check cycle for BTC/USDT (5m)...
2026-08-20 22:24:58,324 - INFO - Fetching recent candles for BTC/USDT (5m) [Bot: bot-1787212529852-517c] via ProviderManager...
2026-08-20 22:24:59,688 - INFO - Indicators computed | close=72649.86 ema_9=72496.15 ema_20=72365.88 ema_50=72117.58 ema_200=70849.47 macd=154.1790 poc=64325.0 val=63300.0 vah=69600.0
2026-08-20 22:24:59,691 - INFO - [bot-1787212529852-517c] Evaluating strategy on completed candle: 2026-08-20 16:45:00+00:00 at Close price: 72568.00
2026-08-20 22:24:59,845 - INFO - Confluence Evaluation | Regime: TRENDING (ADX=34.0) | Direction: LONG | BullScore: 82.6% | BearScore: 17.4% | Active: ['ema', 'macd', 'rsi', 'vp']
2026-08-20 22:24:59,900 - INFO - Capping position size 0.841538 BTC to available cash equivalent 0.206703 BTC.
2026-08-20 22:24:59,907 - INFO - [bot-1787212529852-517c] Signal LONG active pending approval already exists (ID: 57).
2026-08-20 22:25:00,262 - INFO - Logged heartbeat status: OK
2026-08-20 22:25:00,265 - INFO - Job "LiveRunner.process_cycle (trigger: interval[0:05:00], next run at: 2026-08-20 22:29:57 IST)" executed successfully
2026-08-20 22:29:57,935 - INFO - Running job "LiveRunner.process_cycle (trigger: interval[0:05:00], next run at: 2026-08-20 22:34:57 IST)" (scheduled at 2026-08-20 22:29:57.923971+05:30)
2026-08-20 22:29:57,967 - INFO - [bot-1787212529852-517c] Starting signal check cycle for BTC/USDT (5m)...
2026-08-20 22:29:58,002 - INFO - Fetching recent candles for BTC/USDT (5m) [Bot: bot-1787212529852-517c] via ProviderManager...
2026-08-20 22:29:58,693 - INFO - Indicators computed | close=72842.63 ema_9=72565.46 ema_20=72411.30 ema_50=72146.01 ema_200=70869.30 macd=173.3627 poc=64325.0 val=63300.0 vah=69625.0
2026-08-20 22:29:58,694 - INFO - [bot-1787212529852-517c] Evaluating strategy on completed candle: 2026-08-20 16:50:00+00:00 at Close price: 72649.99
2026-08-20 22:29:58,754 - INFO - Confluence Evaluation | Regime: TRENDING (ADX=33.2) | Direction: LONG | BullScore: 82.6% | BearScore: 17.4% | Active: ['ema', 'macd', 'rsi', 'vp']
2026-08-20 22:29:58,838 - INFO - Capping position size 0.684510 BTC to available cash equivalent 0.206469 BTC.
2026-08-20 22:29:58,843 - INFO - [bot-1787212529852-517c] Signal LONG active pending approval already exists (ID: 57).
2026-08-20 22:29:59,031 - INFO - Logged heartbeat status: OK
2026-08-20 22:29:59,031 - INFO - Job "LiveRunner.process_cycle (trigger: interval[0:05:00], next run at: 2026-08-20 22:34:57 IST)" executed successfully
2026-08-20 22:34:57,943 - INFO - Running job "LiveRunner.process_cycle (trigger: interval[0:05:00], next run at: 2026-08-20 22:39:57 IST)" (scheduled at 2026-08-20 22:34:57.923971+05:30)
2026-08-20 22:34:57,962 - INFO - [bot-1787212529852-517c] Starting signal check cycle for BTC/USDT (5m)...
2026-08-20 22:34:58,001 - INFO - Fetching recent candles for BTC/USDT (5m) [Bot: bot-1787212529852-517c] via ProviderManager...
2026-08-20 22:34:58,509 - INFO - Indicators computed | close=72766.11 ema_9=72604.72 ema_20=72444.62 ema_50=72170.12 ema_200=70888.12 macd=179.9673 poc=64325.0 val=63300.0 vah=69625.0
2026-08-20 22:34:58,511 - INFO - [bot-1787212529852-517c] Evaluating strategy on completed candle: 2026-08-20 16:55:00+00:00 at Close price: 72837.15
2026-08-20 22:34:58,589 - INFO - Confluence Evaluation | Regime: TRENDING (ADX=33.1) | Direction: LONG | BullScore: 82.6% | BearScore: 17.4% | Active: ['ema', 'macd', 'rsi', 'vp']
2026-08-20 22:34:58,690 - INFO - Capping position size 0.492247 BTC to available cash equivalent 0.205939 BTC.
2026-08-20 22:34:58,735 - INFO - [bot-1787212529852-517c] Signal LONG active pending approval already exists (ID: 57).
2026-08-20 22:34:58,850 - INFO - Logged heartbeat status: OK
2026-08-20 22:34:58,850 - INFO - Job "LiveRunner.process_cycle (trigger: interval[0:05:00], next run at: 2026-08-20 22:39:57 IST)" executed successfully
2026-08-20 22:39:58,114 - INFO - Running job "LiveRunner.process_cycle (trigger: interval[0:05:00], next run at: 2026-08-20 22:44:57 IST)" (scheduled at 2026-08-20 22:39:57.923971+05:30)
2026-08-20 22:39:58,134 - INFO - [bot-1787212529852-517c] Starting signal check cycle for BTC/USDT (5m)...
2026-08-20 22:39:58,181 - INFO - Fetching recent candles for BTC/USDT (5m) [Bot: bot-1787212529852-517c] via ProviderManager...
2026-08-20 22:39:58,782 - INFO - Indicators computed | close=72664.46 ema_9=72616.67 ema_20=72465.55 ema_50=72189.51 ema_200=70905.80 macd=175.3245 poc=64325.0 val=63300.0 vah=69625.0
2026-08-20 22:39:58,784 - INFO - [bot-1787212529852-517c] Evaluating strategy on completed candle: 2026-08-20 17:00:00+00:00 at Close price: 72766.11
2026-08-20 22:39:58,867 - INFO - Confluence Evaluation | Regime: TRENDING (ADX=31.9) | Direction: LONG | BullScore: 82.6% | BearScore: 17.4% | Active: ['ema', 'macd', 'rsi', 'vp']
2026-08-20 22:39:58,982 - INFO - Capping position size 0.772062 BTC to available cash equivalent 0.206140 BTC.
2026-08-20 22:39:59,039 - INFO - [bot-1787212529852-517c] Signal LONG active pending approval already exists (ID: 57).
2026-08-20 22:39:59,358 - INFO - Logged heartbeat status: OK
2026-08-20 22:39:59,361 - INFO - Job "LiveRunner.process_cycle (trigger: interval[0:05:00], next run at: 2026-08-20 22:44:57 IST)" executed successfully
2026-08-20 22:44:57,937 - INFO - Running job "LiveRunner.process_cycle (trigger: interval[0:05:00], next run at: 2026-08-20 22:49:57 IST)" (scheduled at 2026-08-20 22:44:57.923971+05:30)
2026-08-20 22:44:57,943 - INFO - [bot-1787212529852-517c] Starting signal check cycle for BTC/USDT (5m)...
2026-08-20 22:44:57,986 - INFO - Fetching recent candles for BTC/USDT (5m) [Bot: bot-1787212529852-517c] via ProviderManager...
2026-08-20 22:44:58,445 - INFO - Indicators computed | close=72691.99 ema_9=72631.66 ema_20=72487.08 ema_50=72209.20 ema_200=70923.56 macd=171.8568 poc=64325.0 val=63300.0 vah=69625.0
2026-08-20 22:44:58,446 - INFO - [bot-1787212529852-517c] Evaluating strategy on completed candle: 2026-08-20 17:05:00+00:00 at Close price: 72664.00
2026-08-20 22:44:58,480 - INFO - Confluence Evaluation | Regime: TRENDING (ADX=29.5) | Direction: LONG | BullScore: 82.6% | BearScore: 17.4% | Active: ['ema', 'macd', 'rsi', 'vp']
2026-08-20 22:44:58,580 - INFO - Capping position size 1.367989 BTC to available cash equivalent 0.206430 BTC.
2026-08-20 22:44:58,625 - INFO - [bot-1787212529852-517c] Signal LONG active pending approval already exists (ID: 57).
2026-08-20 22:44:58,805 - INFO - Logged heartbeat status: OK
2026-08-20 22:44:58,807 - INFO - Job "LiveRunner.process_cycle (trigger: interval[0:05:00], next run at: 2026-08-20 22:49:57 IST)" executed successfully
2026-08-20 22:49:57,936 - INFO - Running job "LiveRunner.process_cycle (trigger: interval[0:05:00], next run at: 2026-08-20 22:54:57 IST)" (scheduled at 2026-08-20 22:49:57.923971+05:30)
2026-08-20 22:49:57,950 - INFO - [bot-1787212529852-517c] Starting signal check cycle for BTC/USDT (5m)...
2026-08-20 22:49:57,995 - INFO - Fetching recent candles for BTC/USDT (5m) [Bot: bot-1787212529852-517c] via ProviderManager...
2026-08-20 22:49:58,598 - INFO - Indicators computed | close=72638.07 ema_9=72632.94 ema_20=72501.46 ema_50=72226.02 ema_200=70940.62 macd=162.9096 poc=64325.0 val=63300.0 vah=69625.0
2026-08-20 22:49:58,600 - INFO - [bot-1787212529852-517c] Evaluating strategy on completed candle: 2026-08-20 17:10:00+00:00 at Close price: 72692.00
2026-08-20 22:49:58,673 - INFO - Confluence Evaluation | Regime: TRENDING (ADX=28.2) | Direction: LONG | BullScore: 82.6% | BearScore: 17.4% | Active: ['ema', 'macd', 'rsi', 'vp']
2026-08-20 22:49:58,792 - INFO - Capping position size 1.305369 BTC to available cash equivalent 0.206350 BTC.
2026-08-20 22:49:58,852 - INFO - Created pending signal approval ID 81 for bot bot-1787212529852-517c (LONG @ $72692.00, status: WAITING_APPROVAL)
2026-08-20 22:49:58,933 - INFO - [bot-1787212529852-517c] Signal LONG generated (ID: 81). Waiting for manual user approval.
2026-08-20 22:49:59,113 - INFO - Logged heartbeat status: OK
2026-08-20 22:49:59,117 - INFO - Job "LiveRunner.process_cycle (trigger: interval[0:05:00], next run at: 2026-08-20 22:54:57 IST)" executed successfully
2026-08-21 00:19:57,059 - WARNING - Run time of job "LiveRunner.process_cycle (trigger: interval[0:05:00], next run at: 2026-08-21 00:19:57 IST)" was missed by 0:04:59.130828
2026-08-21 00:19:57,931 - INFO - Running job "LiveRunner.process_cycle (trigger: interval[0:05:00], next run at: 2026-08-21 00:24:57 IST)" (scheduled at 2026-08-21 00:19:57.923971+05:30)
2026-08-21 00:19:57,966 - INFO - [bot-1787212529852-517c] Starting signal check cycle for BTC/USDT (5m)...
2026-08-21 00:19:58,035 - INFO - Fetching recent candles for BTC/USDT (5m) [Bot: bot-1787212529852-517c] via ProviderManager...
2026-08-21 00:20:08,189 - ERROR - Binance Spot Network Error: binance GET https://api.binance.com/api/v3/klines?interval=5m&limit=1000&symbol=BTCUSDT
--- Logging error ---
Traceback (most recent call last):
  File "/Users/ashishparadkar/Downloads/algo-code-main/.venv/lib/python3.9/site-packages/urllib3/connectionpool.py", line 534, in _make_request
    response = conn.getresponse()
  File "/Users/ashishparadkar/Downloads/algo-code-main/.venv/lib/python3.9/site-packages/urllib3/connection.py", line 571, in getresponse
    httplib_response = super().getresponse()
  File "/Library/Developer/CommandLineTools/Library/Frameworks/Python3.framework/Versions/3.9/lib/python3.9/http/client.py", line 1349, in getresponse
    response.begin()
  File "/Library/Developer/CommandLineTools/Library/Frameworks/Python3.framework/Versions/3.9/lib/python3.9/http/client.py", line 316, in begin
    version, status, reason = self._read_status()
  File "/Library/Developer/CommandLineTools/Library/Frameworks/Python3.framework/Versions/3.9/lib/python3.9/http/client.py", line 277, in _read_status
    line = str(self.fp.readline(_MAXLINE + 1), "iso-8859-1")
  File "/Library/Developer/CommandLineTools/Library/Frameworks/Python3.framework/Versions/3.9/lib/python3.9/socket.py", line 704, in readinto
    return self._sock.recv_into(b)
  File "/Library/Developer/CommandLineTools/Library/Frameworks/Python3.framework/Versions/3.9/lib/python3.9/ssl.py", line 1241, in recv_into
    return self.read(nbytes, buffer)
  File "/Library/Developer/CommandLineTools/Library/Frameworks/Python3.framework/Versions/3.9/lib/python3.9/ssl.py", line 1099, in read
    return self._sslobj.read(len, buffer)
socket.timeout: The read operation timed out

The above exception was the direct cause of the following exception:

Traceback (most recent call last):
  File "/Users/ashishparadkar/Downloads/algo-code-main/.venv/lib/python3.9/site-packages/requests/adapters.py", line 644, in send
    resp = conn.urlopen(
  File "/Users/ashishparadkar/Downloads/algo-code-main/.venv/lib/python3.9/site-packages/urllib3/connectionpool.py", line 841, in urlopen
    retries = retries.increment(
  File "/Users/ashishparadkar/Downloads/algo-code-main/.venv/lib/python3.9/site-packages/urllib3/util/retry.py", line 490, in increment
    raise reraise(type(error), error, _stacktrace)
  File "/Users/ashishparadkar/Downloads/algo-code-main/.venv/lib/python3.9/site-packages/urllib3/util/util.py", line 39, in reraise
    raise value
  File "/Users/ashishparadkar/Downloads/algo-code-main/.venv/lib/python3.9/site-packages/urllib3/connectionpool.py", line 787, in urlopen
    response = self._make_request(
  File "/Users/ashishparadkar/Downloads/algo-code-main/.venv/lib/python3.9/site-packages/urllib3/connectionpool.py", line 536, in _make_request
    self._raise_timeout(err=e, url=url, timeout_value=read_timeout)
  File "/Users/ashishparadkar/Downloads/algo-code-main/.venv/lib/python3.9/site-packages/urllib3/connectionpool.py", line 367, in _raise_timeout
    raise ReadTimeoutError(
urllib3.exceptions.ReadTimeoutError: HTTPSConnectionPool(host='api.binance.com', port=443): Read timed out. (read timeout=10.0)

During handling of the above exception, another exception occurred:

Traceback (most recent call last):
  File "/Users/ashishparadkar/Downloads/algo-code-main/.venv/lib/python3.9/site-packages/ccxt/base/exchange.py", line 665, in fetch
    response = self.session.request(
  File "/Users/ashishparadkar/Downloads/algo-code-main/.venv/lib/python3.9/site-packages/requests/sessions.py", line 589, in request
    resp = self.send(prep, **send_kwargs)
  File "/Users/ashishparadkar/Downloads/algo-code-main/.venv/lib/python3.9/site-packages/requests/sessions.py", line 703, in send
    r = adapter.send(request, **kwargs)
  File "/Users/ashishparadkar/Downloads/algo-code-main/.venv/lib/python3.9/site-packages/requests/adapters.py", line 690, in send
    raise ReadTimeout(e, request=request)
requests.exceptions.ReadTimeout: HTTPSConnectionPool(host='api.binance.com', port=443): Read timed out. (read timeout=10.0)

The above exception was the direct cause of the following exception:

Traceback (most recent call last):
  File "/Users/ashishparadkar/Downloads/algo-code-main/src/provider_manager.py", line 351, in fetch_ohlcv_safe
    df = adapter.fetch_ohlcv(instrument, timeframe, limit=limit)
  File "/Users/ashishparadkar/Downloads/algo-code-main/src/provider_manager.py", line 211, in fetch_ohlcv
    raise net_err
  File "/Users/ashishparadkar/Downloads/algo-code-main/src/provider_manager.py", line 183, in fetch_ohlcv
    raw_candles = self.exchange.fetch_ohlcv(
  File "/Users/ashishparadkar/Downloads/algo-code-main/.venv/lib/python3.9/site-packages/ccxt/binance.py", line 4759, in fetch_ohlcv
    response = self.publicGetKlines(self.extend(request, params))
  File "/Users/ashishparadkar/Downloads/algo-code-main/.venv/lib/python3.9/site-packages/ccxt/base/types.py", line 35, in unbound_method
    return _self.request(self.path, self.api, self.method, params, config=self.config)
  File "/Users/ashishparadkar/Downloads/algo-code-main/.venv/lib/python3.9/site-packages/ccxt/binance.py", line 11724, in request
    response = self.fetch2(path, api, method, params, headers, body, config)
  File "/Users/ashishparadkar/Downloads/algo-code-main/.venv/lib/python3.9/site-packages/ccxt/base/exchange.py", line 5566, in fetch2
    raise e
  File "/Users/ashishparadkar/Downloads/algo-code-main/.venv/lib/python3.9/site-packages/ccxt/base/exchange.py", line 5549, in fetch2
    response = self.fetch(request['url'], request['method'], request['headers'], request['body'])
  File "/Users/ashishparadkar/Downloads/algo-code-main/.venv/lib/python3.9/site-packages/ccxt/base/exchange.py", line 698, in fetch
    raise RequestTimeout(details) from e
ccxt.base.errors.RequestTimeout: binance GET https://api.binance.com/api/v3/klines?interval=5m&limit=1000&symbol=BTCUSDT

During handling of the above exception, another exception occurred:

Traceback (most recent call last):
  File "/Library/Developer/CommandLineTools/Library/Frameworks/Python3.framework/Versions/3.9/lib/python3.9/logging/__init__.py", line 1083, in emit
    msg = self.format(record)
  File "/Library/Developer/CommandLineTools/Library/Frameworks/Python3.framework/Versions/3.9/lib/python3.9/logging/__init__.py", line 927, in format
    return fmt.format(record)
  File "/Library/Developer/CommandLineTools/Library/Frameworks/Python3.framework/Versions/3.9/lib/python3.9/logging/__init__.py", line 663, in format
    record.message = record.getMessage()
  File "/Library/Developer/CommandLineTools/Library/Frameworks/Python3.framework/Versions/3.9/lib/python3.9/logging/__init__.py", line 367, in getMessage
    msg = msg % self.args
TypeError: must be real number, not RequestTimeout
Call stack:
  File "/Library/Developer/CommandLineTools/Library/Frameworks/Python3.framework/Versions/3.9/lib/python3.9/threading.py", line 930, in _bootstrap
    self._bootstrap_inner()
  File "/Library/Developer/CommandLineTools/Library/Frameworks/Python3.framework/Versions/3.9/lib/python3.9/threading.py", line 973, in _bootstrap_inner
    self.run()
  File "/Library/Developer/CommandLineTools/Library/Frameworks/Python3.framework/Versions/3.9/lib/python3.9/threading.py", line 910, in run
    self._target(*self._args, **self._kwargs)
  File "/Library/Developer/CommandLineTools/Library/Frameworks/Python3.framework/Versions/3.9/lib/python3.9/concurrent/futures/thread.py", line 77, in _worker
    work_item.run()
  File "/Library/Developer/CommandLineTools/Library/Frameworks/Python3.framework/Versions/3.9/lib/python3.9/concurrent/futures/thread.py", line 52, in run
    result = self.fn(*self.args, **self.kwargs)
  File "/Users/ashishparadkar/Downloads/algo-code-main/.venv/lib/python3.9/site-packages/apscheduler/executors/base.py", line 131, in run_job
    retval = job.func(*job.args, **job.kwargs)
  File "/Users/ashishparadkar/Downloads/algo-code-main/src/live_runner.py", line 199, in process_cycle
    df, _ = self.provider_manager.fetch_ohlcv_safe(self.symbol, self.timeframe, limit=1000)
  File "/Users/ashishparadkar/Downloads/algo-code-main/src/provider_manager.py", line 362, in fetch_ohlcv_safe
    logger.warning(
Message: 'Retryable network failure for %s (Attempt %d/%d). Backing off %.2fs: %s'
Arguments: ('BTC/USDT', 1, 3, RequestTimeout('binance GET https://api.binance.com/api/v3/klines?interval=5m&limit=1000&symbol=BTCUSDT'))
2026-08-21 00:20:11,354 - INFO - Indicators computed | close=72524.33 ema_9=72563.96 ema_20=72594.75 ema_50=72448.40 ema_200=71238.32 macd=2.5581 poc=64325.0 val=63300.0 vah=69700.0
2026-08-21 00:20:11,355 - INFO - [bot-1787212529852-517c] Evaluating strategy on completed candle: 2026-08-20 18:45:00+00:00 at Close price: 72534.00
2026-08-21 00:20:11,441 - INFO - Confluence Evaluation | Regime: TRENDING (ADX=27.7) | Direction: HOLD | BullScore: 0.0% | BearScore: 34.8% | Active: ['ema', 'macd', 'rsi', 'vp']
2026-08-21 00:20:11,558 - INFO - Signal evaluated: HOLD. Reason/Details: Confluence score: 35% (HOLD)
2026-08-21 00:20:11,754 - INFO - Logged heartbeat status: OK
2026-08-21 00:20:11,754 - INFO - Job "LiveRunner.process_cycle (trigger: interval[0:05:00], next run at: 2026-08-21 00:24:57 IST)" executed successfully
2026-08-21 00:24:57,948 - INFO - Running job "LiveRunner.process_cycle (trigger: interval[0:05:00], next run at: 2026-08-21 00:29:57 IST)" (scheduled at 2026-08-21 00:24:57.923971+05:30)
2026-08-21 00:24:58,025 - INFO - [bot-1787212529852-517c] Starting signal check cycle for BTC/USDT (5m)...
2026-08-21 00:24:58,051 - INFO - Fetching recent candles for BTC/USDT (5m) [Bot: bot-1787212529852-517c] via ProviderManager...
2026-08-21 00:24:58,704 - INFO - Indicators computed | close=72492.00 ema_9=72557.50 ema_20=72591.67 ema_50=72447.13 ema_200=71238.00 macd=-0.0209 poc=64325.0 val=63300.0 vah=69700.0
2026-08-21 00:24:58,709 - INFO - [bot-1787212529852-517c] Evaluating strategy on completed candle: 2026-08-20 18:45:00+00:00 at Close price: 72534.00
2026-08-21 00:24:58,764 - INFO - Confluence Evaluation | Regime: TRENDING (ADX=27.7) | Direction: HOLD | BullScore: 0.0% | BearScore: 34.8% | Active: ['ema', 'macd', 'rsi', 'vp']
2026-08-21 00:24:58,846 - INFO - Signal evaluated: HOLD. Reason/Details: Confluence score: 35% (HOLD)
2026-08-21 00:24:58,943 - INFO - Logged heartbeat status: OK
2026-08-21 00:24:58,944 - INFO - Job "LiveRunner.process_cycle (trigger: interval[0:05:00], next run at: 2026-08-21 00:29:57 IST)" executed successfully
/Users/ashishparadkar/Downloads/algo-code-main/.venv/lib/python3.9/site-packages/urllib3/__init__.py:35: NotOpenSSLWarning: urllib3 v2 only supports OpenSSL 1.1.1+, currently the 'ssl' module is compiled with 'LibreSSL 2.8.3'. See: https://github.com/urllib3/urllib3/issues/3020
  warnings.warn(
2026-08-21 06:21:39,745 - INFO - Bot state startup reconciliation finished: 0 bot(s) reconciled to STOPPED.
2026-08-21 06:21:41,315 - INFO - Telegram notification service initialized successfully (Chat ID: 5657...)
2026-08-21 06:21:41,548 - INFO - Initializing scheduled trading bot live runner for bot-1787212529852-517c...
2026-08-21 06:21:42,122 - INFO - SQLite database tables verified/created.
2026-08-21 06:21:42,643 - INFO - Initializing CCXT Binance in TESTNET mode.
2026-08-21 06:22:15,556 - INFO - [bot-1787212529852-517c] Pre-flight instrument resolved: BTC/USDT (SPOT via binance_spot)
2026-08-21 06:22:16,261 - INFO - [bot-1787212529852-517c] Starting signal check cycle for BTC/USDT (5m)...
2026-08-21 06:22:16,813 - INFO - Fetching recent candles for BTC/USDT (5m) [Bot: bot-1787212529852-517c] via ProviderManager...
2026-08-21 06:23:12,406 - INFO - Indicators computed | close=73780.64 ema_9=73639.90 ema_20=73421.58 ema_50=73101.53 ema_200=72114.10 macd=241.9213 poc=64325.0 val=63575.0 vah=71300.0
2026-08-21 06:23:12,424 - INFO - [bot-1787212529852-517c] Evaluating strategy on completed candle: 2026-08-21 00:45:00+00:00 at Close price: 73761.56
2026-08-21 06:23:12,601 - INFO - Confluence Evaluation | Regime: TRENDING (ADX=53.5) | Direction: LONG | BullScore: 82.6% | BearScore: 17.4% | Active: ['ema', 'macd', 'rsi', 'vp']
2026-08-21 06:23:12,693 - INFO - Capping position size 0.986064 BTC to available cash equivalent 0.203358 BTC.
2026-08-21 06:23:12,709 - INFO - Created pending signal approval ID 108 for bot bot-1787212529852-517c (LONG @ $73761.56, status: WAITING_APPROVAL)
2026-08-21 06:23:12,726 - INFO - [bot-1787212529852-517c] Signal LONG generated (ID: 108). Waiting for manual user approval.
2026-08-21 06:23:12,981 - INFO - Logged heartbeat status: OK
2026-08-21 06:23:13,000 - INFO - Adding job tentatively -- it will be properly scheduled when the scheduler starts
2026-08-21 06:23:13,001 - INFO - Bot bot-1787212529852-517c scheduled to check every 5 minutes.
2026-08-21 06:23:13,009 - INFO - Added job "LiveRunner.process_cycle" to job store "default"
2026-08-21 06:23:13,011 - INFO - Scheduler started
2026-08-21 06:28:13,280 - INFO - Running job "LiveRunner.process_cycle (trigger: interval[0:05:00], next run at: 2026-08-21 06:33:12 IST)" (scheduled at 2026-08-21 06:28:12.999205+05:30)
2026-08-21 06:28:13,437 - INFO - [bot-1787212529852-517c] Starting signal check cycle for BTC/USDT (5m)...
2026-08-21 06:28:13,495 - INFO - Fetching recent candles for BTC/USDT (5m) [Bot: bot-1787212529852-517c] via ProviderManager...
2026-08-21 06:28:14,144 - INFO - Indicators computed | close=73698.00 ema_9=73633.17 ema_20=73438.02 ema_50=73120.60 ema_200=72128.73 macd=226.8169 poc=64325.0 val=63575.0 vah=71300.0
2026-08-21 06:28:14,146 - INFO - [bot-1787212529852-517c] Evaluating strategy on completed candle: 2026-08-21 00:50:00+00:00 at Close price: 73666.00
2026-08-21 06:28:14,233 - INFO - Confluence Evaluation | Regime: TRENDING (ADX=53.5) | Direction: LONG | BullScore: 82.6% | BearScore: 17.4% | Active: ['ema', 'macd', 'rsi', 'vp']
2026-08-21 06:28:14,339 - INFO - Capping position size 1.437608 BTC to available cash equivalent 0.203622 BTC.
2026-08-21 06:28:14,393 - INFO - [bot-1787212529852-517c] Signal LONG active pending approval already exists (ID: 108).
2026-08-21 06:28:14,565 - INFO - Logged heartbeat status: OK
2026-08-21 06:28:14,565 - INFO - Job "LiveRunner.process_cycle (trigger: interval[0:05:00], next run at: 2026-08-21 06:33:12 IST)" executed successfully
2026-08-21 06:33:13,055 - INFO - Running job "LiveRunner.process_cycle (trigger: interval[0:05:00], next run at: 2026-08-21 06:38:12 IST)" (scheduled at 2026-08-21 06:33:12.999205+05:30)
2026-08-21 06:33:13,072 - INFO - [bot-1787212529852-517c] Starting signal check cycle for BTC/USDT (5m)...
2026-08-21 06:33:13,084 - INFO - Fetching recent candles for BTC/USDT (5m) [Bot: bot-1787212529852-517c] via ProviderManager...
2026-08-21 06:33:13,722 - INFO - Indicators computed | close=73829.20 ema_9=73673.98 ema_20=73476.14 ema_50=73148.77 ema_200=72145.75 macd=230.6464 poc=64325.0 val=63575.0 vah=71300.0
2026-08-21 06:33:13,724 - INFO - [bot-1787212529852-517c] Evaluating strategy on completed candle: 2026-08-21 00:55:00+00:00 at Close price: 73708.02
2026-08-21 06:33:13,821 - INFO - Confluence Evaluation | Regime: TRENDING (ADX=53.7) | Direction: LONG | BullScore: 82.6% | BearScore: 17.4% | Active: ['ema', 'macd', 'rsi', 'vp']
2026-08-21 06:33:13,895 - INFO - Capping position size 1.196649 BTC to available cash equivalent 0.203506 BTC.
2026-08-21 06:33:13,928 - INFO - [bot-1787212529852-517c] Signal LONG active pending approval already exists (ID: 108).
2026-08-21 06:33:14,048 - INFO - Logged heartbeat status: OK
2026-08-21 06:33:14,048 - INFO - Job "LiveRunner.process_cycle (trigger: interval[0:05:00], next run at: 2026-08-21 06:38:12 IST)" executed successfully
2026-08-21 06:38:13,023 - INFO - Running job "LiveRunner.process_cycle (trigger: interval[0:05:00], next run at: 2026-08-21 06:43:12 IST)" (scheduled at 2026-08-21 06:38:12.999205+05:30)
2026-08-21 06:38:13,041 - INFO - [bot-1787212529852-517c] Starting signal check cycle for BTC/USDT (5m)...
2026-08-21 06:38:13,052 - INFO - Fetching recent candles for BTC/USDT (5m) [Bot: bot-1787212529852-517c] via ProviderManager...
2026-08-21 06:38:13,764 - INFO - Indicators computed | close=73925.60 ema_9=73726.04 ema_20=73519.88 ema_50=73179.64 ema_200=72163.57 macd=238.7479 poc=64325.0 val=63575.0 vah=71325.0
2026-08-21 06:38:13,766 - INFO - [bot-1787212529852-517c] Evaluating strategy on completed candle: 2026-08-21 01:00:00+00:00 at Close price: 73840.01
2026-08-21 06:38:13,827 - INFO - Confluence Evaluation | Regime: TRENDING (ADX=55.5) | Direction: LONG | BullScore: 82.6% | BearScore: 17.4% | Active: ['ema', 'macd', 'rsi', 'vp']
2026-08-21 06:38:13,945 - INFO - Capping position size 0.783924 BTC to available cash equivalent 0.203142 BTC.
2026-08-21 06:38:14,007 - INFO - [bot-1787212529852-517c] Signal LONG active pending approval already exists (ID: 108).
2026-08-21 06:38:14,206 - INFO - Logged heartbeat status: OK
2026-08-21 06:38:14,206 - INFO - Job "LiveRunner.process_cycle (trigger: interval[0:05:00], next run at: 2026-08-21 06:43:12 IST)" executed successfully
2026-08-21 06:43:13,016 - INFO - Running job "LiveRunner.process_cycle (trigger: interval[0:05:00], next run at: 2026-08-21 06:48:12 IST)" (scheduled at 2026-08-21 06:43:12.999205+05:30)
2026-08-21 06:43:13,051 - INFO - [bot-1787212529852-517c] Starting signal check cycle for BTC/USDT (5m)...
2026-08-21 06:43:13,096 - INFO - Fetching recent candles for BTC/USDT (5m) [Bot: bot-1787212529852-517c] via ProviderManager...
2026-08-21 06:43:14,591 - INFO - Indicators computed | close=73975.99 ema_9=73776.71 ema_20=73563.69 ema_50=73211.03 ema_200=72181.65 macd=245.9814 poc=64325.0 val=63575.0 vah=71325.0
2026-08-21 06:43:14,600 - INFO - [bot-1787212529852-517c] Evaluating strategy on completed candle: 2026-08-21 01:05:00+00:00 at Close price: 73929.87
2026-08-21 06:43:14,955 - INFO - Confluence Evaluation | Regime: TRENDING (ADX=57.3) | Direction: LONG | BullScore: 82.6% | BearScore: 17.4% | Active: ['ema', 'macd', 'rsi', 'vp']
2026-08-21 06:43:15,407 - INFO - Capping position size 0.722509 BTC to available cash equivalent 0.202895 BTC.
2026-08-21 06:43:15,490 - INFO - [bot-1787212529852-517c] Signal LONG active pending approval already exists (ID: 108).
2026-08-21 06:43:16,079 - INFO - Logged heartbeat status: OK
2026-08-21 06:43:16,080 - INFO - Job "LiveRunner.process_cycle (trigger: interval[0:05:00], next run at: 2026-08-21 06:48:12 IST)" executed successfully
2026-08-21 06:48:13,031 - INFO - Running job "LiveRunner.process_cycle (trigger: interval[0:05:00], next run at: 2026-08-21 06:53:12 IST)" (scheduled at 2026-08-21 06:48:12.999205+05:30)
2026-08-21 06:48:13,060 - INFO - [bot-1787212529852-517c] Starting signal check cycle for BTC/USDT (5m)...
2026-08-21 06:48:13,108 - INFO - Fetching recent candles for BTC/USDT (5m) [Bot: bot-1787212529852-517c] via ProviderManager...
2026-08-21 06:48:13,877 - INFO - Indicators computed | close=74680.76 ema_9=73959.84 ema_20=73671.33 ema_50=73269.21 ema_200=72206.66 macd=305.6934 poc=64325.0 val=63575.0 vah=71375.0
2026-08-21 06:48:13,879 - INFO - [bot-1787212529852-517c] Evaluating strategy on completed candle: 2026-08-21 01:10:00+00:00 at Close price: 73990.50
2026-08-21 06:48:13,928 - INFO - Confluence Evaluation | Regime: TRENDING (ADX=59.3) | Direction: LONG | BullScore: 82.6% | BearScore: 17.4% | Active: ['ema', 'macd', 'rsi', 'vp']
2026-08-21 06:48:14,021 - INFO - Capping position size 0.630451 BTC to available cash equivalent 0.202729 BTC.
2026-08-21 06:48:14,026 - INFO - [bot-1787212529852-517c] Signal LONG active pending approval already exists (ID: 108).
2026-08-21 06:48:14,213 - INFO - Logged heartbeat status: OK
2026-08-21 06:48:14,214 - INFO - Job "LiveRunner.process_cycle (trigger: interval[0:05:00], next run at: 2026-08-21 06:53:12 IST)" executed successfully
2026-08-21 06:53:13,014 - INFO - Running job "LiveRunner.process_cycle (trigger: interval[0:05:00], next run at: 2026-08-21 06:58:12 IST)" (scheduled at 2026-08-21 06:53:12.999205+05:30)
2026-08-21 06:53:13,023 - INFO - [bot-1787212529852-517c] Starting signal check cycle for BTC/USDT (5m)...
2026-08-21 06:53:13,043 - INFO - Fetching recent candles for BTC/USDT (5m) [Bot: bot-1787212529852-517c] via ProviderManager...
2026-08-21 06:53:13,476 - INFO - Indicators computed | close=74348.84 ema_9=74034.31 ema_20=73734.05 ema_50=73310.76 ema_200=72227.77 macd=320.3241 poc=64325.0 val=63575.0 vah=71425.0
2026-08-21 06:53:13,479 - INFO - [bot-1787212529852-517c] Evaluating strategy on completed candle: 2026-08-21 01:15:00+00:00 at Close price: 74659.92
2026-08-21 06:53:13,525 - INFO - Confluence Evaluation | Regime: TRENDING (ADX=60.9) | Direction: LONG | BullScore: 82.6% | BearScore: 17.4% | Active: ['ema', 'macd', 'rsi', 'vp']
2026-08-21 06:53:13,658 - INFO - Capping position size 0.261947 BTC to available cash equivalent 0.200911 BTC.
2026-08-21 06:53:13,736 - INFO - Created pending signal approval ID 138 for bot bot-1787212529852-517c (LONG @ $74659.92, status: WAITING_APPROVAL)
2026-08-21 06:53:13,891 - INFO - [bot-1787212529852-517c] Signal LONG generated (ID: 138). Waiting for manual user approval.
2026-08-21 06:53:14,112 - INFO - Logged heartbeat status: OK
2026-08-21 06:53:14,113 - INFO - Job "LiveRunner.process_cycle (trigger: interval[0:05:00], next run at: 2026-08-21 06:58:12 IST)" executed successfully
2026-08-21 06:58:13,061 - INFO - Running job "LiveRunner.process_cycle (trigger: interval[0:05:00], next run at: 2026-08-21 07:03:12 IST)" (scheduled at 2026-08-21 06:58:12.999205+05:30)
2026-08-21 06:58:13,111 - INFO - [bot-1787212529852-517c] Starting signal check cycle for BTC/USDT (5m)...
2026-08-21 06:58:13,124 - INFO - Fetching recent candles for BTC/USDT (5m) [Bot: bot-1787212529852-517c] via ProviderManager...
2026-08-21 06:58:13,598 - INFO - Indicators computed | close=74697.68 ema_9=74191.42 ema_20=73838.99 ema_50=73370.91 ema_200=72253.85 macd=366.6747 poc=64325.0 val=63575.0 vah=71450.0
2026-08-21 06:58:13,602 - INFO - [bot-1787212529852-517c] Evaluating strategy on completed candle: 2026-08-21 01:20:00+00:00 at Close price: 74501.59
2026-08-21 06:58:13,985 - INFO - Confluence Evaluation | Regime: TRENDING (ADX=62.1) | Direction: LONG | BullScore: 82.6% | BearScore: 17.4% | Active: ['ema', 'macd', 'rsi', 'vp']
2026-08-21 06:58:14,053 - INFO - Capping position size 0.330666 BTC to available cash equivalent 0.201338 BTC.
2026-08-21 06:58:14,112 - INFO - [bot-1787212529852-517c] Signal LONG active pending approval already exists (ID: 138).
2026-08-21 06:58:14,577 - INFO - Logged heartbeat status: OK
2026-08-21 06:58:14,579 - INFO - Job "LiveRunner.process_cycle (trigger: interval[0:05:00], next run at: 2026-08-21 07:03:12 IST)" executed successfully
2026-08-21 07:03:13,021 - INFO - Running job "LiveRunner.process_cycle (trigger: interval[0:05:00], next run at: 2026-08-21 07:08:12 IST)" (scheduled at 2026-08-21 07:03:12.999205+05:30)
2026-08-21 07:03:13,030 - INFO - [bot-1787212529852-517c] Starting signal check cycle for BTC/USDT (5m)...
2026-08-21 07:03:13,076 - INFO - Fetching recent candles for BTC/USDT (5m) [Bot: bot-1787212529852-517c] via ProviderManager...
2026-08-21 07:03:13,473 - INFO - Indicators computed | close=74963.74 ema_9=74350.54 ema_20=73948.62 ema_50=73434.47 ema_200=72281.10 macd=412.2797 poc=64325.0 val=63575.0 vah=71475.0
2026-08-21 07:03:13,474 - INFO - [bot-1787212529852-517c] Evaluating strategy on completed candle: 2026-08-21 01:25:00+00:00 at Close price: 74726.77
2026-08-21 07:03:13,540 - INFO - Confluence Evaluation | Regime: TRENDING (ADX=62.4) | Direction: LONG | BullScore: 82.6% | BearScore: 17.4% | Active: ['ema', 'macd', 'rsi', 'vp']
2026-08-21 07:03:13,637 - INFO - Capping position size 0.302243 BTC to available cash equivalent 0.200731 BTC.
2026-08-21 07:03:13,644 - INFO - [bot-1787212529852-517c] Signal LONG active pending approval already exists (ID: 138).
2026-08-21 07:03:13,802 - INFO - Logged heartbeat status: OK
2026-08-21 07:03:13,802 - INFO - Job "LiveRunner.process_cycle (trigger: interval[0:05:00], next run at: 2026-08-21 07:08:12 IST)" executed successfully
/Users/ashishparadkar/Downloads/algo-code-main/.venv/lib/python3.9/site-packages/urllib3/__init__.py:35: NotOpenSSLWarning: urllib3 v2 only supports OpenSSL 1.1.1+, currently the 'ssl' module is compiled with 'LibreSSL 2.8.3'. See: https://github.com/urllib3/urllib3/issues/3020
  warnings.warn(
2026-08-21 12:14:21,024 - INFO - Bot state startup reconciliation finished: 0 bot(s) reconciled to STOPPED.
2026-08-21 12:14:21,934 - INFO - Telegram notification service initialized successfully (Chat ID: 5657...)
2026-08-21 12:14:21,947 - INFO - Initializing scheduled trading bot live runner for bot-1787212529852-517c...
2026-08-21 12:14:22,850 - INFO - SQLite database tables verified/created.
2026-08-21 12:14:23,438 - INFO - Initializing CCXT Binance in TESTNET mode.
2026-08-21 12:14:56,456 - INFO - [bot-1787212529852-517c] Pre-flight instrument resolved: BTC/USDT (SPOT via binance_spot)
2026-08-21 12:14:56,943 - INFO - [bot-1787212529852-517c] Starting signal check cycle for BTC/USDT (5m)...
2026-08-21 12:14:56,950 - INFO - Fetching recent candles for BTC/USDT (5m) [Bot: bot-1787212529852-517c] via ProviderManager...
2026-08-21 12:15:56,767 - INFO - Indicators computed | close=75328.31 ema_9=75414.48 ema_20=75323.36 ema_50=75011.29 ema_200=73557.63 macd=129.1436 poc=64275.0 val=64025.0 vah=71850.0
2026-08-21 12:15:56,774 - INFO - [bot-1787212529852-517c] Evaluating strategy on completed candle: 2026-08-21 06:40:00+00:00 at Close price: 75394.97
2026-08-21 12:15:57,245 - INFO - Confluence Evaluation | Regime: TRENDING (ADX=26.8) | Direction: HOLD | BullScore: 50.0% | BearScore: 17.4% | Active: ['ema', 'macd', 'rsi', 'vp']
2026-08-21 12:15:57,660 - INFO - Signal evaluated: HOLD. Reason/Details: Confluence score: 50% (HOLD)
2026-08-21 12:15:57,987 - INFO - Logged heartbeat status: OK
2026-08-21 12:15:58,014 - INFO - Adding job tentatively -- it will be properly scheduled when the scheduler starts
2026-08-21 12:15:58,015 - INFO - Bot bot-1787212529852-517c scheduled to check every 5 minutes.
2026-08-21 12:15:58,020 - INFO - Added job "LiveRunner.process_cycle" to job store "default"
2026-08-21 12:15:58,020 - INFO - Scheduler started
2026-08-21 12:20:58,059 - INFO - Running job "LiveRunner.process_cycle (trigger: interval[0:05:00], next run at: 2026-08-21 12:20:58 IST)" (scheduled at 2026-08-21 12:20:58.013418+05:30)
2026-08-21 12:20:58,073 - INFO - [bot-1787212529852-517c] Starting signal check cycle for BTC/USDT (5m)...
2026-08-21 12:20:58,136 - INFO - Fetching recent candles for BTC/USDT (5m) [Bot: bot-1787212529852-517c] via ProviderManager...
2026-08-21 12:20:58,902 - INFO - Indicators computed | close=75491.12 ema_9=75459.88 ema_20=75355.53 ema_50=75037.18 ema_200=73578.72 macd=138.9058 poc=64275.0 val=64025.0 vah=71850.0
2026-08-21 12:20:58,905 - INFO - [bot-1787212529852-517c] Evaluating strategy on completed candle: 2026-08-21 06:45:00+00:00 at Close price: 75516.28
2026-08-21 12:20:59,015 - INFO - Confluence Evaluation | Regime: TRENDING (ADX=25.9) | Direction: HOLD | BullScore: 50.0% | BearScore: 17.4% | Active: ['ema', 'macd', 'rsi', 'vp']
2026-08-21 12:20:59,123 - INFO - Signal evaluated: HOLD. Reason/Details: Confluence score: 50% (HOLD)
2026-08-21 12:20:59,306 - INFO - Logged heartbeat status: OK
2026-08-21 12:20:59,306 - INFO - Job "LiveRunner.process_cycle (trigger: interval[0:05:00], next run at: 2026-08-21 12:25:58 IST)" executed successfully
2026-08-21 12:25:58,029 - INFO - Running job "LiveRunner.process_cycle (trigger: interval[0:05:00], next run at: 2026-08-21 12:30:58 IST)" (scheduled at 2026-08-21 12:25:58.013418+05:30)
2026-08-21 12:25:58,053 - INFO - [bot-1787212529852-517c] Starting signal check cycle for BTC/USDT (5m)...
2026-08-21 12:25:58,105 - INFO - Fetching recent candles for BTC/USDT (5m) [Bot: bot-1787212529852-517c] via ProviderManager...
2026-08-21 12:25:59,067 - INFO - Indicators computed | close=75566.01 ema_9=75489.57 ema_20=75380.14 ema_50=75059.92 ema_200=73599.02 macd=142.4542 poc=64275.0 val=64025.0 vah=71875.0
2026-08-21 12:25:59,070 - INFO - [bot-1787212529852-517c] Evaluating strategy on completed candle: 2026-08-21 06:50:00+00:00 at Close price: 75544.00
2026-08-21 12:25:59,170 - INFO - Confluence Evaluation | Regime: TRENDING (ADX=25.1) | Direction: HOLD | BullScore: 50.0% | BearScore: 17.4% | Active: ['ema', 'macd', 'rsi', 'vp']
2026-08-21 12:25:59,281 - INFO - Signal evaluated: HOLD. Reason/Details: Confluence score: 50% (HOLD)
2026-08-21 12:25:59,478 - INFO - Logged heartbeat status: OK
2026-08-21 12:25:59,480 - INFO - Job "LiveRunner.process_cycle (trigger: interval[0:05:00], next run at: 2026-08-21 12:30:58 IST)" executed successfully
2026-08-21 12:30:58,026 - INFO - Running job "LiveRunner.process_cycle (trigger: interval[0:05:00], next run at: 2026-08-21 12:35:58 IST)" (scheduled at 2026-08-21 12:30:58.013418+05:30)
2026-08-21 12:30:58,047 - INFO - [bot-1787212529852-517c] Starting signal check cycle for BTC/USDT (5m)...
2026-08-21 12:30:58,092 - INFO - Fetching recent candles for BTC/USDT (5m) [Bot: bot-1787212529852-517c] via ProviderManager...
2026-08-21 12:30:58,883 - INFO - Indicators computed | close=75688.59 ema_9=75542.21 ema_20=75416.42 ema_50=75087.59 ema_200=73620.60 macd=155.0240 poc=64275.0 val=64025.0 vah=71875.0
2026-08-21 12:30:58,890 - INFO - [bot-1787212529852-517c] Evaluating strategy on completed candle: 2026-08-21 06:55:00+00:00 at Close price: 75646.21
2026-08-21 12:30:59,036 - INFO - Confluence Evaluation | Regime: RANGING (ADX=24.8) | Direction: HOLD | BullScore: 67.4% | BearScore: 32.6% | Active: ['ema', 'macd', 'rsi', 'vp']
2026-08-21 12:30:59,148 - INFO - Signal evaluated: HOLD. Reason/Details: Confluence score: 67% (HOLD)
2026-08-21 12:30:59,316 - INFO - Logged heartbeat status: OK
2026-08-21 12:30:59,317 - INFO - Job "LiveRunner.process_cycle (trigger: interval[0:05:00], next run at: 2026-08-21 12:35:58 IST)" executed successfully
2026-08-21 12:35:58,053 - INFO - Running job "LiveRunner.process_cycle (trigger: interval[0:05:00], next run at: 2026-08-21 12:40:58 IST)" (scheduled at 2026-08-21 12:35:58.013418+05:30)
2026-08-21 12:35:58,061 - INFO - [bot-1787212529852-517c] Starting signal check cycle for BTC/USDT (5m)...
2026-08-21 12:35:58,109 - INFO - Fetching recent candles for BTC/USDT (5m) [Bot: bot-1787212529852-517c] via ProviderManager...
2026-08-21 12:35:58,754 - INFO - Indicators computed | close=75667.99 ema_9=75574.57 ema_20=75444.26 ema_50=75112.05 ema_200=73641.41 macd=159.2225 poc=64275.0 val=64025.0 vah=71875.0
2026-08-21 12:35:58,755 - INFO - [bot-1787212529852-517c] Evaluating strategy on completed candle: 2026-08-21 07:00:00+00:00 at Close price: 75733.61
2026-08-21 12:35:58,817 - INFO - Confluence Evaluation | Regime: RANGING (ADX=23.7) | Direction: HOLD | BullScore: 67.4% | BearScore: 32.6% | Active: ['ema', 'macd', 'rsi', 'vp']
2026-08-21 12:35:58,881 - INFO - Signal evaluated: HOLD. Reason/Details: Confluence score: 67% (HOLD)
2026-08-21 12:35:59,089 - INFO - Logged heartbeat status: OK
2026-08-21 12:35:59,090 - INFO - Job "LiveRunner.process_cycle (trigger: interval[0:05:00], next run at: 2026-08-21 12:40:58 IST)" executed successfully
2026-08-21 12:40:58,026 - INFO - Running job "LiveRunner.process_cycle (trigger: interval[0:05:00], next run at: 2026-08-21 12:45:58 IST)" (scheduled at 2026-08-21 12:40:58.013418+05:30)
2026-08-21 12:40:58,036 - INFO - [bot-1787212529852-517c] Starting signal check cycle for BTC/USDT (5m)...
2026-08-21 12:40:58,083 - INFO - Fetching recent candles for BTC/USDT (5m) [Bot: bot-1787212529852-517c] via ProviderManager...
2026-08-21 12:40:58,514 - INFO - Indicators computed | close=75940.03 ema_9=75679.70 ema_20=75508.74 ema_50=75152.06 ema_200=73666.26 macd=191.9208 poc=64275.0 val=64025.0 vah=71875.0
2026-08-21 12:40:58,516 - INFO - [bot-1787212529852-517c] Evaluating strategy on completed candle: 2026-08-21 07:05:00+00:00 at Close price: 75868.28
2026-08-21 12:40:58,601 - INFO - Confluence Evaluation | Regime: RANGING (ADX=22.5) | Direction: HOLD | BullScore: 67.4% | BearScore: 32.6% | Active: ['ema', 'macd', 'rsi', 'vp']
2026-08-21 12:40:58,690 - INFO - Signal evaluated: HOLD. Reason/Details: Confluence score: 67% (HOLD)
2026-08-21 12:40:58,876 - INFO - Logged heartbeat status: OK
2026-08-21 12:40:58,878 - INFO - Job "LiveRunner.process_cycle (trigger: interval[0:05:00], next run at: 2026-08-21 12:45:58 IST)" executed successfully
2026-08-21 12:45:58,022 - INFO - Running job "LiveRunner.process_cycle (trigger: interval[0:05:00], next run at: 2026-08-21 12:50:58 IST)" (scheduled at 2026-08-21 12:45:58.013418+05:30)
2026-08-21 12:45:58,029 - INFO - [bot-1787212529852-517c] Starting signal check cycle for BTC/USDT (5m)...
2026-08-21 12:45:58,073 - INFO - Fetching recent candles for BTC/USDT (5m) [Bot: bot-1787212529852-517c] via ProviderManager...
2026-08-21 12:45:58,465 - INFO - Indicators computed | close=76273.05 ema_9=75803.17 ema_20=75584.11 ema_50=75197.15 ema_200=73692.49 macd=231.2449 poc=64275.0 val=64025.0 vah=71875.0
2026-08-21 12:45:58,466 - INFO - [bot-1787212529852-517c] Evaluating strategy on completed candle: 2026-08-21 07:10:00+00:00 at Close price: 75969.99
2026-08-21 12:45:58,529 - INFO - Confluence Evaluation | Regime: RANGING (ADX=21.9) | Direction: HOLD | BullScore: 67.4% | BearScore: 32.6% | Active: ['ema', 'macd', 'rsi', 'vp']
2026-08-21 12:45:58,618 - INFO - Signal evaluated: HOLD. Reason/Details: Confluence score: 67% (HOLD)
2026-08-21 12:45:58,832 - INFO - Logged heartbeat status: OK
2026-08-21 12:45:58,832 - INFO - Job "LiveRunner.process_cycle (trigger: interval[0:05:00], next run at: 2026-08-21 12:50:58 IST)" executed successfully
2026-08-21 12:50:58,063 - INFO - Running job "LiveRunner.process_cycle (trigger: interval[0:05:00], next run at: 2026-08-21 12:55:58 IST)" (scheduled at 2026-08-21 12:50:58.013418+05:30)
2026-08-21 12:50:58,075 - INFO - [bot-1787212529852-517c] Starting signal check cycle for BTC/USDT (5m)...
2026-08-21 12:50:58,127 - INFO - Fetching recent candles for BTC/USDT (5m) [Bot: bot-1787212529852-517c] via ProviderManager...
2026-08-21 12:50:58,647 - INFO - Indicators computed | close=76455.58 ema_9=75967.48 ema_20=75685.32 ema_50=75254.47 ema_200=73722.07 macd=285.1295 poc=64275.0 val=64025.0 vah=71900.0
2026-08-21 12:50:58,649 - INFO - [bot-1787212529852-517c] Evaluating strategy on completed candle: 2026-08-21 07:15:00+00:00 at Close price: 76484.48
2026-08-21 12:50:58,713 - INFO - Confluence Evaluation | Regime: RANGING (ADX=23.2) | Direction: HOLD | BullScore: 67.4% | BearScore: 32.6% | Active: ['ema', 'macd', 'rsi', 'vp']
2026-08-21 12:50:58,808 - INFO - Signal evaluated: HOLD. Reason/Details: Confluence score: 67% (HOLD)
2026-08-21 12:50:59,037 - INFO - Logged heartbeat status: OK
2026-08-21 12:50:59,038 - INFO - Job "LiveRunner.process_cycle (trigger: interval[0:05:00], next run at: 2026-08-21 12:55:58 IST)" executed successfully
2026-08-21 12:55:58,036 - INFO - Running job "LiveRunner.process_cycle (trigger: interval[0:05:00], next run at: 2026-08-21 13:00:58 IST)" (scheduled at 2026-08-21 12:55:58.013418+05:30)
2026-08-21 12:55:58,048 - INFO - [bot-1787212529852-517c] Starting signal check cycle for BTC/USDT (5m)...
2026-08-21 12:55:58,083 - INFO - Fetching recent candles for BTC/USDT (5m) [Bot: bot-1787212529852-517c] via ProviderManager...
2026-08-21 12:55:58,624 - INFO - Indicators computed | close=76348.01 ema_9=76011.31 ema_20=75731.05 ema_50=75289.75 ema_200=73746.21 macd=289.8769 poc=64275.0 val=64025.0 vah=71900.0
2026-08-21 12:55:58,626 - INFO - [bot-1787212529852-517c] Evaluating strategy on completed candle: 2026-08-21 07:20:00+00:00 at Close price: 76253.84
2026-08-21 12:55:58,695 - INFO - Confluence Evaluation | Regime: TRENDING (ADX=25.2) | Direction: LONG | BullScore: 82.6% | BearScore: 17.4% | Active: ['ema', 'macd', 'rsi', 'vp']
2026-08-21 12:55:58,813 - INFO - Capping position size 0.422857 BTC to available cash equivalent 0.196711 BTC.
2026-08-21 12:55:59,016 - INFO - Created pending signal approval ID 172 for bot bot-1787212529852-517c (LONG @ $76253.84, status: WAITING_APPROVAL)
2026-08-21 12:55:59,107 - INFO - [bot-1787212529852-517c] Signal LONG generated (ID: 172). Waiting for manual user approval.
2026-08-21 12:55:59,239 - INFO - Logged heartbeat status: OK
2026-08-21 12:55:59,239 - INFO - Job "LiveRunner.process_cycle (trigger: interval[0:05:00], next run at: 2026-08-21 13:00:58 IST)" executed successfully
2026-08-21 13:00:58,109 - INFO - Running job "LiveRunner.process_cycle (trigger: interval[0:05:00], next run at: 2026-08-21 13:05:58 IST)" (scheduled at 2026-08-21 13:00:58.013418+05:30)
2026-08-21 13:00:58,128 - INFO - [bot-1787212529852-517c] Starting signal check cycle for BTC/USDT (5m)...
2026-08-21 13:00:58,176 - INFO - Fetching recent candles for BTC/USDT (5m) [Bot: bot-1787212529852-517c] via ProviderManager...
2026-08-21 13:00:58,723 - INFO - Indicators computed | close=76453.96 ema_9=76109.82 ema_20=75805.28 ema_50=75337.76 ema_200=73773.77 macd=315.1948 poc=64275.0 val=64025.0 vah=71925.0
2026-08-21 13:00:58,726 - INFO - [bot-1787212529852-517c] Evaluating strategy on completed candle: 2026-08-21 07:25:00+00:00 at Close price: 76410.38
2026-08-21 13:00:58,806 - INFO - Confluence Evaluation | Regime: TRENDING (ADX=27.7) | Direction: LONG | BullScore: 82.6% | BearScore: 17.4% | Active: ['ema', 'macd', 'rsi', 'vp']
2026-08-21 13:00:58,883 - INFO - Capping position size 0.360564 BTC to available cash equivalent 0.196308 BTC.
2026-08-21 13:00:58,890 - INFO - [bot-1787212529852-517c] Signal LONG active pending approval already exists (ID: 172).
2026-08-21 13:00:59,044 - INFO - Logged heartbeat status: OK
2026-08-21 13:00:59,045 - INFO - Job "LiveRunner.process_cycle (trigger: interval[0:05:00], next run at: 2026-08-21 13:05:58 IST)" executed successfully
2026-08-21 13:05:58,101 - INFO - Running job "LiveRunner.process_cycle (trigger: interval[0:05:00], next run at: 2026-08-21 13:10:58 IST)" (scheduled at 2026-08-21 13:05:58.013418+05:30)
2026-08-21 13:05:58,221 - INFO - [bot-1787212529852-517c] Starting signal check cycle for BTC/USDT (5m)...
2026-08-21 13:05:58,281 - INFO - Fetching recent candles for BTC/USDT (5m) [Bot: bot-1787212529852-517c] via ProviderManager...
2026-08-21 13:05:58,983 - INFO - Indicators computed | close=76374.09 ema_9=76151.58 ema_20=75853.47 ema_50=75375.79 ema_200=73798.96 macd=316.8980 poc=64325.0 val=64025.0 vah=71925.0
2026-08-21 13:05:58,984 - INFO - [bot-1787212529852-517c] Evaluating strategy on completed candle: 2026-08-21 07:30:00+00:00 at Close price: 76384.61
2026-08-21 13:05:59,063 - INFO - Confluence Evaluation | Regime: TRENDING (ADX=33.2) | Direction: LONG | BullScore: 82.6% | BearScore: 17.4% | Active: ['ema', 'macd', 'rsi', 'vp']
2026-08-21 13:05:59,175 - INFO - Capping position size 0.506586 BTC to available cash equivalent 0.196375 BTC.
2026-08-21 13:05:59,185 - INFO - [bot-1787212529852-517c] Signal LONG active pending approval already exists (ID: 172).
2026-08-21 13:05:59,368 - INFO - Logged heartbeat status: OK
2026-08-21 13:05:59,368 - INFO - Job "LiveRunner.process_cycle (trigger: interval[0:05:00], next run at: 2026-08-21 13:10:58 IST)" executed successfully
2026-08-21 13:10:58,031 - INFO - Running job "LiveRunner.process_cycle (trigger: interval[0:05:00], next run at: 2026-08-21 13:15:58 IST)" (scheduled at 2026-08-21 13:10:58.013418+05:30)
2026-08-21 13:10:58,046 - INFO - [bot-1787212529852-517c] Starting signal check cycle for BTC/USDT (5m)...
2026-08-21 13:10:58,097 - INFO - Fetching recent candles for BTC/USDT (5m) [Bot: bot-1787212529852-517c] via ProviderManager...
2026-08-21 13:10:58,687 - INFO - Indicators computed | close=76549.47 ema_9=76255.06 ema_20=75932.64 ema_50=75427.44 ema_200=73827.80 macd=342.1498 poc=64325.0 val=64025.0 vah=71925.0
2026-08-21 13:10:58,688 - INFO - [bot-1787212529852-517c] Evaluating strategy on completed candle: 2026-08-21 07:35:00+00:00 at Close price: 76523.53
2026-08-21 13:10:58,755 - INFO - Confluence Evaluation | Regime: TRENDING (ADX=38.7) | Direction: LONG | BullScore: 82.6% | BearScore: 17.4% | Active: ['ema', 'macd', 'rsi', 'vp']
2026-08-21 13:10:58,884 - INFO - Capping position size 0.449324 BTC to available cash equivalent 0.196018 BTC.
2026-08-21 13:10:58,893 - INFO - [bot-1787212529852-517c] Signal LONG active pending approval already exists (ID: 172).
2026-08-21 13:10:59,105 - INFO - Logged heartbeat status: OK
2026-08-21 13:10:59,105 - INFO - Job "LiveRunner.process_cycle (trigger: interval[0:05:00], next run at: 2026-08-21 13:15:58 IST)" executed successfully
2026-08-21 13:15:58,025 - INFO - Running job "LiveRunner.process_cycle (trigger: interval[0:05:00], next run at: 2026-08-21 13:20:58 IST)" (scheduled at 2026-08-21 13:15:58.013418+05:30)
2026-08-21 13:15:58,033 - INFO - [bot-1787212529852-517c] Starting signal check cycle for BTC/USDT (5m)...
2026-08-21 13:15:58,070 - INFO - Fetching recent candles for BTC/USDT (5m) [Bot: bot-1787212529852-517c] via ProviderManager...
2026-08-21 13:15:58,533 - INFO - Indicators computed | close=76542.32 ema_9=76319.94 ema_20=75994.70 ema_50=75472.91 ema_200=73855.27 macd=350.9837 poc=64325.0 val=64025.0 vah=71950.0
2026-08-21 13:15:58,534 - INFO - [bot-1787212529852-517c] Evaluating strategy on completed candle: 2026-08-21 07:40:00+00:00 at Close price: 76595.89
2026-08-21 13:15:58,594 - INFO - Confluence Evaluation | Regime: TRENDING (ADX=43.7) | Direction: LONG | BullScore: 82.6% | BearScore: 17.4% | Active: ['ema', 'macd', 'rsi', 'vp']
2026-08-21 13:15:58,693 - INFO - Capping position size 0.716897 BTC to available cash equivalent 0.195833 BTC.
2026-08-21 13:15:58,700 - INFO - [bot-1787212529852-517c] Signal LONG active pending approval already exists (ID: 172).
2026-08-21 13:15:58,883 - INFO - Logged heartbeat status: OK
2026-08-21 13:15:58,883 - INFO - Job "LiveRunner.process_cycle (trigger: interval[0:05:00], next run at: 2026-08-21 13:20:58 IST)" executed successfully
2026-08-21 13:20:58,068 - INFO - Running job "LiveRunner.process_cycle (trigger: interval[0:05:00], next run at: 2026-08-21 13:25:58 IST)" (scheduled at 2026-08-21 13:20:58.013418+05:30)
2026-08-21 13:20:58,079 - INFO - [bot-1787212529852-517c] Starting signal check cycle for BTC/USDT (5m)...
2026-08-21 13:20:58,121 - INFO - Fetching recent candles for BTC/USDT (5m) [Bot: bot-1787212529852-517c] via ProviderManager...
2026-08-21 13:21:08,173 - ERROR - Binance Spot Network Error: binance GET https://api.binance.com/api/v3/klines?interval=5m&limit=1000&symbol=BTCUSDT
--- Logging error ---
Traceback (most recent call last):
  File "/Users/ashishparadkar/Downloads/algo-code-main/.venv/lib/python3.9/site-packages/urllib3/connectionpool.py", line 534, in _make_request
    response = conn.getresponse()
  File "/Users/ashishparadkar/Downloads/algo-code-main/.venv/lib/python3.9/site-packages/urllib3/connection.py", line 571, in getresponse
    httplib_response = super().getresponse()
  File "/Library/Developer/CommandLineTools/Library/Frameworks/Python3.framework/Versions/3.9/lib/python3.9/http/client.py", line 1349, in getresponse
    response.begin()
  File "/Library/Developer/CommandLineTools/Library/Frameworks/Python3.framework/Versions/3.9/lib/python3.9/http/client.py", line 316, in begin
    version, status, reason = self._read_status()
  File "/Library/Developer/CommandLineTools/Library/Frameworks/Python3.framework/Versions/3.9/lib/python3.9/http/client.py", line 277, in _read_status
    line = str(self.fp.readline(_MAXLINE + 1), "iso-8859-1")
  File "/Library/Developer/CommandLineTools/Library/Frameworks/Python3.framework/Versions/3.9/lib/python3.9/socket.py", line 704, in readinto
    return self._sock.recv_into(b)
  File "/Library/Developer/CommandLineTools/Library/Frameworks/Python3.framework/Versions/3.9/lib/python3.9/ssl.py", line 1241, in recv_into
    return self.read(nbytes, buffer)
  File "/Library/Developer/CommandLineTools/Library/Frameworks/Python3.framework/Versions/3.9/lib/python3.9/ssl.py", line 1099, in read
    return self._sslobj.read(len, buffer)
socket.timeout: The read operation timed out

The above exception was the direct cause of the following exception:

Traceback (most recent call last):
  File "/Users/ashishparadkar/Downloads/algo-code-main/.venv/lib/python3.9/site-packages/requests/adapters.py", line 644, in send
    resp = conn.urlopen(
  File "/Users/ashishparadkar/Downloads/algo-code-main/.venv/lib/python3.9/site-packages/urllib3/connectionpool.py", line 841, in urlopen
    retries = retries.increment(
  File "/Users/ashishparadkar/Downloads/algo-code-main/.venv/lib/python3.9/site-packages/urllib3/util/retry.py", line 490, in increment
    raise reraise(type(error), error, _stacktrace)
  File "/Users/ashishparadkar/Downloads/algo-code-main/.venv/lib/python3.9/site-packages/urllib3/util/util.py", line 39, in reraise
    raise value
  File "/Users/ashishparadkar/Downloads/algo-code-main/.venv/lib/python3.9/site-packages/urllib3/connectionpool.py", line 787, in urlopen
    response = self._make_request(
  File "/Users/ashishparadkar/Downloads/algo-code-main/.venv/lib/python3.9/site-packages/urllib3/connectionpool.py", line 536, in _make_request
    self._raise_timeout(err=e, url=url, timeout_value=read_timeout)
  File "/Users/ashishparadkar/Downloads/algo-code-main/.venv/lib/python3.9/site-packages/urllib3/connectionpool.py", line 367, in _raise_timeout
    raise ReadTimeoutError(
urllib3.exceptions.ReadTimeoutError: HTTPSConnectionPool(host='api.binance.com', port=443): Read timed out. (read timeout=10.0)

During handling of the above exception, another exception occurred:

Traceback (most recent call last):
  File "/Users/ashishparadkar/Downloads/algo-code-main/.venv/lib/python3.9/site-packages/ccxt/base/exchange.py", line 665, in fetch
    response = self.session.request(
  File "/Users/ashishparadkar/Downloads/algo-code-main/.venv/lib/python3.9/site-packages/requests/sessions.py", line 589, in request
    resp = self.send(prep, **send_kwargs)
  File "/Users/ashishparadkar/Downloads/algo-code-main/.venv/lib/python3.9/site-packages/requests/sessions.py", line 703, in send
    r = adapter.send(request, **kwargs)
  File "/Users/ashishparadkar/Downloads/algo-code-main/.venv/lib/python3.9/site-packages/requests/adapters.py", line 690, in send
    raise ReadTimeout(e, request=request)
requests.exceptions.ReadTimeout: HTTPSConnectionPool(host='api.binance.com', port=443): Read timed out. (read timeout=10.0)

The above exception was the direct cause of the following exception:

Traceback (most recent call last):
  File "/Users/ashishparadkar/Downloads/algo-code-main/src/provider_manager.py", line 351, in fetch_ohlcv_safe
    df = adapter.fetch_ohlcv(instrument, timeframe, limit=limit)
  File "/Users/ashishparadkar/Downloads/algo-code-main/src/provider_manager.py", line 211, in fetch_ohlcv
    raise net_err
  File "/Users/ashishparadkar/Downloads/algo-code-main/src/provider_manager.py", line 183, in fetch_ohlcv
    raw_candles = self.exchange.fetch_ohlcv(
  File "/Users/ashishparadkar/Downloads/algo-code-main/.venv/lib/python3.9/site-packages/ccxt/binance.py", line 4759, in fetch_ohlcv
    response = self.publicGetKlines(self.extend(request, params))
  File "/Users/ashishparadkar/Downloads/algo-code-main/.venv/lib/python3.9/site-packages/ccxt/base/types.py", line 35, in unbound_method
    return _self.request(self.path, self.api, self.method, params, config=self.config)
  File "/Users/ashishparadkar/Downloads/algo-code-main/.venv/lib/python3.9/site-packages/ccxt/binance.py", line 11724, in request
    response = self.fetch2(path, api, method, params, headers, body, config)
  File "/Users/ashishparadkar/Downloads/algo-code-main/.venv/lib/python3.9/site-packages/ccxt/base/exchange.py", line 5566, in fetch2
    raise e
  File "/Users/ashishparadkar/Downloads/algo-code-main/.venv/lib/python3.9/site-packages/ccxt/base/exchange.py", line 5549, in fetch2
    response = self.fetch(request['url'], request['method'], request['headers'], request['body'])
  File "/Users/ashishparadkar/Downloads/algo-code-main/.venv/lib/python3.9/site-packages/ccxt/base/exchange.py", line 698, in fetch
    raise RequestTimeout(details) from e
ccxt.base.errors.RequestTimeout: binance GET https://api.binance.com/api/v3/klines?interval=5m&limit=1000&symbol=BTCUSDT

During handling of the above exception, another exception occurred:

Traceback (most recent call last):
  File "/Library/Developer/CommandLineTools/Library/Frameworks/Python3.framework/Versions/3.9/lib/python3.9/logging/__init__.py", line 1083, in emit
    msg = self.format(record)
  File "/Library/Developer/CommandLineTools/Library/Frameworks/Python3.framework/Versions/3.9/lib/python3.9/logging/__init__.py", line 927, in format
    return fmt.format(record)
  File "/Library/Developer/CommandLineTools/Library/Frameworks/Python3.framework/Versions/3.9/lib/python3.9/logging/__init__.py", line 663, in format
    record.message = record.getMessage()
  File "/Library/Developer/CommandLineTools/Library/Frameworks/Python3.framework/Versions/3.9/lib/python3.9/logging/__init__.py", line 367, in getMessage
    msg = msg % self.args
TypeError: must be real number, not RequestTimeout
Call stack:
  File "/Library/Developer/CommandLineTools/Library/Frameworks/Python3.framework/Versions/3.9/lib/python3.9/threading.py", line 930, in _bootstrap
    self._bootstrap_inner()
  File "/Library/Developer/CommandLineTools/Library/Frameworks/Python3.framework/Versions/3.9/lib/python3.9/threading.py", line 973, in _bootstrap_inner
    self.run()
  File "/Library/Developer/CommandLineTools/Library/Frameworks/Python3.framework/Versions/3.9/lib/python3.9/threading.py", line 910, in run
    self._target(*self._args, **self._kwargs)
  File "/Library/Developer/CommandLineTools/Library/Frameworks/Python3.framework/Versions/3.9/lib/python3.9/concurrent/futures/thread.py", line 77, in _worker
    work_item.run()
  File "/Library/Developer/CommandLineTools/Library/Frameworks/Python3.framework/Versions/3.9/lib/python3.9/concurrent/futures/thread.py", line 52, in run
    result = self.fn(*self.args, **self.kwargs)
  File "/Users/ashishparadkar/Downloads/algo-code-main/.venv/lib/python3.9/site-packages/apscheduler/executors/base.py", line 131, in run_job
    retval = job.func(*job.args, **job.kwargs)
  File "/Users/ashishparadkar/Downloads/algo-code-main/src/live_runner.py", line 199, in process_cycle
    df, _ = self.provider_manager.fetch_ohlcv_safe(self.symbol, self.timeframe, limit=1000)
  File "/Users/ashishparadkar/Downloads/algo-code-main/src/provider_manager.py", line 362, in fetch_ohlcv_safe
    logger.warning(
Message: 'Retryable network failure for %s (Attempt %d/%d). Backing off %.2fs: %s'
Arguments: ('BTC/USDT', 1, 3, RequestTimeout('binance GET https://api.binance.com/api/v3/klines?interval=5m&limit=1000&symbol=BTCUSDT'))
2026-08-21 13:21:10,128 - ERROR - Binance Spot Network Error: binance GET https://api.binance.com/api/v3/klines?interval=5m&limit=1000&symbol=BTCUSDT
--- Logging error ---
Traceback (most recent call last):
  File "/Users/ashishparadkar/Downloads/algo-code-main/.venv/lib/python3.9/site-packages/urllib3/connection.py", line 204, in _new_conn
    sock = connection.create_connection(
  File "/Users/ashishparadkar/Downloads/algo-code-main/.venv/lib/python3.9/site-packages/urllib3/util/connection.py", line 60, in create_connection
    for res in socket.getaddrinfo(host, port, family, socket.SOCK_STREAM):
  File "/Library/Developer/CommandLineTools/Library/Frameworks/Python3.framework/Versions/3.9/lib/python3.9/socket.py", line 953, in getaddrinfo
    for res in _socket.getaddrinfo(host, port, family, type, proto, flags):
socket.gaierror: [Errno 8] nodename nor servname provided, or not known

The above exception was the direct cause of the following exception:

Traceback (most recent call last):
  File "/Users/ashishparadkar/Downloads/algo-code-main/.venv/lib/python3.9/site-packages/urllib3/connectionpool.py", line 787, in urlopen
    response = self._make_request(
  File "/Users/ashishparadkar/Downloads/algo-code-main/.venv/lib/python3.9/site-packages/urllib3/connectionpool.py", line 488, in _make_request
    raise new_e
  File "/Users/ashishparadkar/Downloads/algo-code-main/.venv/lib/python3.9/site-packages/urllib3/connectionpool.py", line 464, in _make_request
    self._validate_conn(conn)
  File "/Users/ashishparadkar/Downloads/algo-code-main/.venv/lib/python3.9/site-packages/urllib3/connectionpool.py", line 1093, in _validate_conn
    conn.connect()
  File "/Users/ashishparadkar/Downloads/algo-code-main/.venv/lib/python3.9/site-packages/urllib3/connection.py", line 759, in connect
    self.sock = sock = self._new_conn()
  File "/Users/ashishparadkar/Downloads/algo-code-main/.venv/lib/python3.9/site-packages/urllib3/connection.py", line 211, in _new_conn
    raise NameResolutionError(self.host, self, e) from e
urllib3.exceptions.NameResolutionError: HTTPSConnection(host='api.binance.com', port=443): Failed to resolve 'api.binance.com' ([Errno 8] nodename nor servname provided, or not known)

The above exception was the direct cause of the following exception:

Traceback (most recent call last):
  File "/Users/ashishparadkar/Downloads/algo-code-main/.venv/lib/python3.9/site-packages/requests/adapters.py", line 644, in send
    resp = conn.urlopen(
  File "/Users/ashishparadkar/Downloads/algo-code-main/.venv/lib/python3.9/site-packages/urllib3/connectionpool.py", line 841, in urlopen
    retries = retries.increment(
  File "/Users/ashishparadkar/Downloads/algo-code-main/.venv/lib/python3.9/site-packages/urllib3/util/retry.py", line 535, in increment
    raise MaxRetryError(_pool, url, reason) from reason  # type: ignore[arg-type]
urllib3.exceptions.MaxRetryError: HTTPSConnectionPool(host='api.binance.com', port=443): Max retries exceeded with url: /api/v3/klines?interval=5m&limit=1000&symbol=BTCUSDT (Caused by NameResolutionError("HTTPSConnection(host='api.binance.com', port=443): Failed to resolve 'api.binance.com' ([Errno 8] nodename nor servname provided, or not known)"))

During handling of the above exception, another exception occurred:

Traceback (most recent call last):
  File "/Users/ashishparadkar/Downloads/algo-code-main/.venv/lib/python3.9/site-packages/ccxt/base/exchange.py", line 665, in fetch
    response = self.session.request(
  File "/Users/ashishparadkar/Downloads/algo-code-main/.venv/lib/python3.9/site-packages/requests/sessions.py", line 589, in request
    resp = self.send(prep, **send_kwargs)
  File "/Users/ashishparadkar/Downloads/algo-code-main/.venv/lib/python3.9/site-packages/requests/sessions.py", line 703, in send
    r = adapter.send(request, **kwargs)
  File "/Users/ashishparadkar/Downloads/algo-code-main/.venv/lib/python3.9/site-packages/requests/adapters.py", line 677, in send
    raise ConnectionError(e, request=request)
requests.exceptions.ConnectionError: HTTPSConnectionPool(host='api.binance.com', port=443): Max retries exceeded with url: /api/v3/klines?interval=5m&limit=1000&symbol=BTCUSDT (Caused by NameResolutionError("HTTPSConnection(host='api.binance.com', port=443): Failed to resolve 'api.binance.com' ([Errno 8] nodename nor servname provided, or not known)"))

The above exception was the direct cause of the following exception:

Traceback (most recent call last):
  File "/Users/ashishparadkar/Downloads/algo-code-main/src/provider_manager.py", line 351, in fetch_ohlcv_safe
    df = adapter.fetch_ohlcv(instrument, timeframe, limit=limit)
  File "/Users/ashishparadkar/Downloads/algo-code-main/src/provider_manager.py", line 211, in fetch_ohlcv
    raise net_err
  File "/Users/ashishparadkar/Downloads/algo-code-main/src/provider_manager.py", line 183, in fetch_ohlcv
    raw_candles = self.exchange.fetch_ohlcv(
  File "/Users/ashishparadkar/Downloads/algo-code-main/.venv/lib/python3.9/site-packages/ccxt/binance.py", line 4759, in fetch_ohlcv
    response = self.publicGetKlines(self.extend(request, params))
  File "/Users/ashishparadkar/Downloads/algo-code-main/.venv/lib/python3.9/site-packages/ccxt/base/types.py", line 35, in unbound_method
    return _self.request(self.path, self.api, self.method, params, config=self.config)
  File "/Users/ashishparadkar/Downloads/algo-code-main/.venv/lib/python3.9/site-packages/ccxt/binance.py", line 11724, in request
    response = self.fetch2(path, api, method, params, headers, body, config)
  File "/Users/ashishparadkar/Downloads/algo-code-main/.venv/lib/python3.9/site-packages/ccxt/base/exchange.py", line 5566, in fetch2
    raise e
  File "/Users/ashishparadkar/Downloads/algo-code-main/.venv/lib/python3.9/site-packages/ccxt/base/exchange.py", line 5549, in fetch2
    response = self.fetch(request['url'], request['method'], request['headers'], request['body'])
  File "/Users/ashishparadkar/Downloads/algo-code-main/.venv/lib/python3.9/site-packages/ccxt/base/exchange.py", line 721, in fetch
    raise NetworkError(details) from e
ccxt.base.errors.NetworkError: binance GET https://api.binance.com/api/v3/klines?interval=5m&limit=1000&symbol=BTCUSDT

During handling of the above exception, another exception occurred:

Traceback (most recent call last):
  File "/Library/Developer/CommandLineTools/Library/Frameworks/Python3.framework/Versions/3.9/lib/python3.9/logging/__init__.py", line 1083, in emit
    msg = self.format(record)
  File "/Library/Developer/CommandLineTools/Library/Frameworks/Python3.framework/Versions/3.9/lib/python3.9/logging/__init__.py", line 927, in format
    return fmt.format(record)
  File "/Library/Developer/CommandLineTools/Library/Frameworks/Python3.framework/Versions/3.9/lib/python3.9/logging/__init__.py", line 663, in format
    record.message = record.getMessage()
  File "/Library/Developer/CommandLineTools/Library/Frameworks/Python3.framework/Versions/3.9/lib/python3.9/logging/__init__.py", line 367, in getMessage
    msg = msg % self.args
TypeError: must be real number, not NetworkError
Call stack:
  File "/Library/Developer/CommandLineTools/Library/Frameworks/Python3.framework/Versions/3.9/lib/python3.9/threading.py", line 930, in _bootstrap
    self._bootstrap_inner()
  File "/Library/Developer/CommandLineTools/Library/Frameworks/Python3.framework/Versions/3.9/lib/python3.9/threading.py", line 973, in _bootstrap_inner
    self.run()
  File "/Library/Developer/CommandLineTools/Library/Frameworks/Python3.framework/Versions/3.9/lib/python3.9/threading.py", line 910, in run
    self._target(*self._args, **self._kwargs)
  File "/Library/Developer/CommandLineTools/Library/Frameworks/Python3.framework/Versions/3.9/lib/python3.9/concurrent/futures/thread.py", line 77, in _worker
    work_item.run()
  File "/Library/Developer/CommandLineTools/Library/Frameworks/Python3.framework/Versions/3.9/lib/python3.9/concurrent/futures/thread.py", line 52, in run
    result = self.fn(*self.args, **self.kwargs)
  File "/Users/ashishparadkar/Downloads/algo-code-main/.venv/lib/python3.9/site-packages/apscheduler/executors/base.py", line 131, in run_job
    retval = job.func(*job.args, **job.kwargs)
  File "/Users/ashishparadkar/Downloads/algo-code-main/src/live_runner.py", line 199, in process_cycle
    df, _ = self.provider_manager.fetch_ohlcv_safe(self.symbol, self.timeframe, limit=1000)
  File "/Users/ashishparadkar/Downloads/algo-code-main/src/provider_manager.py", line 362, in fetch_ohlcv_safe
    logger.warning(
Message: 'Retryable network failure for %s (Attempt %d/%d). Backing off %.2fs: %s'
Arguments: ('BTC/USDT', 2, 3, NetworkError('binance GET https://api.binance.com/api/v3/klines?interval=5m&limit=1000&symbol=BTCUSDT'))
2026-08-21 13:21:12,363 - ERROR - Binance Spot Network Error: binance GET https://api.binance.com/api/v3/klines?interval=5m&limit=1000&symbol=BTCUSDT
2026-08-21 13:21:12,363 - ERROR - System Error in runner execution cycle: binance GET https://api.binance.com/api/v3/klines?interval=5m&limit=1000&symbol=BTCUSDT
Traceback (most recent call last):
  File "/Users/ashishparadkar/Downloads/algo-code-main/.venv/lib/python3.9/site-packages/urllib3/connection.py", line 204, in _new_conn
    sock = connection.create_connection(
  File "/Users/ashishparadkar/Downloads/algo-code-main/.venv/lib/python3.9/site-packages/urllib3/util/connection.py", line 60, in create_connection
    for res in socket.getaddrinfo(host, port, family, socket.SOCK_STREAM):
  File "/Library/Developer/CommandLineTools/Library/Frameworks/Python3.framework/Versions/3.9/lib/python3.9/socket.py", line 953, in getaddrinfo
    for res in _socket.getaddrinfo(host, port, family, type, proto, flags):
socket.gaierror: [Errno 8] nodename nor servname provided, or not known

The above exception was the direct cause of the following exception:

Traceback (most recent call last):
  File "/Users/ashishparadkar/Downloads/algo-code-main/.venv/lib/python3.9/site-packages/urllib3/connectionpool.py", line 787, in urlopen
    response = self._make_request(
  File "/Users/ashishparadkar/Downloads/algo-code-main/.venv/lib/python3.9/site-packages/urllib3/connectionpool.py", line 488, in _make_request
    raise new_e
  File "/Users/ashishparadkar/Downloads/algo-code-main/.venv/lib/python3.9/site-packages/urllib3/connectionpool.py", line 464, in _make_request
    self._validate_conn(conn)
  File "/Users/ashishparadkar/Downloads/algo-code-main/.venv/lib/python3.9/site-packages/urllib3/connectionpool.py", line 1093, in _validate_conn
    conn.connect()
  File "/Users/ashishparadkar/Downloads/algo-code-main/.venv/lib/python3.9/site-packages/urllib3/connection.py", line 759, in connect
    self.sock = sock = self._new_conn()
  File "/Users/ashishparadkar/Downloads/algo-code-main/.venv/lib/python3.9/site-packages/urllib3/connection.py", line 211, in _new_conn
    raise NameResolutionError(self.host, self, e) from e
urllib3.exceptions.NameResolutionError: HTTPSConnection(host='api.binance.com', port=443): Failed to resolve 'api.binance.com' ([Errno 8] nodename nor servname provided, or not known)

The above exception was the direct cause of the following exception:

Traceback (most recent call last):
  File "/Users/ashishparadkar/Downloads/algo-code-main/.venv/lib/python3.9/site-packages/requests/adapters.py", line 644, in send
    resp = conn.urlopen(
  File "/Users/ashishparadkar/Downloads/algo-code-main/.venv/lib/python3.9/site-packages/urllib3/connectionpool.py", line 841, in urlopen
    retries = retries.increment(
  File "/Users/ashishparadkar/Downloads/algo-code-main/.venv/lib/python3.9/site-packages/urllib3/util/retry.py", line 535, in increment
    raise MaxRetryError(_pool, url, reason) from reason  # type: ignore[arg-type]
urllib3.exceptions.MaxRetryError: HTTPSConnectionPool(host='api.binance.com', port=443): Max retries exceeded with url: /api/v3/klines?interval=5m&limit=1000&symbol=BTCUSDT (Caused by NameResolutionError("HTTPSConnection(host='api.binance.com', port=443): Failed to resolve 'api.binance.com' ([Errno 8] nodename nor servname provided, or not known)"))

During handling of the above exception, another exception occurred:

Traceback (most recent call last):
  File "/Users/ashishparadkar/Downloads/algo-code-main/.venv/lib/python3.9/site-packages/ccxt/base/exchange.py", line 665, in fetch
    response = self.session.request(
  File "/Users/ashishparadkar/Downloads/algo-code-main/.venv/lib/python3.9/site-packages/requests/sessions.py", line 589, in request
    resp = self.send(prep, **send_kwargs)
  File "/Users/ashishparadkar/Downloads/algo-code-main/.venv/lib/python3.9/site-packages/requests/sessions.py", line 703, in send
    r = adapter.send(request, **kwargs)
  File "/Users/ashishparadkar/Downloads/algo-code-main/.venv/lib/python3.9/site-packages/requests/adapters.py", line 677, in send
    raise ConnectionError(e, request=request)
requests.exceptions.ConnectionError: HTTPSConnectionPool(host='api.binance.com', port=443): Max retries exceeded with url: /api/v3/klines?interval=5m&limit=1000&symbol=BTCUSDT (Caused by NameResolutionError("HTTPSConnection(host='api.binance.com', port=443): Failed to resolve 'api.binance.com' ([Errno 8] nodename nor servname provided, or not known)"))

The above exception was the direct cause of the following exception:

Traceback (most recent call last):
  File "/Users/ashishparadkar/Downloads/algo-code-main/src/live_runner.py", line 199, in process_cycle
    df, _ = self.provider_manager.fetch_ohlcv_safe(self.symbol, self.timeframe, limit=1000)
  File "/Users/ashishparadkar/Downloads/algo-code-main/src/provider_manager.py", line 359, in fetch_ohlcv_safe
    raise retryable_err
  File "/Users/ashishparadkar/Downloads/algo-code-main/src/provider_manager.py", line 351, in fetch_ohlcv_safe
    df = adapter.fetch_ohlcv(instrument, timeframe, limit=limit)
  File "/Users/ashishparadkar/Downloads/algo-code-main/src/provider_manager.py", line 211, in fetch_ohlcv
    raise net_err
  File "/Users/ashishparadkar/Downloads/algo-code-main/src/provider_manager.py", line 183, in fetch_ohlcv
    raw_candles = self.exchange.fetch_ohlcv(
  File "/Users/ashishparadkar/Downloads/algo-code-main/.venv/lib/python3.9/site-packages/ccxt/binance.py", line 4759, in fetch_ohlcv
    response = self.publicGetKlines(self.extend(request, params))
  File "/Users/ashishparadkar/Downloads/algo-code-main/.venv/lib/python3.9/site-packages/ccxt/base/types.py", line 35, in unbound_method
    return _self.request(self.path, self.api, self.method, params, config=self.config)
  File "/Users/ashishparadkar/Downloads/algo-code-main/.venv/lib/python3.9/site-packages/ccxt/binance.py", line 11724, in request
    response = self.fetch2(path, api, method, params, headers, body, config)
  File "/Users/ashishparadkar/Downloads/algo-code-main/.venv/lib/python3.9/site-packages/ccxt/base/exchange.py", line 5566, in fetch2
    raise e
  File "/Users/ashishparadkar/Downloads/algo-code-main/.venv/lib/python3.9/site-packages/ccxt/base/exchange.py", line 5549, in fetch2
    response = self.fetch(request['url'], request['method'], request['headers'], request['body'])
  File "/Users/ashishparadkar/Downloads/algo-code-main/.venv/lib/python3.9/site-packages/ccxt/base/exchange.py", line 721, in fetch
    raise NetworkError(details) from e
ccxt.base.errors.NetworkError: binance GET https://api.binance.com/api/v3/klines?interval=5m&limit=1000&symbol=BTCUSDT
2026-08-21 13:21:12,433 - WARNING - [bot-1787212529852-517c] Marked bot as non-retryable configuration error to prevent infinite error storm.
2026-08-21 13:21:12,547 - WARNING - Telegram alert [GENERAL] failed (Connection Error: HTTPSConnectionPool(host='api.telegram.org', port=443): Max retries exceeded with url: /bot8865086302:AAHhh3VL9czoQRSnw8Hf9iyDEwGJnqQTtqc/sendMessage (Caused by NameResolutionError("HTTPSConnection(host='api.telegram.org', port=443): Failed to resolve 'api.telegram.org' ([Errno 8] nodename nor servname provided, or not known)"))). Re-queueing retry 1/3 in 1.0s
2026-08-21 13:21:12,747 - INFO - Logged heartbeat status: ERROR
2026-08-21 13:21:12,747 - INFO - Job "LiveRunner.process_cycle (trigger: interval[0:05:00], next run at: 2026-08-21 13:25:58 IST)" executed successfully
2026-08-21 13:21:13,561 - WARNING - Telegram alert [GENERAL] failed (Connection Error: HTTPSConnectionPool(host='api.telegram.org', port=443): Max retries exceeded with url: /bot8865086302:AAHhh3VL9czoQRSnw8Hf9iyDEwGJnqQTtqc/sendMessage (Caused by NameResolutionError("HTTPSConnection(host='api.telegram.org', port=443): Failed to resolve 'api.telegram.org' ([Errno 8] nodename nor servname provided, or not known)"))). Re-queueing retry 2/3 in 2.0s
2026-08-21 13:21:14,568 - WARNING - Telegram alert [GENERAL] failed (Connection Error: HTTPSConnectionPool(host='api.telegram.org', port=443): Max retries exceeded with url: /bot8865086302:AAHhh3VL9czoQRSnw8Hf9iyDEwGJnqQTtqc/sendMessage (Caused by NameResolutionError("HTTPSConnection(host='api.telegram.org', port=443): Failed to resolve 'api.telegram.org' ([Errno 8] nodename nor servname provided, or not known)"))). Re-queueing retry 3/3 in 4.0s
2026-08-21 13:21:15,577 - ERROR - Telegram alert [GENERAL] failed permanently after 3 retries: Connection Error: HTTPSConnectionPool(host='api.telegram.org', port=443): Max retries exceeded with url: /bot8865086302:AAHhh3VL9czoQRSnw8Hf9iyDEwGJnqQTtqc/sendMessage (Caused by NameResolutionError("HTTPSConnection(host='api.telegram.org', port=443): Failed to resolve 'api.telegram.org' ([Errno 8] nodename nor servname provided, or not known)"))
2026-08-21 13:25:58,028 - INFO - Running job "LiveRunner.process_cycle (trigger: interval[0:05:00], next run at: 2026-08-21 13:30:58 IST)" (scheduled at 2026-08-21 13:25:58.013418+05:30)
2026-08-21 13:25:58,030 - ERROR - [bot-1787212529852-517c] Halting runner cycle: Bot is configured with unexecutable instrument 'BTC/USDT'. Error: Fatal Non-Retryable Error: binance GET https://api.binance.com/api/v3/klines?interval=5m&limit=1000&symbol=BTCUSDT
2026-08-21 13:25:58,179 - INFO - Job "LiveRunner.process_cycle (trigger: interval[0:05:00], next run at: 2026-08-21 13:30:58 IST)" executed successfully
2026-08-21 13:30:58,049 - INFO - Running job "LiveRunner.process_cycle (trigger: interval[0:05:00], next run at: 2026-08-21 13:35:58 IST)" (scheduled at 2026-08-21 13:30:58.013418+05:30)
2026-08-21 13:30:58,059 - ERROR - [bot-1787212529852-517c] Halting runner cycle: Bot is configured with unexecutable instrument 'BTC/USDT'. Error: Fatal Non-Retryable Error: binance GET https://api.binance.com/api/v3/klines?interval=5m&limit=1000&symbol=BTCUSDT
2026-08-21 13:30:58,248 - INFO - Job "LiveRunner.process_cycle (trigger: interval[0:05:00], next run at: 2026-08-21 13:35:58 IST)" executed successfully
2026-08-21 13:35:58,070 - INFO - Running job "LiveRunner.process_cycle (trigger: interval[0:05:00], next run at: 2026-08-21 13:40:58 IST)" (scheduled at 2026-08-21 13:35:58.013418+05:30)
2026-08-21 13:35:58,074 - ERROR - [bot-1787212529852-517c] Halting runner cycle: Bot is configured with unexecutable instrument 'BTC/USDT'. Error: Fatal Non-Retryable Error: binance GET https://api.binance.com/api/v3/klines?interval=5m&limit=1000&symbol=BTCUSDT
2026-08-21 13:35:58,300 - INFO - Job "LiveRunner.process_cycle (trigger: interval[0:05:00], next run at: 2026-08-21 13:40:58 IST)" executed successfully
/Users/ashishparadkar/Downloads/algo-code-main/.venv/lib/python3.9/site-packages/urllib3/__init__.py:35: NotOpenSSLWarning: urllib3 v2 only supports OpenSSL 1.1.1+, currently the 'ssl' module is compiled with 'LibreSSL 2.8.3'. See: https://github.com/urllib3/urllib3/issues/3020
  warnings.warn(
2026-08-21 14:51:41,862 - INFO - Bot state startup reconciliation finished: 0 bot(s) reconciled to STOPPED.
/Users/ashishparadkar/Downloads/algo-code-main/.venv/lib/python3.9/site-packages/urllib3/__init__.py:35: NotOpenSSLWarning: urllib3 v2 only supports OpenSSL 1.1.1+, currently the 'ssl' module is compiled with 'LibreSSL 2.8.3'. See: https://github.com/urllib3/urllib3/issues/3020
  warnings.warn(
2026-08-21 15:31:01,121 - INFO - Bot state startup reconciliation finished: 0 bot(s) reconciled to STOPPED.
2026-08-21 15:31:02,544 - INFO - Telegram notification service initialized successfully (Chat ID: 5657...)
2026-08-21 15:31:03,034 - INFO - Initializing scheduled trading bot live runner for bot-1787212529852-517c...
2026-08-21 15:31:04,593 - INFO - SQLite database tables verified/created.
2026-08-21 15:31:05,670 - INFO - Initializing CCXT Binance in TESTNET mode.
/Users/ashishparadkar/Downloads/algo-code-main/.venv/lib/python3.9/site-packages/urllib3/__init__.py:35: NotOpenSSLWarning: urllib3 v2 only supports OpenSSL 1.1.1+, currently the 'ssl' module is compiled with 'LibreSSL 2.8.3'. See: https://github.com/urllib3/urllib3/issues/3020
  warnings.warn(
2026-08-21 18:14:13,527 - INFO - Bot state startup reconciliation finished: 0 bot(s) reconciled to STOPPED.
2026-08-21 18:14:14,662 - INFO - Telegram notification service initialized successfully (Chat ID: 5657...)
2026-08-21 18:14:14,676 - INFO - Initializing scheduled trading bot live runner for bot-1787212529852-517c...
2026-08-21 18:14:15,383 - INFO - SQLite database tables verified/created.
2026-08-21 18:14:16,023 - INFO - Initializing CCXT Binance in TESTNET mode.
2026-08-21 18:15:09,327 - INFO - [bot-1787212529852-517c] Pre-flight instrument resolved: BTC/USDT (SPOT via binance_spot)
2026-08-21 18:15:10,353 - INFO - [bot-1787212529852-517c] Starting signal check cycle for BTC/USDT (5m)...
2026-08-21 18:15:11,225 - INFO - Fetching recent candles for BTC/USDT (5m) [Bot: bot-1787212529852-517c] via ProviderManager...
/Users/ashishparadkar/Downloads/algo-code-main/.venv/lib/python3.9/site-packages/urllib3/__init__.py:35: NotOpenSSLWarning: urllib3 v2 only supports OpenSSL 1.1.1+, currently the 'ssl' module is compiled with 'LibreSSL 2.8.3'. See: https://github.com/urllib3/urllib3/issues/3020
  warnings.warn(
2026-08-21 20:27:46,730 - INFO - Bot state startup reconciliation finished: 0 bot(s) reconciled to STOPPED.
2026-08-21 20:27:48,582 - INFO - Telegram notification service initialized successfully (Chat ID: 5657...)
2026-08-21 20:27:48,623 - INFO - Initializing scheduled trading bot live runner for bot-1787212529852-517c...
2026-08-21 20:27:50,449 - INFO - SQLite database tables verified/created.
2026-08-21 20:27:52,286 - INFO - Initializing CCXT Binance in TESTNET mode.
2026-08-21 20:28:50,241 - INFO - [bot-1787212529852-517c] Pre-flight instrument resolved: BTC/USDT (SPOT via binance_spot)
2026-08-21 20:28:50,911 - INFO - [bot-1787212529852-517c] Starting signal check cycle for BTC/USDT (5m)...
2026-08-21 20:28:51,664 - INFO - Fetching recent candles for BTC/USDT (5m) [Bot: bot-1787212529852-517c] via ProviderManager...
/Users/ashishparadkar/Downloads/algo-code-main/.venv/lib/python3.9/site-packages/urllib3/__init__.py:35: NotOpenSSLWarning: urllib3 v2 only supports OpenSSL 1.1.1+, currently the 'ssl' module is compiled with 'LibreSSL 2.8.3'. See: https://github.com/urllib3/urllib3/issues/3020
  warnings.warn(
2026-08-21 21:34:03,207 - INFO - Bot state startup reconciliation finished: 0 bot(s) reconciled to STOPPED.
2026-08-21 21:34:05,741 - INFO - Telegram notification service initialized successfully (Chat ID: 5657...)
2026-08-21 21:34:06,197 - INFO - Initializing scheduled trading bot live runner for bot-1787212529852-517c...
2026-08-21 21:34:07,303 - INFO - SQLite database tables verified/created.
2026-08-21 21:34:08,214 - INFO - Initializing CCXT Binance in TESTNET mode.
2026-08-21 21:35:23,908 - INFO - [bot-1787212529852-517c] Pre-flight instrument resolved: BTC/USDT (SPOT via binance_spot)
2026-08-21 21:35:26,664 - INFO - [bot-1787212529852-517c] Starting signal check cycle for BTC/USDT (5m)...
2026-08-21 21:35:26,702 - INFO - Fetching recent candles for BTC/USDT (5m) [Bot: bot-1787212529852-517c] via ProviderManager...
2026-08-21 21:46:30,343 - INFO - Indicators computed | close=76886.44 ema_9=77128.37 ema_20=77231.83 ema_50=77218.79 ema_200=76067.30 macd=-57.8807 poc=64250.0 val=64025.0 vah=74350.0
2026-08-21 21:46:31,692 - INFO - [bot-1787212529852-517c] Evaluating strategy on completed candle: 2026-08-21 16:10:00+00:00 at Close price: 76858.57
2026-08-21 21:46:39,963 - INFO - Confluence Evaluation | Regime: TRENDING (ADX=31.6) | Direction: HOLD | BullScore: 0.0% | BearScore: 67.4% | Active: ['ema', 'macd', 'rsi', 'vp']
2026-08-21 21:46:41,877 - INFO - Signal evaluated: HOLD. Reason/Details: Confluence score: 67% (HOLD)
2026-08-21 21:46:45,767 - INFO - Logged heartbeat status: OK
2026-08-21 21:46:53,058 - INFO - Adding job tentatively -- it will be properly scheduled when the scheduler starts
2026-08-21 21:46:53,268 - INFO - Bot bot-1787212529852-517c scheduled to check every 5 minutes.
2026-08-21 21:46:54,818 - INFO - Added job "LiveRunner.process_cycle" to job store "default"
2026-08-21 21:46:54,818 - INFO - Scheduler started
2026-08-21 21:51:58,271 - WARNING - Run time of job "LiveRunner.process_cycle (trigger: interval[0:05:00], next run at: 2026-08-21 21:56:52 IST)" was missed by 0:00:05.769703
2026-08-21 21:56:55,118 - WARNING - Run time of job "LiveRunner.process_cycle (trigger: interval[0:05:00], next run at: 2026-08-21 22:01:52 IST)" was missed by 0:00:02.915154
2026-08-21 22:01:53,446 - WARNING - Run time of job "LiveRunner.process_cycle (trigger: interval[0:05:00], next run at: 2026-08-21 22:06:52 IST)" was missed by 0:00:01.292374
2026-08-21 22:06:52,363 - INFO - Running job "LiveRunner.process_cycle (trigger: interval[0:05:00], next run at: 2026-08-21 22:11:52 IST)" (scheduled at 2026-08-21 22:06:52.135192+05:30)
2026-08-21 22:06:59,479 - INFO - [bot-1787212529852-517c] Starting signal check cycle for BTC/USDT (5m)...
2026-08-21 22:07:00,365 - INFO - Fetching recent candles for BTC/USDT (5m) [Bot: bot-1787212529852-517c] via ProviderManager...
2026-08-21 22:07:11,665 - INFO - Indicators computed | close=77288.63 ema_9=77249.44 ema_20=77268.48 ema_50=77237.99 ema_200=76117.67 macd=-9.6932 poc=69350.0 val=64025.0 vah=74475.0
2026-08-21 22:07:11,679 - INFO - [bot-1787212529852-517c] Evaluating strategy on completed candle: 2026-08-21 16:30:00+00:00 at Close price: 77338.12
2026-08-21 22:07:11,815 - INFO - Confluence Evaluation | Regime: TRENDING (ADX=39.7) | Direction: HOLD | BullScore: 32.6% | BearScore: 67.4% | Active: ['ema', 'macd', 'rsi', 'vp']
2026-08-21 22:07:11,952 - INFO - Signal evaluated: HOLD. Reason/Details: Confluence score: 67% (HOLD)
2026-08-21 22:07:12,211 - INFO - Logged heartbeat status: OK
2026-08-21 22:07:12,212 - INFO - Job "LiveRunner.process_cycle (trigger: interval[0:05:00], next run at: 2026-08-21 22:11:52 IST)" executed successfully
2026-08-21 22:11:52,278 - INFO - Running job "LiveRunner.process_cycle (trigger: interval[0:05:00], next run at: 2026-08-21 22:16:52 IST)" (scheduled at 2026-08-21 22:11:52.135192+05:30)
2026-08-21 22:11:52,359 - INFO - [bot-1787212529852-517c] Starting signal check cycle for BTC/USDT (5m)...
2026-08-21 22:11:52,433 - INFO - Fetching recent candles for BTC/USDT (5m) [Bot: bot-1787212529852-517c] via ProviderManager...
2026-08-21 22:11:53,223 - INFO - Indicators computed | close=77326.00 ema_9=77269.18 ema_20=77276.34 ema_50=77242.48 ema_200=76129.96 macd=-1.7748 poc=69350.0 val=64025.0 vah=74475.0
2026-08-21 22:11:53,224 - INFO - [bot-1787212529852-517c] Evaluating strategy on completed candle: 2026-08-21 16:35:00+00:00 at Close price: 77316.28
2026-08-21 22:11:53,301 - INFO - Confluence Evaluation | Regime: TRENDING (ADX=39.7) | Direction: HOLD | BullScore: 32.6% | BearScore: 67.4% | Active: ['ema', 'macd', 'rsi', 'vp']
2026-08-21 22:11:53,405 - INFO - Signal evaluated: HOLD. Reason/Details: Confluence score: 67% (HOLD)
2026-08-21 22:11:53,688 - INFO - Logged heartbeat status: OK
2026-08-21 22:11:53,688 - INFO - Job "LiveRunner.process_cycle (trigger: interval[0:05:00], next run at: 2026-08-21 22:16:52 IST)" executed successfully
2026-08-21 22:16:52,154 - INFO - Running job "LiveRunner.process_cycle (trigger: interval[0:05:00], next run at: 2026-08-21 22:21:52 IST)" (scheduled at 2026-08-21 22:16:52.135192+05:30)
2026-08-21 22:16:52,171 - INFO - [bot-1787212529852-517c] Starting signal check cycle for BTC/USDT (5m)...
2026-08-21 22:16:52,233 - INFO - Fetching recent candles for BTC/USDT (5m) [Bot: bot-1787212529852-517c] via ProviderManager...
2026-08-21 22:16:52,783 - INFO - Indicators computed | close=77412.49 ema_9=77303.61 ema_20=77292.42 ema_50=77250.51 ema_200=76143.08 macd=11.8403 poc=69350.0 val=64025.0 vah=74500.0
2026-08-21 22:16:52,784 - INFO - [bot-1787212529852-517c] Evaluating strategy on completed candle: 2026-08-21 16:40:00+00:00 at Close price: 77362.04
2026-08-21 22:16:52,856 - INFO - Confluence Evaluation | Regime: TRENDING (ADX=40.2) | Direction: HOLD | BullScore: 32.6% | BearScore: 34.8% | Active: ['ema', 'macd', 'rsi', 'vp']
2026-08-21 22:16:52,969 - INFO - Signal evaluated: HOLD. Reason/Details: Confluence score: 35% (HOLD)
2026-08-21 22:16:53,231 - INFO - Logged heartbeat status: OK
2026-08-21 22:16:53,232 - INFO - Job "LiveRunner.process_cycle (trigger: interval[0:05:00], next run at: 2026-08-21 22:21:52 IST)" executed successfully
2026-08-21 22:21:52,167 - INFO - Running job "LiveRunner.process_cycle (trigger: interval[0:05:00], next run at: 2026-08-21 22:26:52 IST)" (scheduled at 2026-08-21 22:21:52.135192+05:30)
2026-08-21 22:21:52,220 - INFO - [bot-1787212529852-517c] Starting signal check cycle for BTC/USDT (5m)...
2026-08-21 22:21:52,282 - INFO - Fetching recent candles for BTC/USDT (5m) [Bot: bot-1787212529852-517c] via ProviderManager...
2026-08-21 22:21:52,973 - INFO - Indicators computed | close=77520.29 ema_9=77365.78 ema_20=77324.26 ema_50=77265.52 ema_200=76157.94 macd=35.9686 poc=69350.0 val=64025.0 vah=74525.0
2026-08-21 22:21:52,978 - INFO - [bot-1787212529852-517c] Evaluating strategy on completed candle: 2026-08-21 16:45:00+00:00 at Close price: 77530.19
2026-08-21 22:21:53,134 - INFO - LONG signal blocked | Location blocked (Close 77530.19 outside Value Area [62744.50 - 76015.50], VAL=64025.00, VAH=74525.00) | context={'close': 77530.19, 'ema_9': 77327.14786556269, 'ema_20': 77303.62543003306, 'ema_50': 77255.12450110391, 'ema_200': 76144.25262187838, 'macd_line': 21.229475276821177, 'macd_signal': 6.32280964717363, 'macd_hist': 14.906665629647547, 'poc': np.float64(69350.0), 'val': np.float64(64025.0), 'vah': np.float64(74525.0)}
2026-08-21 22:21:53,152 - INFO - Confluence Evaluation | Regime: TRENDING (ADX=39.6) | Direction: HOLD | BullScore: 65.2% | BearScore: 34.8% | Active: ['ema', 'macd', 'rsi', 'vp']
2026-08-21 22:21:53,281 - INFO - Signal evaluated: HOLD. Reason/Details: LONG setup blocked: Location blocked (Close 77530.19 outside Value Area [62744.50 - 76015.50], VAL=64025.00, VAH=74525.00)
2026-08-21 22:21:53,669 - INFO - Logged heartbeat status: OK
2026-08-21 22:21:53,669 - INFO - Job "LiveRunner.process_cycle (trigger: interval[0:05:00], next run at: 2026-08-21 22:26:52 IST)" executed successfully
2026-08-21 22:26:52,208 - INFO - Running job "LiveRunner.process_cycle (trigger: interval[0:05:00], next run at: 2026-08-21 22:31:52 IST)" (scheduled at 2026-08-21 22:26:52.135192+05:30)
2026-08-21 22:26:52,291 - INFO - [bot-1787212529852-517c] Starting signal check cycle for BTC/USDT (5m)...
2026-08-21 22:26:52,357 - INFO - Fetching recent candles for BTC/USDT (5m) [Bot: bot-1787212529852-517c] via ProviderManager...
2026-08-21 22:26:52,926 - INFO - Indicators computed | close=77523.22 ema_9=77389.22 ema_20=77338.88 ema_50=77273.73 ema_200=76171.03 macd=44.2429 poc=69350.0 val=64025.0 vah=74550.0
2026-08-21 22:26:52,927 - INFO - [bot-1787212529852-517c] Evaluating strategy on completed candle: 2026-08-21 16:50:00+00:00 at Close price: 77470.00
2026-08-21 22:26:53,027 - INFO - Confluence Evaluation | Regime: TRENDING (ADX=39.0) | Direction: HOLD | BullScore: 65.2% | BearScore: 34.8% | Active: ['ema', 'macd', 'rsi', 'vp']
2026-08-21 22:26:53,144 - INFO - Signal evaluated: HOLD. Reason/Details: Confluence score: 65% (HOLD)
2026-08-21 22:26:53,357 - INFO - Logged heartbeat status: OK
2026-08-21 22:26:53,358 - INFO - Job "LiveRunner.process_cycle (trigger: interval[0:05:00], next run at: 2026-08-21 22:31:52 IST)" executed successfully
2026-08-21 22:31:52,209 - INFO - Running job "LiveRunner.process_cycle (trigger: interval[0:05:00], next run at: 2026-08-21 22:31:52 IST)" (scheduled at 2026-08-21 22:31:52.135192+05:30)
2026-08-21 22:31:52,291 - INFO - [bot-1787212529852-517c] Starting signal check cycle for BTC/USDT (5m)...
2026-08-21 22:31:52,380 - INFO - Fetching recent candles for BTC/USDT (5m) [Bot: bot-1787212529852-517c] via ProviderManager...
2026-08-21 22:31:53,300 - INFO - Indicators computed | close=77511.33 ema_9=77407.69 ema_20=77352.09 ema_50=77281.65 ema_200=76184.00 macd=50.1242 poc=69350.0 val=64025.0 vah=74550.0
2026-08-21 22:31:53,311 - INFO - [bot-1787212529852-517c] Evaluating strategy on completed candle: 2026-08-21 16:55:00+00:00 at Close price: 77486.01
2026-08-21 22:31:53,463 - INFO - Confluence Evaluation | Regime: TRENDING (ADX=37.1) | Direction: LONG | BullScore: 82.6% | BearScore: 17.4% | Active: ['ema', 'macd', 'rsi', 'vp']
2026-08-21 22:31:53,542 - INFO - Capping position size 0.927013 BTC to available cash equivalent 0.193583 BTC.
2026-08-21 22:31:53,660 - INFO - Created pending signal approval ID 246 for bot bot-1787212529852-517c (LONG @ $77486.01, status: WAITING_APPROVAL)
2026-08-21 22:31:53,861 - INFO - [bot-1787212529852-517c] Signal LONG generated (ID: 246). Waiting for manual user approval.
2026-08-21 22:31:54,132 - INFO - Logged heartbeat status: OK
2026-08-21 22:31:54,133 - INFO - Job "LiveRunner.process_cycle (trigger: interval[0:05:00], next run at: 2026-08-21 22:36:52 IST)" executed successfully
2026-08-21 22:36:52,230 - INFO - Running job "LiveRunner.process_cycle (trigger: interval[0:05:00], next run at: 2026-08-21 22:41:52 IST)" (scheduled at 2026-08-21 22:36:52.135192+05:30)
2026-08-21 22:36:52,240 - INFO - [bot-1787212529852-517c] Starting signal check cycle for BTC/USDT (5m)...
2026-08-21 22:36:52,292 - INFO - Fetching recent candles for BTC/USDT (5m) [Bot: bot-1787212529852-517c] via ProviderManager...
2026-08-21 22:36:52,861 - INFO - Indicators computed | close=77600.00 ema_9=77447.86 ema_20=77376.62 ema_50=77294.54 ema_200=76198.20 macd=64.2170 poc=69350.0 val=64025.0 vah=74575.0
2026-08-21 22:36:52,862 - INFO - [bot-1787212529852-517c] Evaluating strategy on completed candle: 2026-08-21 17:00:00+00:00 at Close price: 77522.00
2026-08-21 22:36:52,938 - INFO - Confluence Evaluation | Regime: TRENDING (ADX=34.7) | Direction: LONG | BullScore: 82.6% | BearScore: 17.4% | Active: ['ema', 'macd', 'rsi', 'vp']
2026-08-21 22:36:53,044 - INFO - Capping position size 0.922311 BTC to available cash equivalent 0.193493 BTC.
2026-08-21 22:36:53,049 - INFO - [bot-1787212529852-517c] Signal LONG active pending approval already exists (ID: 246).
2026-08-21 22:36:53,210 - INFO - Logged heartbeat status: OK
2026-08-21 22:36:53,210 - INFO - Job "LiveRunner.process_cycle (trigger: interval[0:05:00], next run at: 2026-08-21 22:41:52 IST)" executed successfully
2026-08-21 22:41:52,224 - INFO - Running job "LiveRunner.process_cycle (trigger: interval[0:05:00], next run at: 2026-08-21 22:46:52 IST)" (scheduled at 2026-08-21 22:41:52.135192+05:30)
2026-08-21 22:41:52,313 - INFO - [bot-1787212529852-517c] Starting signal check cycle for BTC/USDT (5m)...
2026-08-21 22:41:52,395 - INFO - Fetching recent candles for BTC/USDT (5m) [Bot: bot-1787212529852-517c] via ProviderManager...
2026-08-21 22:41:53,007 - INFO - Indicators computed | close=77640.01 ema_9=77489.07 ema_20=77403.20 ema_50=77308.74 ema_200=76212.72 macd=78.1212 poc=69350.0 val=64025.0 vah=74575.0
2026-08-21 22:41:53,008 - INFO - [bot-1787212529852-517c] Evaluating strategy on completed candle: 2026-08-21 17:05:00+00:00 at Close price: 77617.37
2026-08-21 22:41:53,065 - INFO - Confluence Evaluation | Regime: TRENDING (ADX=35.6) | Direction: LONG | BullScore: 82.6% | BearScore: 17.4% | Active: ['ema', 'macd', 'rsi', 'vp']
2026-08-21 22:41:53,105 - INFO - Capping position size 0.796411 BTC to available cash equivalent 0.193256 BTC.
2026-08-21 22:41:53,192 - INFO - [bot-1787212529852-517c] Signal LONG active pending approval already exists (ID: 246).
2026-08-21 22:41:53,291 - INFO - Logged heartbeat status: OK
2026-08-21 22:41:53,291 - INFO - Job "LiveRunner.process_cycle (trigger: interval[0:05:00], next run at: 2026-08-21 22:46:52 IST)" executed successfully
/Users/ashishparadkar/Downloads/algo-code-main/.venv/lib/python3.9/site-packages/urllib3/__init__.py:35: NotOpenSSLWarning: urllib3 v2 only supports OpenSSL 1.1.1+, currently the 'ssl' module is compiled with 'LibreSSL 2.8.3'. See: https://github.com/urllib3/urllib3/issues/3020
  warnings.warn(
2026-08-21 22:45:57,112 - INFO - Bot state startup reconciliation finished: 0 bot(s) reconciled to STOPPED.
