/Users/ashishparadkar/Downloads/algo-code-main/.venv/lib/python3.9/site-packages/urllib3/__init__.py:35: NotOpenSSLWarning: urllib3 v2 only supports OpenSSL 1.1.1+, currently the 'ssl' module is compiled with 'LibreSSL 2.8.3'. See: https://github.com/urllib3/urllib3/issues/3020
  warnings.warn(
/Users/ashishparadkar/Downloads/algo-code-main/.venv/lib/python3.9/site-packages/urllib3/__init__.py:35: NotOpenSSLWarning: urllib3 v2 only supports OpenSSL 1.1.1+, currently the 'ssl' module is compiled with 'LibreSSL 2.8.3'. See: https://github.com/urllib3/urllib3/issues/3020
  warnings.warn(
/Users/ashishparadkar/Downloads/algo-code-main/.venv/lib/python3.9/site-packages/urllib3/__init__.py:35: NotOpenSSLWarning: urllib3 v2 only supports OpenSSL 1.1.1+, currently the 'ssl' module is compiled with 'LibreSSL 2.8.3'. See: https://github.com/urllib3/urllib3/issues/3020
  warnings.warn(
2026-08-21 21:39:32,896 - INFO - Bot state startup reconciliation finished: 0 bot(s) reconciled to STOPPED.
2026-08-21 21:39:42,188 - INFO - Telegram notification service initialized successfully (Chat ID: 5657...)
2026-08-21 21:39:43,226 - INFO - Initializing scheduled trading bot live runner for bot-1787315830018-7efe...
2026-08-21 21:39:45,121 - INFO - SQLite database tables verified/created.
2026-08-21 21:39:46,906 - INFO - Initializing CCXT Binance in TESTNET mode.
2026-08-21 21:44:09,891 - INFO - [bot-1787315830018-7efe] Pre-flight instrument resolved: BTC/USDT (SPOT via binance_spot)
2026-08-21 21:44:23,832 - INFO - [bot-1787315830018-7efe] Starting signal check cycle for BTC/USDT (15m)...
2026-08-21 21:44:32,854 - ERROR - Audit batch write failed: database is locked
2026-08-21 21:44:35,524 - ERROR - Error logging bot activity for bot-1787315830018-7efe: database is locked
2026-08-21 21:44:35,558 - INFO - Fetching recent candles for BTC/USDT (15m) [Bot: bot-1787315830018-7efe] via ProviderManager...
2026-08-21 22:03:11,608 - INFO - Indicators computed | close=77324.08 ema_9=77285.61 ema_20=77241.34 ema_50=76624.42 ema_200=72842.06 macd=112.4691 poc=63050.0 val=62700.0 vah=72550.0
2026-08-21 22:03:11,964 - INFO - [bot-1787315830018-7efe] Evaluating strategy on completed candle: 2026-08-21 16:15:00+00:00 at Close price: 77383.87
2026-08-21 22:03:13,327 - INFO - Confluence Evaluation | Regime: TRENDING (ADX=29.4) | Direction: HOLD | BullScore: 39.5% | BearScore: 21.1% | Active: ['ema', 'macd', 'vp']
2026-08-21 22:03:13,832 - INFO - Signal evaluated: HOLD. Reason/Details: Confluence score: 40% (HOLD)
2026-08-21 22:03:14,945 - INFO - Logged heartbeat status: OK
2026-08-21 22:03:16,728 - INFO - Adding job tentatively -- it will be properly scheduled when the scheduler starts
2026-08-21 22:03:16,729 - INFO - Bot bot-1787315830018-7efe scheduled to check every 15 minutes.
2026-08-21 22:03:17,346 - INFO - Added job "LiveRunner.process_cycle" to job store "default"
2026-08-21 22:03:17,359 - INFO - Scheduler started
2026-08-21 22:18:16,530 - INFO - Running job "LiveRunner.process_cycle (trigger: interval[0:15:00], next run at: 2026-08-21 22:33:16 IST)" (scheduled at 2026-08-21 22:18:16.425130+05:30)
2026-08-21 22:18:16,624 - INFO - [bot-1787315830018-7efe] Starting signal check cycle for BTC/USDT (15m)...
2026-08-21 22:18:16,684 - INFO - Fetching recent candles for BTC/USDT (15m) [Bot: bot-1787315830018-7efe] via ProviderManager...
2026-08-21 22:18:18,351 - INFO - Indicators computed | close=77453.72 ema_9=77325.30 ema_20=77264.84 ema_50=76658.37 ema_200=72888.32 macd=120.2686 poc=63050.0 val=62700.0 vah=72575.0
2026-08-21 22:18:18,355 - INFO - [bot-1787315830018-7efe] Evaluating strategy on completed candle: 2026-08-21 16:30:00+00:00 at Close price: 77362.04
2026-08-21 22:18:18,447 - INFO - Confluence Evaluation | Regime: TRENDING (ADX=28.9) | Direction: HOLD | BullScore: 39.5% | BearScore: 21.1% | Active: ['ema', 'macd', 'vp']
2026-08-21 22:18:18,577 - INFO - Signal evaluated: HOLD. Reason/Details: Confluence score: 40% (HOLD)
2026-08-21 22:18:18,804 - INFO - Logged heartbeat status: OK
2026-08-21 22:18:18,805 - INFO - Job "LiveRunner.process_cycle (trigger: interval[0:15:00], next run at: 2026-08-21 22:33:16 IST)" executed successfully
2026-08-21 22:33:16,506 - INFO - Running job "LiveRunner.process_cycle (trigger: interval[0:15:00], next run at: 2026-08-21 22:48:16 IST)" (scheduled at 2026-08-21 22:33:16.425130+05:30)
2026-08-21 22:33:16,591 - INFO - [bot-1787315830018-7efe] Starting signal check cycle for BTC/USDT (15m)...
2026-08-21 22:33:16,742 - INFO - Fetching recent candles for BTC/USDT (15m) [Bot: bot-1787315830018-7efe] via ProviderManager...
2026-08-21 22:33:21,177 - INFO - Indicators computed | close=77578.01 ema_9=77381.01 ema_20=77297.45 ema_50=76695.65 ema_200=72935.30 macd=134.5398 poc=63050.0 val=62700.0 vah=72600.0
2026-08-21 22:33:21,181 - INFO - [bot-1787315830018-7efe] Evaluating strategy on completed candle: 2026-08-21 16:45:00+00:00 at Close price: 77486.01
2026-08-21 22:33:21,473 - INFO - Confluence Evaluation | Regime: TRENDING (ADX=27.4) | Direction: HOLD | BullScore: 39.5% | BearScore: 21.1% | Active: ['ema', 'macd', 'vp']
2026-08-21 22:33:21,854 - INFO - Signal evaluated: HOLD. Reason/Details: Confluence score: 40% (HOLD)
2026-08-21 22:33:22,195 - INFO - Logged heartbeat status: OK
2026-08-21 22:33:22,196 - INFO - Job "LiveRunner.process_cycle (trigger: interval[0:15:00], next run at: 2026-08-21 22:48:16 IST)" executed successfully
/Users/ashishparadkar/Downloads/algo-code-main/.venv/lib/python3.9/site-packages/urllib3/__init__.py:35: NotOpenSSLWarning: urllib3 v2 only supports OpenSSL 1.1.1+, currently the 'ssl' module is compiled with 'LibreSSL 2.8.3'. See: https://github.com/urllib3/urllib3/issues/3020
  warnings.warn(
2026-08-21 22:46:23,067 - INFO - Bot state startup reconciliation finished: 0 bot(s) reconciled to STOPPED.
2026-08-21 22:46:23,273 - INFO - Telegram notification service initialized successfully (Chat ID: 5657...)
2026-08-21 22:46:23,285 - INFO - Initializing scheduled trading bot live runner for bot-1787315830018-7efe...
2026-08-21 22:46:23,529 - INFO - SQLite database tables verified/created.
2026-08-21 22:46:23,902 - INFO - Initializing CCXT Binance in TESTNET mode.
2026-08-21 22:46:36,164 - INFO - [bot-1787315830018-7efe] Pre-flight instrument resolved: BTC/USDT (SPOT via binance_spot)
2026-08-21 22:46:36,393 - INFO - [bot-1787315830018-7efe] Starting signal check cycle for BTC/USDT (15m)...
2026-08-21 22:46:36,443 - INFO - Fetching recent candles for BTC/USDT (15m) [Bot: bot-1787315830018-7efe] via ProviderManager...
2026-08-21 22:47:01,946 - INFO - Indicators computed | close=77410.28 ema_9=77384.19 ema_20=77306.76 ema_50=76723.04 ema_200=72979.66 macd=127.7602 poc=63050.0 val=62700.0 vah=72600.0
2026-08-21 22:47:01,961 - INFO - [bot-1787315830018-7efe] Evaluating strategy on completed candle: 2026-08-21 17:00:00+00:00 at Close price: 77561.30
2026-08-21 22:47:02,506 - INFO - Confluence Evaluation | Regime: RANGING (ADX=24.4) | Direction: HOLD | BullScore: 25.8% | BearScore: 48.4% | Active: ['ema', 'macd', 'vp']
2026-08-21 22:47:02,610 - INFO - Signal evaluated: HOLD. Reason/Details: Confluence score: 48% (HOLD)
2026-08-21 22:47:02,725 - INFO - Logged heartbeat status: OK
2026-08-21 22:47:02,745 - INFO - Adding job tentatively -- it will be properly scheduled when the scheduler starts
2026-08-21 22:47:02,745 - INFO - Bot bot-1787315830018-7efe scheduled to check every 15 minutes.
2026-08-21 22:47:02,748 - INFO - Added job "LiveRunner.process_cycle" to job store "default"
2026-08-21 22:47:02,754 - INFO - Scheduler started
