/Users/ashishparadkar/Downloads/algo-code-main/.venv/lib/python3.9/site-packages/urllib3/__init__.py:35: NotOpenSSLWarning: urllib3 v2 only supports OpenSSL 1.1.1+, currently the 'ssl' module is compiled with 'LibreSSL 2.8.3'. See: https://github.com/urllib3/urllib3/issues/3020
  warnings.warn(
/Users/ashishparadkar/Downloads/algo-code-main/.venv/lib/python3.9/site-packages/urllib3/__init__.py:35: NotOpenSSLWarning: urllib3 v2 only supports OpenSSL 1.1.1+, currently the 'ssl' module is compiled with 'LibreSSL 2.8.3'. See: https://github.com/urllib3/urllib3/issues/3020
  warnings.warn(
2026-08-21 18:15:20,053 - INFO - Bot state startup reconciliation finished: 0 bot(s) reconciled to STOPPED.
2026-08-21 18:15:24,537 - INFO - Telegram notification service initialized successfully (Chat ID: 5657...)
2026-08-21 18:15:25,473 - INFO - Initializing scheduled trading bot live runner for bot-1787304019417-340b...
2026-08-21 18:15:27,121 - INFO - SQLite database tables verified/created.
2026-08-21 18:15:29,243 - INFO - Initializing CCXT Binance in TESTNET mode.
/Users/ashishparadkar/Downloads/algo-code-main/.venv/lib/python3.9/site-packages/urllib3/__init__.py:35: NotOpenSSLWarning: urllib3 v2 only supports OpenSSL 1.1.1+, currently the 'ssl' module is compiled with 'LibreSSL 2.8.3'. See: https://github.com/urllib3/urllib3/issues/3020
  warnings.warn(
2026-08-21 20:28:42,963 - INFO - Bot state startup reconciliation finished: 0 bot(s) reconciled to STOPPED.
2026-08-21 20:28:46,013 - INFO - Telegram notification service initialized successfully (Chat ID: 5657...)
2026-08-21 20:28:46,046 - INFO - Initializing scheduled trading bot live runner for bot-1787304019417-340b...
2026-08-21 20:28:46,879 - INFO - SQLite database tables verified/created.
2026-08-21 20:28:48,066 - INFO - Initializing CCXT Binance in TESTNET mode.
2026-08-21 20:31:45,776 - INFO - [bot-1787304019417-340b] Pre-flight instrument resolved: NIFTY (INDEX via zerodha)
2026-08-21 20:31:49,492 - INFO - [bot-1787304019417-340b] Starting signal check cycle for NIFTY (15m)...
2026-08-21 20:31:50,774 - INFO - Fetching recent candles for NIFTY (15m) [Bot: bot-1787304019417-340b] via ProviderManager...
2026-08-21 20:31:50,843 - ERROR - System Error in runner execution cycle: PROVIDER_CAPABILITY_MISMATCH: Adapter Binance Spot API does not support INDEX instrument NIFTY.
Traceback (most recent call last):
  File "/Users/ashishparadkar/Downloads/algo-code-main/src/live_runner.py", line 199, in process_cycle
    df, _ = self.provider_manager.fetch_ohlcv_safe(self.symbol, self.timeframe, limit=1000)
  File "/Users/ashishparadkar/Downloads/algo-code-main/src/provider_manager.py", line 341, in fetch_ohlcv_safe
    raise ccxt.NotSupported(
ccxt.base.errors.NotSupported: PROVIDER_CAPABILITY_MISMATCH: Adapter Binance Spot API does not support INDEX instrument NIFTY.
2026-08-21 20:32:09,057 - WARNING - [bot-1787304019417-340b] Marked bot as non-retryable configuration error to prevent infinite error storm.
2026-08-21 20:32:14,563 - INFO - Logged heartbeat status: ERROR
2026-08-21 20:32:19,993 - INFO - Adding job tentatively -- it will be properly scheduled when the scheduler starts
2026-08-21 20:32:20,789 - INFO - Bot bot-1787304019417-340b scheduled to check every 15 minutes.
2026-08-21 20:32:22,462 - INFO - Added job "LiveRunner.process_cycle" to job store "default"
2026-08-21 20:32:22,470 - INFO - Scheduler started
/Users/ashishparadkar/Downloads/algo-code-main/.venv/lib/python3.9/site-packages/urllib3/__init__.py:35: NotOpenSSLWarning: urllib3 v2 only supports OpenSSL 1.1.1+, currently the 'ssl' module is compiled with 'LibreSSL 2.8.3'. See: https://github.com/urllib3/urllib3/issues/3020
  warnings.warn(
2026-08-21 21:35:01,993 - INFO - Bot state startup reconciliation finished: 0 bot(s) reconciled to STOPPED.
2026-08-21 21:35:06,363 - INFO - Telegram notification service initialized successfully (Chat ID: 5657...)
2026-08-21 21:35:07,379 - INFO - Initializing scheduled trading bot live runner for bot-1787304019417-340b...
2026-08-21 21:35:09,352 - INFO - SQLite database tables verified/created.
2026-08-21 21:35:11,811 - INFO - Initializing CCXT Binance in TESTNET mode.
2026-08-21 21:38:05,290 - INFO - [bot-1787304019417-340b] Pre-flight instrument resolved: NIFTY (INDEX via zerodha)
2026-08-21 21:38:08,197 - INFO - [bot-1787304019417-340b] Starting signal check cycle for NIFTY (15m)...
2026-08-21 21:38:08,873 - INFO - Fetching recent candles for NIFTY (15m) [Bot: bot-1787304019417-340b] via ProviderManager...
2026-08-21 21:38:08,874 - ERROR - System Error in runner execution cycle: PROVIDER_CAPABILITY_MISMATCH: Adapter Binance Spot API does not support INDEX instrument NIFTY.
Traceback (most recent call last):
  File "/Users/ashishparadkar/Downloads/algo-code-main/src/live_runner.py", line 199, in process_cycle
    df, _ = self.provider_manager.fetch_ohlcv_safe(self.symbol, self.timeframe, limit=1000)
  File "/Users/ashishparadkar/Downloads/algo-code-main/src/provider_manager.py", line 341, in fetch_ohlcv_safe
    raise ccxt.NotSupported(
ccxt.base.errors.NotSupported: PROVIDER_CAPABILITY_MISMATCH: Adapter Binance Spot API does not support INDEX instrument NIFTY.
2026-08-21 21:38:13,152 - WARNING - [bot-1787304019417-340b] Marked bot as non-retryable configuration error to prevent infinite error storm.
2026-08-21 21:38:17,124 - INFO - Logged heartbeat status: ERROR
2026-08-21 21:38:17,207 - INFO - Adding job tentatively -- it will be properly scheduled when the scheduler starts
2026-08-21 21:38:17,208 - INFO - Bot bot-1787304019417-340b scheduled to check every 15 minutes.
2026-08-21 21:38:17,218 - INFO - Added job "LiveRunner.process_cycle" to job store "default"
2026-08-21 21:38:17,218 - INFO - Scheduler started
2026-08-21 21:53:25,457 - WARNING - Run time of job "LiveRunner.process_cycle (trigger: interval[0:15:00], next run at: 2026-08-21 22:08:17 IST)" was missed by 0:00:07.722741
2026-08-21 22:08:17,788 - INFO - Running job "LiveRunner.process_cycle (trigger: interval[0:15:00], next run at: 2026-08-21 22:23:17 IST)" (scheduled at 2026-08-21 22:08:17.205586+05:30)
2026-08-21 22:08:17,855 - ERROR - [bot-1787304019417-340b] Halting runner cycle: Bot is configured with unexecutable instrument 'NIFTY'. Error: Fatal Non-Retryable Error: PROVIDER_CAPABILITY_MISMATCH: Adapter Binance Spot API does not support INDEX instrument NIFTY.
2026-08-21 22:08:18,554 - INFO - Job "LiveRunner.process_cycle (trigger: interval[0:15:00], next run at: 2026-08-21 22:23:17 IST)" executed successfully
2026-08-21 22:23:17,279 - INFO - Running job "LiveRunner.process_cycle (trigger: interval[0:15:00], next run at: 2026-08-21 22:38:17 IST)" (scheduled at 2026-08-21 22:23:17.205586+05:30)
2026-08-21 22:23:17,287 - ERROR - [bot-1787304019417-340b] Halting runner cycle: Bot is configured with unexecutable instrument 'NIFTY'. Error: Fatal Non-Retryable Error: PROVIDER_CAPABILITY_MISMATCH: Adapter Binance Spot API does not support INDEX instrument NIFTY.
2026-08-21 22:23:17,399 - INFO - Job "LiveRunner.process_cycle (trigger: interval[0:15:00], next run at: 2026-08-21 22:38:17 IST)" executed successfully
2026-08-21 22:38:17,340 - INFO - Running job "LiveRunner.process_cycle (trigger: interval[0:15:00], next run at: 2026-08-21 22:38:17 IST)" (scheduled at 2026-08-21 22:38:17.205586+05:30)
2026-08-21 22:38:17,349 - ERROR - [bot-1787304019417-340b] Halting runner cycle: Bot is configured with unexecutable instrument 'NIFTY'. Error: Fatal Non-Retryable Error: PROVIDER_CAPABILITY_MISMATCH: Adapter Binance Spot API does not support INDEX instrument NIFTY.
2026-08-21 22:38:17,496 - INFO - Job "LiveRunner.process_cycle (trigger: interval[0:15:00], next run at: 2026-08-21 22:53:17 IST)" executed successfully
