/Users/ashishparadkar/Downloads/algo-code-main/.venv/lib/python3.9/site-packages/urllib3/__init__.py:35: NotOpenSSLWarning: urllib3 v2 only supports OpenSSL 1.1.1+, currently the 'ssl' module is compiled with 'LibreSSL 2.8.3'. See: https://github.com/urllib3/urllib3/issues/3020
  warnings.warn(
2026-08-17 23:50:17,830 - INFO - Initializing scheduled trading bot live runner for bot-1786985769257-85b3...
2026-08-17 23:50:17,911 - INFO - SQLite database tables verified/created.
2026-08-17 23:50:18,043 - WARNING - Telegram alerts are DISABLED. Set TELEGRAM_BOT_TOKEN and TELEGRAM_CHAT_ID in your .env file.
2026-08-17 23:50:18,058 - INFO - Initializing CCXT Binance in TESTNET mode.
2026-08-17 23:50:21,174 - INFO - Initializing CCXT Binance in MAINNET mode (Public endpoints).
2026-08-17 23:50:21,251 - INFO - Skipping Telegram notification (disabled): 🚀 <b>Custom Test BTC Bot Started</b>
• <b>Symbol</b>: BTC/USDT
• <b>Timeframe</b>: 5m
• <b>Status</b>: RUNNING
2026-08-17 23:50:21,256 - INFO - [bot-1786985769257-85b3] Starting signal check cycle for BTC/USDT (5m)...
2026-08-17 23:50:21,289 - INFO - Fetching recent candles for BTC/USDT (5m) [Bot: bot-1786985769257-85b3]...
2026-08-17 23:50:27,295 - INFO - Indicators computed | close=64404.46 ema_9=64335.21 ema_20=64255.88 ema_50=64086.38 ema_200=63680.15 macd=93.0246 poc=63050.0 val=62600.0 vah=63400.0
2026-08-17 23:50:27,302 - INFO - [bot-1786985769257-85b3] Evaluating strategy on completed candle: 2026-08-17T18:15:00+00:00 at Close price: 64400.30
2026-08-17 23:50:27,409 - INFO - Confluence Evaluation | Regime: RANGING (ADX=22.9) | Direction: LONG | BullScore: 100.0% | BearScore: 0.0% | Active: ['ema_9', 'ema_20', 'rsi', 'vwap', 'supertrend', 'atr']
2026-08-17 23:50:27,470 - INFO - Capping position size 1.629638 BTC to available cash equivalent 0.232918 BTC.
2026-08-17 23:50:27,503 - ERROR - Error creating pending signal approval: NOT NULL constraint failed: pending_signal_approvals.confidence
2026-08-17 23:50:27,504 - INFO - Skipping interactive Telegram notification (disabled): 🚨 <b>TRADE SIGNAL GENERATED</b>

<b>BTC/USDT</b>
Timeframe: 15m

Signal: <b>LONG</b>
Confidence: <b>100%</b>
Required Threshold: <b>75%</b>

Price: <b>$64,400.30</b>

EMA: Bullish
MACD: Bullish
Volume Profile: Bullish

⚠️ <b>NO TRADE EXECUTED</b>

Waiting for your decision.
2026-08-17 23:50:27,518 - INFO - [bot-1786985769257-85b3] Signal LONG generated (ID: -1). Waiting for manual user approval.
2026-08-17 23:50:27,584 - INFO - Logged heartbeat status: OK
2026-08-17 23:50:27,608 - INFO - Adding job tentatively -- it will be properly scheduled when the scheduler starts
2026-08-17 23:50:27,609 - INFO - Bot bot-1786985769257-85b3 scheduled to check every 5 minutes.
2026-08-17 23:50:27,614 - INFO - Added job "LiveRunner.process_cycle" to job store "default"
2026-08-17 23:50:27,614 - INFO - Scheduler started
2026-08-17 23:55:27,625 - INFO - Running job "LiveRunner.process_cycle (trigger: interval[0:05:00], next run at: 2026-08-17 23:55:27 IST)" (scheduled at 2026-08-17 23:55:27.608581+05:30)
2026-08-17 23:55:27,634 - INFO - [bot-1786985769257-85b3] Starting signal check cycle for BTC/USDT (5m)...
2026-08-17 23:55:27,683 - INFO - Fetching recent candles for BTC/USDT (5m) [Bot: bot-1786985769257-85b3]...
2026-08-17 23:55:28,083 - INFO - Indicators computed | close=64548.43 ema_9=64400.06 ema_20=64295.70 ema_50=64109.73 ema_200=63690.16 macd=113.6079 poc=63050.0 val=62600.0 vah=63425.0
2026-08-17 23:55:28,083 - INFO - [bot-1786985769257-85b3] Evaluating strategy on completed candle: 2026-08-17T18:20:00+00:00 at Close price: 64543.24
2026-08-17 23:55:28,151 - INFO - Confluence Evaluation | Regime: RANGING (ADX=23.2) | Direction: LONG | BullScore: 100.0% | BearScore: 0.0% | Active: ['ema_9', 'ema_20', 'rsi', 'vwap', 'supertrend', 'atr']
2026-08-17 23:55:28,262 - INFO - Capping position size 0.917347 BTC to available cash equivalent 0.232402 BTC.
2026-08-17 23:55:28,336 - ERROR - Error creating pending signal approval: NOT NULL constraint failed: pending_signal_approvals.confidence
2026-08-17 23:55:28,337 - INFO - Skipping interactive Telegram notification (disabled): 🚨 <b>TRADE SIGNAL GENERATED</b>

<b>BTC/USDT</b>
Timeframe: 15m

Signal: <b>LONG</b>
Confidence: <b>100%</b>
Required Threshold: <b>75%</b>

Price: <b>$64,543.24</b>

EMA: Bullish
MACD: Bullish
Volume Profile: Bullish

⚠️ <b>NO TRADE EXECUTED</b>

Waiting for your decision.
2026-08-17 23:55:28,377 - INFO - [bot-1786985769257-85b3] Signal LONG generated (ID: -1). Waiting for manual user approval.
2026-08-17 23:55:28,513 - INFO - Logged heartbeat status: OK
2026-08-17 23:55:28,515 - INFO - Job "LiveRunner.process_cycle (trigger: interval[0:05:00], next run at: 2026-08-18 00:00:27 IST)" executed successfully
2026-08-18 00:00:27,651 - INFO - Running job "LiveRunner.process_cycle (trigger: interval[0:05:00], next run at: 2026-08-18 00:05:27 IST)" (scheduled at 2026-08-18 00:00:27.608581+05:30)
2026-08-18 00:00:27,693 - INFO - [bot-1786985769257-85b3] Starting signal check cycle for BTC/USDT (5m)...
2026-08-18 00:00:27,737 - INFO - Fetching recent candles for BTC/USDT (5m) [Bot: bot-1786985769257-85b3]...
2026-08-18 00:00:28,357 - INFO - Indicators computed | close=64480.00 ema_9=64406.29 ema_20=64308.00 ema_50=64121.95 ema_200=63697.42 macd=110.5509 poc=63050.0 val=62600.0 vah=63450.0
2026-08-18 00:00:28,360 - INFO - [bot-1786985769257-85b3] Evaluating strategy on completed candle: 2026-08-17T18:25:00+00:00 at Close price: 64487.44
2026-08-18 00:00:28,448 - INFO - Confluence Evaluation | Regime: RANGING (ADX=24.4) | Direction: HOLD | BullScore: 50.8% | BearScore: 49.2% | Active: ['ema_9', 'ema_20', 'rsi', 'vwap', 'supertrend', 'atr']
2026-08-18 00:00:28,560 - INFO - Signal evaluated: HOLD. Reason/Details: Confluence score: 51% (HOLD)
2026-08-18 00:00:28,681 - INFO - Logged heartbeat status: OK
2026-08-18 00:00:28,681 - INFO - Job "LiveRunner.process_cycle (trigger: interval[0:05:00], next run at: 2026-08-18 00:05:27 IST)" executed successfully
2026-08-18 08:49:04,264 - WARNING - Run time of job "LiveRunner.process_cycle (trigger: interval[0:05:00], next run at: 2026-08-18 08:50:27 IST)" was missed by 0:03:36.655375
2026-08-18 08:50:27,613 - INFO - Running job "LiveRunner.process_cycle (trigger: interval[0:05:00], next run at: 2026-08-18 08:55:27 IST)" (scheduled at 2026-08-18 08:50:27.608581+05:30)
2026-08-18 08:50:27,623 - INFO - [bot-1786985769257-85b3] Starting signal check cycle for BTC/USDT (5m)...
2026-08-18 08:50:27,666 - INFO - Fetching recent candles for BTC/USDT (5m) [Bot: bot-1786985769257-85b3]...
2026-08-18 08:50:37,685 - ERROR - CCXT Network/Timeout error for BTC/USDT 5m: binance GET https://api.binance.com/api/v3/klines?interval=5m&limit=1000&symbol=BTCUSDT
2026-08-18 08:50:37,685 - ERROR - System Error in runner execution cycle: binance GET https://api.binance.com/api/v3/klines?interval=5m&limit=1000&symbol=BTCUSDT
Traceback (most recent call last):
  File "/Users/ashishparadkar/Downloads/algo-code-main/.venv/lib/python3.9/site-packages/urllib3/connectionpool.py", line 534, in _make_request
    response = conn.getresponse()
  File "/Users/ashishparadkar/Downloads/algo-code-main/.venv/lib/python3.9/site-packages/urllib3/connection.py", line 571, in getresponse
    httplib_response = super().getresponse()
  File "/Library/Developer/CommandLineTools/Library/Frameworks/Python3.framework/Versions/3.9/lib/python3.9/http/client.py", line 1349, in getresponse
    response.begin()
  File "/Library/Developer/CommandLineTools/Library/Frameworks/Python3.framework/Versions/3.9/lib/python3.9/http/client.py", line 316, in begin
    version, status, reason = self._read_status()
  File "/Library/Developer/CommandLineTools/Library/Frameworks/Python3.framework/Versions/3.9/lib/python3.9/http/client.py", line 277, in _read_status
    line = str(self.fp.readline(_MAXLINE + 1), "iso-8859-1")
  File "/Library/Developer/CommandLineTools/Library/Frameworks/Python3.framework/Versions/3.9/lib/python3.9/socket.py", line 704, in readinto
    return self._sock.recv_into(b)
  File "/Library/Developer/CommandLineTools/Library/Frameworks/Python3.framework/Versions/3.9/lib/python3.9/ssl.py", line 1241, in recv_into
    return self.read(nbytes, buffer)
  File "/Library/Developer/CommandLineTools/Library/Frameworks/Python3.framework/Versions/3.9/lib/python3.9/ssl.py", line 1099, in read
    return self._sslobj.read(len, buffer)
socket.timeout: The read operation timed out

The above exception was the direct cause of the following exception:

Traceback (most recent call last):
  File "/Users/ashishparadkar/Downloads/algo-code-main/.venv/lib/python3.9/site-packages/requests/adapters.py", line 644, in send
    resp = conn.urlopen(
  File "/Users/ashishparadkar/Downloads/algo-code-main/.venv/lib/python3.9/site-packages/urllib3/connectionpool.py", line 841, in urlopen
    retries = retries.increment(
  File "/Users/ashishparadkar/Downloads/algo-code-main/.venv/lib/python3.9/site-packages/urllib3/util/retry.py", line 490, in increment
    raise reraise(type(error), error, _stacktrace)
  File "/Users/ashishparadkar/Downloads/algo-code-main/.venv/lib/python3.9/site-packages/urllib3/util/util.py", line 39, in reraise
    raise value
  File "/Users/ashishparadkar/Downloads/algo-code-main/.venv/lib/python3.9/site-packages/urllib3/connectionpool.py", line 787, in urlopen
    response = self._make_request(
  File "/Users/ashishparadkar/Downloads/algo-code-main/.venv/lib/python3.9/site-packages/urllib3/connectionpool.py", line 536, in _make_request
    self._raise_timeout(err=e, url=url, timeout_value=read_timeout)
  File "/Users/ashishparadkar/Downloads/algo-code-main/.venv/lib/python3.9/site-packages/urllib3/connectionpool.py", line 367, in _raise_timeout
    raise ReadTimeoutError(
urllib3.exceptions.ReadTimeoutError: HTTPSConnectionPool(host='api.binance.com', port=443): Read timed out. (read timeout=10.0)

During handling of the above exception, another exception occurred:

Traceback (most recent call last):
  File "/Users/ashishparadkar/Downloads/algo-code-main/.venv/lib/python3.9/site-packages/ccxt/base/exchange.py", line 665, in fetch
    response = self.session.request(
  File "/Users/ashishparadkar/Downloads/algo-code-main/.venv/lib/python3.9/site-packages/requests/sessions.py", line 589, in request
    resp = self.send(prep, **send_kwargs)
  File "/Users/ashishparadkar/Downloads/algo-code-main/.venv/lib/python3.9/site-packages/requests/sessions.py", line 703, in send
    r = adapter.send(request, **kwargs)
  File "/Users/ashishparadkar/Downloads/algo-code-main/.venv/lib/python3.9/site-packages/requests/adapters.py", line 690, in send
    raise ReadTimeout(e, request=request)
requests.exceptions.ReadTimeout: HTTPSConnectionPool(host='api.binance.com', port=443): Read timed out. (read timeout=10.0)

The above exception was the direct cause of the following exception:

Traceback (most recent call last):
  File "/Users/ashishparadkar/Downloads/algo-code-main/src/live_runner.py", line 167, in process_cycle
    df = self.mainnet_fetcher.fetch_live_ohlcv(self.symbol, self.timeframe, limit=1000)
  File "/Users/ashishparadkar/Downloads/algo-code-main/src/data_fetcher.py", line 193, in fetch_live_ohlcv
    raise net_err
  File "/Users/ashishparadkar/Downloads/algo-code-main/src/data_fetcher.py", line 175, in fetch_live_ohlcv
    candles = self.exchange.fetch_ohlcv(
  File "/Users/ashishparadkar/Downloads/algo-code-main/.venv/lib/python3.9/site-packages/ccxt/binance.py", line 4759, in fetch_ohlcv
    response = self.publicGetKlines(self.extend(request, params))
  File "/Users/ashishparadkar/Downloads/algo-code-main/.venv/lib/python3.9/site-packages/ccxt/base/types.py", line 35, in unbound_method
    return _self.request(self.path, self.api, self.method, params, config=self.config)
  File "/Users/ashishparadkar/Downloads/algo-code-main/.venv/lib/python3.9/site-packages/ccxt/binance.py", line 11724, in request
    response = self.fetch2(path, api, method, params, headers, body, config)
  File "/Users/ashishparadkar/Downloads/algo-code-main/.venv/lib/python3.9/site-packages/ccxt/base/exchange.py", line 5566, in fetch2
    raise e
  File "/Users/ashishparadkar/Downloads/algo-code-main/.venv/lib/python3.9/site-packages/ccxt/base/exchange.py", line 5549, in fetch2
    response = self.fetch(request['url'], request['method'], request['headers'], request['body'])
  File "/Users/ashishparadkar/Downloads/algo-code-main/.venv/lib/python3.9/site-packages/ccxt/base/exchange.py", line 698, in fetch
    raise RequestTimeout(details) from e
ccxt.base.errors.RequestTimeout: binance GET https://api.binance.com/api/v3/klines?interval=5m&limit=1000&symbol=BTCUSDT
2026-08-18 08:50:37,993 - INFO - Skipping Telegram notification (disabled): 🚨 <b>CRITICAL ERROR</b>: System Error in runner execution cycle: binance GET https://api.binance.com/api/v3/klines?interval=5m&limit=1000&symbol=BTCUSDT
2026-08-18 08:50:38,141 - INFO - Logged heartbeat status: ERROR
2026-08-18 08:50:38,142 - INFO - Job "LiveRunner.process_cycle (trigger: interval[0:05:00], next run at: 2026-08-18 08:55:27 IST)" executed successfully
2026-08-18 08:55:42,504 - WARNING - Run time of job "LiveRunner.process_cycle (trigger: interval[0:05:00], next run at: 2026-08-18 09:00:27 IST)" was missed by 0:00:14.895344
2026-08-18 09:00:27,617 - INFO - Running job "LiveRunner.process_cycle (trigger: interval[0:05:00], next run at: 2026-08-18 09:05:27 IST)" (scheduled at 2026-08-18 09:00:27.608581+05:30)
2026-08-18 09:00:27,628 - INFO - [bot-1786985769257-85b3] Starting signal check cycle for BTC/USDT (5m)...
2026-08-18 09:00:27,647 - INFO - Fetching recent candles for BTC/USDT (5m) [Bot: bot-1786985769257-85b3]...
2026-08-18 09:00:28,060 - INFO - Indicators computed | close=64100.01 ema_9=64120.37 ema_20=64159.06 ema_50=64239.32 ema_200=64102.23 macd=-51.3559 poc=63050.0 val=62775.0 vah=63650.0
2026-08-18 09:00:28,061 - INFO - [bot-1786985769257-85b3] Evaluating strategy on completed candle: 2026-08-18T03:25:00+00:00 at Close price: 64112.00
2026-08-18 09:00:28,116 - INFO - Confluence Evaluation | Regime: TRENDING (ADX=42.0) | Direction: HOLD | BullScore: 0.0% | BearScore: 55.9% | Active: ['ema_9', 'ema_20', 'rsi', 'vwap', 'supertrend', 'atr']
2026-08-18 09:00:28,202 - INFO - Signal evaluated: HOLD. Reason/Details: Confluence score: 56% (HOLD)
2026-08-18 09:00:28,371 - INFO - Logged heartbeat status: OK
2026-08-18 09:00:28,371 - INFO - Job "LiveRunner.process_cycle (trigger: interval[0:05:00], next run at: 2026-08-18 09:05:27 IST)" executed successfully
2026-08-18 09:05:27,626 - INFO - Running job "LiveRunner.process_cycle (trigger: interval[0:05:00], next run at: 2026-08-18 09:10:27 IST)" (scheduled at 2026-08-18 09:05:27.608581+05:30)
2026-08-18 09:05:27,635 - INFO - [bot-1786985769257-85b3] Starting signal check cycle for BTC/USDT (5m)...
2026-08-18 09:05:27,680 - INFO - Fetching recent candles for BTC/USDT (5m) [Bot: bot-1786985769257-85b3]...
2026-08-18 09:05:28,106 - INFO - Indicators computed | close=64058.19 ema_9=64101.86 ema_20=64146.18 ema_50=64230.79 ema_200=64101.42 macd=-55.5828 poc=63050.0 val=62775.0 vah=63650.0
2026-08-18 09:05:28,107 - INFO - [bot-1786985769257-85b3] Evaluating strategy on completed candle: 2026-08-18T03:30:00+00:00 at Close price: 64062.00
2026-08-18 09:05:28,161 - INFO - Confluence Evaluation | Regime: TRENDING (ADX=42.4) | Direction: SHORT | BullScore: 0.0% | BearScore: 100.0% | Active: ['ema_9', 'ema_20', 'rsi', 'vwap', 'supertrend', 'atr']
2026-08-18 09:05:28,244 - INFO - Capping position size 2.052826 BTC to available cash equivalent 0.234148 BTC.
2026-08-18 09:05:28,274 - ERROR - Error creating pending signal approval: NOT NULL constraint failed: pending_signal_approvals.confidence
2026-08-18 09:05:28,275 - INFO - Skipping interactive Telegram notification (disabled): 🚨 <b>TRADE SIGNAL GENERATED</b>

<b>BTC/USDT</b>
Timeframe: 15m

Signal: <b>SHORT</b>
Confidence: <b>100%</b>
Required Threshold: <b>75%</b>

Price: <b>$64,062.00</b>

EMA: Bullish
MACD: Bullish
Volume Profile: Bullish

⚠️ <b>NO TRADE EXECUTED</b>

Waiting for your decision.
2026-08-18 09:05:28,332 - INFO - [bot-1786985769257-85b3] Signal SHORT generated (ID: -1). Waiting for manual user approval.
2026-08-18 09:05:28,458 - INFO - Logged heartbeat status: OK
2026-08-18 09:05:28,459 - INFO - Job "LiveRunner.process_cycle (trigger: interval[0:05:00], next run at: 2026-08-18 09:10:27 IST)" executed successfully
2026-08-18 09:10:27,619 - INFO - Running job "LiveRunner.process_cycle (trigger: interval[0:05:00], next run at: 2026-08-18 09:15:27 IST)" (scheduled at 2026-08-18 09:10:27.608581+05:30)
2026-08-18 09:10:27,674 - INFO - [bot-1786985769257-85b3] Starting signal check cycle for BTC/USDT (5m)...
2026-08-18 09:10:27,741 - INFO - Fetching recent candles for BTC/USDT (5m) [Bot: bot-1786985769257-85b3]...
2026-08-18 09:10:28,227 - INFO - Indicators computed | close=64134.21 ema_9=64120.49 ema_20=64151.59 ema_50=64229.86 ema_200=64102.50 macd=-45.1384 poc=63050.0 val=62775.0 vah=63650.0
2026-08-18 09:10:28,232 - INFO - [bot-1786985769257-85b3] Evaluating strategy on completed candle: 2026-08-18T03:35:00+00:00 at Close price: 64134.22
2026-08-18 09:10:28,285 - INFO - Confluence Evaluation | Regime: TRENDING (ADX=41.2) | Direction: HOLD | BullScore: 44.1% | BearScore: 11.8% | Active: ['ema_9', 'ema_20', 'rsi', 'vwap', 'supertrend', 'atr']
2026-08-18 09:10:28,352 - INFO - Signal evaluated: HOLD. Reason/Details: Confluence score: 44% (HOLD)
2026-08-18 09:10:28,444 - INFO - Logged heartbeat status: OK
2026-08-18 09:10:28,444 - INFO - Job "LiveRunner.process_cycle (trigger: interval[0:05:00], next run at: 2026-08-18 09:15:27 IST)" executed successfully
