/Users/ashishparadkar/Downloads/algo-code-main/.venv/lib/python3.9/site-packages/urllib3/__init__.py:35: NotOpenSSLWarning: urllib3 v2 only supports OpenSSL 1.1.1+, currently the 'ssl' module is compiled with 'LibreSSL 2.8.3'. See: https://github.com/urllib3/urllib3/issues/3020
  warnings.warn(
2026-08-21 21:44:20,487 - INFO - Bot state startup reconciliation finished: 0 bot(s) reconciled to STOPPED.
2026-08-21 21:44:25,372 - INFO - Telegram notification service initialized successfully (Chat ID: 5657...)
2026-08-21 21:44:26,205 - INFO - Initializing scheduled trading bot live runner for bot-1787325041187-88dd...
2026-08-21 21:44:55,714 - INFO - SQLite database tables verified/created.
2026-08-21 21:44:58,751 - INFO - Initializing CCXT Binance in TESTNET mode.
2026-08-21 21:48:13,637 - INFO - [bot-1787325041187-88dd] Pre-flight instrument resolved: BTC/USDT (SPOT via binance_spot)
2026-08-21 21:48:18,358 - INFO - [bot-1787325041187-88dd] Starting signal check cycle for BTC/USDT (15m)...
2026-08-21 21:48:19,444 - INFO - Fetching recent candles for BTC/USDT (15m) [Bot: bot-1787325041187-88dd] via ProviderManager...
2026-08-21 22:00:06,949 - INFO - Indicators computed | close=77352.24 ema_9=77269.66 ema_20=77229.62 ema_50=76594.62 ema_200=72796.70 macd=114.5390 poc=63050.0 val=62700.0 vah=72550.0
2026-08-21 22:00:08,037 - INFO - [bot-1787325041187-88dd] Evaluating strategy on completed candle: 2026-08-21 16:00:00+00:00 at Close price: 76858.57
2026-08-21 22:00:14,262 - INFO - Confluence Evaluation | Regime: TRENDING (ADX=27.9) | Direction: HOLD | BullScore: 0.0% | BearScore: 21.1% | Active: ['ema', 'macd', 'vp']
2026-08-21 22:00:15,773 - INFO - Signal evaluated: HOLD. Reason/Details: Confluence score: 21% (HOLD)
2026-08-21 22:00:19,578 - INFO - Logged heartbeat status: OK
2026-08-21 22:00:25,648 - INFO - Adding job tentatively -- it will be properly scheduled when the scheduler starts
2026-08-21 22:00:25,665 - INFO - Bot bot-1787325041187-88dd scheduled to check every 15 minutes.
2026-08-21 22:00:27,561 - INFO - Added job "LiveRunner.process_cycle" to job store "default"
2026-08-21 22:00:27,562 - INFO - Scheduler started
2026-08-21 22:15:25,331 - INFO - Running job "LiveRunner.process_cycle (trigger: interval[0:15:00], next run at: 2026-08-21 22:30:24 IST)" (scheduled at 2026-08-21 22:15:24.997067+05:30)
2026-08-21 22:15:25,800 - INFO - [bot-1787325041187-88dd] Starting signal check cycle for BTC/USDT (15m)...
2026-08-21 22:15:25,982 - INFO - Fetching recent candles for BTC/USDT (15m) [Bot: bot-1787325041187-88dd] via ProviderManager...
2026-08-21 22:15:29,985 - INFO - Indicators computed | close=77330.01 ema_9=77300.56 ema_20=77253.06 ema_50=76653.52 ema_200=72887.09 macd=110.3999 poc=63050.0 val=62700.0 vah=72575.0
2026-08-21 22:15:30,016 - INFO - [bot-1787325041187-88dd] Evaluating strategy on completed candle: 2026-08-21 16:30:00+00:00 at Close price: 77362.04
2026-08-21 22:15:30,182 - INFO - Confluence Evaluation | Regime: TRENDING (ADX=28.9) | Direction: HOLD | BullScore: 39.5% | BearScore: 21.1% | Active: ['ema', 'macd', 'vp']
2026-08-21 22:15:30,468 - INFO - Signal evaluated: HOLD. Reason/Details: Confluence score: 40% (HOLD)
2026-08-21 22:15:30,800 - INFO - Logged heartbeat status: OK
2026-08-21 22:15:30,805 - INFO - Job "LiveRunner.process_cycle (trigger: interval[0:15:00], next run at: 2026-08-21 22:30:24 IST)" executed successfully
2026-08-21 22:30:25,107 - INFO - Running job "LiveRunner.process_cycle (trigger: interval[0:15:00], next run at: 2026-08-21 22:45:24 IST)" (scheduled at 2026-08-21 22:30:24.997067+05:30)
2026-08-21 22:30:25,234 - INFO - [bot-1787325041187-88dd] Starting signal check cycle for BTC/USDT (15m)...
2026-08-21 22:30:25,293 - INFO - Fetching recent candles for BTC/USDT (15m) [Bot: bot-1787325041187-88dd] via ProviderManager...
2026-08-21 22:30:27,010 - INFO - Indicators computed | close=77486.91 ema_9=77362.79 ema_20=77288.77 ema_50=76692.08 ema_200=72934.39 macd=127.2725 poc=63050.0 val=62700.0 vah=72575.0
2026-08-21 22:30:27,016 - INFO - [bot-1787325041187-88dd] Evaluating strategy on completed candle: 2026-08-21 16:45:00+00:00 at Close price: 77486.01
2026-08-21 22:30:27,156 - INFO - Confluence Evaluation | Regime: TRENDING (ADX=27.4) | Direction: HOLD | BullScore: 39.5% | BearScore: 21.1% | Active: ['ema', 'macd', 'vp']
2026-08-21 22:30:27,261 - INFO - Signal evaluated: HOLD. Reason/Details: Confluence score: 40% (HOLD)
2026-08-21 22:30:27,419 - INFO - Logged heartbeat status: OK
2026-08-21 22:30:27,420 - INFO - Job "LiveRunner.process_cycle (trigger: interval[0:15:00], next run at: 2026-08-21 22:45:24 IST)" executed successfully
