/Users/ashishparadkar/Downloads/algo-code-main/.venv/lib/python3.9/site-packages/urllib3/__init__.py:35: NotOpenSSLWarning: urllib3 v2 only supports OpenSSL 1.1.1+, currently the 'ssl' module is compiled with 'LibreSSL 2.8.3'. See: https://github.com/urllib3/urllib3/issues/3020
  warnings.warn(
2026-08-21 21:45:16,843 - INFO - Bot state startup reconciliation finished: 0 bot(s) reconciled to STOPPED.
2026-08-21 21:45:21,486 - INFO - Telegram notification service initialized successfully (Chat ID: 5657...)
2026-08-21 21:45:22,112 - INFO - Initializing scheduled trading bot live runner for bot-1787325000254-1b93...
2026-08-21 21:45:22,787 - INFO - SQLite database tables verified/created.
2026-08-21 21:45:24,714 - INFO - Initializing CCXT Binance in TESTNET mode.
2026-08-21 21:47:34,568 - INFO - [bot-1787325000254-1b93] Pre-flight instrument resolved: BTC/USDT (SPOT via binance_spot)
2026-08-21 21:47:37,627 - INFO - [bot-1787325000254-1b93] Starting signal check cycle for BTC/USDT (15m)...
2026-08-21 21:47:38,621 - INFO - Fetching recent candles for BTC/USDT (15m) [Bot: bot-1787325000254-1b93] via ProviderManager...
2026-08-21 22:01:16,181 - INFO - Indicators computed | close=77367.47 ema_9=77294.28 ema_20=77245.48 ema_50=76626.12 ema_200=72842.49 macd=115.9305 poc=63050.0 val=62700.0 vah=72550.0
2026-08-21 22:01:16,974 - INFO - [bot-1787325000254-1b93] Evaluating strategy on completed candle: 2026-08-21 16:15:00+00:00 at Close price: 77383.87
2026-08-21 22:01:20,854 - INFO - Confluence Evaluation | Regime: TRENDING (ADX=29.4) | Direction: HOLD | BullScore: 39.5% | BearScore: 21.1% | Active: ['ema', 'macd', 'vp']
2026-08-21 22:01:22,342 - INFO - Signal evaluated: HOLD. Reason/Details: Confluence score: 40% (HOLD)
2026-08-21 22:01:24,631 - INFO - Logged heartbeat status: OK
2026-08-21 22:01:28,149 - INFO - Adding job tentatively -- it will be properly scheduled when the scheduler starts
2026-08-21 22:01:28,173 - INFO - Bot bot-1787325000254-1b93 scheduled to check every 15 minutes.
2026-08-21 22:01:29,976 - INFO - Added job "LiveRunner.process_cycle" to job store "default"
2026-08-21 22:01:29,976 - INFO - Scheduler started
2026-08-21 22:16:28,722 - WARNING - Run time of job "LiveRunner.process_cycle (trigger: interval[0:15:00], next run at: 2026-08-21 22:31:27 IST)" was missed by 0:00:01.011696
2026-08-21 22:31:27,762 - INFO - Running job "LiveRunner.process_cycle (trigger: interval[0:15:00], next run at: 2026-08-21 22:46:27 IST)" (scheduled at 2026-08-21 22:31:27.625658+05:30)
2026-08-21 22:31:28,094 - INFO - [bot-1787325000254-1b93] Starting signal check cycle for BTC/USDT (15m)...
2026-08-21 22:31:28,278 - INFO - Fetching recent candles for BTC/USDT (15m) [Bot: bot-1787325000254-1b93] via ProviderManager...
2026-08-21 22:31:32,429 - INFO - Indicators computed | close=77522.01 ema_9=77369.81 ema_20=77292.12 ema_50=76693.45 ema_200=72934.74 macd=130.0725 poc=63050.0 val=62700.0 vah=72575.0
2026-08-21 22:31:32,441 - INFO - [bot-1787325000254-1b93] Evaluating strategy on completed candle: 2026-08-21 16:45:00+00:00 at Close price: 77486.01
2026-08-21 22:31:32,640 - INFO - Confluence Evaluation | Regime: TRENDING (ADX=27.4) | Direction: HOLD | BullScore: 39.5% | BearScore: 21.1% | Active: ['ema', 'macd', 'vp']
2026-08-21 22:31:32,774 - INFO - Signal evaluated: HOLD. Reason/Details: Confluence score: 40% (HOLD)
2026-08-21 22:31:32,975 - INFO - Logged heartbeat status: OK
2026-08-21 22:31:32,975 - INFO - Job "LiveRunner.process_cycle (trigger: interval[0:15:00], next run at: 2026-08-21 22:46:27 IST)" executed successfully
