/Users/ashishparadkar/Downloads/algo-code-main/.venv/lib/python3.9/site-packages/urllib3/__init__.py:35: NotOpenSSLWarning: urllib3 v2 only supports OpenSSL 1.1.1+, currently the 'ssl' module is compiled with 'LibreSSL 2.8.3'. See: https://github.com/urllib3/urllib3/issues/3020
  warnings.warn(
/Users/ashishparadkar/Downloads/algo-code-main/.venv/lib/python3.9/site-packages/urllib3/__init__.py:35: NotOpenSSLWarning: urllib3 v2 only supports OpenSSL 1.1.1+, currently the 'ssl' module is compiled with 'LibreSSL 2.8.3'. See: https://github.com/urllib3/urllib3/issues/3020
  warnings.warn(
2026-08-20 13:25:56,041 - INFO - Bot state startup reconciliation finished: 0 bot(s) reconciled to STOPPED.
2026-08-20 13:25:56,630 - INFO - Telegram notification service initialized successfully (Chat ID: 5657...)
2026-08-20 13:25:56,641 - INFO - Initializing scheduled trading bot live runner for bot-1787212103621-ce48...
2026-08-20 13:25:56,674 - INFO - SQLite database tables verified/created.
2026-08-20 13:25:57,319 - INFO - Initializing CCXT Binance in TESTNET mode.
/Users/ashishparadkar/Downloads/algo-code-main/.venv/lib/python3.9/site-packages/urllib3/__init__.py:35: NotOpenSSLWarning: urllib3 v2 only supports OpenSSL 1.1.1+, currently the 'ssl' module is compiled with 'LibreSSL 2.8.3'. See: https://github.com/urllib3/urllib3/issues/3020
  warnings.warn(
2026-08-20 22:17:13,008 - INFO - Bot state startup reconciliation finished: 0 bot(s) reconciled to STOPPED.
2026-08-20 22:17:13,795 - INFO - Telegram notification service initialized successfully (Chat ID: 5657...)
2026-08-20 22:17:14,173 - INFO - Initializing scheduled trading bot live runner for bot-1787212103621-ce48...
2026-08-20 22:17:14,800 - INFO - SQLite database tables verified/created.
2026-08-20 22:17:15,586 - INFO - Initializing CCXT Binance in TESTNET mode.
2026-08-20 22:17:42,969 - INFO - [bot-1787212103621-ce48] Pre-flight instrument resolved: BTC-260828-70000-C (OPTION via deribit_options)
2026-08-20 22:17:43,445 - INFO - [bot-1787212103621-ce48] Starting signal check cycle for BTC-260828-70000-C (1h)...
2026-08-20 22:17:43,454 - INFO - Fetching recent candles for BTC-260828-70000-C (1h) [Bot: bot-1787212103621-ce48] via ProviderManager...
2026-08-20 22:17:43,455 - ERROR - System Error in runner execution cycle: OPTIONS EXECUTION UNSUPPORTED: Dedicated Options Broker (Deribit API) is not connected for BTC-260828-70000-C. Trading options requires configuring options gateway credentials.
Traceback (most recent call last):
  File "/Users/ashishparadkar/Downloads/algo-code-main/src/live_runner.py", line 199, in process_cycle
    df, _ = self.provider_manager.fetch_ohlcv_safe(self.symbol, self.timeframe, limit=1000)
  File "/Users/ashishparadkar/Downloads/algo-code-main/src/provider_manager.py", line 355, in fetch_ohlcv_safe
    raise non_retryable
  File "/Users/ashishparadkar/Downloads/algo-code-main/src/provider_manager.py", line 351, in fetch_ohlcv_safe
    df = adapter.fetch_ohlcv(instrument, timeframe, limit=limit)
  File "/Users/ashishparadkar/Downloads/algo-code-main/src/provider_manager.py", line 284, in fetch_ohlcv
    raise ccxt.NotSupported(
ccxt.base.errors.NotSupported: OPTIONS EXECUTION UNSUPPORTED: Dedicated Options Broker (Deribit API) is not connected for BTC-260828-70000-C. Trading options requires configuring options gateway credentials.
2026-08-20 22:17:44,209 - WARNING - [bot-1787212103621-ce48] Marked bot as non-retryable configuration error to prevent infinite error storm.
2026-08-20 22:17:44,858 - INFO - Logged heartbeat status: ERROR
2026-08-20 22:17:45,112 - INFO - Adding job tentatively -- it will be properly scheduled when the scheduler starts
2026-08-20 22:17:45,119 - INFO - Bot bot-1787212103621-ce48 scheduled to check every 60 minutes.
2026-08-20 22:17:45,344 - INFO - Added job "LiveRunner.process_cycle" to job store "default"
2026-08-20 22:17:45,344 - INFO - Scheduler started
/Users/ashishparadkar/Downloads/algo-code-main/.venv/lib/python3.9/site-packages/urllib3/__init__.py:35: NotOpenSSLWarning: urllib3 v2 only supports OpenSSL 1.1.1+, currently the 'ssl' module is compiled with 'LibreSSL 2.8.3'. See: https://github.com/urllib3/urllib3/issues/3020
  warnings.warn(
2026-08-21 06:20:50,359 - INFO - Bot state startup reconciliation finished: 0 bot(s) reconciled to STOPPED.
2026-08-21 06:20:50,885 - INFO - Telegram notification service initialized successfully (Chat ID: 5657...)
2026-08-21 06:20:50,986 - INFO - Initializing scheduled trading bot live runner for bot-1787212103621-ce48...
2026-08-21 06:20:51,063 - INFO - SQLite database tables verified/created.
2026-08-21 06:20:51,592 - INFO - Initializing CCXT Binance in TESTNET mode.
2026-08-21 06:21:14,694 - INFO - [bot-1787212103621-ce48] Pre-flight instrument resolved: BTC-260828-70000-C (OPTION via deribit_options)
2026-08-21 06:21:14,724 - INFO - [bot-1787212103621-ce48] Starting signal check cycle for BTC-260828-70000-C (1h)...
2026-08-21 06:21:14,736 - INFO - Fetching recent candles for BTC-260828-70000-C (1h) [Bot: bot-1787212103621-ce48] via ProviderManager...
2026-08-21 06:21:14,737 - ERROR - System Error in runner execution cycle: OPTIONS EXECUTION UNSUPPORTED: Dedicated Options Broker (Deribit API) is not connected for BTC-260828-70000-C. Trading options requires configuring options gateway credentials.
Traceback (most recent call last):
  File "/Users/ashishparadkar/Downloads/algo-code-main/src/live_runner.py", line 199, in process_cycle
    df, _ = self.provider_manager.fetch_ohlcv_safe(self.symbol, self.timeframe, limit=1000)
  File "/Users/ashishparadkar/Downloads/algo-code-main/src/provider_manager.py", line 355, in fetch_ohlcv_safe
    raise non_retryable
  File "/Users/ashishparadkar/Downloads/algo-code-main/src/provider_manager.py", line 351, in fetch_ohlcv_safe
    df = adapter.fetch_ohlcv(instrument, timeframe, limit=limit)
  File "/Users/ashishparadkar/Downloads/algo-code-main/src/provider_manager.py", line 284, in fetch_ohlcv
    raise ccxt.NotSupported(
ccxt.base.errors.NotSupported: OPTIONS EXECUTION UNSUPPORTED: Dedicated Options Broker (Deribit API) is not connected for BTC-260828-70000-C. Trading options requires configuring options gateway credentials.
2026-08-21 06:21:15,297 - WARNING - [bot-1787212103621-ce48] Marked bot as non-retryable configuration error to prevent infinite error storm.
2026-08-21 06:21:16,509 - INFO - Logged heartbeat status: ERROR
2026-08-21 06:21:17,101 - INFO - Adding job tentatively -- it will be properly scheduled when the scheduler starts
2026-08-21 06:21:17,101 - INFO - Bot bot-1787212103621-ce48 scheduled to check every 60 minutes.
2026-08-21 06:21:17,104 - INFO - Added job "LiveRunner.process_cycle" to job store "default"
2026-08-21 06:21:17,104 - INFO - Scheduler started
/Users/ashishparadkar/Downloads/algo-code-main/.venv/lib/python3.9/site-packages/urllib3/__init__.py:35: NotOpenSSLWarning: urllib3 v2 only supports OpenSSL 1.1.1+, currently the 'ssl' module is compiled with 'LibreSSL 2.8.3'. See: https://github.com/urllib3/urllib3/issues/3020
  warnings.warn(
2026-08-21 12:13:23,611 - INFO - Bot state startup reconciliation finished: 0 bot(s) reconciled to STOPPED.
2026-08-21 12:13:24,352 - INFO - Telegram notification service initialized successfully (Chat ID: 5657...)
2026-08-21 12:13:24,580 - INFO - Initializing scheduled trading bot live runner for bot-1787212103621-ce48...
2026-08-21 12:13:25,027 - INFO - SQLite database tables verified/created.
2026-08-21 12:13:25,747 - INFO - Initializing CCXT Binance in TESTNET mode.
2026-08-21 12:13:49,709 - INFO - [bot-1787212103621-ce48] Pre-flight instrument resolved: BTC-260828-70000-C (OPTION via deribit_options)
2026-08-21 12:13:50,055 - INFO - [bot-1787212103621-ce48] Starting signal check cycle for BTC-260828-70000-C (1h)...
2026-08-21 12:13:50,095 - INFO - Fetching recent candles for BTC-260828-70000-C (1h) [Bot: bot-1787212103621-ce48] via ProviderManager...
2026-08-21 12:13:50,095 - ERROR - System Error in runner execution cycle: OPTIONS EXECUTION UNSUPPORTED: Dedicated Options Broker (Deribit API) is not connected for BTC-260828-70000-C. Trading options requires configuring options gateway credentials.
Traceback (most recent call last):
  File "/Users/ashishparadkar/Downloads/algo-code-main/src/live_runner.py", line 199, in process_cycle
    df, _ = self.provider_manager.fetch_ohlcv_safe(self.symbol, self.timeframe, limit=1000)
  File "/Users/ashishparadkar/Downloads/algo-code-main/src/provider_manager.py", line 355, in fetch_ohlcv_safe
    raise non_retryable
  File "/Users/ashishparadkar/Downloads/algo-code-main/src/provider_manager.py", line 351, in fetch_ohlcv_safe
    df = adapter.fetch_ohlcv(instrument, timeframe, limit=limit)
  File "/Users/ashishparadkar/Downloads/algo-code-main/src/provider_manager.py", line 284, in fetch_ohlcv
    raise ccxt.NotSupported(
ccxt.base.errors.NotSupported: OPTIONS EXECUTION UNSUPPORTED: Dedicated Options Broker (Deribit API) is not connected for BTC-260828-70000-C. Trading options requires configuring options gateway credentials.
2026-08-21 12:13:50,590 - WARNING - [bot-1787212103621-ce48] Marked bot as non-retryable configuration error to prevent infinite error storm.
2026-08-21 12:13:51,814 - INFO - Logged heartbeat status: ERROR
2026-08-21 12:13:51,850 - INFO - Adding job tentatively -- it will be properly scheduled when the scheduler starts
2026-08-21 12:13:51,850 - INFO - Bot bot-1787212103621-ce48 scheduled to check every 60 minutes.
2026-08-21 12:13:51,851 - INFO - Added job "LiveRunner.process_cycle" to job store "default"
2026-08-21 12:13:51,851 - INFO - Scheduler started
2026-08-21 13:13:52,371 - INFO - Running job "LiveRunner.process_cycle (trigger: interval[1:00:00], next run at: 2026-08-21 14:13:51 IST)" (scheduled at 2026-08-21 13:13:51.850140+05:30)
2026-08-21 13:13:52,422 - ERROR - [bot-1787212103621-ce48] Halting runner cycle: Bot is configured with unexecutable instrument 'BTC-260828-70000-C'. Error: Fatal Non-Retryable Error: OPTIONS EXECUTION UNSUPPORTED: Dedicated Options Broker (Deribit API) is not connected for BTC-260828-70000-C. Trading options requires configuring options gateway credentials.
2026-08-21 13:13:52,769 - INFO - Job "LiveRunner.process_cycle (trigger: interval[1:00:00], next run at: 2026-08-21 14:13:51 IST)" executed successfully
/Users/ashishparadkar/Downloads/algo-code-main/.venv/lib/python3.9/site-packages/urllib3/__init__.py:35: NotOpenSSLWarning: urllib3 v2 only supports OpenSSL 1.1.1+, currently the 'ssl' module is compiled with 'LibreSSL 2.8.3'. See: https://github.com/urllib3/urllib3/issues/3020
  warnings.warn(
2026-08-21 14:50:43,651 - INFO - Bot state startup reconciliation finished: 0 bot(s) reconciled to STOPPED.
2026-08-21 14:50:44,216 - INFO - Telegram notification service initialized successfully (Chat ID: 5657...)
2026-08-21 14:50:44,347 - INFO - Initializing scheduled trading bot live runner for bot-1787212103621-ce48...
2026-08-21 14:50:44,699 - INFO - SQLite database tables verified/created.
2026-08-21 14:50:45,064 - INFO - Initializing CCXT Binance in TESTNET mode.
2026-08-21 14:51:09,930 - INFO - [bot-1787212103621-ce48] Pre-flight instrument resolved: BTC-260828-70000-C (OPTION via deribit_options)
2026-08-21 14:51:09,991 - INFO - [bot-1787212103621-ce48] Starting signal check cycle for BTC-260828-70000-C (1h)...
2026-08-21 14:51:10,000 - INFO - Fetching recent candles for BTC-260828-70000-C (1h) [Bot: bot-1787212103621-ce48] via ProviderManager...
2026-08-21 14:51:10,000 - ERROR - System Error in runner execution cycle: OPTIONS EXECUTION UNSUPPORTED: Dedicated Options Broker (Deribit API) is not connected for BTC-260828-70000-C. Trading options requires configuring options gateway credentials.
Traceback (most recent call last):
  File "/Users/ashishparadkar/Downloads/algo-code-main/src/live_runner.py", line 199, in process_cycle
    df, _ = self.provider_manager.fetch_ohlcv_safe(self.symbol, self.timeframe, limit=1000)
  File "/Users/ashishparadkar/Downloads/algo-code-main/src/provider_manager.py", line 355, in fetch_ohlcv_safe
    raise non_retryable
  File "/Users/ashishparadkar/Downloads/algo-code-main/src/provider_manager.py", line 351, in fetch_ohlcv_safe
    df = adapter.fetch_ohlcv(instrument, timeframe, limit=limit)
  File "/Users/ashishparadkar/Downloads/algo-code-main/src/provider_manager.py", line 284, in fetch_ohlcv
    raise ccxt.NotSupported(
ccxt.base.errors.NotSupported: OPTIONS EXECUTION UNSUPPORTED: Dedicated Options Broker (Deribit API) is not connected for BTC-260828-70000-C. Trading options requires configuring options gateway credentials.
2026-08-21 14:51:11,202 - WARNING - [bot-1787212103621-ce48] Marked bot as non-retryable configuration error to prevent infinite error storm.
2026-08-21 14:51:11,767 - INFO - Logged heartbeat status: ERROR
2026-08-21 14:51:11,781 - INFO - Adding job tentatively -- it will be properly scheduled when the scheduler starts
2026-08-21 14:51:11,781 - INFO - Bot bot-1787212103621-ce48 scheduled to check every 60 minutes.
2026-08-21 14:51:11,782 - INFO - Added job "LiveRunner.process_cycle" to job store "default"
2026-08-21 14:51:11,783 - INFO - Scheduler started
/Users/ashishparadkar/Downloads/algo-code-main/.venv/lib/python3.9/site-packages/urllib3/__init__.py:35: NotOpenSSLWarning: urllib3 v2 only supports OpenSSL 1.1.1+, currently the 'ssl' module is compiled with 'LibreSSL 2.8.3'. See: https://github.com/urllib3/urllib3/issues/3020
  warnings.warn(
2026-08-21 15:30:11,453 - INFO - Bot state startup reconciliation finished: 0 bot(s) reconciled to STOPPED.
2026-08-21 15:30:11,919 - INFO - Telegram notification service initialized successfully (Chat ID: 5657...)
2026-08-21 15:30:11,934 - INFO - Initializing scheduled trading bot live runner for bot-1787212103621-ce48...
2026-08-21 15:30:12,150 - INFO - SQLite database tables verified/created.
2026-08-21 15:30:12,635 - INFO - Initializing CCXT Binance in TESTNET mode.
2026-08-21 15:30:29,462 - INFO - [bot-1787212103621-ce48] Pre-flight instrument resolved: BTC-260828-70000-C (OPTION via deribit_options)
2026-08-21 15:30:29,850 - INFO - [bot-1787212103621-ce48] Starting signal check cycle for BTC-260828-70000-C (1h)...
2026-08-21 15:30:29,996 - INFO - Fetching recent candles for BTC-260828-70000-C (1h) [Bot: bot-1787212103621-ce48] via ProviderManager...
2026-08-21 15:30:29,997 - ERROR - System Error in runner execution cycle: OPTIONS EXECUTION UNSUPPORTED: Dedicated Options Broker (Deribit API) is not connected for BTC-260828-70000-C. Trading options requires configuring options gateway credentials.
Traceback (most recent call last):
  File "/Users/ashishparadkar/Downloads/algo-code-main/src/live_runner.py", line 199, in process_cycle
    df, _ = self.provider_manager.fetch_ohlcv_safe(self.symbol, self.timeframe, limit=1000)
  File "/Users/ashishparadkar/Downloads/algo-code-main/src/provider_manager.py", line 355, in fetch_ohlcv_safe
    raise non_retryable
  File "/Users/ashishparadkar/Downloads/algo-code-main/src/provider_manager.py", line 351, in fetch_ohlcv_safe
    df = adapter.fetch_ohlcv(instrument, timeframe, limit=limit)
  File "/Users/ashishparadkar/Downloads/algo-code-main/src/provider_manager.py", line 284, in fetch_ohlcv
    raise ccxt.NotSupported(
ccxt.base.errors.NotSupported: OPTIONS EXECUTION UNSUPPORTED: Dedicated Options Broker (Deribit API) is not connected for BTC-260828-70000-C. Trading options requires configuring options gateway credentials.
2026-08-21 15:30:30,746 - WARNING - [bot-1787212103621-ce48] Marked bot as non-retryable configuration error to prevent infinite error storm.
2026-08-21 15:30:31,440 - INFO - Logged heartbeat status: ERROR
2026-08-21 15:30:31,600 - INFO - Adding job tentatively -- it will be properly scheduled when the scheduler starts
2026-08-21 15:30:31,600 - INFO - Bot bot-1787212103621-ce48 scheduled to check every 60 minutes.
2026-08-21 15:30:31,604 - INFO - Added job "LiveRunner.process_cycle" to job store "default"
2026-08-21 15:30:31,604 - INFO - Scheduler started
/Users/ashishparadkar/Downloads/algo-code-main/.venv/lib/python3.9/site-packages/urllib3/__init__.py:35: NotOpenSSLWarning: urllib3 v2 only supports OpenSSL 1.1.1+, currently the 'ssl' module is compiled with 'LibreSSL 2.8.3'. See: https://github.com/urllib3/urllib3/issues/3020
  warnings.warn(
2026-08-21 18:13:21,410 - INFO - Bot state startup reconciliation finished: 0 bot(s) reconciled to STOPPED.
2026-08-21 18:13:22,150 - INFO - Telegram notification service initialized successfully (Chat ID: 5657...)
2026-08-21 18:13:22,301 - INFO - Initializing scheduled trading bot live runner for bot-1787212103621-ce48...
2026-08-21 18:13:22,528 - INFO - SQLite database tables verified/created.
2026-08-21 18:13:23,022 - INFO - Initializing CCXT Binance in TESTNET mode.
2026-08-21 18:13:42,029 - INFO - [bot-1787212103621-ce48] Pre-flight instrument resolved: BTC-260828-70000-C (OPTION via deribit_options)
2026-08-21 18:13:42,802 - INFO - [bot-1787212103621-ce48] Starting signal check cycle for BTC-260828-70000-C (1h)...
2026-08-21 18:13:42,809 - INFO - Fetching recent candles for BTC-260828-70000-C (1h) [Bot: bot-1787212103621-ce48] via ProviderManager...
2026-08-21 18:13:42,810 - ERROR - System Error in runner execution cycle: OPTIONS EXECUTION UNSUPPORTED: Dedicated Options Broker (Deribit API) is not connected for BTC-260828-70000-C. Trading options requires configuring options gateway credentials.
Traceback (most recent call last):
  File "/Users/ashishparadkar/Downloads/algo-code-main/src/live_runner.py", line 199, in process_cycle
    df, _ = self.provider_manager.fetch_ohlcv_safe(self.symbol, self.timeframe, limit=1000)
  File "/Users/ashishparadkar/Downloads/algo-code-main/src/provider_manager.py", line 355, in fetch_ohlcv_safe
    raise non_retryable
  File "/Users/ashishparadkar/Downloads/algo-code-main/src/provider_manager.py", line 351, in fetch_ohlcv_safe
    df = adapter.fetch_ohlcv(instrument, timeframe, limit=limit)
  File "/Users/ashishparadkar/Downloads/algo-code-main/src/provider_manager.py", line 284, in fetch_ohlcv
    raise ccxt.NotSupported(
ccxt.base.errors.NotSupported: OPTIONS EXECUTION UNSUPPORTED: Dedicated Options Broker (Deribit API) is not connected for BTC-260828-70000-C. Trading options requires configuring options gateway credentials.
2026-08-21 18:13:43,599 - WARNING - [bot-1787212103621-ce48] Marked bot as non-retryable configuration error to prevent infinite error storm.
2026-08-21 18:13:44,447 - INFO - Logged heartbeat status: ERROR
2026-08-21 18:13:44,467 - INFO - Adding job tentatively -- it will be properly scheduled when the scheduler starts
2026-08-21 18:13:44,467 - INFO - Bot bot-1787212103621-ce48 scheduled to check every 60 minutes.
2026-08-21 18:13:44,470 - INFO - Added job "LiveRunner.process_cycle" to job store "default"
2026-08-21 18:13:44,470 - INFO - Scheduler started
/Users/ashishparadkar/Downloads/algo-code-main/.venv/lib/python3.9/site-packages/urllib3/__init__.py:35: NotOpenSSLWarning: urllib3 v2 only supports OpenSSL 1.1.1+, currently the 'ssl' module is compiled with 'LibreSSL 2.8.3'. See: https://github.com/urllib3/urllib3/issues/3020
  warnings.warn(
2026-08-21 20:26:52,461 - INFO - Bot state startup reconciliation finished: 0 bot(s) reconciled to STOPPED.
2026-08-21 20:26:52,667 - INFO - Telegram notification service initialized successfully (Chat ID: 5657...)
2026-08-21 20:26:52,679 - INFO - Initializing scheduled trading bot live runner for bot-1787212103621-ce48...
2026-08-21 20:26:53,114 - INFO - SQLite database tables verified/created.
2026-08-21 20:26:53,699 - INFO - Initializing CCXT Binance in TESTNET mode.
2026-08-21 20:27:15,566 - INFO - [bot-1787212103621-ce48] Pre-flight instrument resolved: BTC-260828-70000-C (OPTION via deribit_options)
2026-08-21 20:27:15,625 - INFO - [bot-1787212103621-ce48] Starting signal check cycle for BTC-260828-70000-C (1h)...
2026-08-21 20:27:15,633 - INFO - Fetching recent candles for BTC-260828-70000-C (1h) [Bot: bot-1787212103621-ce48] via ProviderManager...
2026-08-21 20:27:15,633 - ERROR - System Error in runner execution cycle: OPTIONS EXECUTION UNSUPPORTED: Dedicated Options Broker (Deribit API) is not connected for BTC-260828-70000-C. Trading options requires configuring options gateway credentials.
Traceback (most recent call last):
  File "/Users/ashishparadkar/Downloads/algo-code-main/src/live_runner.py", line 199, in process_cycle
    df, _ = self.provider_manager.fetch_ohlcv_safe(self.symbol, self.timeframe, limit=1000)
  File "/Users/ashishparadkar/Downloads/algo-code-main/src/provider_manager.py", line 355, in fetch_ohlcv_safe
    raise non_retryable
  File "/Users/ashishparadkar/Downloads/algo-code-main/src/provider_manager.py", line 351, in fetch_ohlcv_safe
    df = adapter.fetch_ohlcv(instrument, timeframe, limit=limit)
  File "/Users/ashishparadkar/Downloads/algo-code-main/src/provider_manager.py", line 284, in fetch_ohlcv
    raise ccxt.NotSupported(
ccxt.base.errors.NotSupported: OPTIONS EXECUTION UNSUPPORTED: Dedicated Options Broker (Deribit API) is not connected for BTC-260828-70000-C. Trading options requires configuring options gateway credentials.
2026-08-21 20:27:16,407 - WARNING - [bot-1787212103621-ce48] Marked bot as non-retryable configuration error to prevent infinite error storm.
2026-08-21 20:27:17,411 - INFO - Logged heartbeat status: ERROR
2026-08-21 20:27:17,432 - INFO - Adding job tentatively -- it will be properly scheduled when the scheduler starts
2026-08-21 20:27:17,432 - INFO - Bot bot-1787212103621-ce48 scheduled to check every 60 minutes.
2026-08-21 20:27:17,689 - INFO - Added job "LiveRunner.process_cycle" to job store "default"
2026-08-21 20:27:17,690 - INFO - Scheduler started
/Users/ashishparadkar/Downloads/algo-code-main/.venv/lib/python3.9/site-packages/urllib3/__init__.py:35: NotOpenSSLWarning: urllib3 v2 only supports OpenSSL 1.1.1+, currently the 'ssl' module is compiled with 'LibreSSL 2.8.3'. See: https://github.com/urllib3/urllib3/issues/3020
  warnings.warn(
2026-08-21 21:32:30,964 - INFO - Bot state startup reconciliation finished: 0 bot(s) reconciled to STOPPED.
2026-08-21 21:32:31,467 - INFO - Telegram notification service initialized successfully (Chat ID: 5657...)
2026-08-21 21:32:31,946 - INFO - Initializing scheduled trading bot live runner for bot-1787212103621-ce48...
2026-08-21 21:32:32,302 - INFO - SQLite database tables verified/created.
2026-08-21 21:32:32,950 - INFO - Initializing CCXT Binance in TESTNET mode.
2026-08-21 21:33:11,866 - INFO - [bot-1787212103621-ce48] Pre-flight instrument resolved: BTC-260828-70000-C (OPTION via deribit_options)
2026-08-21 21:33:12,232 - INFO - [bot-1787212103621-ce48] Starting signal check cycle for BTC-260828-70000-C (1h)...
2026-08-21 21:33:12,249 - INFO - Fetching recent candles for BTC-260828-70000-C (1h) [Bot: bot-1787212103621-ce48] via ProviderManager...
2026-08-21 21:33:12,251 - ERROR - System Error in runner execution cycle: OPTIONS EXECUTION UNSUPPORTED: Dedicated Options Broker (Deribit API) is not connected for BTC-260828-70000-C. Trading options requires configuring options gateway credentials.
Traceback (most recent call last):
  File "/Users/ashishparadkar/Downloads/algo-code-main/src/live_runner.py", line 199, in process_cycle
    df, _ = self.provider_manager.fetch_ohlcv_safe(self.symbol, self.timeframe, limit=1000)
  File "/Users/ashishparadkar/Downloads/algo-code-main/src/provider_manager.py", line 355, in fetch_ohlcv_safe
    raise non_retryable
  File "/Users/ashishparadkar/Downloads/algo-code-main/src/provider_manager.py", line 351, in fetch_ohlcv_safe
    df = adapter.fetch_ohlcv(instrument, timeframe, limit=limit)
  File "/Users/ashishparadkar/Downloads/algo-code-main/src/provider_manager.py", line 284, in fetch_ohlcv
    raise ccxt.NotSupported(
ccxt.base.errors.NotSupported: OPTIONS EXECUTION UNSUPPORTED: Dedicated Options Broker (Deribit API) is not connected for BTC-260828-70000-C. Trading options requires configuring options gateway credentials.
2026-08-21 21:33:13,114 - WARNING - [bot-1787212103621-ce48] Marked bot as non-retryable configuration error to prevent infinite error storm.
2026-08-21 21:33:15,176 - INFO - Logged heartbeat status: ERROR
2026-08-21 21:33:15,591 - INFO - Adding job tentatively -- it will be properly scheduled when the scheduler starts
2026-08-21 21:33:15,591 - INFO - Bot bot-1787212103621-ce48 scheduled to check every 60 minutes.
2026-08-21 21:33:15,597 - INFO - Added job "LiveRunner.process_cycle" to job store "default"
2026-08-21 21:33:15,598 - INFO - Scheduler started
2026-08-21 22:33:16,289 - INFO - Running job "LiveRunner.process_cycle (trigger: interval[1:00:00], next run at: 2026-08-21 22:33:15 IST)" (scheduled at 2026-08-21 22:33:15.591123+05:30)
2026-08-21 22:33:16,364 - ERROR - [bot-1787212103621-ce48] Halting runner cycle: Bot is configured with unexecutable instrument 'BTC-260828-70000-C'. Error: Fatal Non-Retryable Error: OPTIONS EXECUTION UNSUPPORTED: Dedicated Options Broker (Deribit API) is not connected for BTC-260828-70000-C. Trading options requires configuring options gateway credentials.
2026-08-21 22:33:17,075 - INFO - Job "LiveRunner.process_cycle (trigger: interval[1:00:00], next run at: 2026-08-21 23:33:15 IST)" executed successfully
/Users/ashishparadkar/Downloads/algo-code-main/.venv/lib/python3.9/site-packages/urllib3/__init__.py:35: NotOpenSSLWarning: urllib3 v2 only supports OpenSSL 1.1.1+, currently the 'ssl' module is compiled with 'LibreSSL 2.8.3'. See: https://github.com/urllib3/urllib3/issues/3020
  warnings.warn(
2026-08-21 22:44:36,507 - INFO - Bot state startup reconciliation finished: 0 bot(s) reconciled to STOPPED.
2026-08-21 22:44:37,030 - INFO - Telegram notification service initialized successfully (Chat ID: 5657...)
2026-08-21 22:44:37,177 - INFO - Initializing scheduled trading bot live runner for bot-1787212103621-ce48...
2026-08-21 22:44:37,238 - INFO - SQLite database tables verified/created.
2026-08-21 22:44:38,139 - INFO - Initializing CCXT Binance in TESTNET mode.
2026-08-21 22:45:05,660 - INFO - [bot-1787212103621-ce48] Pre-flight instrument resolved: BTC-260828-70000-C (OPTION via deribit_options)
2026-08-21 22:45:05,726 - INFO - [bot-1787212103621-ce48] Starting signal check cycle for BTC-260828-70000-C (1h)...
2026-08-21 22:45:05,732 - INFO - Fetching recent candles for BTC-260828-70000-C (1h) [Bot: bot-1787212103621-ce48] via ProviderManager...
2026-08-21 22:45:05,732 - ERROR - System Error in runner execution cycle: OPTIONS EXECUTION UNSUPPORTED: Dedicated Options Broker (Deribit API) is not connected for BTC-260828-70000-C. Trading options requires configuring options gateway credentials.
Traceback (most recent call last):
  File "/Users/ashishparadkar/Downloads/algo-code-main/src/live_runner.py", line 199, in process_cycle
    df, _ = self.provider_manager.fetch_ohlcv_safe(self.symbol, self.timeframe, limit=1000)
  File "/Users/ashishparadkar/Downloads/algo-code-main/src/provider_manager.py", line 355, in fetch_ohlcv_safe
    raise non_retryable
  File "/Users/ashishparadkar/Downloads/algo-code-main/src/provider_manager.py", line 351, in fetch_ohlcv_safe
    df = adapter.fetch_ohlcv(instrument, timeframe, limit=limit)
  File "/Users/ashishparadkar/Downloads/algo-code-main/src/provider_manager.py", line 284, in fetch_ohlcv
    raise ccxt.NotSupported(
ccxt.base.errors.NotSupported: OPTIONS EXECUTION UNSUPPORTED: Dedicated Options Broker (Deribit API) is not connected for BTC-260828-70000-C. Trading options requires configuring options gateway credentials.
2026-08-21 22:45:06,607 - WARNING - [bot-1787212103621-ce48] Marked bot as non-retryable configuration error to prevent infinite error storm.
2026-08-21 22:45:07,907 - INFO - Logged heartbeat status: ERROR
2026-08-21 22:45:07,957 - INFO - Adding job tentatively -- it will be properly scheduled when the scheduler starts
2026-08-21 22:45:07,957 - INFO - Bot bot-1787212103621-ce48 scheduled to check every 60 minutes.
2026-08-21 22:45:07,960 - INFO - Added job "LiveRunner.process_cycle" to job store "default"
2026-08-21 22:45:07,960 - INFO - Scheduler started
