2026-08-15 15:40:10,834 - INFO - BotWatchdog thread started.
2026-08-15 15:40:10,834 - INFO - BotWatchdog singleton background thread started.
2026-08-15 15:45:31,062 - INFO - BotWatchdog thread started.
2026-08-15 15:45:31,063 - INFO - BotWatchdog singleton background thread started.
2026-08-15 17:32:01,321 - INFO - Initializing scheduled trading bot live runner for bot-1786786603701-9ce8...
2026-08-15 17:32:01,412 - INFO - SQLite database tables verified/created.
2026-08-15 17:32:01,431 - INFO - Initializing CCXT Binance in TESTNET mode.
2026-08-15 17:38:07,110 - INFO - Initializing scheduled trading bot live runner for bot-1786786603701-9ce8...
2026-08-15 17:38:07,124 - INFO - SQLite database tables verified/created.
2026-08-15 17:54:34,650 - INFO - Initializing scheduled trading bot live runner for bot-1786786603701-9ce8...
2026-08-15 17:54:34,706 - INFO - SQLite database tables verified/created.
2026-08-15 17:54:34,727 - INFO - Initializing CCXT Binance in TESTNET mode.
2026-08-15 19:37:54,636 - INFO - Initializing scheduled trading bot live runner for bot-1786786603701-9ce8...
2026-08-15 19:37:54,691 - INFO - SQLite database tables verified/created.
2026-08-15 19:37:54,709 - INFO - Initializing CCXT Binance in TESTNET mode.
2026-08-15 20:09:30,315 - INFO - Initializing scheduled trading bot live runner for bot-1786786603701-9ce8...
2026-08-15 20:21:58,588 - INFO - BotWatchdog thread started.
2026-08-15 20:21:58,588 - INFO - BotWatchdog singleton background thread started.
2026-08-15 20:21:59,074 - INFO - Initializing scheduled trading bot live runner for bot-1786786603701-9ce8...
2026-08-15 20:21:59,090 - INFO - SQLite database tables verified/created.
2026-08-15 20:21:59,102 - INFO - Initializing CCXT Binance in TESTNET mode.
2026-08-15 20:22:58,477 - INFO - Initializing scheduled trading bot live runner for bot-1786786603701-9ce8...
2026-08-15 20:22:58,500 - INFO - SQLite database tables verified/created.
2026-08-15 20:54:01,805 - INFO - BotWatchdog thread started.
2026-08-15 20:54:01,806 - INFO - BotWatchdog singleton background thread started.
2026-08-15 20:54:01,990 - INFO - Initializing scheduled trading bot live runner for bot-1786786603701-9ce8...
2026-08-15 20:54:06,306 - INFO - SQLite database tables verified/created.
2026-08-15 20:54:06,612 - INFO - Initializing CCXT Binance in TESTNET mode.
2026-08-15 20:54:08,733 - INFO - Initializing CCXT Binance in MAINNET mode (Public endpoints).
2026-08-15 20:54:08,787 - INFO - Sending Telegram alert...
2026-08-15 20:54:19,864 - INFO - Telegram alert sent successfully.
2026-08-15 20:54:19,907 - INFO - [bot-1786786603701-9ce8] Starting signal check cycle for BTC/USDT (5m)...
2026-08-15 20:54:20,295 - INFO - Fetching recent candles for BTC/USDT (5m) [Bot: bot-1786786603701-9ce8]...
2026-08-15 20:54:25,805 - ERROR - Error fetching live OHLCV for BTC/USDT 5m: 
2026-08-15 20:54:25,806 - ERROR - System Error in runner execution cycle: 
Traceback (most recent call last):
  File "H:\algo\algo\btc-bot\src\live_runner.py", line 161, in process_cycle
    df = self.mainnet_fetcher.fetch_live_ohlcv(self.symbol, self.timeframe, limit=1000)
  File "H:\algo\algo\btc-bot\src\data_fetcher.py", line 196, in fetch_live_ohlcv
    raise e
  File "H:\algo\algo\btc-bot\src\data_fetcher.py", line 175, in fetch_live_ohlcv
    candles = self.exchange.fetch_ohlcv(
        symbol=symbol,
        timeframe=timeframe,
        limit=limit
    )
  File "C:\Users\Admin\AppData\Local\Python\pythoncore-3.14-64\Lib\site-packages\ccxt\binance.py", line 4709, in fetch_ohlcv
    self.load_markets()
    ~~~~~~~~~~~~~~~~~^^
  File "C:\Users\Admin\AppData\Local\Python\pythoncore-3.14-64\Lib\site-packages\ccxt\base\exchange.py", line 1816, in load_markets
    markets = self.fetch_markets(params)
  File "C:\Users\Admin\AppData\Local\Python\pythoncore-3.14-64\Lib\site-packages\ccxt\binance.py", line 3241, in fetch_markets
    promisesRaw.append(self.publicGetExchangeInfo(params))
                       ~~~~~~~~~~~~~~~~~~~~~~~~~~^^^^^^^^
  File "C:\Users\Admin\AppData\Local\Python\pythoncore-3.14-64\Lib\site-packages\ccxt\base\types.py", line 35, in unbound_method
    return _self.request(self.path, self.api, self.method, params, config=self.config)
           ~~~~~~~~~~~~~^^^^^^^^^^^^^^^^^^^^^^^^^^^^^^^^^^^^^^^^^^^^^^^^^^^^^^^^^^^^^^
  File "C:\Users\Admin\AppData\Local\Python\pythoncore-3.14-64\Lib\site-packages\ccxt\binance.py", line 11819, in request
    response = self.fetch2(path, api, method, params, headers, body, config)
  File "C:\Users\Admin\AppData\Local\Python\pythoncore-3.14-64\Lib\site-packages\ccxt\base\exchange.py", line 5544, in fetch2
    raise e
  File "C:\Users\Admin\AppData\Local\Python\pythoncore-3.14-64\Lib\site-packages\ccxt\base\exchange.py", line 5525, in fetch2
    response = self.fetch(request['url'], request['method'], request['headers'], request['body'])
  File "C:\Users\Admin\AppData\Local\Python\pythoncore-3.14-64\Lib\site-packages\ccxt\base\exchange.py", line 620, in fetch
    response = self.session.request(
        method,
    ...<6 lines>...
        files=files
    )
  File "C:\Users\Admin\AppData\Local\Python\pythoncore-3.14-64\Lib\site-packages\requests\sessions.py", line 651, in request
    resp = self.send(prep, **send_kwargs)
  File "C:\Users\Admin\AppData\Local\Python\pythoncore-3.14-64\Lib\site-packages\requests\sessions.py", line 827, in send
    r.content
  File "C:\Users\Admin\AppData\Local\Python\pythoncore-3.14-64\Lib\site-packages\requests\models.py", line 1042, in content
    self._content = b"".join(self.iter_content(CONTENT_CHUNK_SIZE)) or b""
                    ~~~~~~~~^^^^^^^^^^^^^^^^^^^^^^^^^^^^^^^^^^^^^^^
MemoryError
2026-08-15 20:55:20,704 - INFO - Sending Telegram alert...
2026-08-15 20:55:47,562 - INFO - Telegram alert sent successfully.
