/Users/ashishparadkar/Downloads/algo-code-main/.venv/lib/python3.9/site-packages/urllib3/__init__.py:35: NotOpenSSLWarning: urllib3 v2 only supports OpenSSL 1.1.1+, currently the 'ssl' module is compiled with 'LibreSSL 2.8.3'. See: https://github.com/urllib3/urllib3/issues/3020
  warnings.warn(
2026-08-21 21:41:35,277 - INFO - Bot state startup reconciliation finished: 0 bot(s) reconciled to STOPPED.
2026-08-21 21:41:40,926 - INFO - Telegram notification service initialized successfully (Chat ID: 5657...)
2026-08-21 21:41:42,578 - INFO - Initializing scheduled trading bot live runner for bot-1787316175463-236a...
2026-08-21 21:41:44,807 - INFO - SQLite database tables verified/created.
2026-08-21 21:41:47,024 - INFO - Initializing CCXT Binance in TESTNET mode.
2026-08-21 21:45:51,575 - INFO - [bot-1787316175463-236a] Pre-flight instrument resolved: ETH/USDT (SPOT via binance_spot)
2026-08-21 21:45:58,187 - INFO - [bot-1787316175463-236a] Starting signal check cycle for ETH/USDT (15m)...
2026-08-21 21:45:59,271 - INFO - Fetching recent candles for ETH/USDT (15m) [Bot: bot-1787316175463-236a] via ProviderManager...
2026-08-21 22:00:15,881 - INFO - Indicators computed | close=2401.92 ema_9=2394.24 ema_20=2391.63 ema_50=2380.43 ema_200=2274.71 macd=3.4440 poc=1900.0 val=1850.0 vah=2300.0
2026-08-21 22:00:18,010 - INFO - [bot-1787316175463-236a] Evaluating strategy on completed candle: 2026-08-21 16:00:00+00:00 at Close price: 2384.74
2026-08-21 22:00:24,960 - INFO - Confluence Evaluation | Regime: RANGING (ADX=19.7) | Direction: HOLD | BullScore: 0.0% | BearScore: 65.2% | Active: ['ema', 'macd', 'rsi', 'vp']
2026-08-21 22:00:27,409 - INFO - Signal evaluated: HOLD. Reason/Details: Confluence score: 65% (HOLD)
2026-08-21 22:00:30,400 - INFO - Logged heartbeat status: OK
2026-08-21 22:00:35,891 - INFO - Adding job tentatively -- it will be properly scheduled when the scheduler starts
2026-08-21 22:00:35,916 - INFO - Bot bot-1787316175463-236a scheduled to check every 15 minutes.
2026-08-21 22:00:37,315 - INFO - Added job "LiveRunner.process_cycle" to job store "default"
2026-08-21 22:00:37,321 - INFO - Scheduler started
2026-08-21 22:15:36,300 - WARNING - Run time of job "LiveRunner.process_cycle (trigger: interval[0:15:00], next run at: 2026-08-21 22:30:35 IST)" was missed by 0:00:01.027551
2026-08-21 22:30:35,299 - INFO - Running job "LiveRunner.process_cycle (trigger: interval[0:15:00], next run at: 2026-08-21 22:45:35 IST)" (scheduled at 2026-08-21 22:30:35.236913+05:30)
2026-08-21 22:30:35,658 - INFO - [bot-1787316175463-236a] Starting signal check cycle for ETH/USDT (15m)...
2026-08-21 22:30:35,970 - INFO - Fetching recent candles for ETH/USDT (15m) [Bot: bot-1787316175463-236a] via ProviderManager...
2026-08-21 22:30:40,321 - INFO - Indicators computed | close=2406.20 ema_9=2399.55 ema_20=2395.10 ema_50=2383.21 ema_200=2278.56 macd=4.9359 poc=1900.0 val=1850.0 vah=2300.0
2026-08-21 22:30:40,340 - INFO - [bot-1787316175463-236a] Evaluating strategy on completed candle: 2026-08-21 16:45:00+00:00 at Close price: 2405.97
2026-08-21 22:30:40,622 - INFO - Confluence Evaluation | Regime: RANGING (ADX=19.8) | Direction: HOLD | BullScore: 67.4% | BearScore: 32.6% | Active: ['ema', 'macd', 'rsi', 'vp']
2026-08-21 22:30:40,752 - INFO - Signal evaluated: HOLD. Reason/Details: Confluence score: 67% (HOLD)
2026-08-21 22:30:41,022 - INFO - Logged heartbeat status: OK
2026-08-21 22:30:41,022 - INFO - Job "LiveRunner.process_cycle (trigger: interval[0:15:00], next run at: 2026-08-21 22:45:35 IST)" executed successfully
