2026-08-16 18:35:37,263 - INFO - Initializing scheduled trading bot live runner for bot-1786885513038-031b...
2026-08-16 18:35:38,405 - INFO - SQLite database tables verified/created.
2026-08-16 18:35:38,551 - INFO - Initializing CCXT Binance in TESTNET mode.
2026-08-16 18:35:39,913 - INFO - Initializing CCXT Binance in MAINNET mode (Public endpoints).
2026-08-16 18:35:41,510 - INFO - Sending Telegram alert...
2026-08-16 18:35:51,516 - INFO - Telegram alert sent successfully.
2026-08-16 18:35:51,954 - INFO - [bot-1786885513038-031b] Starting signal check cycle for ETH/USDT (15m)...
2026-08-16 18:35:53,285 - INFO - Fetching recent candles for ETH/USDT (15m) [Bot: bot-1786885513038-031b]...
2026-08-16 18:35:57,156 - INFO - Indicators computed | close=1880.22 ema_9=1880.25 ema_20=1880.54 ema_50=1881.22 ema_200=1882.12 macd=-0.3516 poc=1875.0 val=1875.0 vah=1900.0
2026-08-16 18:35:57,157 - INFO - [bot-1786885513038-031b] Evaluating strategy on completed candle: 2026-08-16T12:45:00+00:00 at Close price: 1879.83
2026-08-16 18:36:01,893 - INFO - Confluence Evaluation | Regime: RANGING (ADX=22.0) | Direction: HOLD | BullScore: 32.6% | BearScore: 67.4% | Active: ['ema', 'macd', 'rsi', 'vp']
2026-08-16 18:36:13,143 - ERROR - Error logging bot decision for bot-1786885513038-031b: database is locked
2026-08-16 18:36:29,008 - ERROR - Error logging signal to DB: database is locked
2026-08-16 18:36:29,009 - INFO - Signal evaluated: HOLD. Reason/Details: Confluence score: 67% (HOLD)
2026-08-16 18:36:34,137 - INFO - Logged heartbeat status: OK
2026-08-16 18:36:34,140 - INFO - Adding job tentatively -- it will be properly scheduled when the scheduler starts
2026-08-16 18:36:34,140 - INFO - Bot bot-1786885513038-031b scheduled to check every 15 minutes.
2026-08-16 18:36:34,140 - INFO - Added job "LiveRunner.process_cycle" to job store "default"
2026-08-16 18:36:34,140 - INFO - Scheduler started
2026-08-16 19:06:03,813 - INFO - Initializing scheduled trading bot live runner for bot-1786885513038-031b...
2026-08-16 19:06:04,122 - INFO - SQLite database tables verified/created.
2026-08-16 19:06:04,141 - INFO - Initializing CCXT Binance in TESTNET mode.
2026-08-16 19:06:05,769 - INFO - Initializing CCXT Binance in MAINNET mode (Public endpoints).
2026-08-16 19:06:06,018 - INFO - Sending Telegram alert...
2026-08-16 19:06:08,964 - INFO - Telegram alert sent successfully.
2026-08-16 19:06:08,985 - INFO - [bot-1786885513038-031b] Starting signal check cycle for ETH/USDT (15m)...
2026-08-16 19:06:08,991 - INFO - Fetching recent candles for ETH/USDT (15m) [Bot: bot-1786885513038-031b]...
2026-08-16 19:06:11,038 - ERROR - Error fetching live OHLCV for ETH/USDT 15m: 
2026-08-16 19:06:11,039 - ERROR - System Error in runner execution cycle: 
Traceback (most recent call last):
  File "H:\algo\algo\btc-bot\src\live_runner.py", line 167, in process_cycle
    df = self.mainnet_fetcher.fetch_live_ohlcv(self.symbol, self.timeframe, limit=1000)
  File "H:\algo\algo\btc-bot\src\data_fetcher.py", line 196, in fetch_live_ohlcv
    raise e
  File "H:\algo\algo\btc-bot\src\data_fetcher.py", line 175, in fetch_live_ohlcv
    candles = self.exchange.fetch_ohlcv(
        symbol=symbol,
        timeframe=timeframe,
        limit=limit
    )
  File "H:\algo\algo\.venv\Lib\site-packages\ccxt\binance.py", line 4713, in fetch_ohlcv
    self.load_markets()
    ~~~~~~~~~~~~~~~~~^^
  File "H:\algo\algo\.venv\Lib\site-packages\ccxt\base\exchange.py", line 1816, in load_markets
    markets = self.fetch_markets(params)
  File "H:\algo\algo\.venv\Lib\site-packages\ccxt\binance.py", line 3241, in fetch_markets
    promisesRaw.append(self.publicGetExchangeInfo(params))
                       ~~~~~~~~~~~~~~~~~~~~~~~~~~^^^^^^^^
  File "H:\algo\algo\.venv\Lib\site-packages\ccxt\base\types.py", line 35, in unbound_method
    return _self.request(self.path, self.api, self.method, params, config=self.config)
           ~~~~~~~~~~~~~^^^^^^^^^^^^^^^^^^^^^^^^^^^^^^^^^^^^^^^^^^^^^^^^^^^^^^^^^^^^^^
  File "H:\algo\algo\.venv\Lib\site-packages\ccxt\binance.py", line 11823, in request
    response = self.fetch2(path, api, method, params, headers, body, config)
  File "H:\algo\algo\.venv\Lib\site-packages\ccxt\base\exchange.py", line 5544, in fetch2
    raise e
  File "H:\algo\algo\.venv\Lib\site-packages\ccxt\base\exchange.py", line 5525, in fetch2
    response = self.fetch(request['url'], request['method'], request['headers'], request['body'])
  File "H:\algo\algo\.venv\Lib\site-packages\ccxt\base\exchange.py", line 635, in fetch
    http_response = self.on_rest_response(http_status_code, http_status_text, url, method, headers, response.text, request_headers, request_body)
                                                                                                    ^^^^^^^^^^^^^
  File "H:\algo\algo\.venv\Lib\site-packages\requests\models.py", line 1075, in text
    content = str(self.content, encoding or "utf-8", errors="replace")
MemoryError
2026-08-16 19:06:13,980 - INFO - Sending Telegram alert...
2026-08-16 19:06:27,311 - ERROR - Error logging Telegram event: database is locked
2026-08-16 19:06:27,417 - INFO - Telegram alert sent successfully.
2026-08-16 19:06:38,181 - ERROR - Error logging heartbeat to DB: database is locked
2026-08-16 19:06:48,096 - INFO - Logged heartbeat status: ERROR
2026-08-16 19:06:48,098 - INFO - Adding job tentatively -- it will be properly scheduled when the scheduler starts
2026-08-16 19:06:48,098 - INFO - Bot bot-1786885513038-031b scheduled to check every 15 minutes.
2026-08-16 19:06:48,098 - INFO - Added job "LiveRunner.process_cycle" to job store "default"
2026-08-16 19:06:48,098 - INFO - Scheduler started
2026-08-16 19:11:40,661 - INFO - Initializing scheduled trading bot live runner for bot-1786885513038-031b...
2026-08-16 19:11:42,984 - INFO - SQLite database tables verified/created.
2026-08-16 19:11:46,004 - INFO - Initializing CCXT Binance in TESTNET mode.
2026-08-16 19:11:48,824 - INFO - Initializing CCXT Binance in MAINNET mode (Public endpoints).
2026-08-16 19:11:49,021 - INFO - Sending Telegram alert...
2026-08-16 19:11:51,564 - INFO - Telegram alert sent successfully.
2026-08-16 19:11:51,671 - INFO - [bot-1786885513038-031b] Starting signal check cycle for ETH/USDT (15m)...
2026-08-16 19:11:51,791 - INFO - Fetching recent candles for ETH/USDT (15m) [Bot: bot-1786885513038-031b]...
2026-08-16 19:11:56,206 - ERROR - Error fetching live OHLCV for ETH/USDT 15m: 
2026-08-16 19:11:56,207 - ERROR - System Error in runner execution cycle: 
Traceback (most recent call last):
  File "H:\algo\algo\btc-bot\src\live_runner.py", line 167, in process_cycle
    df = self.mainnet_fetcher.fetch_live_ohlcv(self.symbol, self.timeframe, limit=1000)
  File "H:\algo\algo\btc-bot\src\data_fetcher.py", line 196, in fetch_live_ohlcv
    raise e
  File "H:\algo\algo\btc-bot\src\data_fetcher.py", line 175, in fetch_live_ohlcv
    candles = self.exchange.fetch_ohlcv(
        symbol=symbol,
        timeframe=timeframe,
        limit=limit
    )
  File "H:\algo\algo\.venv\Lib\site-packages\ccxt\binance.py", line 4713, in fetch_ohlcv
    self.load_markets()
    ~~~~~~~~~~~~~~~~~^^
  File "H:\algo\algo\.venv\Lib\site-packages\ccxt\base\exchange.py", line 1816, in load_markets
    markets = self.fetch_markets(params)
  File "H:\algo\algo\.venv\Lib\site-packages\ccxt\binance.py", line 3241, in fetch_markets
    promisesRaw.append(self.publicGetExchangeInfo(params))
                       ~~~~~~~~~~~~~~~~~~~~~~~~~~^^^^^^^^
  File "H:\algo\algo\.venv\Lib\site-packages\ccxt\base\types.py", line 35, in unbound_method
    return _self.request(self.path, self.api, self.method, params, config=self.config)
           ~~~~~~~~~~~~~^^^^^^^^^^^^^^^^^^^^^^^^^^^^^^^^^^^^^^^^^^^^^^^^^^^^^^^^^^^^^^
  File "H:\algo\algo\.venv\Lib\site-packages\ccxt\binance.py", line 11823, in request
    response = self.fetch2(path, api, method, params, headers, body, config)
  File "H:\algo\algo\.venv\Lib\site-packages\ccxt\base\exchange.py", line 5544, in fetch2
    raise e
  File "H:\algo\algo\.venv\Lib\site-packages\ccxt\base\exchange.py", line 5525, in fetch2
    response = self.fetch(request['url'], request['method'], request['headers'], request['body'])
  File "H:\algo\algo\.venv\Lib\site-packages\ccxt\base\exchange.py", line 635, in fetch
    http_response = self.on_rest_response(http_status_code, http_status_text, url, method, headers, response.text, request_headers, request_body)
                                                                                                    ^^^^^^^^^^^^^
  File "H:\algo\algo\.venv\Lib\site-packages\requests\models.py", line 1075, in text
    content = str(self.content, encoding or "utf-8", errors="replace")
MemoryError
2026-08-16 19:12:09,724 - ERROR - Error logging system error to DB: database is locked
2026-08-16 19:12:20,769 - ERROR - Error logging bot activity for bot-1786885513038-031b: database is locked
2026-08-16 19:12:28,964 - INFO - Sending Telegram alert...
2026-08-16 19:12:33,572 - INFO - Telegram alert sent successfully.
2026-08-16 19:12:35,178 - INFO - Logged heartbeat status: ERROR
2026-08-16 19:12:35,181 - INFO - Adding job tentatively -- it will be properly scheduled when the scheduler starts
2026-08-16 19:12:35,182 - INFO - Bot bot-1786885513038-031b scheduled to check every 15 minutes.
2026-08-16 19:12:35,182 - INFO - Added job "LiveRunner.process_cycle" to job store "default"
2026-08-16 19:12:35,182 - INFO - Scheduler started
