/Users/ashishparadkar/Downloads/algo-code-main/.venv/lib/python3.9/site-packages/urllib3/__init__.py:35: NotOpenSSLWarning: urllib3 v2 only supports OpenSSL 1.1.1+, currently the 'ssl' module is compiled with 'LibreSSL 2.8.3'. See: https://github.com/urllib3/urllib3/issues/3020
  warnings.warn(
2026-08-21 21:44:49,685 - INFO - Bot state startup reconciliation finished: 0 bot(s) reconciled to STOPPED.
2026-08-21 21:44:54,769 - INFO - Telegram notification service initialized successfully (Chat ID: 5657...)
2026-08-21 21:44:55,788 - INFO - Initializing scheduled trading bot live runner for bot-1787324706090-2716...
2026-08-21 21:44:57,108 - INFO - SQLite database tables verified/created.
2026-08-21 21:44:59,484 - INFO - Initializing CCXT Binance in TESTNET mode.
2026-08-21 21:46:51,824 - INFO - [bot-1787324706090-2716] Pre-flight instrument resolved: BTC/USDT (SPOT via binance_spot)
2026-08-21 21:46:54,788 - INFO - [bot-1787324706090-2716] Starting signal check cycle for BTC/USDT (5m)...
2026-08-21 21:46:55,404 - INFO - Fetching recent candles for BTC/USDT (5m) [Bot: bot-1787324706090-2716] via ProviderManager...
2026-08-21 21:57:34,643 - INFO - Indicators computed | close=77115.87 ema_9=77161.43 ema_20=77233.29 ema_50=77221.24 ema_200=76090.85 macd=-44.9883 poc=64250.0 val=64025.0 vah=74400.0
2026-08-21 21:57:37,698 - INFO - [bot-1787324706090-2716] Evaluating strategy on completed candle: 2026-08-21 16:20:00+00:00 at Close price: 77150.00
2026-08-21 21:57:47,701 - INFO - Confluence Evaluation | Regime: TRENDING (ADX=38.1) | Direction: HOLD | BullScore: 0.0% | BearScore: 67.4% | Active: ['ema', 'macd', 'rsi', 'vp']
2026-08-21 21:57:50,880 - INFO - Signal evaluated: HOLD. Reason/Details: Confluence score: 67% (HOLD)
2026-08-21 21:57:55,101 - INFO - Logged heartbeat status: OK
2026-08-21 21:58:03,784 - INFO - Adding job tentatively -- it will be properly scheduled when the scheduler starts
2026-08-21 21:58:03,802 - INFO - Bot bot-1787324706090-2716 scheduled to check every 5 minutes.
2026-08-21 21:58:05,967 - INFO - Added job "LiveRunner.process_cycle" to job store "default"
2026-08-21 21:58:06,380 - INFO - Scheduler started
2026-08-21 22:03:04,195 - WARNING - Run time of job "LiveRunner.process_cycle (trigger: interval[0:05:00], next run at: 2026-08-21 22:08:02 IST)" was missed by 0:00:01.234506
2026-08-21 22:08:02,938 - INFO - Running job "LiveRunner.process_cycle (trigger: interval[0:05:00], next run at: 2026-08-21 22:13:02 IST)" (scheduled at 2026-08-21 22:08:02.897479+05:30)
2026-08-21 22:08:03,271 - INFO - [bot-1787324706090-2716] Starting signal check cycle for BTC/USDT (5m)...
2026-08-21 22:08:03,462 - INFO - Fetching recent candles for BTC/USDT (5m) [Bot: bot-1787324706090-2716] via ProviderManager...
2026-08-21 22:08:06,761 - INFO - Indicators computed | close=77291.54 ema_9=77250.03 ema_20=77268.76 ema_50=77238.10 ema_200=76117.70 macd=-9.4611 poc=69350.0 val=64025.0 vah=74475.0
2026-08-21 22:08:06,772 - INFO - [bot-1787324706090-2716] Evaluating strategy on completed candle: 2026-08-21 16:30:00+00:00 at Close price: 77338.12
2026-08-21 22:08:06,913 - INFO - Confluence Evaluation | Regime: TRENDING (ADX=39.7) | Direction: HOLD | BullScore: 32.6% | BearScore: 67.4% | Active: ['ema', 'macd', 'rsi', 'vp']
2026-08-21 22:08:07,055 - INFO - Signal evaluated: HOLD. Reason/Details: Confluence score: 67% (HOLD)
2026-08-21 22:08:07,389 - INFO - Logged heartbeat status: OK
2026-08-21 22:08:07,389 - INFO - Job "LiveRunner.process_cycle (trigger: interval[0:05:00], next run at: 2026-08-21 22:13:02 IST)" executed successfully
2026-08-21 22:13:02,965 - INFO - Running job "LiveRunner.process_cycle (trigger: interval[0:05:00], next run at: 2026-08-21 22:13:02 IST)" (scheduled at 2026-08-21 22:13:02.897479+05:30)
2026-08-21 22:13:03,031 - INFO - [bot-1787324706090-2716] Starting signal check cycle for BTC/USDT (5m)...
2026-08-21 22:13:03,119 - INFO - Fetching recent candles for BTC/USDT (5m) [Bot: bot-1787324706090-2716] via ProviderManager...
2026-08-21 22:13:03,717 - INFO - Indicators computed | close=77278.54 ema_9=77259.69 ema_20=77271.82 ema_50=77240.62 ema_200=76129.49 macd=-5.5608 poc=69350.0 val=64025.0 vah=74475.0
2026-08-21 22:13:03,719 - INFO - [bot-1787324706090-2716] Evaluating strategy on completed candle: 2026-08-21 16:35:00+00:00 at Close price: 77316.28
2026-08-21 22:13:03,807 - INFO - Confluence Evaluation | Regime: TRENDING (ADX=39.7) | Direction: HOLD | BullScore: 32.6% | BearScore: 67.4% | Active: ['ema', 'macd', 'rsi', 'vp']
2026-08-21 22:13:03,925 - INFO - Signal evaluated: HOLD. Reason/Details: Confluence score: 67% (HOLD)
2026-08-21 22:13:04,183 - INFO - Logged heartbeat status: OK
2026-08-21 22:13:04,184 - INFO - Job "LiveRunner.process_cycle (trigger: interval[0:05:00], next run at: 2026-08-21 22:18:02 IST)" executed successfully
2026-08-21 22:18:02,916 - INFO - Running job "LiveRunner.process_cycle (trigger: interval[0:05:00], next run at: 2026-08-21 22:23:02 IST)" (scheduled at 2026-08-21 22:18:02.897479+05:30)
2026-08-21 22:18:02,936 - INFO - [bot-1787324706090-2716] Starting signal check cycle for BTC/USDT (5m)...
2026-08-21 22:18:02,982 - INFO - Fetching recent candles for BTC/USDT (5m) [Bot: bot-1787324706090-2716] via ProviderManager...
2026-08-21 22:18:04,762 - INFO - Indicators computed | close=77445.08 ema_9=77310.13 ema_20=77295.52 ema_50=77251.79 ema_200=76143.41 macd=14.4401 poc=69350.0 val=64025.0 vah=74500.0
2026-08-21 22:18:04,771 - INFO - [bot-1787324706090-2716] Evaluating strategy on completed candle: 2026-08-21 16:40:00+00:00 at Close price: 77362.04
2026-08-21 22:18:06,104 - INFO - Confluence Evaluation | Regime: TRENDING (ADX=40.2) | Direction: HOLD | BullScore: 32.6% | BearScore: 34.8% | Active: ['ema', 'macd', 'rsi', 'vp']
2026-08-21 22:18:06,530 - INFO - Signal evaluated: HOLD. Reason/Details: Confluence score: 35% (HOLD)
2026-08-21 22:18:07,051 - INFO - Logged heartbeat status: OK
2026-08-21 22:18:07,052 - INFO - Job "LiveRunner.process_cycle (trigger: interval[0:05:00], next run at: 2026-08-21 22:23:02 IST)" executed successfully
2026-08-21 22:23:02,975 - INFO - Running job "LiveRunner.process_cycle (trigger: interval[0:05:00], next run at: 2026-08-21 22:28:02 IST)" (scheduled at 2026-08-21 22:23:02.897479+05:30)
2026-08-21 22:23:03,065 - INFO - [bot-1787324706090-2716] Starting signal check cycle for BTC/USDT (5m)...
2026-08-21 22:23:03,128 - INFO - Fetching recent candles for BTC/USDT (5m) [Bot: bot-1787324706090-2716] via ProviderManager...
2026-08-21 22:23:03,802 - INFO - Indicators computed | close=77464.00 ema_9=77354.52 ema_20=77318.90 ema_50=77263.32 ema_200=76157.38 macd=31.4783 poc=69350.0 val=64025.0 vah=74525.0
2026-08-21 22:23:03,803 - INFO - [bot-1787324706090-2716] Evaluating strategy on completed candle: 2026-08-21 16:45:00+00:00 at Close price: 77530.19
2026-08-21 22:23:03,968 - INFO - LONG signal blocked | Location blocked (Close 77530.19 outside Value Area [62744.50 - 76015.50], VAL=64025.00, VAH=74525.00) | context={'close': 77530.19, 'ema_9': 77327.14786556269, 'ema_20': 77303.62543003306, 'ema_50': 77255.12450110391, 'ema_200': 76144.25262187838, 'macd_line': 21.229475276821177, 'macd_signal': 6.32280964717363, 'macd_hist': 14.906665629647547, 'poc': np.float64(69350.0), 'val': np.float64(64025.0), 'vah': np.float64(74525.0)}
2026-08-21 22:23:03,995 - INFO - Confluence Evaluation | Regime: TRENDING (ADX=39.6) | Direction: HOLD | BullScore: 65.2% | BearScore: 34.8% | Active: ['ema', 'macd', 'rsi', 'vp']
2026-08-21 22:23:04,102 - INFO - Signal evaluated: HOLD. Reason/Details: LONG setup blocked: Location blocked (Close 77530.19 outside Value Area [62744.50 - 76015.50], VAL=64025.00, VAH=74525.00)
2026-08-21 22:23:04,547 - INFO - Logged heartbeat status: OK
2026-08-21 22:23:04,548 - INFO - Job "LiveRunner.process_cycle (trigger: interval[0:05:00], next run at: 2026-08-21 22:28:02 IST)" executed successfully
2026-08-21 22:28:02,910 - INFO - Running job "LiveRunner.process_cycle (trigger: interval[0:05:00], next run at: 2026-08-21 22:33:02 IST)" (scheduled at 2026-08-21 22:28:02.897479+05:30)
2026-08-21 22:28:02,920 - INFO - [bot-1787324706090-2716] Starting signal check cycle for BTC/USDT (5m)...
2026-08-21 22:28:02,932 - INFO - Fetching recent candles for BTC/USDT (5m) [Bot: bot-1787324706090-2716] via ProviderManager...
2026-08-21 22:28:03,445 - INFO - Indicators computed | close=77516.36 ema_9=77387.85 ema_20=77338.22 ema_50=77273.47 ema_200=76170.97 macd=43.6957 poc=69350.0 val=64025.0 vah=74550.0
2026-08-21 22:28:03,445 - INFO - [bot-1787324706090-2716] Evaluating strategy on completed candle: 2026-08-21 16:50:00+00:00 at Close price: 77470.00
2026-08-21 22:28:03,522 - INFO - Confluence Evaluation | Regime: TRENDING (ADX=39.0) | Direction: HOLD | BullScore: 65.2% | BearScore: 34.8% | Active: ['ema', 'macd', 'rsi', 'vp']
2026-08-21 22:28:03,631 - INFO - Signal evaluated: HOLD. Reason/Details: Confluence score: 65% (HOLD)
2026-08-21 22:28:03,850 - INFO - Logged heartbeat status: OK
2026-08-21 22:28:03,850 - INFO - Job "LiveRunner.process_cycle (trigger: interval[0:05:00], next run at: 2026-08-21 22:33:02 IST)" executed successfully
2026-08-21 22:33:02,932 - INFO - Running job "LiveRunner.process_cycle (trigger: interval[0:05:00], next run at: 2026-08-21 22:38:02 IST)" (scheduled at 2026-08-21 22:33:02.897479+05:30)
2026-08-21 22:33:03,012 - INFO - [bot-1787324706090-2716] Starting signal check cycle for BTC/USDT (5m)...
2026-08-21 22:33:03,092 - INFO - Fetching recent candles for BTC/USDT (5m) [Bot: bot-1787324706090-2716] via ProviderManager...
2026-08-21 22:33:05,312 - INFO - Indicators computed | close=77590.76 ema_9=77423.57 ema_20=77359.66 ema_50=77284.76 ema_200=76184.79 macd=56.4605 poc=69350.0 val=64025.0 vah=74550.0
2026-08-21 22:33:05,315 - INFO - [bot-1787324706090-2716] Evaluating strategy on completed candle: 2026-08-21 16:55:00+00:00 at Close price: 77486.01
2026-08-21 22:33:05,658 - INFO - Confluence Evaluation | Regime: TRENDING (ADX=37.1) | Direction: LONG | BullScore: 82.6% | BearScore: 17.4% | Active: ['ema', 'macd', 'rsi', 'vp']
2026-08-21 22:33:05,828 - INFO - Capping position size 0.309004 BTC to available cash equivalent 0.064528 BTC.
2026-08-21 22:33:06,129 - INFO - Created pending signal approval ID 254 for bot bot-1787324706090-2716 (LONG @ $77486.01, status: WAITING_APPROVAL)
2026-08-21 22:33:06,363 - INFO - [bot-1787324706090-2716] Signal LONG generated (ID: 254). Waiting for manual user approval.
2026-08-21 22:33:06,769 - INFO - Logged heartbeat status: OK
2026-08-21 22:33:06,770 - INFO - Job "LiveRunner.process_cycle (trigger: interval[0:05:00], next run at: 2026-08-21 22:38:02 IST)" executed successfully
2026-08-21 22:38:02,997 - INFO - Running job "LiveRunner.process_cycle (trigger: interval[0:05:00], next run at: 2026-08-21 22:43:02 IST)" (scheduled at 2026-08-21 22:38:02.897479+05:30)
2026-08-21 22:38:03,029 - INFO - [bot-1787324706090-2716] Starting signal check cycle for BTC/USDT (5m)...
2026-08-21 22:38:03,078 - INFO - Fetching recent candles for BTC/USDT (5m) [Bot: bot-1787324706090-2716] via ProviderManager...
2026-08-21 22:38:03,530 - INFO - Indicators computed | close=77624.00 ema_9=77452.66 ema_20=77378.91 ema_50=77295.48 ema_200=76198.44 macd=66.1315 poc=69350.0 val=64025.0 vah=74575.0
2026-08-21 22:38:03,531 - INFO - [bot-1787324706090-2716] Evaluating strategy on completed candle: 2026-08-21 17:00:00+00:00 at Close price: 77522.00
2026-08-21 22:38:03,600 - INFO - Confluence Evaluation | Regime: TRENDING (ADX=34.7) | Direction: LONG | BullScore: 82.6% | BearScore: 17.4% | Active: ['ema', 'macd', 'rsi', 'vp']
2026-08-21 22:38:03,692 - INFO - Capping position size 0.307437 BTC to available cash equivalent 0.064498 BTC.
2026-08-21 22:38:03,701 - INFO - [bot-1787324706090-2716] Signal LONG active pending approval already exists (ID: 254).
2026-08-21 22:38:03,923 - INFO - Logged heartbeat status: OK
2026-08-21 22:38:03,924 - INFO - Job "LiveRunner.process_cycle (trigger: interval[0:05:00], next run at: 2026-08-21 22:43:02 IST)" executed successfully
