/Users/ashishparadkar/Downloads/algo-code-main/.venv/lib/python3.9/site-packages/urllib3/__init__.py:35: NotOpenSSLWarning: urllib3 v2 only supports OpenSSL 1.1.1+, currently the 'ssl' module is compiled with 'LibreSSL 2.8.3'. See: https://github.com/urllib3/urllib3/issues/3020
  warnings.warn(
2026-08-20 22:17:55,242 - INFO - Bot state startup reconciliation finished: 0 bot(s) reconciled to STOPPED.
2026-08-20 22:17:56,574 - INFO - Telegram notification service initialized successfully (Chat ID: 5657...)
2026-08-20 22:17:56,616 - INFO - Initializing scheduled trading bot live runner for bot-1787212339564-732b...
2026-08-20 22:17:57,221 - INFO - SQLite database tables verified/created.
2026-08-20 22:17:57,922 - INFO - Initializing CCXT Binance in TESTNET mode.
2026-08-20 22:18:28,509 - INFO - [bot-1787212339564-732b] Pre-flight instrument resolved: BTC-260828-70000-C (OPTION via deribit_options)
2026-08-20 22:18:28,552 - INFO - [bot-1787212339564-732b] Starting signal check cycle for BTC-260828-70000-C (1h)...
2026-08-20 22:18:29,261 - INFO - Fetching recent candles for BTC-260828-70000-C (1h) [Bot: bot-1787212339564-732b] via ProviderManager...
2026-08-20 22:18:29,262 - ERROR - System Error in runner execution cycle: OPTIONS EXECUTION UNSUPPORTED: Dedicated Options Broker (Deribit API) is not connected for BTC-260828-70000-C. Trading options requires configuring options gateway credentials.
Traceback (most recent call last):
  File "/Users/ashishparadkar/Downloads/algo-code-main/src/live_runner.py", line 199, in process_cycle
    df, _ = self.provider_manager.fetch_ohlcv_safe(self.symbol, self.timeframe, limit=1000)
  File "/Users/ashishparadkar/Downloads/algo-code-main/src/provider_manager.py", line 355, in fetch_ohlcv_safe
    raise non_retryable
  File "/Users/ashishparadkar/Downloads/algo-code-main/src/provider_manager.py", line 351, in fetch_ohlcv_safe
    df = adapter.fetch_ohlcv(instrument, timeframe, limit=limit)
  File "/Users/ashishparadkar/Downloads/algo-code-main/src/provider_manager.py", line 284, in fetch_ohlcv
    raise ccxt.NotSupported(
ccxt.base.errors.NotSupported: OPTIONS EXECUTION UNSUPPORTED: Dedicated Options Broker (Deribit API) is not connected for BTC-260828-70000-C. Trading options requires configuring options gateway credentials.
2026-08-20 22:18:30,858 - WARNING - [bot-1787212339564-732b] Marked bot as non-retryable configuration error to prevent infinite error storm.
2026-08-20 22:18:32,249 - INFO - Logged heartbeat status: ERROR
2026-08-20 22:18:32,279 - INFO - Adding job tentatively -- it will be properly scheduled when the scheduler starts
2026-08-20 22:18:32,279 - INFO - Bot bot-1787212339564-732b scheduled to check every 60 minutes.
2026-08-20 22:18:32,283 - INFO - Added job "LiveRunner.process_cycle" to job store "default"
2026-08-20 22:18:32,283 - INFO - Scheduler started
/Users/ashishparadkar/Downloads/algo-code-main/.venv/lib/python3.9/site-packages/urllib3/__init__.py:35: NotOpenSSLWarning: urllib3 v2 only supports OpenSSL 1.1.1+, currently the 'ssl' module is compiled with 'LibreSSL 2.8.3'. See: https://github.com/urllib3/urllib3/issues/3020
  warnings.warn(
2026-08-21 06:21:24,061 - INFO - Bot state startup reconciliation finished: 0 bot(s) reconciled to STOPPED.
2026-08-21 06:21:25,294 - INFO - Telegram notification service initialized successfully (Chat ID: 5657...)
2026-08-21 06:21:25,594 - INFO - Initializing scheduled trading bot live runner for bot-1787212339564-732b...
2026-08-21 06:21:25,653 - INFO - SQLite database tables verified/created.
2026-08-21 06:21:26,113 - INFO - Initializing CCXT Binance in TESTNET mode.
2026-08-21 06:21:55,366 - INFO - [bot-1787212339564-732b] Pre-flight instrument resolved: BTC-260828-70000-C (OPTION via deribit_options)
2026-08-21 06:21:55,426 - INFO - [bot-1787212339564-732b] Starting signal check cycle for BTC-260828-70000-C (1h)...
2026-08-21 06:21:55,439 - INFO - Fetching recent candles for BTC-260828-70000-C (1h) [Bot: bot-1787212339564-732b] via ProviderManager...
2026-08-21 06:21:55,442 - ERROR - System Error in runner execution cycle: OPTIONS EXECUTION UNSUPPORTED: Dedicated Options Broker (Deribit API) is not connected for BTC-260828-70000-C. Trading options requires configuring options gateway credentials.
Traceback (most recent call last):
  File "/Users/ashishparadkar/Downloads/algo-code-main/src/live_runner.py", line 199, in process_cycle
    df, _ = self.provider_manager.fetch_ohlcv_safe(self.symbol, self.timeframe, limit=1000)
  File "/Users/ashishparadkar/Downloads/algo-code-main/src/provider_manager.py", line 355, in fetch_ohlcv_safe
    raise non_retryable
  File "/Users/ashishparadkar/Downloads/algo-code-main/src/provider_manager.py", line 351, in fetch_ohlcv_safe
    df = adapter.fetch_ohlcv(instrument, timeframe, limit=limit)
  File "/Users/ashishparadkar/Downloads/algo-code-main/src/provider_manager.py", line 284, in fetch_ohlcv
    raise ccxt.NotSupported(
ccxt.base.errors.NotSupported: OPTIONS EXECUTION UNSUPPORTED: Dedicated Options Broker (Deribit API) is not connected for BTC-260828-70000-C. Trading options requires configuring options gateway credentials.
2026-08-21 06:21:57,070 - WARNING - [bot-1787212339564-732b] Marked bot as non-retryable configuration error to prevent infinite error storm.
2026-08-21 06:21:57,571 - INFO - Logged heartbeat status: ERROR
2026-08-21 06:21:57,584 - INFO - Adding job tentatively -- it will be properly scheduled when the scheduler starts
2026-08-21 06:21:57,584 - INFO - Bot bot-1787212339564-732b scheduled to check every 60 minutes.
2026-08-21 06:21:57,588 - INFO - Added job "LiveRunner.process_cycle" to job store "default"
2026-08-21 06:21:57,589 - INFO - Scheduler started
/Users/ashishparadkar/Downloads/algo-code-main/.venv/lib/python3.9/site-packages/urllib3/__init__.py:35: NotOpenSSLWarning: urllib3 v2 only supports OpenSSL 1.1.1+, currently the 'ssl' module is compiled with 'LibreSSL 2.8.3'. See: https://github.com/urllib3/urllib3/issues/3020
  warnings.warn(
2026-08-21 12:14:05,544 - INFO - Bot state startup reconciliation finished: 0 bot(s) reconciled to STOPPED.
2026-08-21 12:14:06,475 - INFO - Telegram notification service initialized successfully (Chat ID: 5657...)
2026-08-21 12:14:06,485 - INFO - Initializing scheduled trading bot live runner for bot-1787212339564-732b...
2026-08-21 12:14:07,268 - INFO - SQLite database tables verified/created.
2026-08-21 12:14:07,964 - INFO - Initializing CCXT Binance in TESTNET mode.
2026-08-21 12:14:37,798 - INFO - [bot-1787212339564-732b] Pre-flight instrument resolved: BTC-260828-70000-C (OPTION via deribit_options)
2026-08-21 12:14:38,531 - INFO - [bot-1787212339564-732b] Starting signal check cycle for BTC-260828-70000-C (1h)...
2026-08-21 12:14:38,572 - INFO - Fetching recent candles for BTC-260828-70000-C (1h) [Bot: bot-1787212339564-732b] via ProviderManager...
2026-08-21 12:14:38,579 - ERROR - System Error in runner execution cycle: OPTIONS EXECUTION UNSUPPORTED: Dedicated Options Broker (Deribit API) is not connected for BTC-260828-70000-C. Trading options requires configuring options gateway credentials.
Traceback (most recent call last):
  File "/Users/ashishparadkar/Downloads/algo-code-main/src/live_runner.py", line 199, in process_cycle
    df, _ = self.provider_manager.fetch_ohlcv_safe(self.symbol, self.timeframe, limit=1000)
  File "/Users/ashishparadkar/Downloads/algo-code-main/src/provider_manager.py", line 355, in fetch_ohlcv_safe
    raise non_retryable
  File "/Users/ashishparadkar/Downloads/algo-code-main/src/provider_manager.py", line 351, in fetch_ohlcv_safe
    df = adapter.fetch_ohlcv(instrument, timeframe, limit=limit)
  File "/Users/ashishparadkar/Downloads/algo-code-main/src/provider_manager.py", line 284, in fetch_ohlcv
    raise ccxt.NotSupported(
ccxt.base.errors.NotSupported: OPTIONS EXECUTION UNSUPPORTED: Dedicated Options Broker (Deribit API) is not connected for BTC-260828-70000-C. Trading options requires configuring options gateway credentials.
2026-08-21 12:14:39,902 - WARNING - [bot-1787212339564-732b] Marked bot as non-retryable configuration error to prevent infinite error storm.
2026-08-21 12:14:41,258 - INFO - Logged heartbeat status: ERROR
2026-08-21 12:14:41,291 - INFO - Adding job tentatively -- it will be properly scheduled when the scheduler starts
2026-08-21 12:14:41,291 - INFO - Bot bot-1787212339564-732b scheduled to check every 60 minutes.
2026-08-21 12:14:41,297 - INFO - Added job "LiveRunner.process_cycle" to job store "default"
2026-08-21 12:14:41,297 - INFO - Scheduler started
2026-08-21 13:14:41,788 - INFO - Running job "LiveRunner.process_cycle (trigger: interval[1:00:00], next run at: 2026-08-21 14:14:41 IST)" (scheduled at 2026-08-21 13:14:41.291176+05:30)
2026-08-21 13:14:41,842 - ERROR - [bot-1787212339564-732b] Halting runner cycle: Bot is configured with unexecutable instrument 'BTC-260828-70000-C'. Error: Fatal Non-Retryable Error: OPTIONS EXECUTION UNSUPPORTED: Dedicated Options Broker (Deribit API) is not connected for BTC-260828-70000-C. Trading options requires configuring options gateway credentials.
2026-08-21 13:14:42,148 - INFO - Job "LiveRunner.process_cycle (trigger: interval[1:00:00], next run at: 2026-08-21 14:14:41 IST)" executed successfully
/Users/ashishparadkar/Downloads/algo-code-main/.venv/lib/python3.9/site-packages/urllib3/__init__.py:35: NotOpenSSLWarning: urllib3 v2 only supports OpenSSL 1.1.1+, currently the 'ssl' module is compiled with 'LibreSSL 2.8.3'. See: https://github.com/urllib3/urllib3/issues/3020
  warnings.warn(
2026-08-21 14:51:20,800 - INFO - Bot state startup reconciliation finished: 0 bot(s) reconciled to STOPPED.
2026-08-21 14:51:21,934 - INFO - Telegram notification service initialized successfully (Chat ID: 5657...)
2026-08-21 14:51:22,801 - INFO - Initializing scheduled trading bot live runner for bot-1787212339564-732b...
2026-08-21 14:51:23,147 - INFO - SQLite database tables verified/created.
2026-08-21 14:51:24,462 - INFO - Initializing CCXT Binance in TESTNET mode.
/Users/ashishparadkar/Downloads/algo-code-main/.venv/lib/python3.9/site-packages/urllib3/__init__.py:35: NotOpenSSLWarning: urllib3 v2 only supports OpenSSL 1.1.1+, currently the 'ssl' module is compiled with 'LibreSSL 2.8.3'. See: https://github.com/urllib3/urllib3/issues/3020
  warnings.warn(
2026-08-21 15:30:39,313 - INFO - Bot state startup reconciliation finished: 0 bot(s) reconciled to STOPPED.
2026-08-21 15:30:39,378 - INFO - Telegram notification service initialized successfully (Chat ID: 5657...)
2026-08-21 15:30:39,976 - INFO - Initializing scheduled trading bot live runner for bot-1787212339564-732b...
2026-08-21 15:30:40,600 - INFO - SQLite database tables verified/created.
2026-08-21 15:30:41,394 - INFO - Initializing CCXT Binance in TESTNET mode.
2026-08-21 15:31:13,233 - INFO - [bot-1787212339564-732b] Pre-flight instrument resolved: BTC-260828-70000-C (OPTION via deribit_options)
2026-08-21 15:31:13,901 - INFO - [bot-1787212339564-732b] Starting signal check cycle for BTC-260828-70000-C (1h)...
2026-08-21 15:31:13,937 - INFO - Fetching recent candles for BTC-260828-70000-C (1h) [Bot: bot-1787212339564-732b] via ProviderManager...
2026-08-21 15:31:13,937 - ERROR - System Error in runner execution cycle: OPTIONS EXECUTION UNSUPPORTED: Dedicated Options Broker (Deribit API) is not connected for BTC-260828-70000-C. Trading options requires configuring options gateway credentials.
Traceback (most recent call last):
  File "/Users/ashishparadkar/Downloads/algo-code-main/src/live_runner.py", line 199, in process_cycle
    df, _ = self.provider_manager.fetch_ohlcv_safe(self.symbol, self.timeframe, limit=1000)
  File "/Users/ashishparadkar/Downloads/algo-code-main/src/provider_manager.py", line 355, in fetch_ohlcv_safe
    raise non_retryable
  File "/Users/ashishparadkar/Downloads/algo-code-main/src/provider_manager.py", line 351, in fetch_ohlcv_safe
    df = adapter.fetch_ohlcv(instrument, timeframe, limit=limit)
  File "/Users/ashishparadkar/Downloads/algo-code-main/src/provider_manager.py", line 284, in fetch_ohlcv
    raise ccxt.NotSupported(
ccxt.base.errors.NotSupported: OPTIONS EXECUTION UNSUPPORTED: Dedicated Options Broker (Deribit API) is not connected for BTC-260828-70000-C. Trading options requires configuring options gateway credentials.
2026-08-21 15:31:14,658 - WARNING - [bot-1787212339564-732b] Marked bot as non-retryable configuration error to prevent infinite error storm.
2026-08-21 15:31:16,988 - INFO - Logged heartbeat status: ERROR
2026-08-21 15:31:18,135 - INFO - Adding job tentatively -- it will be properly scheduled when the scheduler starts
2026-08-21 15:31:18,135 - INFO - Bot bot-1787212339564-732b scheduled to check every 60 minutes.
2026-08-21 15:31:18,189 - INFO - Added job "LiveRunner.process_cycle" to job store "default"
2026-08-21 15:31:18,189 - INFO - Scheduler started
/Users/ashishparadkar/Downloads/algo-code-main/.venv/lib/python3.9/site-packages/urllib3/__init__.py:35: NotOpenSSLWarning: urllib3 v2 only supports OpenSSL 1.1.1+, currently the 'ssl' module is compiled with 'LibreSSL 2.8.3'. See: https://github.com/urllib3/urllib3/issues/3020
  warnings.warn(
2026-08-21 18:13:51,348 - INFO - Bot state startup reconciliation finished: 0 bot(s) reconciled to STOPPED.
2026-08-21 18:13:52,222 - INFO - Telegram notification service initialized successfully (Chat ID: 5657...)
2026-08-21 18:13:52,272 - INFO - Initializing scheduled trading bot live runner for bot-1787212339564-732b...
2026-08-21 18:13:52,643 - INFO - SQLite database tables verified/created.
2026-08-21 18:13:53,594 - INFO - Initializing CCXT Binance in TESTNET mode.
2026-08-21 18:14:31,504 - INFO - [bot-1787212339564-732b] Pre-flight instrument resolved: BTC-260828-70000-C (OPTION via deribit_options)
2026-08-21 18:14:32,401 - INFO - [bot-1787212339564-732b] Starting signal check cycle for BTC-260828-70000-C (1h)...
2026-08-21 18:14:32,462 - INFO - Fetching recent candles for BTC-260828-70000-C (1h) [Bot: bot-1787212339564-732b] via ProviderManager...
2026-08-21 18:14:32,462 - ERROR - System Error in runner execution cycle: OPTIONS EXECUTION UNSUPPORTED: Dedicated Options Broker (Deribit API) is not connected for BTC-260828-70000-C. Trading options requires configuring options gateway credentials.
Traceback (most recent call last):
  File "/Users/ashishparadkar/Downloads/algo-code-main/src/live_runner.py", line 199, in process_cycle
    df, _ = self.provider_manager.fetch_ohlcv_safe(self.symbol, self.timeframe, limit=1000)
  File "/Users/ashishparadkar/Downloads/algo-code-main/src/provider_manager.py", line 355, in fetch_ohlcv_safe
    raise non_retryable
  File "/Users/ashishparadkar/Downloads/algo-code-main/src/provider_manager.py", line 351, in fetch_ohlcv_safe
    df = adapter.fetch_ohlcv(instrument, timeframe, limit=limit)
  File "/Users/ashishparadkar/Downloads/algo-code-main/src/provider_manager.py", line 284, in fetch_ohlcv
    raise ccxt.NotSupported(
ccxt.base.errors.NotSupported: OPTIONS EXECUTION UNSUPPORTED: Dedicated Options Broker (Deribit API) is not connected for BTC-260828-70000-C. Trading options requires configuring options gateway credentials.
2026-08-21 18:14:34,033 - WARNING - [bot-1787212339564-732b] Marked bot as non-retryable configuration error to prevent infinite error storm.
2026-08-21 18:14:36,352 - INFO - Logged heartbeat status: ERROR
2026-08-21 18:14:36,891 - INFO - Adding job tentatively -- it will be properly scheduled when the scheduler starts
2026-08-21 18:14:36,892 - INFO - Bot bot-1787212339564-732b scheduled to check every 60 minutes.
2026-08-21 18:14:36,894 - INFO - Added job "LiveRunner.process_cycle" to job store "default"
2026-08-21 18:14:36,895 - INFO - Scheduler started
/Users/ashishparadkar/Downloads/algo-code-main/.venv/lib/python3.9/site-packages/urllib3/__init__.py:35: NotOpenSSLWarning: urllib3 v2 only supports OpenSSL 1.1.1+, currently the 'ssl' module is compiled with 'LibreSSL 2.8.3'. See: https://github.com/urllib3/urllib3/issues/3020
  warnings.warn(
2026-08-21 20:27:22,774 - INFO - Bot state startup reconciliation finished: 0 bot(s) reconciled to STOPPED.
2026-08-21 20:27:24,033 - INFO - Telegram notification service initialized successfully (Chat ID: 5657...)
2026-08-21 20:27:24,066 - INFO - Initializing scheduled trading bot live runner for bot-1787212339564-732b...
2026-08-21 20:27:25,282 - INFO - SQLite database tables verified/created.
2026-08-21 20:27:26,753 - INFO - Initializing CCXT Binance in TESTNET mode.
2026-08-21 20:28:08,836 - INFO - [bot-1787212339564-732b] Pre-flight instrument resolved: BTC-260828-70000-C (OPTION via deribit_options)
2026-08-21 20:28:10,432 - INFO - [bot-1787212339564-732b] Starting signal check cycle for BTC-260828-70000-C (1h)...
2026-08-21 20:28:10,504 - INFO - Fetching recent candles for BTC-260828-70000-C (1h) [Bot: bot-1787212339564-732b] via ProviderManager...
2026-08-21 20:28:10,506 - ERROR - System Error in runner execution cycle: OPTIONS EXECUTION UNSUPPORTED: Dedicated Options Broker (Deribit API) is not connected for BTC-260828-70000-C. Trading options requires configuring options gateway credentials.
Traceback (most recent call last):
  File "/Users/ashishparadkar/Downloads/algo-code-main/src/live_runner.py", line 199, in process_cycle
    df, _ = self.provider_manager.fetch_ohlcv_safe(self.symbol, self.timeframe, limit=1000)
  File "/Users/ashishparadkar/Downloads/algo-code-main/src/provider_manager.py", line 355, in fetch_ohlcv_safe
    raise non_retryable
  File "/Users/ashishparadkar/Downloads/algo-code-main/src/provider_manager.py", line 351, in fetch_ohlcv_safe
    df = adapter.fetch_ohlcv(instrument, timeframe, limit=limit)
  File "/Users/ashishparadkar/Downloads/algo-code-main/src/provider_manager.py", line 284, in fetch_ohlcv
    raise ccxt.NotSupported(
ccxt.base.errors.NotSupported: OPTIONS EXECUTION UNSUPPORTED: Dedicated Options Broker (Deribit API) is not connected for BTC-260828-70000-C. Trading options requires configuring options gateway credentials.
2026-08-21 20:28:13,428 - WARNING - [bot-1787212339564-732b] Marked bot as non-retryable configuration error to prevent infinite error storm.
2026-08-21 20:28:15,774 - INFO - Logged heartbeat status: ERROR
2026-08-21 20:28:16,775 - INFO - Adding job tentatively -- it will be properly scheduled when the scheduler starts
2026-08-21 20:28:16,776 - INFO - Bot bot-1787212339564-732b scheduled to check every 60 minutes.
2026-08-21 20:28:16,784 - INFO - Added job "LiveRunner.process_cycle" to job store "default"
2026-08-21 20:28:16,785 - INFO - Scheduler started
/Users/ashishparadkar/Downloads/algo-code-main/.venv/lib/python3.9/site-packages/urllib3/__init__.py:35: NotOpenSSLWarning: urllib3 v2 only supports OpenSSL 1.1.1+, currently the 'ssl' module is compiled with 'LibreSSL 2.8.3'. See: https://github.com/urllib3/urllib3/issues/3020
  warnings.warn(
2026-08-21 21:33:26,847 - INFO - Bot state startup reconciliation finished: 0 bot(s) reconciled to STOPPED.
2026-08-21 21:33:28,147 - INFO - Telegram notification service initialized successfully (Chat ID: 5657...)
2026-08-21 21:33:28,169 - INFO - Initializing scheduled trading bot live runner for bot-1787212339564-732b...
2026-08-21 21:33:28,991 - INFO - SQLite database tables verified/created.
2026-08-21 21:33:29,050 - INFO - Initializing CCXT Binance in TESTNET mode.
2026-08-21 21:34:27,564 - INFO - [bot-1787212339564-732b] Pre-flight instrument resolved: BTC-260828-70000-C (OPTION via deribit_options)
2026-08-21 21:34:29,777 - INFO - [bot-1787212339564-732b] Starting signal check cycle for BTC-260828-70000-C (1h)...
2026-08-21 21:34:30,395 - INFO - Fetching recent candles for BTC-260828-70000-C (1h) [Bot: bot-1787212339564-732b] via ProviderManager...
2026-08-21 21:34:30,783 - ERROR - System Error in runner execution cycle: OPTIONS EXECUTION UNSUPPORTED: Dedicated Options Broker (Deribit API) is not connected for BTC-260828-70000-C. Trading options requires configuring options gateway credentials.
Traceback (most recent call last):
  File "/Users/ashishparadkar/Downloads/algo-code-main/src/live_runner.py", line 199, in process_cycle
    df, _ = self.provider_manager.fetch_ohlcv_safe(self.symbol, self.timeframe, limit=1000)
  File "/Users/ashishparadkar/Downloads/algo-code-main/src/provider_manager.py", line 355, in fetch_ohlcv_safe
    raise non_retryable
  File "/Users/ashishparadkar/Downloads/algo-code-main/src/provider_manager.py", line 351, in fetch_ohlcv_safe
    df = adapter.fetch_ohlcv(instrument, timeframe, limit=limit)
  File "/Users/ashishparadkar/Downloads/algo-code-main/src/provider_manager.py", line 284, in fetch_ohlcv
    raise ccxt.NotSupported(
ccxt.base.errors.NotSupported: OPTIONS EXECUTION UNSUPPORTED: Dedicated Options Broker (Deribit API) is not connected for BTC-260828-70000-C. Trading options requires configuring options gateway credentials.
2026-08-21 21:34:34,477 - WARNING - [bot-1787212339564-732b] Marked bot as non-retryable configuration error to prevent infinite error storm.
2026-08-21 21:34:36,146 - INFO - Logged heartbeat status: ERROR
2026-08-21 21:34:37,513 - INFO - Adding job tentatively -- it will be properly scheduled when the scheduler starts
2026-08-21 21:34:37,513 - INFO - Bot bot-1787212339564-732b scheduled to check every 60 minutes.
2026-08-21 21:34:38,007 - INFO - Added job "LiveRunner.process_cycle" to job store "default"
2026-08-21 21:34:38,007 - INFO - Scheduler started
2026-08-21 22:34:38,770 - WARNING - Run time of job "LiveRunner.process_cycle (trigger: interval[1:00:00], next run at: 2026-08-21 23:34:37 IST)" was missed by 0:00:01.228817
/Users/ashishparadkar/Downloads/algo-code-main/.venv/lib/python3.9/site-packages/urllib3/__init__.py:35: NotOpenSSLWarning: urllib3 v2 only supports OpenSSL 1.1.1+, currently the 'ssl' module is compiled with 'LibreSSL 2.8.3'. See: https://github.com/urllib3/urllib3/issues/3020
  warnings.warn(
2026-08-21 22:45:25,425 - INFO - Bot state startup reconciliation finished: 0 bot(s) reconciled to STOPPED.
2026-08-21 22:45:28,470 - INFO - Telegram notification service initialized successfully (Chat ID: 5657...)
2026-08-21 22:45:28,962 - INFO - Initializing scheduled trading bot live runner for bot-1787212339564-732b...
2026-08-21 22:45:28,990 - INFO - SQLite database tables verified/created.
2026-08-21 22:45:29,032 - INFO - Initializing CCXT Binance in TESTNET mode.
