/Users/ashishparadkar/Downloads/algo-code-main/.venv/lib/python3.9/site-packages/urllib3/__init__.py:35: NotOpenSSLWarning: urllib3 v2 only supports OpenSSL 1.1.1+, currently the 'ssl' module is compiled with 'LibreSSL 2.8.3'. See: https://github.com/urllib3/urllib3/issues/3020
  warnings.warn(
2026-08-19 17:17:10,570 - INFO - Telegram notification service initialized successfully (Chat ID: 5657...)
2026-08-19 17:17:10,596 - INFO - Initializing scheduled trading bot live runner for bot-1787137986154-d59e...
2026-08-19 17:17:10,646 - INFO - SQLite database tables verified/created.
2026-08-19 17:17:10,746 - INFO - Initializing CCXT Binance in TESTNET mode.
2026-08-19 17:17:14,183 - INFO - Initializing CCXT Binance in MAINNET mode (Public endpoints).
2026-08-19 17:17:14,294 - INFO - [bot-1787137986154-d59e] Starting signal check cycle for BTC/USDT (1h)...
2026-08-19 17:17:14,338 - INFO - Fetching recent candles for BTC/USDT (1h) [Bot: bot-1787137986154-d59e]...
2026-08-19 17:17:19,168 - INFO - Indicators computed | close=64488.11 ema_9=64420.80 ema_20=64422.11 ema_50=64236.04 ema_200=63864.47 macd=23.4455 poc=63050.0 val=62600.0 vah=64100.0
2026-08-19 17:17:19,171 - INFO - [bot-1787137986154-d59e] Evaluating strategy on completed candle: 2026-08-19T10:00:00+00:00 at Close price: 64456.71
2026-08-19 17:17:19,240 - INFO - Confluence Evaluation | Regime: TRENDING (ADX=41.7) | Direction: HOLD | BullScore: 39.5% | BearScore: 21.1% | Active: ['ema', 'macd', 'vp']
2026-08-19 17:17:19,305 - INFO - Signal evaluated: HOLD. Reason/Details: Confluence score: 40% (HOLD)
2026-08-19 17:17:19,446 - INFO - Logged heartbeat status: OK
2026-08-19 17:17:19,452 - INFO - Adding job tentatively -- it will be properly scheduled when the scheduler starts
2026-08-19 17:17:19,453 - INFO - Bot bot-1787137986154-d59e scheduled to check every 60 minutes.
2026-08-19 17:17:19,453 - INFO - Added job "LiveRunner.process_cycle" to job store "default"
2026-08-19 17:17:19,454 - INFO - Scheduler started
/Users/ashishparadkar/Downloads/algo-code-main/.venv/lib/python3.9/site-packages/urllib3/__init__.py:35: NotOpenSSLWarning: urllib3 v2 only supports OpenSSL 1.1.1+, currently the 'ssl' module is compiled with 'LibreSSL 2.8.3'. See: https://github.com/urllib3/urllib3/issues/3020
  warnings.warn(
2026-08-19 18:38:00,046 - INFO - Telegram notification service initialized successfully (Chat ID: 5657...)
2026-08-19 18:38:00,064 - INFO - Initializing scheduled trading bot live runner for bot-1787137986154-d59e...
2026-08-19 18:38:00,132 - INFO - SQLite database tables verified/created.
2026-08-19 18:38:00,181 - INFO - Initializing CCXT Binance in TESTNET mode.
2026-08-19 18:38:04,595 - INFO - Initializing CCXT Binance in MAINNET mode (Public endpoints).
2026-08-19 18:38:04,679 - INFO - [bot-1787137986154-d59e] Starting signal check cycle for BTC/USDT (1h)...
2026-08-19 18:38:04,722 - INFO - Fetching recent candles for BTC/USDT (1h) [Bot: bot-1787137986154-d59e]...
2026-08-19 18:38:15,579 - INFO - Indicators computed | close=64839.99 ema_9=64581.97 ema_20=64503.69 ema_50=64285.07 ema_200=63884.48 macd=82.7609 poc=63050.0 val=62600.0 vah=64100.0
2026-08-19 18:38:15,582 - INFO - [bot-1787137986154-d59e] Evaluating strategy on completed candle: 2026-08-19T12:00:00+00:00 at Close price: 64882.15
2026-08-19 18:38:15,639 - INFO - Confluence Evaluation | Regime: TRENDING (ADX=37.9) | Direction: LONG | BullScore: 78.9% | BearScore: 21.1% | Active: ['ema', 'macd', 'vp']
2026-08-19 18:38:15,713 - INFO - Capping position size 0.289268 BTC to available cash equivalent 0.154126 BTC.
2026-08-19 18:38:15,743 - INFO - Created pending signal approval ID 22 for bot bot-1787137986154-d59e (LONG @ $64882.15, status: WAITING_APPROVAL)
2026-08-19 18:38:15,794 - INFO - [bot-1787137986154-d59e] Signal LONG generated (ID: 22). Waiting for manual user approval.
2026-08-19 18:38:16,113 - INFO - Logged heartbeat status: OK
2026-08-19 18:38:16,125 - INFO - Adding job tentatively -- it will be properly scheduled when the scheduler starts
2026-08-19 18:38:16,125 - INFO - Bot bot-1787137986154-d59e scheduled to check every 60 minutes.
2026-08-19 18:38:16,129 - INFO - Added job "LiveRunner.process_cycle" to job store "default"
2026-08-19 18:38:16,130 - INFO - Scheduler started
/Users/ashishparadkar/Downloads/algo-code-main/.venv/lib/python3.9/site-packages/urllib3/__init__.py:35: NotOpenSSLWarning: urllib3 v2 only supports OpenSSL 1.1.1+, currently the 'ssl' module is compiled with 'LibreSSL 2.8.3'. See: https://github.com/urllib3/urllib3/issues/3020
  warnings.warn(
2026-08-19 18:52:49,523 - INFO - Telegram notification service initialized successfully (Chat ID: 5657...)
2026-08-19 18:52:49,630 - INFO - Initializing scheduled trading bot live runner for bot-1787137986154-d59e...
2026-08-19 18:52:49,677 - INFO - SQLite database tables verified/created.
2026-08-19 18:52:49,739 - INFO - Initializing CCXT Binance in TESTNET mode.
2026-08-19 18:52:55,050 - INFO - Initializing CCXT Binance in MAINNET mode (Public endpoints).
2026-08-19 18:52:55,735 - INFO - [bot-1787137986154-d59e] Starting signal check cycle for BTC/USDT (1h)...
2026-08-19 18:52:55,777 - INFO - Fetching recent candles for BTC/USDT (1h) [Bot: bot-1787137986154-d59e]...
