2026-08-15 17:50:33,417 - INFO - Initializing scheduled trading bot live runner for bot-1786796420492-41fc...
2026-08-15 17:50:33,772 - INFO - SQLite database tables verified/created.
2026-08-15 17:54:39,533 - INFO - Initializing scheduled trading bot live runner for bot-1786796420492-41fc...
2026-08-15 17:54:39,555 - INFO - SQLite database tables verified/created.
2026-08-15 19:37:59,627 - INFO - Initializing scheduled trading bot live runner for bot-1786796420492-41fc...
2026-08-15 19:37:59,661 - INFO - SQLite database tables verified/created.
2026-08-15 19:37:59,674 - INFO - Initializing CCXT Binance in TESTNET mode.
2026-08-15 20:09:36,896 - INFO - Initializing scheduled trading bot live runner for bot-1786796420492-41fc...
2026-08-15 20:22:06,634 - INFO - BotWatchdog thread started.
2026-08-15 20:22:06,635 - INFO - BotWatchdog singleton background thread started.
2026-08-15 20:22:06,771 - INFO - Initializing scheduled trading bot live runner for bot-1786796420492-41fc...
2026-08-15 20:23:03,812 - INFO - Initializing scheduled trading bot live runner for bot-1786796420492-41fc...
2026-08-15 20:23:03,835 - INFO - SQLite database tables verified/created.
2026-08-15 20:54:02,709 - INFO - BotWatchdog thread started.
2026-08-15 20:54:02,710 - INFO - BotWatchdog singleton background thread started.
2026-08-15 20:54:03,164 - INFO - Initializing scheduled trading bot live runner for bot-1786796420492-41fc...
2026-08-15 20:54:04,206 - INFO - SQLite database tables verified/created.
2026-08-15 20:54:05,533 - INFO - Initializing CCXT Binance in TESTNET mode.
2026-08-15 20:54:08,867 - INFO - Initializing CCXT Binance in MAINNET mode (Public endpoints).
2026-08-15 20:54:08,892 - INFO - Sending Telegram alert...
2026-08-15 20:54:19,911 - INFO - Telegram alert sent successfully.
2026-08-15 20:54:19,956 - INFO - [bot-1786796420492-41fc] Starting signal check cycle for ETH/USDT (15m)...
2026-08-15 20:54:19,979 - INFO - Fetching recent candles for ETH/USDT (15m) [Bot: bot-1786796420492-41fc]...
2026-08-15 20:54:34,032 - INFO - Indicators computed | close=1883.64 ema_9=1883.03 ema_20=1882.20 ema_50=1881.55 ema_200=1882.15 macd=0.7796 poc=1875.0 val=1875.0 vah=1900.0
2026-08-15 20:54:34,067 - INFO - [bot-1786796420492-41fc] Evaluating strategy on completed candle: 2026-08-15T15:00:00+00:00 at Close price: 1883.66
2026-08-15 20:54:45,146 - ERROR - Error logging bot activity for bot-1786796420492-41fc: database is locked
2026-08-15 20:54:47,018 - INFO - Confluence Evaluation | Regime: TRENDING (ADX=36.0) | Direction: LONG | BullScore: 100.0% | BearScore: 0.0% | Active: ['ema', 'macd', 'rsi', 'vp']
2026-08-15 20:54:48,274 - INFO - Capping position size 24.570025 BTC to available cash equivalent 2.654407 BTC.
2026-08-15 20:54:48,369 - INFO - Created pending signal approval ID 113 for bot bot-1786796420492-41fc (LONG @ $1883.66, status: WAITING_APPROVAL)
2026-08-15 20:55:22,126 - INFO - [bot-1786796420492-41fc] Signal LONG generated (ID: 113). Waiting for manual user approval.
2026-08-15 20:55:33,361 - INFO - Logged heartbeat status: OK
2026-08-15 20:55:36,590 - INFO - Adding job tentatively -- it will be properly scheduled when the scheduler starts
2026-08-15 20:55:36,591 - INFO - Bot bot-1786796420492-41fc scheduled to check every 15 minutes.
2026-08-15 20:55:36,597 - INFO - Added job "LiveRunner.process_cycle" to job store "default"
2026-08-15 20:55:36,597 - INFO - Scheduler started
2026-08-15 21:43:13,935 - INFO - BotWatchdog thread started.
2026-08-15 21:43:13,935 - INFO - BotWatchdog singleton background thread started.
2026-08-15 21:43:13,974 - INFO - Initializing scheduled trading bot live runner for bot-1786796420492-41fc...
2026-08-15 21:43:13,987 - INFO - SQLite database tables verified/created.
2026-08-15 21:43:14,003 - INFO - Initializing CCXT Binance in TESTNET mode.
2026-08-15 21:43:15,103 - INFO - Initializing CCXT Binance in MAINNET mode (Public endpoints).
2026-08-15 21:43:15,114 - INFO - Sending Telegram alert...
2026-08-15 21:43:15,973 - INFO - Telegram alert sent successfully.
2026-08-15 21:43:15,977 - INFO - [bot-1786796420492-41fc] Starting signal check cycle for ETH/USDT (15m)...
2026-08-15 21:43:15,984 - INFO - Fetching recent candles for ETH/USDT (15m) [Bot: bot-1786796420492-41fc]...
2026-08-15 21:43:18,238 - INFO - Indicators computed | close=1884.74 ema_9=1884.05 ema_20=1882.98 ema_50=1881.97 ema_200=1882.24 macd=1.0599 poc=1875.0 val=1875.0 vah=1900.0
2026-08-15 21:43:18,239 - INFO - [bot-1786796420492-41fc] Evaluating strategy on completed candle: 2026-08-15T15:45:00+00:00 at Close price: 1884.91
2026-08-15 21:43:18,256 - INFO - Confluence Evaluation | Regime: TRENDING (ADX=47.6) | Direction: LONG | BullScore: 82.6% | BearScore: 0.0% | Active: ['ema', 'macd', 'rsi', 'vp']
2026-08-15 21:43:18,276 - INFO - Capping position size 23.474178 BTC to available cash equivalent 2.652647 BTC.
2026-08-15 21:43:18,487 - INFO - Created pending signal approval ID 146 for bot bot-1786796420492-41fc (LONG @ $1884.91, status: WAITING_APPROVAL)
2026-08-15 21:43:19,216 - INFO - [bot-1786796420492-41fc] Signal LONG generated (ID: 146). Waiting for manual user approval.
2026-08-15 21:43:19,302 - INFO - Logged heartbeat status: OK
2026-08-15 21:43:19,306 - INFO - Adding job tentatively -- it will be properly scheduled when the scheduler starts
2026-08-15 21:43:19,306 - INFO - Bot bot-1786796420492-41fc scheduled to check every 15 minutes.
2026-08-15 21:43:19,306 - INFO - Added job "LiveRunner.process_cycle" to job store "default"
2026-08-15 21:43:19,306 - INFO - Scheduler started
2026-08-15 21:58:19,318 - INFO - Running job "LiveRunner.process_cycle (trigger: interval[0:15:00], next run at: 2026-08-15 21:58:19 IST)" (scheduled at 2026-08-15 21:58:19.306151+05:30)
2026-08-15 21:58:19,323 - INFO - [bot-1786796420492-41fc] Starting signal check cycle for ETH/USDT (15m)...
2026-08-15 21:58:19,332 - INFO - Fetching recent candles for ETH/USDT (15m) [Bot: bot-1786796420492-41fc]...
2026-08-15 21:58:20,036 - INFO - Indicators computed | close=1885.55 ema_9=1884.32 ema_20=1883.21 ema_50=1882.10 ema_200=1882.27 macd=1.1182 poc=1875.0 val=1875.0 vah=1900.0
2026-08-15 21:58:20,036 - INFO - [bot-1786796420492-41fc] Evaluating strategy on completed candle: 2026-08-15T16:00:00+00:00 at Close price: 1884.56
2026-08-15 21:58:20,069 - INFO - Confluence Evaluation | Regime: TRENDING (ADX=50.3) | Direction: LONG | BullScore: 82.6% | BearScore: 0.0% | Active: ['ema', 'macd', 'rsi', 'vp']
2026-08-15 21:58:20,095 - INFO - Capping position size 30.030030 BTC to available cash equivalent 2.653139 BTC.
2026-08-15 21:58:20,119 - INFO - [bot-1786796420492-41fc] Signal LONG active pending approval already exists (ID: 146).
2026-08-15 21:58:20,238 - INFO - Logged heartbeat status: OK
2026-08-15 21:58:20,238 - INFO - Job "LiveRunner.process_cycle (trigger: interval[0:15:00], next run at: 2026-08-15 22:13:19 IST)" executed successfully
2026-08-16 11:54:52,369 - INFO - BotWatchdog thread started.
2026-08-16 11:54:52,369 - INFO - BotWatchdog singleton background thread started.
2026-08-16 11:54:52,434 - INFO - Initializing scheduled trading bot live runner for bot-1786796420492-41fc...
2026-08-16 11:54:52,445 - INFO - SQLite database tables verified/created.
2026-08-16 11:54:52,458 - INFO - Initializing CCXT Binance in TESTNET mode.
2026-08-16 11:54:54,671 - INFO - Initializing CCXT Binance in MAINNET mode (Public endpoints).
2026-08-16 11:54:54,680 - INFO - Sending Telegram alert...
2026-08-16 11:54:55,468 - INFO - Telegram alert sent successfully.
2026-08-16 11:54:55,478 - INFO - [bot-1786796420492-41fc] Starting signal check cycle for ETH/USDT (15m)...
2026-08-16 11:54:55,485 - INFO - Fetching recent candles for ETH/USDT (15m) [Bot: bot-1786796420492-41fc]...
2026-08-16 11:54:59,535 - INFO - Indicators computed | close=1879.39 ema_9=1880.81 ema_20=1881.71 ema_50=1882.43 ema_200=1882.57 macd=-0.8216 poc=1875.0 val=1875.0 vah=1900.0
2026-08-16 11:54:59,535 - INFO - [bot-1786796420492-41fc] Evaluating strategy on completed candle: 2026-08-16T06:00:00+00:00 at Close price: 1879.80
2026-08-16 11:54:59,564 - INFO - Confluence Evaluation | Regime: RANGING (ADX=20.1) | Direction: HOLD | BullScore: 32.6% | BearScore: 67.4% | Active: ['ema', 'macd', 'rsi', 'vp']
2026-08-16 11:54:59,583 - INFO - Signal evaluated: HOLD. Reason/Details: Confluence score: 67% (HOLD)
2026-08-16 11:54:59,636 - INFO - Logged heartbeat status: OK
2026-08-16 11:54:59,638 - INFO - Adding job tentatively -- it will be properly scheduled when the scheduler starts
2026-08-16 11:54:59,638 - INFO - Bot bot-1786796420492-41fc scheduled to check every 15 minutes.
2026-08-16 11:54:59,638 - INFO - Added job "LiveRunner.process_cycle" to job store "default"
2026-08-16 11:54:59,638 - INFO - Scheduler started
