2026-08-15 15:45:31,156 - INFO - BotWatchdog thread started.
2026-08-15 15:45:31,156 - INFO - BotWatchdog singleton background thread started.
2026-08-15 17:32:02,265 - INFO - Initializing scheduled trading bot live runner for bot-1786788637420-61b3...
2026-08-15 17:32:02,286 - INFO - SQLite database tables verified/created.
2026-08-15 17:32:02,302 - INFO - Initializing CCXT Binance in TESTNET mode.
2026-08-15 17:38:08,016 - INFO - Initializing scheduled trading bot live runner for bot-1786788637420-61b3...
2026-08-15 17:38:08,029 - INFO - SQLite database tables verified/created.
2026-08-15 17:50:30,850 - INFO - Initializing scheduled trading bot live runner for bot-1786788637420-61b3...
2026-08-15 17:50:30,915 - INFO - SQLite database tables verified/created.
2026-08-15 17:50:30,960 - INFO - Initializing CCXT Binance in TESTNET mode.
2026-08-15 17:54:35,342 - INFO - Initializing scheduled trading bot live runner for bot-1786788637420-61b3...
2026-08-15 17:54:35,361 - INFO - SQLite database tables verified/created.
2026-08-15 17:54:35,378 - INFO - Initializing CCXT Binance in TESTNET mode.
2026-08-15 19:37:55,324 - INFO - Initializing scheduled trading bot live runner for bot-1786788637420-61b3...
2026-08-15 19:37:55,381 - INFO - SQLite database tables verified/created.
2026-08-15 20:09:32,234 - INFO - Initializing scheduled trading bot live runner for bot-1786788637420-61b3...
2026-08-15 20:22:00,226 - INFO - BotWatchdog thread started.
2026-08-15 20:22:00,227 - INFO - BotWatchdog singleton background thread started.
2026-08-15 20:22:00,276 - INFO - Initializing scheduled trading bot live runner for bot-1786788637420-61b3...
2026-08-15 20:22:00,302 - INFO - SQLite database tables verified/created.
2026-08-15 20:22:58,370 - INFO - Initializing scheduled trading bot live runner for bot-1786788637420-61b3...
2026-08-15 20:22:58,427 - INFO - SQLite database tables verified/created.
2026-08-15 20:22:58,471 - INFO - Initializing CCXT Binance in TESTNET mode.
2026-08-15 20:54:02,293 - INFO - BotWatchdog thread started.
2026-08-15 20:54:02,295 - INFO - BotWatchdog singleton background thread started.
2026-08-15 20:54:03,013 - INFO - Initializing scheduled trading bot live runner for bot-1786788637420-61b3...
2026-08-15 20:54:15,678 - INFO - SQLite database tables verified/created.
2026-08-15 20:54:15,707 - INFO - Initializing CCXT Binance in TESTNET mode.
2026-08-15 20:54:26,599 - INFO - Initializing CCXT Binance in MAINNET mode (Public endpoints).
2026-08-15 20:54:27,069 - INFO - Sending Telegram alert...
2026-08-15 20:54:47,179 - INFO - Telegram alert sent successfully.
2026-08-15 20:54:47,263 - INFO - [bot-1786788637420-61b3] Starting signal check cycle for BTC/USDT (5m)...
2026-08-15 20:54:50,722 - INFO - Fetching recent candles for BTC/USDT (5m) [Bot: bot-1786788637420-61b3]...
2026-08-15 20:55:43,039 - ERROR - Error fetching live OHLCV for BTC/USDT 5m: 
2026-08-15 20:55:43,039 - ERROR - System Error in runner execution cycle: 
Traceback (most recent call last):
  File "H:\algo\algo\btc-bot\src\live_runner.py", line 161, in process_cycle
    df = self.mainnet_fetcher.fetch_live_ohlcv(self.symbol, self.timeframe, limit=1000)
  File "H:\algo\algo\btc-bot\src\data_fetcher.py", line 196, in fetch_live_ohlcv
    raise e
  File "H:\algo\algo\btc-bot\src\data_fetcher.py", line 175, in fetch_live_ohlcv
    candles = self.exchange.fetch_ohlcv(
        symbol=symbol,
        timeframe=timeframe,
        limit=limit
    )
  File "C:\Users\Admin\AppData\Local\Python\pythoncore-3.14-64\Lib\site-packages\ccxt\binance.py", line 4709, in fetch_ohlcv
    self.load_markets()
    ~~~~~~~~~~~~~~~~~^^
  File "C:\Users\Admin\AppData\Local\Python\pythoncore-3.14-64\Lib\site-packages\ccxt\base\exchange.py", line 1816, in load_markets
    markets = self.fetch_markets(params)
  File "C:\Users\Admin\AppData\Local\Python\pythoncore-3.14-64\Lib\site-packages\ccxt\binance.py", line 3241, in fetch_markets
    promisesRaw.append(self.publicGetExchangeInfo(params))
                       ~~~~~~~~~~~~~~~~~~~~~~~~~~^^^^^^^^
  File "C:\Users\Admin\AppData\Local\Python\pythoncore-3.14-64\Lib\site-packages\ccxt\base\types.py", line 35, in unbound_method
    return _self.request(self.path, self.api, self.method, params, config=self.config)
           ~~~~~~~~~~~~~^^^^^^^^^^^^^^^^^^^^^^^^^^^^^^^^^^^^^^^^^^^^^^^^^^^^^^^^^^^^^^
  File "C:\Users\Admin\AppData\Local\Python\pythoncore-3.14-64\Lib\site-packages\ccxt\binance.py", line 11819, in request
    response = self.fetch2(path, api, method, params, headers, body, config)
  File "C:\Users\Admin\AppData\Local\Python\pythoncore-3.14-64\Lib\site-packages\ccxt\base\exchange.py", line 5544, in fetch2
    raise e
  File "C:\Users\Admin\AppData\Local\Python\pythoncore-3.14-64\Lib\site-packages\ccxt\base\exchange.py", line 5525, in fetch2
    response = self.fetch(request['url'], request['method'], request['headers'], request['body'])
  File "C:\Users\Admin\AppData\Local\Python\pythoncore-3.14-64\Lib\site-packages\ccxt\base\exchange.py", line 620, in fetch
    response = self.session.request(
        method,
    ...<6 lines>...
        files=files
    )
  File "C:\Users\Admin\AppData\Local\Python\pythoncore-3.14-64\Lib\site-packages\requests\sessions.py", line 651, in request
    resp = self.send(prep, **send_kwargs)
  File "C:\Users\Admin\AppData\Local\Python\pythoncore-3.14-64\Lib\site-packages\requests\sessions.py", line 827, in send
    r.content
  File "C:\Users\Admin\AppData\Local\Python\pythoncore-3.14-64\Lib\site-packages\requests\models.py", line 1042, in content
    self._content = b"".join(self.iter_content(CONTENT_CHUNK_SIZE)) or b""
                    ~~~~~~~~^^^^^^^^^^^^^^^^^^^^^^^^^^^^^^^^^^^^^^^
MemoryError
2026-08-15 21:42:56,366 - INFO - BotWatchdog thread started.
2026-08-15 21:42:56,366 - INFO - BotWatchdog singleton background thread started.
2026-08-15 21:42:56,413 - INFO - Initializing scheduled trading bot live runner for bot-1786788637420-61b3...
2026-08-15 21:42:56,424 - INFO - SQLite database tables verified/created.
2026-08-15 21:42:56,437 - INFO - Initializing CCXT Binance in TESTNET mode.
2026-08-15 21:42:58,821 - INFO - Initializing CCXT Binance in MAINNET mode (Public endpoints).
2026-08-15 21:42:58,842 - INFO - Sending Telegram alert...
2026-08-15 21:42:59,540 - INFO - Telegram alert sent successfully.
2026-08-15 21:42:59,542 - INFO - [bot-1786788637420-61b3] Starting signal check cycle for BTC/USDT (5m)...
2026-08-15 21:42:59,549 - INFO - Fetching recent candles for BTC/USDT (5m) [Bot: bot-1786788637420-61b3]...
2026-08-15 21:43:01,978 - INFO - Indicators computed | close=63086.21 ema_9=63091.01 ema_20=63078.11 ema_50=63056.59 ema_200=63041.25 macd=15.8343 poc=63425.0 val=63050.0 vah=64300.0
2026-08-15 21:43:01,979 - INFO - [bot-1786788637420-61b3] Evaluating strategy on completed candle: 2026-08-15T16:05:00+00:00 at Close price: 63086.40
2026-08-15 21:43:02,006 - INFO - Confluence Evaluation | Regime: TRENDING (ADX=51.0) | Direction: LONG | BullScore: 100.0% | BearScore: 0.0% | Active: ['ema', 'macd', 'rsi', 'vp']
2026-08-15 21:43:02,063 - INFO - Capping position size 1.360915 BTC to available cash equivalent 0.079256 BTC.
2026-08-15 21:43:02,125 - INFO - Created pending signal approval ID 139 for bot bot-1786788637420-61b3 (LONG @ $63086.40, status: WAITING_APPROVAL)
2026-08-15 21:43:02,827 - INFO - [bot-1786788637420-61b3] Signal LONG generated (ID: 139). Waiting for manual user approval.
2026-08-15 21:43:02,891 - INFO - Logged heartbeat status: OK
2026-08-15 21:43:02,894 - INFO - Adding job tentatively -- it will be properly scheduled when the scheduler starts
2026-08-15 21:43:02,894 - INFO - Bot bot-1786788637420-61b3 scheduled to check every 5 minutes.
2026-08-15 21:43:02,894 - INFO - Added job "LiveRunner.process_cycle" to job store "default"
2026-08-15 21:43:02,894 - INFO - Scheduler started
2026-08-15 21:48:02,906 - INFO - Running job "LiveRunner.process_cycle (trigger: interval[0:05:00], next run at: 2026-08-15 21:48:02 IST)" (scheduled at 2026-08-15 21:48:02.894196+05:30)
2026-08-15 21:48:02,912 - INFO - [bot-1786788637420-61b3] Starting signal check cycle for BTC/USDT (5m)...
2026-08-15 21:48:02,923 - INFO - Fetching recent candles for BTC/USDT (5m) [Bot: bot-1786788637420-61b3]...
2026-08-15 21:48:03,327 - INFO - Indicators computed | close=63066.74 ema_9=63085.65 ema_20=63076.75 ema_50=63056.86 ema_200=63041.47 macd=12.7900 poc=63425.0 val=63050.0 vah=64300.0
2026-08-15 21:48:03,328 - INFO - [bot-1786788637420-61b3] Evaluating strategy on completed candle: 2026-08-15T16:10:00+00:00 at Close price: 63083.03
2026-08-15 21:48:03,352 - INFO - Confluence Evaluation | Regime: TRENDING (ADX=52.1) | Direction: HOLD | BullScore: 67.4% | BearScore: 0.0% | Active: ['ema', 'macd', 'rsi', 'vp']
2026-08-15 21:48:03,373 - INFO - Signal evaluated: HOLD. Reason/Details: Confluence score: 67% (HOLD)
2026-08-15 21:48:03,434 - INFO - Logged heartbeat status: OK
2026-08-15 21:48:03,434 - INFO - Job "LiveRunner.process_cycle (trigger: interval[0:05:00], next run at: 2026-08-15 21:53:02 IST)" executed successfully
2026-08-15 21:53:02,903 - INFO - Running job "LiveRunner.process_cycle (trigger: interval[0:05:00], next run at: 2026-08-15 21:58:02 IST)" (scheduled at 2026-08-15 21:53:02.894196+05:30)
2026-08-15 21:53:02,906 - INFO - [bot-1786788637420-61b3] Starting signal check cycle for BTC/USDT (5m)...
2026-08-15 21:53:02,912 - INFO - Fetching recent candles for BTC/USDT (5m) [Bot: bot-1786788637420-61b3]...
2026-08-15 21:53:03,260 - INFO - Indicators computed | close=63083.48 ema_9=63087.25 ema_20=63078.49 ema_50=63058.39 ema_200=63042.02 macd=12.5774 poc=63425.0 val=63050.0 vah=64300.0
2026-08-15 21:53:03,260 - INFO - [bot-1786788637420-61b3] Evaluating strategy on completed candle: 2026-08-15T16:15:00+00:00 at Close price: 63079.47
2026-08-15 21:53:03,287 - INFO - Confluence Evaluation | Regime: TRENDING (ADX=51.5) | Direction: HOLD | BullScore: 67.4% | BearScore: 0.0% | Active: ['ema', 'macd', 'rsi', 'vp']
2026-08-15 21:53:03,306 - INFO - Signal evaluated: HOLD. Reason/Details: Confluence score: 67% (HOLD)
2026-08-15 21:53:03,368 - INFO - Logged heartbeat status: OK
2026-08-15 21:53:03,369 - INFO - Job "LiveRunner.process_cycle (trigger: interval[0:05:00], next run at: 2026-08-15 21:58:02 IST)" executed successfully
2026-08-15 21:58:02,900 - INFO - Running job "LiveRunner.process_cycle (trigger: interval[0:05:00], next run at: 2026-08-15 22:03:02 IST)" (scheduled at 2026-08-15 21:58:02.894196+05:30)
2026-08-15 21:58:02,906 - INFO - [bot-1786788637420-61b3] Starting signal check cycle for BTC/USDT (5m)...
2026-08-15 21:58:02,915 - INFO - Fetching recent candles for BTC/USDT (5m) [Bot: bot-1786788637420-61b3]...
2026-08-15 21:58:03,349 - INFO - Indicators computed | close=63115.60 ema_9=63096.36 ema_20=63083.88 ema_50=63061.44 ema_200=63042.96 macd=15.3589 poc=63425.0 val=63050.0 vah=64300.0
2026-08-15 21:58:03,349 - INFO - [bot-1786788637420-61b3] Evaluating strategy on completed candle: 2026-08-15T16:20:00+00:00 at Close price: 63104.99
2026-08-15 21:58:03,389 - INFO - Confluence Evaluation | Regime: TRENDING (ADX=52.6) | Direction: HOLD | BullScore: 67.4% | BearScore: 0.0% | Active: ['ema', 'macd', 'rsi', 'vp']
2026-08-15 21:58:03,417 - INFO - Signal evaluated: HOLD. Reason/Details: Confluence score: 67% (HOLD)
2026-08-15 21:58:03,489 - INFO - Logged heartbeat status: OK
2026-08-15 21:58:03,490 - INFO - Job "LiveRunner.process_cycle (trigger: interval[0:05:00], next run at: 2026-08-15 22:03:02 IST)" executed successfully
2026-08-15 22:03:02,908 - INFO - Running job "LiveRunner.process_cycle (trigger: interval[0:05:00], next run at: 2026-08-15 22:08:02 IST)" (scheduled at 2026-08-15 22:03:02.894196+05:30)
2026-08-15 22:03:02,914 - INFO - [bot-1786788637420-61b3] Starting signal check cycle for BTC/USDT (5m)...
2026-08-15 22:03:02,921 - INFO - Fetching recent candles for BTC/USDT (5m) [Bot: bot-1786788637420-61b3]...
2026-08-15 22:03:03,283 - INFO - Indicators computed | close=63115.60 ema_9=63101.17 ema_20=63087.42 ema_50=63063.79 ema_200=63043.74 macd=16.3877 poc=63425.0 val=63050.0 vah=64300.0
2026-08-15 22:03:03,284 - INFO - [bot-1786788637420-61b3] Evaluating strategy on completed candle: 2026-08-15T16:25:00+00:00 at Close price: 63121.59
2026-08-15 22:03:03,305 - INFO - Confluence Evaluation | Regime: TRENDING (ADX=52.8) | Direction: LONG | BullScore: 100.0% | BearScore: 0.0% | Active: ['ema', 'macd', 'rsi', 'vp']
2026-08-15 22:03:03,327 - INFO - Capping position size 0.847961 BTC to available cash equivalent 0.079212 BTC.
2026-08-15 22:03:03,353 - INFO - [bot-1786788637420-61b3] Signal LONG active pending approval already exists (ID: 139).
2026-08-15 22:03:03,412 - INFO - Logged heartbeat status: OK
2026-08-15 22:03:03,413 - INFO - Job "LiveRunner.process_cycle (trigger: interval[0:05:00], next run at: 2026-08-15 22:08:02 IST)" executed successfully
2026-08-16 11:54:21,958 - INFO - BotWatchdog thread started.
2026-08-16 11:54:21,959 - INFO - BotWatchdog singleton background thread started.
2026-08-16 11:54:22,115 - INFO - Initializing scheduled trading bot live runner for bot-1786788637420-61b3...
2026-08-16 11:54:22,127 - INFO - SQLite database tables verified/created.
2026-08-16 11:54:22,141 - INFO - Initializing CCXT Binance in TESTNET mode.
2026-08-16 11:54:27,212 - INFO - Initializing CCXT Binance in MAINNET mode (Public endpoints).
2026-08-16 11:54:27,226 - INFO - Sending Telegram alert...
2026-08-16 11:54:30,199 - INFO - Telegram alert sent successfully.
2026-08-16 11:54:30,204 - INFO - [bot-1786788637420-61b3] Starting signal check cycle for BTC/USDT (5m)...
2026-08-16 11:54:30,213 - INFO - Fetching recent candles for BTC/USDT (5m) [Bot: bot-1786788637420-61b3]...
2026-08-16 11:54:43,507 - INFO - Indicators computed | close=63054.34 ema_9=63061.81 ema_20=63074.79 ema_50=63090.30 ema_200=63087.38 macd=-14.7054 poc=63050.0 val=62600.0 vah=63425.0
2026-08-16 11:54:43,508 - INFO - [bot-1786788637420-61b3] Evaluating strategy on completed candle: 2026-08-16T06:15:00+00:00 at Close price: 63057.38
2026-08-16 11:54:43,545 - INFO - Confluence Evaluation | Regime: TRENDING (ADX=69.5) | Direction: SHORT | BullScore: 0.0% | BearScore: 82.6% | Active: ['ema', 'macd', 'rsi', 'vp']
2026-08-16 11:54:43,574 - INFO - Capping position size 1.188919 BTC to available cash equivalent 0.079293 BTC.
2026-08-16 11:54:43,638 - INFO - Created pending signal approval ID 187 for bot bot-1786788637420-61b3 (SHORT @ $63057.38, status: WAITING_APPROVAL)
2026-08-16 11:54:47,590 - INFO - [bot-1786788637420-61b3] Signal SHORT generated (ID: 187). Waiting for manual user approval.
2026-08-16 11:54:47,766 - INFO - Logged heartbeat status: OK
2026-08-16 11:54:47,774 - INFO - Adding job tentatively -- it will be properly scheduled when the scheduler starts
2026-08-16 11:54:47,774 - INFO - Bot bot-1786788637420-61b3 scheduled to check every 5 minutes.
2026-08-16 11:54:47,775 - INFO - Added job "LiveRunner.process_cycle" to job store "default"
2026-08-16 11:54:47,775 - INFO - Scheduler started
2026-08-16 11:59:47,783 - INFO - Running job "LiveRunner.process_cycle (trigger: interval[0:05:00], next run at: 2026-08-16 11:59:47 IST)" (scheduled at 2026-08-16 11:59:47.774215+05:30)
2026-08-16 11:59:47,789 - INFO - [bot-1786788637420-61b3] Starting signal check cycle for BTC/USDT (5m)...
2026-08-16 11:59:47,796 - INFO - Fetching recent candles for BTC/USDT (5m) [Bot: bot-1786788637420-61b3]...
2026-08-16 11:59:50,138 - INFO - Indicators computed | close=63072.31 ema_9=63063.91 ema_20=63074.55 ema_50=63089.60 ema_200=63087.23 macd=-13.0636 poc=63050.0 val=62600.0 vah=63425.0
2026-08-16 11:59:50,139 - INFO - [bot-1786788637420-61b3] Evaluating strategy on completed candle: 2026-08-16T06:20:00+00:00 at Close price: 63054.35
2026-08-16 11:59:50,153 - INFO - Confluence Evaluation | Regime: TRENDING (ADX=68.7) | Direction: SHORT | BullScore: 0.0% | BearScore: 82.6% | Active: ['ema', 'macd', 'rsi', 'vp']
2026-08-16 11:59:50,170 - INFO - Capping position size 1.147579 BTC to available cash equivalent 0.079297 BTC.
2026-08-16 11:59:50,173 - INFO - [bot-1786788637420-61b3] Signal SHORT active pending approval already exists (ID: 187).
2026-08-16 11:59:50,384 - INFO - Logged heartbeat status: OK
2026-08-16 11:59:50,384 - INFO - Job "LiveRunner.process_cycle (trigger: interval[0:05:00], next run at: 2026-08-16 12:04:47 IST)" executed successfully
