2026-08-16 18:12:28,212 - INFO - Initializing scheduled trading bot live runner for bot-1786884134757-2615...
2026-08-16 18:12:38,060 - INFO - SQLite database tables verified/created.
2026-08-16 18:12:38,329 - INFO - Initializing CCXT Binance in TESTNET mode.
2026-08-16 18:12:40,024 - INFO - Initializing CCXT Binance in MAINNET mode (Public endpoints).
2026-08-16 18:12:40,135 - INFO - Sending Telegram alert...
2026-08-16 18:12:51,928 - ERROR - Error logging Telegram event: database is locked
2026-08-16 18:12:52,032 - INFO - Telegram alert sent successfully.
2026-08-16 18:12:52,675 - INFO - [bot-1786884134757-2615] Starting signal check cycle for ETH/USDT (15m)...
2026-08-16 18:12:58,581 - INFO - Fetching recent candles for ETH/USDT (15m) [Bot: bot-1786884134757-2615]...
2026-08-16 18:13:03,222 - INFO - Indicators computed | close=1879.51 ema_9=1880.37 ema_20=1880.65 ema_50=1881.32 ema_200=1882.16 macd=-0.3429 poc=1875.0 val=1875.0 vah=1900.0
2026-08-16 18:13:03,223 - INFO - [bot-1786884134757-2615] Evaluating strategy on completed candle: 2026-08-16T12:15:00+00:00 at Close price: 1880.61
2026-08-16 18:13:11,373 - INFO - Confluence Evaluation | Regime: RANGING (ADX=15.3) | Direction: HOLD | BullScore: 32.6% | BearScore: 50.0% | Active: ['ema', 'macd', 'rsi', 'vp']
2026-08-16 18:13:16,322 - INFO - Signal evaluated: HOLD. Reason/Details: Confluence score: 50% (HOLD)
2026-08-16 18:13:16,386 - INFO - Logged heartbeat status: OK
2026-08-16 18:13:16,388 - INFO - Adding job tentatively -- it will be properly scheduled when the scheduler starts
2026-08-16 18:13:16,389 - INFO - Bot bot-1786884134757-2615 scheduled to check every 15 minutes.
2026-08-16 18:13:16,389 - INFO - Added job "LiveRunner.process_cycle" to job store "default"
2026-08-16 18:13:16,389 - INFO - Scheduler started
2026-08-16 18:17:51,982 - INFO - Initializing scheduled trading bot live runner for bot-1786884134757-2615...
2026-08-16 18:17:52,174 - INFO - SQLite database tables verified/created.
2026-08-16 18:17:52,716 - INFO - Initializing CCXT Binance in TESTNET mode.
2026-08-16 18:17:55,016 - INFO - Initializing CCXT Binance in MAINNET mode (Public endpoints).
2026-08-16 18:17:55,059 - INFO - Sending Telegram alert...
2026-08-16 18:18:09,286 - ERROR - Error logging Telegram event: database is locked
2026-08-16 18:18:09,286 - INFO - Telegram alert sent successfully.
2026-08-16 18:18:09,581 - INFO - [bot-1786884134757-2615] Starting signal check cycle for ETH/USDT (15m)...
2026-08-16 18:18:23,177 - ERROR - Error logging bot activity for bot-1786884134757-2615: database is locked
2026-08-16 18:18:23,208 - INFO - Fetching recent candles for ETH/USDT (15m) [Bot: bot-1786884134757-2615]...
2026-08-16 18:18:34,902 - INFO - Indicators computed | close=1879.67 ema_9=1880.23 ema_20=1880.55 ema_50=1881.25 ema_200=1882.14 macd=-0.3807 poc=1875.0 val=1875.0 vah=1900.0
2026-08-16 18:18:34,926 - INFO - [bot-1786884134757-2615] Evaluating strategy on completed candle: 2026-08-16T12:30:00+00:00 at Close price: 1879.50
2026-08-16 18:18:38,008 - INFO - Confluence Evaluation | Regime: RANGING (ADX=19.1) | Direction: HOLD | BullScore: 32.6% | BearScore: 67.4% | Active: ['ema', 'macd', 'rsi', 'vp']
2026-08-16 18:18:38,185 - INFO - Signal evaluated: HOLD. Reason/Details: Confluence score: 67% (HOLD)
2026-08-16 18:18:38,324 - INFO - Logged heartbeat status: OK
2026-08-16 18:18:38,327 - INFO - Adding job tentatively -- it will be properly scheduled when the scheduler starts
2026-08-16 18:18:38,327 - INFO - Bot bot-1786884134757-2615 scheduled to check every 15 minutes.
2026-08-16 18:18:38,327 - INFO - Added job "LiveRunner.process_cycle" to job store "default"
2026-08-16 18:18:38,327 - INFO - Scheduler started
2026-08-16 18:35:31,955 - INFO - Initializing scheduled trading bot live runner for bot-1786884134757-2615...
2026-08-16 18:35:36,957 - INFO - SQLite database tables verified/created.
2026-08-16 18:35:37,000 - INFO - Initializing CCXT Binance in TESTNET mode.
2026-08-16 18:35:38,329 - INFO - Initializing CCXT Binance in MAINNET mode (Public endpoints).
2026-08-16 18:35:38,399 - INFO - Sending Telegram alert...
2026-08-16 18:35:49,899 - ERROR - Audit batch write failed: database is locked
2026-08-16 18:35:50,295 - ERROR - Error logging Telegram event: database is locked
2026-08-16 18:35:50,296 - INFO - Telegram alert sent successfully.
2026-08-16 18:35:51,516 - INFO - [bot-1786884134757-2615] Starting signal check cycle for ETH/USDT (15m)...
2026-08-16 18:36:02,256 - ERROR - Error logging bot activity for bot-1786884134757-2615: database is locked
2026-08-16 18:36:02,257 - INFO - Fetching recent candles for ETH/USDT (15m) [Bot: bot-1786884134757-2615]...
2026-08-16 18:36:05,609 - INFO - Indicators computed | close=1880.22 ema_9=1880.25 ema_20=1880.54 ema_50=1881.22 ema_200=1882.12 macd=-0.3516 poc=1875.0 val=1875.0 vah=1900.0
2026-08-16 18:36:05,610 - INFO - [bot-1786884134757-2615] Evaluating strategy on completed candle: 2026-08-16T12:45:00+00:00 at Close price: 1879.83
2026-08-16 18:36:20,110 - INFO - Confluence Evaluation | Regime: RANGING (ADX=22.0) | Direction: HOLD | BullScore: 32.6% | BearScore: 67.4% | Active: ['ema', 'macd', 'rsi', 'vp']
2026-08-16 18:36:31,350 - ERROR - Error logging bot decision for bot-1786884134757-2615: database is locked
2026-08-16 18:36:33,267 - INFO - Signal evaluated: HOLD. Reason/Details: Confluence score: 67% (HOLD)
2026-08-16 18:36:33,308 - INFO - Logged heartbeat status: OK
2026-08-16 18:36:33,311 - INFO - Adding job tentatively -- it will be properly scheduled when the scheduler starts
2026-08-16 18:36:33,311 - INFO - Bot bot-1786884134757-2615 scheduled to check every 15 minutes.
2026-08-16 18:36:33,311 - INFO - Added job "LiveRunner.process_cycle" to job store "default"
2026-08-16 18:36:33,311 - INFO - Scheduler started
2026-08-16 19:06:03,687 - INFO - Initializing scheduled trading bot live runner for bot-1786884134757-2615...
2026-08-16 19:06:04,832 - INFO - SQLite database tables verified/created.
2026-08-16 19:06:04,874 - INFO - Initializing CCXT Binance in TESTNET mode.
2026-08-16 19:06:09,166 - INFO - Initializing CCXT Binance in MAINNET mode (Public endpoints).
2026-08-16 19:06:09,416 - INFO - Sending Telegram alert...
2026-08-16 19:06:23,718 - INFO - Telegram alert sent successfully.
2026-08-16 19:06:24,305 - INFO - [bot-1786884134757-2615] Starting signal check cycle for ETH/USDT (15m)...
2026-08-16 19:06:35,012 - ERROR - Error logging bot activity for bot-1786884134757-2615: database is locked
2026-08-16 19:06:35,013 - INFO - Fetching recent candles for ETH/USDT (15m) [Bot: bot-1786884134757-2615]...
2026-08-16 19:06:40,379 - ERROR - Error fetching live OHLCV for ETH/USDT 15m: binance does not have market symbol ETH/USDT
2026-08-16 19:06:40,379 - ERROR - System Error in runner execution cycle: binance does not have market symbol ETH/USDT
Traceback (most recent call last):
  File "H:\algo\algo\btc-bot\src\live_runner.py", line 167, in process_cycle
    df = self.mainnet_fetcher.fetch_live_ohlcv(self.symbol, self.timeframe, limit=1000)
  File "H:\algo\algo\btc-bot\src\data_fetcher.py", line 196, in fetch_live_ohlcv
    raise e
  File "H:\algo\algo\btc-bot\src\data_fetcher.py", line 175, in fetch_live_ohlcv
    candles = self.exchange.fetch_ohlcv(
        symbol=symbol,
        timeframe=timeframe,
        limit=limit
    )
  File "H:\algo\algo\.venv\Lib\site-packages\ccxt\binance.py", line 4718, in fetch_ohlcv
    market = self.market(symbol)
  File "H:\algo\algo\.venv\Lib\site-packages\ccxt\binance.py", line 2916, in market
    raise BadSymbol(self.id + ' does not have market symbol ' + symbol)
ccxt.base.errors.BadSymbol: binance does not have market symbol ETH/USDT
2026-08-16 19:06:46,838 - INFO - Sending Telegram alert...
2026-08-16 19:06:47,650 - INFO - Telegram alert sent successfully.
2026-08-16 19:06:47,703 - INFO - Logged heartbeat status: ERROR
2026-08-16 19:06:47,705 - INFO - Adding job tentatively -- it will be properly scheduled when the scheduler starts
2026-08-16 19:06:47,705 - INFO - Bot bot-1786884134757-2615 scheduled to check every 15 minutes.
2026-08-16 19:06:47,706 - INFO - Added job "LiveRunner.process_cycle" to job store "default"
2026-08-16 19:06:47,706 - INFO - Scheduler started
2026-08-16 19:11:25,274 - INFO - Initializing scheduled trading bot live runner for bot-1786884134757-2615...
2026-08-16 19:11:26,905 - INFO - SQLite database tables verified/created.
2026-08-16 19:11:29,965 - INFO - Initializing CCXT Binance in TESTNET mode.
2026-08-16 19:11:36,262 - INFO - Initializing CCXT Binance in MAINNET mode (Public endpoints).
2026-08-16 19:11:36,611 - INFO - Sending Telegram alert...
2026-08-16 19:11:46,309 - INFO - Telegram alert sent successfully.
2026-08-16 19:11:46,358 - INFO - [bot-1786884134757-2615] Starting signal check cycle for ETH/USDT (15m)...
2026-08-16 19:11:46,429 - INFO - Fetching recent candles for ETH/USDT (15m) [Bot: bot-1786884134757-2615]...
2026-08-16 19:11:50,081 - INFO - Indicators computed | close=1881.53 ema_9=1880.69 ema_20=1880.71 ema_50=1881.24 ema_200=1882.11 macd=-0.1425 poc=1875.0 val=1875.0 vah=1900.0
2026-08-16 19:11:50,092 - INFO - [bot-1786884134757-2615] Evaluating strategy on completed candle: 2026-08-16T13:15:00+00:00 at Close price: 1880.81
2026-08-16 19:11:51,234 - INFO - Confluence Evaluation | Regime: RANGING (ADX=23.1) | Direction: HOLD | BullScore: 65.2% | BearScore: 0.0% | Active: ['ema', 'macd', 'rsi', 'vp']
2026-08-16 19:11:52,032 - INFO - Signal evaluated: HOLD. Reason/Details: Confluence score: 65% (HOLD)
2026-08-16 19:11:52,356 - INFO - Logged heartbeat status: OK
2026-08-16 19:11:52,386 - INFO - Adding job tentatively -- it will be properly scheduled when the scheduler starts
2026-08-16 19:11:52,386 - INFO - Bot bot-1786884134757-2615 scheduled to check every 15 minutes.
2026-08-16 19:11:52,387 - INFO - Added job "LiveRunner.process_cycle" to job store "default"
2026-08-16 19:11:52,387 - INFO - Scheduler started
