2026-08-16 13:27:22,091 - INFO - Initializing scheduled trading bot live runner for bot-1786866997782-cbce...
2026-08-16 13:27:22,132 - INFO - SQLite database tables verified/created.
2026-08-16 13:27:22,156 - INFO - Initializing CCXT Binance in TESTNET mode.
2026-08-16 13:27:41,558 - INFO - Initializing scheduled trading bot live runner for bot-1786866997782-cbce...
2026-08-16 13:27:41,664 - INFO - SQLite database tables verified/created.
2026-08-16 13:27:41,737 - INFO - Initializing CCXT Binance in TESTNET mode.
2026-08-16 13:27:43,858 - INFO - Initializing CCXT Binance in MAINNET mode (Public endpoints).
2026-08-16 13:27:43,880 - INFO - Sending Telegram alert...
2026-08-16 13:27:44,591 - INFO - Telegram alert sent successfully.
2026-08-16 13:27:44,596 - INFO - [bot-1786866997782-cbce] Starting signal check cycle for BTC/USDT (5m)...
2026-08-16 13:27:44,602 - INFO - Fetching recent candles for BTC/USDT (5m) [Bot: bot-1786866997782-cbce]...
2026-08-16 13:27:54,943 - INFO - Indicators computed | close=63061.03 ema_9=63060.94 ema_20=63063.21 ema_50=63075.00 ema_200=63082.96 macd=-4.4922 poc=63050.0 val=62600.0 vah=63425.0
2026-08-16 13:27:54,951 - INFO - [bot-1786866997782-cbce] Evaluating strategy on completed candle: 2026-08-16T07:50:00+00:00 at Close price: 63061.03
2026-08-16 13:28:06,553 - ERROR - Error logging bot activity for bot-1786866997782-cbce: database is locked
2026-08-16 13:28:06,890 - INFO - Confluence Evaluation | Regime: TRENDING (ADX=27.8) | Direction: HOLD | BullScore: 17.4% | BearScore: 32.6% | Active: ['ema', 'macd', 'rsi', 'vp']
2026-08-16 13:28:13,883 - INFO - Signal evaluated: HOLD. Reason/Details: Confluence score: 33% (HOLD)
2026-08-16 13:28:13,916 - INFO - Logged heartbeat status: OK
2026-08-16 13:28:13,918 - INFO - Adding job tentatively -- it will be properly scheduled when the scheduler starts
2026-08-16 13:28:13,918 - INFO - Bot bot-1786866997782-cbce scheduled to check every 5 minutes.
2026-08-16 13:28:13,918 - INFO - Added job "LiveRunner.process_cycle" to job store "default"
2026-08-16 13:28:13,918 - INFO - Scheduler started
