/Users/ashishparadkar/Downloads/algo-code-main/.venv/lib/python3.9/site-packages/urllib3/__init__.py:35: NotOpenSSLWarning: urllib3 v2 only supports OpenSSL 1.1.1+, currently the 'ssl' module is compiled with 'LibreSSL 2.8.3'. See: https://github.com/urllib3/urllib3/issues/3020
  warnings.warn(
2026-08-21 18:15:59,051 - INFO - Bot state startup reconciliation finished: 0 bot(s) reconciled to STOPPED.
2026-08-21 18:16:04,567 - INFO - Telegram notification service initialized successfully (Chat ID: 5657...)
2026-08-21 18:16:06,777 - INFO - Initializing scheduled trading bot live runner for bot-1787305916359-cc79...
2026-08-21 18:16:11,090 - INFO - SQLite database tables verified/created.
2026-08-21 18:16:14,249 - INFO - Initializing CCXT Binance in TESTNET mode.
/Users/ashishparadkar/Downloads/algo-code-main/.venv/lib/python3.9/site-packages/urllib3/__init__.py:35: NotOpenSSLWarning: urllib3 v2 only supports OpenSSL 1.1.1+, currently the 'ssl' module is compiled with 'LibreSSL 2.8.3'. See: https://github.com/urllib3/urllib3/issues/3020
  warnings.warn(
2026-08-21 20:29:15,894 - INFO - Bot state startup reconciliation finished: 0 bot(s) reconciled to STOPPED.
2026-08-21 20:29:20,329 - INFO - Telegram notification service initialized successfully (Chat ID: 5657...)
2026-08-21 20:29:21,058 - INFO - Initializing scheduled trading bot live runner for bot-1787305916359-cc79...
2026-08-21 20:29:23,058 - INFO - SQLite database tables verified/created.
2026-08-21 20:29:24,959 - INFO - Initializing CCXT Binance in TESTNET mode.
/Users/ashishparadkar/Downloads/algo-code-main/.venv/lib/python3.9/site-packages/urllib3/__init__.py:35: NotOpenSSLWarning: urllib3 v2 only supports OpenSSL 1.1.1+, currently the 'ssl' module is compiled with 'LibreSSL 2.8.3'. See: https://github.com/urllib3/urllib3/issues/3020
  warnings.warn(
2026-08-21 21:37:03,464 - INFO - Bot state startup reconciliation finished: 0 bot(s) reconciled to STOPPED.
2026-08-21 21:37:12,178 - INFO - Telegram notification service initialized successfully (Chat ID: 5657...)
2026-08-21 21:37:13,785 - INFO - Initializing scheduled trading bot live runner for bot-1787305916359-cc79...
2026-08-21 21:37:15,089 - INFO - SQLite database tables verified/created.
2026-08-21 21:37:17,343 - INFO - Initializing CCXT Binance in TESTNET mode.
2026-08-21 21:39:57,035 - INFO - [bot-1787305916359-cc79] Pre-flight instrument resolved: BTC/USDT (SPOT via binance_spot)
2026-08-21 21:40:03,505 - INFO - [bot-1787305916359-cc79] Starting signal check cycle for BTC/USDT (15m)...
2026-08-21 21:40:04,679 - INFO - Fetching recent candles for BTC/USDT (15m) [Bot: bot-1787305916359-cc79] via ProviderManager...
2026-08-21 22:02:18,179 - INFO - Indicators computed | close=77278.01 ema_9=77276.39 ema_20=77236.96 ema_50=76622.61 ema_200=72841.60 macd=108.7940 poc=63050.0 val=62700.0 vah=72550.0
2026-08-21 22:02:19,100 - INFO - [bot-1787305916359-cc79] Evaluating strategy on completed candle: 2026-08-21 16:15:00+00:00 at Close price: 77383.87
2026-08-21 22:02:22,410 - INFO - Confluence Evaluation | Regime: TRENDING (ADX=29.4) | Direction: HOLD | BullScore: 39.5% | BearScore: 21.1% | Active: ['ema', 'macd', 'vp']
2026-08-21 22:02:23,995 - INFO - Signal evaluated: HOLD. Reason/Details: Confluence score: 40% (HOLD)
2026-08-21 22:02:26,199 - INFO - Logged heartbeat status: OK
2026-08-21 22:02:30,656 - INFO - Adding job tentatively -- it will be properly scheduled when the scheduler starts
2026-08-21 22:02:30,658 - INFO - Bot bot-1787305916359-cc79 scheduled to check every 15 minutes.
2026-08-21 22:02:31,707 - INFO - Added job "LiveRunner.process_cycle" to job store "default"
2026-08-21 22:02:31,725 - INFO - Scheduler started
2026-08-21 22:17:30,289 - INFO - Running job "LiveRunner.process_cycle (trigger: interval[0:15:00], next run at: 2026-08-21 22:32:29 IST)" (scheduled at 2026-08-21 22:17:29.928405+05:30)
2026-08-21 22:17:30,420 - INFO - [bot-1787305916359-cc79] Starting signal check cycle for BTC/USDT (15m)...
2026-08-21 22:17:30,529 - INFO - Fetching recent candles for BTC/USDT (15m) [Bot: bot-1787305916359-cc79] via ProviderManager...
2026-08-21 22:17:33,405 - INFO - Indicators computed | close=77398.59 ema_9=77314.28 ema_20=77259.59 ema_50=76656.21 ema_200=72887.77 macd=115.8707 poc=63050.0 val=62700.0 vah=72575.0
2026-08-21 22:17:33,407 - INFO - [bot-1787305916359-cc79] Evaluating strategy on completed candle: 2026-08-21 16:30:00+00:00 at Close price: 77362.04
2026-08-21 22:17:33,654 - INFO - Confluence Evaluation | Regime: TRENDING (ADX=28.9) | Direction: HOLD | BullScore: 39.5% | BearScore: 21.1% | Active: ['ema', 'macd', 'vp']
2026-08-21 22:17:33,766 - INFO - Signal evaluated: HOLD. Reason/Details: Confluence score: 40% (HOLD)
2026-08-21 22:17:33,982 - INFO - Logged heartbeat status: OK
2026-08-21 22:17:33,982 - INFO - Job "LiveRunner.process_cycle (trigger: interval[0:15:00], next run at: 2026-08-21 22:32:29 IST)" executed successfully
2026-08-21 22:32:29,996 - INFO - Running job "LiveRunner.process_cycle (trigger: interval[0:15:00], next run at: 2026-08-21 22:47:29 IST)" (scheduled at 2026-08-21 22:32:29.928405+05:30)
2026-08-21 22:32:30,113 - INFO - [bot-1787305916359-cc79] Starting signal check cycle for BTC/USDT (15m)...
2026-08-21 22:32:30,190 - INFO - Fetching recent candles for BTC/USDT (15m) [Bot: bot-1787305916359-cc79] via ProviderManager...
2026-08-21 22:32:31,795 - INFO - Indicators computed | close=77612.18 ema_9=77387.84 ema_20=77300.70 ema_50=76696.99 ema_200=72935.64 macd=137.2656 poc=63050.0 val=62700.0 vah=72600.0
2026-08-21 22:32:31,806 - INFO - [bot-1787305916359-cc79] Evaluating strategy on completed candle: 2026-08-21 16:45:00+00:00 at Close price: 77486.01
2026-08-21 22:32:31,963 - INFO - Confluence Evaluation | Regime: TRENDING (ADX=27.4) | Direction: HOLD | BullScore: 39.5% | BearScore: 21.1% | Active: ['ema', 'macd', 'vp']
2026-08-21 22:32:32,094 - INFO - Signal evaluated: HOLD. Reason/Details: Confluence score: 40% (HOLD)
2026-08-21 22:32:32,351 - INFO - Logged heartbeat status: OK
2026-08-21 22:32:32,352 - INFO - Job "LiveRunner.process_cycle (trigger: interval[0:15:00], next run at: 2026-08-21 22:47:29 IST)" executed successfully
/Users/ashishparadkar/Downloads/algo-code-main/.venv/lib/python3.9/site-packages/urllib3/__init__.py:35: NotOpenSSLWarning: urllib3 v2 only supports OpenSSL 1.1.1+, currently the 'ssl' module is compiled with 'LibreSSL 2.8.3'. See: https://github.com/urllib3/urllib3/issues/3020
  warnings.warn(
2026-08-21 22:46:13,874 - INFO - Bot state startup reconciliation finished: 0 bot(s) reconciled to STOPPED.
2026-08-21 22:46:14,219 - INFO - Telegram notification service initialized successfully (Chat ID: 5657...)
2026-08-21 22:46:14,235 - INFO - Initializing scheduled trading bot live runner for bot-1787305916359-cc79...
2026-08-21 22:46:14,486 - INFO - SQLite database tables verified/created.
2026-08-21 22:46:14,699 - INFO - Initializing CCXT Binance in TESTNET mode.
2026-08-21 22:46:24,927 - INFO - [bot-1787305916359-cc79] Pre-flight instrument resolved: BTC/USDT (SPOT via binance_spot)
2026-08-21 22:46:25,122 - INFO - [bot-1787305916359-cc79] Starting signal check cycle for BTC/USDT (5m)...
2026-08-21 22:46:25,436 - INFO - Fetching recent candles for BTC/USDT (5m) [Bot: bot-1787305916359-cc79] via ProviderManager...
2026-08-21 22:46:54,011 - INFO - Indicators computed | close=77412.00 ema_9=77461.06 ema_20=77397.26 ema_50=77309.82 ema_200=76223.87 macd=64.0023 poc=69350.0 val=64025.0 vah=74600.0
2026-08-21 22:46:54,019 - INFO - [bot-1787305916359-cc79] Evaluating strategy on completed candle: 2026-08-21 17:10:00+00:00 at Close price: 77561.30
2026-08-21 22:46:54,245 - INFO - Confluence Evaluation | Regime: TRENDING (ADX=37.2) | Direction: LONG | BullScore: 78.9% | BearScore: 21.1% | Active: ['ema', 'macd', 'vp']
2026-08-21 22:46:54,311 - INFO - Capping position size 1.027063 BTC to available cash equivalent 0.128930 BTC.
2026-08-21 22:46:54,454 - INFO - Created pending signal approval ID 266 for bot bot-1787305916359-cc79 (LONG @ $77561.30, status: WAITING_APPROVAL)
2026-08-21 22:46:54,529 - INFO - [bot-1787305916359-cc79] Signal LONG generated (ID: 266). Waiting for manual user approval.
2026-08-21 22:46:54,693 - INFO - Logged heartbeat status: OK
2026-08-21 22:46:54,721 - INFO - Adding job tentatively -- it will be properly scheduled when the scheduler starts
2026-08-21 22:46:54,722 - INFO - Bot bot-1787305916359-cc79 scheduled to check every 5 minutes.
2026-08-21 22:46:54,727 - INFO - Added job "LiveRunner.process_cycle" to job store "default"
2026-08-21 22:46:54,727 - INFO - Scheduler started
