/Users/ashishparadkar/Downloads/algo-code-main/.venv/lib/python3.9/site-packages/urllib3/__init__.py:35: NotOpenSSLWarning: urllib3 v2 only supports OpenSSL 1.1.1+, currently the 'ssl' module is compiled with 'LibreSSL 2.8.3'. See: https://github.com/urllib3/urllib3/issues/3020
  warnings.warn(
2026-08-21 18:17:26,846 - INFO - Bot state startup reconciliation finished: 0 bot(s) reconciled to STOPPED.
/Users/ashishparadkar/Downloads/algo-code-main/.venv/lib/python3.9/site-packages/urllib3/__init__.py:35: NotOpenSSLWarning: urllib3 v2 only supports OpenSSL 1.1.1+, currently the 'ssl' module is compiled with 'LibreSSL 2.8.3'. See: https://github.com/urllib3/urllib3/issues/3020
  warnings.warn(
2026-08-21 20:30:46,320 - INFO - Bot state startup reconciliation finished: 0 bot(s) reconciled to STOPPED.
2026-08-21 20:30:49,981 - INFO - Telegram notification service initialized successfully (Chat ID: 5657...)
2026-08-21 20:30:52,958 - INFO - Initializing scheduled trading bot live runner for bot-1787306377016-0da4...
2026-08-21 20:30:55,973 - INFO - SQLite database tables verified/created.
2026-08-21 20:30:59,809 - INFO - Initializing CCXT Binance in TESTNET mode.
/Users/ashishparadkar/Downloads/algo-code-main/.venv/lib/python3.9/site-packages/urllib3/__init__.py:35: NotOpenSSLWarning: urllib3 v2 only supports OpenSSL 1.1.1+, currently the 'ssl' module is compiled with 'LibreSSL 2.8.3'. See: https://github.com/urllib3/urllib3/issues/3020
  warnings.warn(
2026-08-21 21:38:18,113 - INFO - Bot state startup reconciliation finished: 0 bot(s) reconciled to STOPPED.
2026-08-21 21:38:22,259 - INFO - Telegram notification service initialized successfully (Chat ID: 5657...)
2026-08-21 21:38:23,726 - INFO - Initializing scheduled trading bot live runner for bot-1787306377016-0da4...
2026-08-21 21:38:25,975 - INFO - SQLite database tables verified/created.
2026-08-21 21:38:29,609 - INFO - Initializing CCXT Binance in TESTNET mode.
2026-08-21 21:42:24,491 - INFO - [bot-1787306377016-0da4] Pre-flight instrument resolved: BTC/USDT (SPOT via binance_spot)
2026-08-21 21:42:39,392 - INFO - [bot-1787306377016-0da4] Starting signal check cycle for BTC/USDT (5m)...
2026-08-21 21:42:42,077 - INFO - Fetching recent candles for BTC/USDT (5m) [Bot: bot-1787306377016-0da4] via ProviderManager...
2026-08-21 22:03:29,040 - INFO - Indicators computed | close=77290.01 ema_9=77230.03 ema_20=77261.78 ema_50=77234.04 ema_200=76105.42 macd=-17.5182 poc=69350.0 val=64025.0 vah=74450.0
2026-08-21 22:03:29,155 - INFO - [bot-1787306377016-0da4] Evaluating strategy on completed candle: 2026-08-21 16:25:00+00:00 at Close price: 77383.87
2026-08-21 22:03:29,992 - INFO - Confluence Evaluation | Regime: TRENDING (ADX=39.1) | Direction: LONG | BullScore: 88.2% | BearScore: 11.8% | Active: ['ema_9', 'ema_20', 'rsi', 'vwap', 'supertrend', 'atr']
2026-08-21 22:03:30,437 - INFO - Capping position size 0.443892 BTC to available cash equivalent 0.193839 BTC.
2026-08-21 22:03:30,772 - INFO - Created pending signal approval ID 218 for bot bot-1787306377016-0da4 (LONG @ $77383.87, status: WAITING_APPROVAL)
2026-08-21 22:03:31,293 - INFO - [bot-1787306377016-0da4] Signal LONG generated (ID: 218). Waiting for manual user approval.
2026-08-21 22:03:31,606 - INFO - Logged heartbeat status: OK
2026-08-21 22:03:32,683 - INFO - Adding job tentatively -- it will be properly scheduled when the scheduler starts
2026-08-21 22:03:32,683 - INFO - Bot bot-1787306377016-0da4 scheduled to check every 5 minutes.
2026-08-21 22:03:33,086 - INFO - Added job "LiveRunner.process_cycle" to job store "default"
2026-08-21 22:03:33,087 - INFO - Scheduler started
2026-08-21 22:08:32,589 - INFO - Running job "LiveRunner.process_cycle (trigger: interval[0:05:00], next run at: 2026-08-21 22:13:32 IST)" (scheduled at 2026-08-21 22:08:32.523785+05:30)
2026-08-21 22:08:32,610 - INFO - [bot-1787306377016-0da4] Starting signal check cycle for BTC/USDT (5m)...
2026-08-21 22:08:32,664 - INFO - Fetching recent candles for BTC/USDT (5m) [Bot: bot-1787306377016-0da4] via ProviderManager...
2026-08-21 22:08:33,406 - INFO - Indicators computed | close=77278.00 ema_9=77247.32 ema_20=77267.47 ema_50=77237.57 ema_200=76117.56 macd=-10.5412 poc=69350.0 val=64025.0 vah=74475.0
2026-08-21 22:08:33,410 - INFO - [bot-1787306377016-0da4] Evaluating strategy on completed candle: 2026-08-21 16:30:00+00:00 at Close price: 77338.12
2026-08-21 22:08:33,511 - INFO - Confluence Evaluation | Regime: TRENDING (ADX=39.7) | Direction: HOLD | BullScore: 44.1% | BearScore: 55.9% | Active: ['ema_9', 'ema_20', 'rsi', 'vwap', 'supertrend', 'atr']
2026-08-21 22:08:33,637 - INFO - Signal evaluated: HOLD. Reason/Details: Confluence score: 56% (HOLD)
2026-08-21 22:08:33,889 - INFO - Logged heartbeat status: OK
2026-08-21 22:08:33,891 - INFO - Job "LiveRunner.process_cycle (trigger: interval[0:05:00], next run at: 2026-08-21 22:13:32 IST)" executed successfully
2026-08-21 22:13:32,567 - INFO - Running job "LiveRunner.process_cycle (trigger: interval[0:05:00], next run at: 2026-08-21 22:18:32 IST)" (scheduled at 2026-08-21 22:13:32.523785+05:30)
2026-08-21 22:13:32,603 - INFO - [bot-1787306377016-0da4] Starting signal check cycle for BTC/USDT (5m)...
2026-08-21 22:13:32,653 - INFO - Fetching recent candles for BTC/USDT (5m) [Bot: bot-1787306377016-0da4] via ProviderManager...
2026-08-21 22:13:33,567 - INFO - Indicators computed | close=77326.73 ema_9=77269.33 ema_20=77276.41 ema_50=77242.51 ema_200=76129.97 macd=-1.7166 poc=69350.0 val=64025.0 vah=74475.0
2026-08-21 22:13:33,568 - INFO - [bot-1787306377016-0da4] Evaluating strategy on completed candle: 2026-08-21 16:35:00+00:00 at Close price: 77316.28
2026-08-21 22:13:33,638 - INFO - Confluence Evaluation | Regime: TRENDING (ADX=39.7) | Direction: HOLD | BullScore: 44.1% | BearScore: 55.9% | Active: ['ema_9', 'ema_20', 'rsi', 'vwap', 'supertrend', 'atr']
2026-08-21 22:13:33,750 - INFO - Signal evaluated: HOLD. Reason/Details: Confluence score: 56% (HOLD)
2026-08-21 22:13:33,984 - INFO - Logged heartbeat status: OK
2026-08-21 22:13:33,984 - INFO - Job "LiveRunner.process_cycle (trigger: interval[0:05:00], next run at: 2026-08-21 22:18:32 IST)" executed successfully
2026-08-21 22:18:32,546 - INFO - Running job "LiveRunner.process_cycle (trigger: interval[0:05:00], next run at: 2026-08-21 22:23:32 IST)" (scheduled at 2026-08-21 22:18:32.523785+05:30)
2026-08-21 22:18:32,564 - INFO - [bot-1787306377016-0da4] Starting signal check cycle for BTC/USDT (5m)...
2026-08-21 22:18:32,614 - INFO - Fetching recent candles for BTC/USDT (5m) [Bot: bot-1787306377016-0da4] via ProviderManager...
2026-08-21 22:18:33,135 - INFO - Indicators computed | close=77420.01 ema_9=77305.11 ema_20=77293.13 ema_50=77250.80 ema_200=76143.16 macd=12.4402 poc=69350.0 val=64025.0 vah=74500.0
2026-08-21 22:18:33,141 - INFO - [bot-1787306377016-0da4] Evaluating strategy on completed candle: 2026-08-21 16:40:00+00:00 at Close price: 77362.04
2026-08-21 22:18:33,247 - INFO - Confluence Evaluation | Regime: TRENDING (ADX=40.2) | Direction: LONG | BullScore: 88.2% | BearScore: 11.8% | Active: ['ema_9', 'ema_20', 'rsi', 'vwap', 'supertrend', 'atr']
2026-08-21 22:18:33,319 - INFO - Capping position size 0.791348 BTC to available cash equivalent 0.193894 BTC.
2026-08-21 22:18:33,353 - INFO - [bot-1787306377016-0da4] Signal LONG active pending approval already exists (ID: 218).
2026-08-21 22:18:33,543 - INFO - Logged heartbeat status: OK
2026-08-21 22:18:33,544 - INFO - Job "LiveRunner.process_cycle (trigger: interval[0:05:00], next run at: 2026-08-21 22:23:32 IST)" executed successfully
2026-08-21 22:23:32,633 - INFO - Running job "LiveRunner.process_cycle (trigger: interval[0:05:00], next run at: 2026-08-21 22:28:32 IST)" (scheduled at 2026-08-21 22:23:32.523785+05:30)
2026-08-21 22:23:32,729 - INFO - [bot-1787306377016-0da4] Starting signal check cycle for BTC/USDT (5m)...
2026-08-21 22:23:32,790 - INFO - Fetching recent candles for BTC/USDT (5m) [Bot: bot-1787306377016-0da4] via ProviderManager...
2026-08-21 22:23:33,445 - INFO - Indicators computed | close=77486.00 ema_9=77358.92 ema_20=77320.99 ema_50=77264.18 ema_200=76157.60 macd=33.2333 poc=69350.0 val=64025.0 vah=74525.0
2026-08-21 22:23:33,446 - INFO - [bot-1787306377016-0da4] Evaluating strategy on completed candle: 2026-08-21 16:45:00+00:00 at Close price: 77530.19
2026-08-21 22:23:33,604 - INFO - LONG signal blocked | Location blocked (Close 77530.19 outside Value Area [62744.50 - 76015.50], VAL=64025.00, VAH=74525.00) | context={'close': 77530.19, 'ema_9': 77327.14786556269, 'ema_20': 77303.62543003306, 'ema_50': 77255.12450110391, 'ema_200': 76144.25262187838, 'macd_line': 21.229475276821177, 'macd_signal': 6.32280964717363, 'macd_hist': 14.906665629647547, 'poc': np.float64(69350.0), 'val': np.float64(64025.0), 'vah': np.float64(74525.0)}
2026-08-21 22:23:33,614 - INFO - Confluence Evaluation | Regime: TRENDING (ADX=39.6) | Direction: LONG | BullScore: 88.2% | BearScore: 11.8% | Active: ['ema_9', 'ema_20', 'rsi', 'vwap', 'supertrend', 'atr']
2026-08-21 22:23:33,679 - INFO - Signal evaluated: HOLD. Reason/Details: Confluence score: 88% (LONG) meets 75% threshold
2026-08-21 22:23:33,963 - INFO - Logged heartbeat status: OK
2026-08-21 22:23:33,968 - INFO - Job "LiveRunner.process_cycle (trigger: interval[0:05:00], next run at: 2026-08-21 22:28:32 IST)" executed successfully
2026-08-21 22:28:32,557 - INFO - Running job "LiveRunner.process_cycle (trigger: interval[0:05:00], next run at: 2026-08-21 22:33:32 IST)" (scheduled at 2026-08-21 22:28:32.523785+05:30)
2026-08-21 22:28:32,577 - INFO - [bot-1787306377016-0da4] Starting signal check cycle for BTC/USDT (5m)...
2026-08-21 22:28:32,625 - INFO - Fetching recent candles for BTC/USDT (5m) [Bot: bot-1787306377016-0da4] via ProviderManager...
2026-08-21 22:28:33,859 - INFO - Indicators computed | close=77525.99 ema_9=77389.77 ema_20=77339.14 ema_50=77273.84 ema_200=76171.06 macd=44.4639 poc=69350.0 val=64025.0 vah=74550.0
2026-08-21 22:28:33,899 - INFO - [bot-1787306377016-0da4] Evaluating strategy on completed candle: 2026-08-21 16:50:00+00:00 at Close price: 77470.00
2026-08-21 22:28:34,160 - INFO - Confluence Evaluation | Regime: TRENDING (ADX=39.0) | Direction: HOLD | BullScore: 44.1% | BearScore: 55.9% | Active: ['ema_9', 'ema_20', 'rsi', 'vwap', 'supertrend', 'atr']
2026-08-21 22:28:34,341 - INFO - Signal evaluated: HOLD. Reason/Details: Confluence score: 56% (HOLD)
2026-08-21 22:28:34,599 - INFO - Logged heartbeat status: OK
2026-08-21 22:28:34,599 - INFO - Job "LiveRunner.process_cycle (trigger: interval[0:05:00], next run at: 2026-08-21 22:33:32 IST)" executed successfully
2026-08-21 22:33:32,600 - INFO - Running job "LiveRunner.process_cycle (trigger: interval[0:05:00], next run at: 2026-08-21 22:38:32 IST)" (scheduled at 2026-08-21 22:33:32.523785+05:30)
2026-08-21 22:33:32,712 - INFO - [bot-1787306377016-0da4] Starting signal check cycle for BTC/USDT (5m)...
2026-08-21 22:33:32,726 - INFO - Fetching recent candles for BTC/USDT (5m) [Bot: bot-1787306377016-0da4] via ProviderManager...
2026-08-21 22:33:36,068 - INFO - Indicators computed | close=77566.00 ema_9=77418.62 ema_20=77357.30 ema_50=77283.79 ema_200=76184.55 macd=54.4853 poc=69350.0 val=64025.0 vah=74550.0
2026-08-21 22:33:36,424 - INFO - [bot-1787306377016-0da4] Evaluating strategy on completed candle: 2026-08-21 16:55:00+00:00 at Close price: 77486.01
2026-08-21 22:33:36,486 - INFO - Confluence Evaluation | Regime: TRENDING (ADX=37.1) | Direction: LONG | BullScore: 100.0% | BearScore: 0.0% | Active: ['ema_9', 'ema_20', 'rsi', 'vwap', 'supertrend', 'atr']
2026-08-21 22:33:36,668 - INFO - Capping position size 0.927013 BTC to available cash equivalent 0.193583 BTC.
2026-08-21 22:33:36,734 - INFO - Created pending signal approval ID 258 for bot bot-1787306377016-0da4 (LONG @ $77486.01, status: WAITING_APPROVAL)
2026-08-21 22:33:36,775 - INFO - [bot-1787306377016-0da4] Signal LONG generated (ID: 258). Waiting for manual user approval.
2026-08-21 22:33:37,027 - INFO - Logged heartbeat status: OK
2026-08-21 22:33:37,031 - INFO - Job "LiveRunner.process_cycle (trigger: interval[0:05:00], next run at: 2026-08-21 22:38:32 IST)" executed successfully
2026-08-21 22:38:32,697 - INFO - Running job "LiveRunner.process_cycle (trigger: interval[0:05:00], next run at: 2026-08-21 22:43:32 IST)" (scheduled at 2026-08-21 22:38:32.523785+05:30)
2026-08-21 22:38:32,750 - INFO - [bot-1787306377016-0da4] Starting signal check cycle for BTC/USDT (5m)...
2026-08-21 22:38:32,813 - INFO - Fetching recent candles for BTC/USDT (5m) [Bot: bot-1787306377016-0da4] via ProviderManager...
2026-08-21 22:38:33,511 - INFO - Indicators computed | close=77666.00 ema_9=77461.06 ema_20=77382.91 ema_50=77297.12 ema_200=76198.86 macd=69.4820 poc=69350.0 val=64025.0 vah=74575.0
2026-08-21 22:38:33,513 - INFO - [bot-1787306377016-0da4] Evaluating strategy on completed candle: 2026-08-21 17:00:00+00:00 at Close price: 77522.00
2026-08-21 22:38:33,581 - INFO - Confluence Evaluation | Regime: TRENDING (ADX=34.7) | Direction: LONG | BullScore: 100.0% | BearScore: 0.0% | Active: ['ema_9', 'ema_20', 'rsi', 'vwap', 'supertrend', 'atr']
2026-08-21 22:38:33,702 - INFO - Capping position size 0.922311 BTC to available cash equivalent 0.193493 BTC.
2026-08-21 22:38:33,708 - INFO - [bot-1787306377016-0da4] Signal LONG active pending approval already exists (ID: 258).
2026-08-21 22:38:33,927 - INFO - Logged heartbeat status: OK
2026-08-21 22:38:33,927 - INFO - Job "LiveRunner.process_cycle (trigger: interval[0:05:00], next run at: 2026-08-21 22:43:32 IST)" executed successfully
