/Users/ashishparadkar/Downloads/algo-code-main/.venv/lib/python3.9/site-packages/urllib3/__init__.py:35: NotOpenSSLWarning: urllib3 v2 only supports OpenSSL 1.1.1+, currently the 'ssl' module is compiled with 'LibreSSL 2.8.3'. See: https://github.com/urllib3/urllib3/issues/3020
  warnings.warn(
2026-08-19 20:20:45,474 - INFO - Telegram notification service initialized successfully (Chat ID: 5657...)
2026-08-19 20:20:45,485 - INFO - Initializing scheduled trading bot live runner for bot-1787148351025-d4a6...
2026-08-19 20:20:45,538 - INFO - SQLite database tables verified/created.
2026-08-19 20:20:45,650 - INFO - Initializing CCXT Binance in TESTNET mode.
2026-08-19 20:20:47,805 - INFO - Initializing CCXT Binance in MAINNET mode (Public endpoints).
2026-08-19 20:20:47,885 - INFO - [bot-1787148351025-d4a6] Starting signal check cycle for BTC/USDT (1h)...
2026-08-19 20:20:47,918 - INFO - Fetching recent candles for BTC/USDT (1h) [Bot: bot-1787148351025-d4a6]...
2026-08-19 20:20:54,659 - INFO - Indicators computed | close=65592.94 ema_9=64811.71 ema_20=64622.26 ema_50=64342.84 ema_200=63903.18 macd=170.3658 poc=63050.0 val=62600.0 vah=64175.0
2026-08-19 20:20:54,662 - INFO - [bot-1787148351025-d4a6] Evaluating strategy on completed candle: 2026-08-19T13:00:00+00:00 at Close price: 65012.12
2026-08-19 20:20:54,728 - INFO - Confluence Evaluation | Regime: TRENDING (ADX=36.3) | Direction: LONG | BullScore: 78.9% | BearScore: 21.1% | Active: ['ema', 'macd', 'vp']
2026-08-19 20:20:54,811 - INFO - Capping position size 0.279415 BTC to available cash equivalent 0.153817 BTC.
2026-08-19 20:20:54,907 - INFO - Created pending signal approval ID 25 for bot bot-1787148351025-d4a6 (LONG @ $65012.12, status: WAITING_APPROVAL)
2026-08-19 20:20:54,951 - INFO - [bot-1787148351025-d4a6] Signal LONG generated (ID: 25). Waiting for manual user approval.
2026-08-19 20:20:55,101 - INFO - Logged heartbeat status: OK
2026-08-19 20:20:55,113 - INFO - Adding job tentatively -- it will be properly scheduled when the scheduler starts
2026-08-19 20:20:55,113 - INFO - Bot bot-1787148351025-d4a6 scheduled to check every 60 minutes.
2026-08-19 20:20:55,116 - INFO - Added job "LiveRunner.process_cycle" to job store "default"
2026-08-19 20:20:55,119 - INFO - Scheduler started
/Users/ashishparadkar/Downloads/algo-code-main/.venv/lib/python3.9/site-packages/urllib3/__init__.py:35: NotOpenSSLWarning: urllib3 v2 only supports OpenSSL 1.1.1+, currently the 'ssl' module is compiled with 'LibreSSL 2.8.3'. See: https://github.com/urllib3/urllib3/issues/3020
  warnings.warn(
2026-08-20 12:27:10,008 - INFO - Bot state startup reconciliation finished: 0 bot(s) reconciled to STOPPED.
2026-08-20 12:27:10,225 - INFO - Telegram notification service initialized successfully (Chat ID: 5657...)
2026-08-20 12:27:10,243 - INFO - Initializing scheduled trading bot live runner for bot-1787148351025-d4a6...
2026-08-20 12:27:10,474 - INFO - SQLite database tables verified/created.
2026-08-20 12:27:10,729 - INFO - Initializing CCXT Binance in TESTNET mode.
2026-08-20 12:27:17,009 - INFO - [bot-1787148351025-d4a6] Pre-flight instrument resolved: BTC/USDT (SPOT via binance_spot)
2026-08-20 12:27:17,046 - INFO - [bot-1787148351025-d4a6] Starting signal check cycle for BTC/USDT (1h)...
2026-08-20 12:27:17,226 - INFO - Fetching recent candles for BTC/USDT (1h) [Bot: bot-1787148351025-d4a6] via ProviderManager...
2026-08-20 12:27:41,433 - INFO - Indicators computed | close=69852.00 ema_9=69304.47 ema_20=68352.68 ema_50=66639.51 ema_200=64678.93 macd=1169.6590 poc=63050.0 val=62525.0 vah=65725.0
2026-08-20 12:27:41,440 - INFO - [bot-1787148351025-d4a6] Evaluating strategy on completed candle: 2026-08-20 05:00:00+00:00 at Close price: 69406.54
2026-08-20 12:27:41,558 - INFO - Confluence Evaluation | Regime: TRENDING (ADX=77.9) | Direction: HOLD | BullScore: 39.5% | BearScore: 21.1% | Active: ['ema', 'macd', 'vp']
2026-08-20 12:27:41,669 - INFO - Signal evaluated: HOLD. Reason/Details: Confluence score: 40% (HOLD)
2026-08-20 12:27:41,789 - INFO - Logged heartbeat status: OK
2026-08-20 12:27:41,810 - INFO - Adding job tentatively -- it will be properly scheduled when the scheduler starts
2026-08-20 12:27:41,810 - INFO - Bot bot-1787148351025-d4a6 scheduled to check every 60 minutes.
2026-08-20 12:27:41,812 - INFO - Added job "LiveRunner.process_cycle" to job store "default"
2026-08-20 12:27:41,812 - INFO - Scheduler started
/Users/ashishparadkar/Downloads/algo-code-main/.venv/lib/python3.9/site-packages/urllib3/__init__.py:35: NotOpenSSLWarning: urllib3 v2 only supports OpenSSL 1.1.1+, currently the 'ssl' module is compiled with 'LibreSSL 2.8.3'. See: https://github.com/urllib3/urllib3/issues/3020
  warnings.warn(
2026-08-20 12:39:26,962 - INFO - Bot state startup reconciliation finished: 0 bot(s) reconciled to STOPPED.
2026-08-20 12:39:27,220 - INFO - Telegram notification service initialized successfully (Chat ID: 5657...)
2026-08-20 12:39:27,233 - INFO - Initializing scheduled trading bot live runner for bot-1787148351025-d4a6...
2026-08-20 12:39:27,469 - INFO - SQLite database tables verified/created.
2026-08-20 12:39:27,605 - INFO - Initializing CCXT Binance in TESTNET mode.
2026-08-20 12:39:35,843 - INFO - [bot-1787148351025-d4a6] Pre-flight instrument resolved: BTC/USDT (SPOT via binance_spot)
2026-08-20 12:39:35,866 - INFO - [bot-1787148351025-d4a6] Starting signal check cycle for BTC/USDT (1h)...
2026-08-20 12:39:35,872 - INFO - Fetching recent candles for BTC/USDT (1h) [Bot: bot-1787148351025-d4a6] via ProviderManager...
2026-08-20 12:39:59,289 - INFO - Indicators computed | close=69935.36 ema_9=69430.65 ema_20=68503.41 ema_50=66768.76 ema_200=64731.23 macd=1152.9267 poc=63050.0 val=62525.0 vah=65825.0
2026-08-20 12:39:59,293 - INFO - [bot-1787148351025-d4a6] Evaluating strategy on completed candle: 2026-08-20 06:00:00+00:00 at Close price: 69851.99
2026-08-20 12:39:59,515 - INFO - Confluence Evaluation | Regime: TRENDING (ADX=74.5) | Direction: HOLD | BullScore: 39.5% | BearScore: 21.1% | Active: ['ema', 'macd', 'vp']
2026-08-20 12:39:59,618 - INFO - Signal evaluated: HOLD. Reason/Details: Confluence score: 40% (HOLD)
2026-08-20 12:39:59,726 - INFO - Logged heartbeat status: OK
2026-08-20 12:39:59,737 - INFO - Adding job tentatively -- it will be properly scheduled when the scheduler starts
2026-08-20 12:39:59,737 - INFO - Bot bot-1787148351025-d4a6 scheduled to check every 60 minutes.
2026-08-20 12:39:59,739 - INFO - Added job "LiveRunner.process_cycle" to job store "default"
2026-08-20 12:39:59,743 - INFO - Scheduler started
