2026-08-15 17:38:09,602 - INFO - Initializing scheduled trading bot live runner for bot-1786795306889-e2b8...
2026-08-15 17:50:29,852 - INFO - Initializing scheduled trading bot live runner for bot-1786795306889-e2b8...
2026-08-15 17:54:37,201 - INFO - Initializing scheduled trading bot live runner for bot-1786795306889-e2b8...
2026-08-15 17:54:37,225 - INFO - SQLite database tables verified/created.
2026-08-15 19:37:57,237 - INFO - Initializing scheduled trading bot live runner for bot-1786795306889-e2b8...
2026-08-15 19:37:57,276 - INFO - SQLite database tables verified/created.
2026-08-15 19:37:57,298 - INFO - Initializing CCXT Binance in TESTNET mode.
2026-08-15 20:22:00,971 - INFO - BotWatchdog thread started.
2026-08-15 20:22:00,997 - INFO - BotWatchdog singleton background thread started.
2026-08-15 20:22:01,106 - INFO - Initializing scheduled trading bot live runner for bot-1786795306889-e2b8...
2026-08-15 20:22:01,133 - INFO - SQLite database tables verified/created.
2026-08-15 20:22:59,129 - INFO - Initializing scheduled trading bot live runner for bot-1786795306889-e2b8...
2026-08-15 20:54:02,964 - INFO - BotWatchdog thread started.
2026-08-15 20:54:02,965 - INFO - BotWatchdog singleton background thread started.
2026-08-15 20:54:03,499 - INFO - Initializing scheduled trading bot live runner for bot-1786795306889-e2b8...
2026-08-15 20:54:06,064 - INFO - SQLite database tables verified/created.
2026-08-15 20:54:06,538 - INFO - Initializing CCXT Binance in TESTNET mode.
2026-08-15 20:54:08,873 - INFO - Initializing CCXT Binance in MAINNET mode (Public endpoints).
2026-08-15 20:54:08,895 - INFO - Sending Telegram alert...
2026-08-15 20:54:19,765 - INFO - Telegram alert sent successfully.
2026-08-15 20:54:19,825 - INFO - [bot-1786795306889-e2b8] Starting signal check cycle for BTC/USDT (5m)...
2026-08-15 20:54:31,521 - ERROR - Error logging bot activity for bot-1786795306889-e2b8: database is locked
2026-08-15 20:54:31,566 - INFO - Fetching recent candles for BTC/USDT (5m) [Bot: bot-1786795306889-e2b8]...
2026-08-15 20:54:40,624 - INFO - Indicators computed | close=63063.83 ema_9=63051.60 ema_20=63044.34 ema_50=63035.98 ema_200=63035.20 macd=7.4394 poc=63425.0 val=63050.0 vah=64300.0
2026-08-15 20:54:40,650 - INFO - [bot-1786795306889-e2b8] Evaluating strategy on completed candle: 2026-08-15T15:15:00+00:00 at Close price: 63078.95
2026-08-15 20:54:47,624 - INFO - Confluence Evaluation | Regime: RANGING (ADX=18.2) | Direction: LONG | BullScore: 100.0% | BearScore: 0.0% | Active: ['ema_9', 'ema_20', 'rsi', 'vwap', 'supertrend', 'atr']
2026-08-15 20:54:51,649 - INFO - Capping position size 2.173913 BTC to available cash equivalent 0.158531 BTC.
2026-08-15 20:54:51,668 - INFO - Created pending signal approval ID 117 for bot bot-1786795306889-e2b8 (LONG @ $63078.95, status: WAITING_APPROVAL)
2026-08-15 20:55:36,215 - INFO - [bot-1786795306889-e2b8] Signal LONG generated (ID: 117). Waiting for manual user approval.
2026-08-15 20:55:41,265 - INFO - Logged heartbeat status: OK
2026-08-15 21:43:02,460 - INFO - BotWatchdog thread started.
2026-08-15 21:43:02,460 - INFO - BotWatchdog singleton background thread started.
2026-08-15 21:43:02,508 - INFO - Initializing scheduled trading bot live runner for bot-1786795306889-e2b8...
2026-08-15 21:43:02,517 - INFO - SQLite database tables verified/created.
2026-08-15 21:43:02,531 - INFO - Initializing CCXT Binance in TESTNET mode.
2026-08-15 21:43:03,802 - INFO - Initializing CCXT Binance in MAINNET mode (Public endpoints).
2026-08-15 21:43:03,812 - INFO - Sending Telegram alert...
2026-08-15 21:43:04,492 - INFO - Telegram alert sent successfully.
2026-08-15 21:43:04,495 - INFO - [bot-1786795306889-e2b8] Starting signal check cycle for BTC/USDT (5m)...
2026-08-15 21:43:04,502 - INFO - Fetching recent candles for BTC/USDT (5m) [Bot: bot-1786795306889-e2b8]...
2026-08-15 21:43:06,863 - INFO - Indicators computed | close=63086.20 ema_9=63091.01 ema_20=63078.11 ema_50=63056.59 ema_200=63041.25 macd=15.8335 poc=63425.0 val=63050.0 vah=64300.0
2026-08-15 21:43:06,863 - INFO - [bot-1786795306889-e2b8] Evaluating strategy on completed candle: 2026-08-15T16:05:00+00:00 at Close price: 63086.40
2026-08-15 21:43:06,909 - INFO - Confluence Evaluation | Regime: TRENDING (ADX=51.0) | Direction: HOLD | BullScore: 55.9% | BearScore: 44.1% | Active: ['ema_9', 'ema_20', 'rsi', 'vwap', 'supertrend', 'atr']
2026-08-15 21:43:06,927 - INFO - Signal evaluated: HOLD. Reason/Details: Confluence score: 56% (HOLD)
2026-08-15 21:43:06,983 - INFO - Logged heartbeat status: OK
2026-08-15 21:43:06,990 - INFO - Adding job tentatively -- it will be properly scheduled when the scheduler starts
2026-08-15 21:43:06,990 - INFO - Bot bot-1786795306889-e2b8 scheduled to check every 5 minutes.
2026-08-15 21:43:06,991 - INFO - Added job "LiveRunner.process_cycle" to job store "default"
2026-08-15 21:43:06,991 - INFO - Scheduler started
2026-08-15 21:48:06,993 - INFO - Running job "LiveRunner.process_cycle (trigger: interval[0:05:00], next run at: 2026-08-15 21:48:06 IST)" (scheduled at 2026-08-15 21:48:06.990181+05:30)
2026-08-15 21:48:06,999 - INFO - [bot-1786795306889-e2b8] Starting signal check cycle for BTC/USDT (5m)...
2026-08-15 21:48:07,008 - INFO - Fetching recent candles for BTC/USDT (5m) [Bot: bot-1786795306889-e2b8]...
2026-08-15 21:48:07,506 - INFO - Indicators computed | close=63066.73 ema_9=63085.65 ema_20=63076.75 ema_50=63056.86 ema_200=63041.47 macd=12.7892 poc=63425.0 val=63050.0 vah=64300.0
2026-08-15 21:48:07,507 - INFO - [bot-1786795306889-e2b8] Evaluating strategy on completed candle: 2026-08-15T16:10:00+00:00 at Close price: 63083.03
2026-08-15 21:48:07,522 - INFO - Confluence Evaluation | Regime: TRENDING (ADX=52.1) | Direction: HOLD | BullScore: 55.9% | BearScore: 44.1% | Active: ['ema_9', 'ema_20', 'rsi', 'vwap', 'supertrend', 'atr']
2026-08-15 21:48:07,544 - INFO - Signal evaluated: HOLD. Reason/Details: Confluence score: 56% (HOLD)
2026-08-15 21:48:07,604 - INFO - Logged heartbeat status: OK
2026-08-15 21:48:07,604 - INFO - Job "LiveRunner.process_cycle (trigger: interval[0:05:00], next run at: 2026-08-15 21:53:06 IST)" executed successfully
2026-08-15 21:53:06,998 - INFO - Running job "LiveRunner.process_cycle (trigger: interval[0:05:00], next run at: 2026-08-15 21:58:06 IST)" (scheduled at 2026-08-15 21:53:06.990181+05:30)
2026-08-15 21:53:07,003 - INFO - [bot-1786795306889-e2b8] Starting signal check cycle for BTC/USDT (5m)...
2026-08-15 21:53:07,012 - INFO - Fetching recent candles for BTC/USDT (5m) [Bot: bot-1786795306889-e2b8]...
2026-08-15 21:53:07,622 - INFO - Indicators computed | close=63083.48 ema_9=63087.25 ema_20=63078.49 ema_50=63058.39 ema_200=63042.02 macd=12.5774 poc=63425.0 val=63050.0 vah=64300.0
2026-08-15 21:53:07,622 - INFO - [bot-1786795306889-e2b8] Evaluating strategy on completed candle: 2026-08-15T16:15:00+00:00 at Close price: 63079.47
2026-08-15 21:53:07,636 - INFO - Confluence Evaluation | Regime: TRENDING (ADX=51.5) | Direction: HOLD | BullScore: 55.9% | BearScore: 44.1% | Active: ['ema_9', 'ema_20', 'rsi', 'vwap', 'supertrend', 'atr']
2026-08-15 21:53:07,666 - INFO - Signal evaluated: HOLD. Reason/Details: Confluence score: 56% (HOLD)
2026-08-15 21:53:07,765 - INFO - Logged heartbeat status: OK
2026-08-15 21:53:07,765 - INFO - Job "LiveRunner.process_cycle (trigger: interval[0:05:00], next run at: 2026-08-15 21:58:06 IST)" executed successfully
2026-08-15 21:58:06,999 - INFO - Running job "LiveRunner.process_cycle (trigger: interval[0:05:00], next run at: 2026-08-15 22:03:06 IST)" (scheduled at 2026-08-15 21:58:06.990181+05:30)
2026-08-15 21:58:07,019 - INFO - [bot-1786795306889-e2b8] Starting signal check cycle for BTC/USDT (5m)...
2026-08-15 21:58:07,033 - INFO - Fetching recent candles for BTC/USDT (5m) [Bot: bot-1786795306889-e2b8]...
2026-08-15 21:58:07,426 - INFO - Indicators computed | close=63115.59 ema_9=63096.36 ema_20=63083.88 ema_50=63061.44 ema_200=63042.96 macd=15.3581 poc=63425.0 val=63050.0 vah=64300.0
2026-08-15 21:58:07,427 - INFO - [bot-1786795306889-e2b8] Evaluating strategy on completed candle: 2026-08-15T16:20:00+00:00 at Close price: 63104.99
2026-08-15 21:58:07,454 - INFO - Confluence Evaluation | Regime: TRENDING (ADX=52.6) | Direction: LONG | BullScore: 100.0% | BearScore: 0.0% | Active: ['ema_9', 'ema_20', 'rsi', 'vwap', 'supertrend', 'atr']
2026-08-15 21:58:07,491 - INFO - Capping position size 1.973749 BTC to available cash equivalent 0.158466 BTC.
2026-08-15 21:58:07,534 - INFO - Created pending signal approval ID 149 for bot bot-1786795306889-e2b8 (LONG @ $63104.99, status: WAITING_APPROVAL)
2026-08-15 21:58:08,415 - INFO - [bot-1786795306889-e2b8] Signal LONG generated (ID: 149). Waiting for manual user approval.
2026-08-15 21:58:08,474 - INFO - Logged heartbeat status: OK
2026-08-15 21:58:08,475 - INFO - Job "LiveRunner.process_cycle (trigger: interval[0:05:00], next run at: 2026-08-15 22:03:06 IST)" executed successfully
2026-08-15 22:03:06,994 - INFO - Running job "LiveRunner.process_cycle (trigger: interval[0:05:00], next run at: 2026-08-15 22:08:06 IST)" (scheduled at 2026-08-15 22:03:06.990181+05:30)
2026-08-15 22:03:06,998 - INFO - [bot-1786795306889-e2b8] Starting signal check cycle for BTC/USDT (5m)...
2026-08-15 22:03:07,006 - INFO - Fetching recent candles for BTC/USDT (5m) [Bot: bot-1786795306889-e2b8]...
2026-08-15 22:03:07,399 - INFO - Indicators computed | close=63114.97 ema_9=63101.04 ema_20=63087.36 ema_50=63063.77 ema_200=63043.74 macd=16.3375 poc=63425.0 val=63050.0 vah=64300.0
2026-08-15 22:03:07,400 - INFO - [bot-1786795306889-e2b8] Evaluating strategy on completed candle: 2026-08-15T16:25:00+00:00 at Close price: 63121.59
2026-08-15 22:03:07,415 - INFO - Confluence Evaluation | Regime: TRENDING (ADX=52.8) | Direction: LONG | BullScore: 100.0% | BearScore: 0.0% | Active: ['ema_9', 'ema_20', 'rsi', 'vwap', 'supertrend', 'atr']
2026-08-15 22:03:07,436 - INFO - Capping position size 1.695921 BTC to available cash equivalent 0.158424 BTC.
2026-08-15 22:03:07,452 - INFO - [bot-1786795306889-e2b8] Signal LONG active pending approval already exists (ID: 149).
2026-08-15 22:03:07,507 - INFO - Logged heartbeat status: OK
2026-08-15 22:03:07,507 - INFO - Job "LiveRunner.process_cycle (trigger: interval[0:05:00], next run at: 2026-08-15 22:08:06 IST)" executed successfully
2026-08-16 11:54:38,806 - INFO - BotWatchdog thread started.
2026-08-16 11:54:38,806 - INFO - BotWatchdog singleton background thread started.
2026-08-16 11:54:38,848 - INFO - Initializing scheduled trading bot live runner for bot-1786795306889-e2b8...
2026-08-16 11:54:38,859 - INFO - SQLite database tables verified/created.
2026-08-16 11:54:38,872 - INFO - Initializing CCXT Binance in TESTNET mode.
2026-08-16 11:54:47,948 - INFO - Initializing CCXT Binance in MAINNET mode (Public endpoints).
2026-08-16 11:54:47,979 - INFO - Sending Telegram alert...
2026-08-16 11:54:49,607 - INFO - Telegram alert sent successfully.
2026-08-16 11:54:49,612 - INFO - [bot-1786795306889-e2b8] Starting signal check cycle for BTC/USDT (5m)...
2026-08-16 11:54:49,622 - INFO - Fetching recent candles for BTC/USDT (5m) [Bot: bot-1786795306889-e2b8]...
2026-08-16 11:54:55,063 - INFO - Indicators computed | close=63054.35 ema_9=63060.32 ema_20=63072.84 ema_50=63088.89 ema_200=63087.06 macd=-14.4963 poc=63050.0 val=62600.0 vah=63425.0
2026-08-16 11:54:55,065 - INFO - [bot-1786795306889-e2b8] Evaluating strategy on completed candle: 2026-08-16T06:20:00+00:00 at Close price: 63054.35
2026-08-16 11:54:55,082 - INFO - Confluence Evaluation | Regime: TRENDING (ADX=68.7) | Direction: SHORT | BullScore: 0.0% | BearScore: 100.0% | Active: ['ema_9', 'ema_20', 'rsi', 'vwap', 'supertrend', 'atr']
2026-08-16 11:54:55,104 - INFO - Capping position size 2.295157 BTC to available cash equivalent 0.158593 BTC.
2026-08-16 11:54:55,188 - INFO - Created pending signal approval ID 189 for bot bot-1786795306889-e2b8 (SHORT @ $63054.35, status: WAITING_APPROVAL)
2026-08-16 11:54:55,994 - INFO - [bot-1786795306889-e2b8] Signal SHORT generated (ID: 189). Waiting for manual user approval.
2026-08-16 11:54:56,144 - INFO - Logged heartbeat status: OK
2026-08-16 11:54:56,152 - INFO - Adding job tentatively -- it will be properly scheduled when the scheduler starts
2026-08-16 11:54:56,152 - INFO - Bot bot-1786795306889-e2b8 scheduled to check every 5 minutes.
2026-08-16 11:54:56,152 - INFO - Added job "LiveRunner.process_cycle" to job store "default"
2026-08-16 11:54:56,153 - INFO - Scheduler started
2026-08-16 11:59:56,164 - INFO - Running job "LiveRunner.process_cycle (trigger: interval[0:05:00], next run at: 2026-08-16 11:59:56 IST)" (scheduled at 2026-08-16 11:59:56.150883+05:30)
2026-08-16 11:59:57,663 - INFO - [bot-1786795306889-e2b8] Starting signal check cycle for BTC/USDT (5m)...
2026-08-16 11:59:58,914 - INFO - Fetching recent candles for BTC/USDT (5m) [Bot: bot-1786795306889-e2b8]...
2026-08-16 12:00:00,192 - INFO - Indicators computed | close=63057.04 ema_9=63062.54 ema_20=63072.89 ema_50=63088.32 ema_200=63086.94 macd=-12.8466 poc=63050.0 val=62600.0 vah=63425.0
2026-08-16 12:00:00,193 - INFO - [bot-1786795306889-e2b8] Evaluating strategy on completed candle: 2026-08-16T06:25:00+00:00 at Close price: 63072.32
2026-08-16 12:00:10,177 - INFO - Confluence Evaluation | Regime: TRENDING (ADX=64.7) | Direction: HOLD | BullScore: 55.9% | BearScore: 44.1% | Active: ['ema_9', 'ema_20', 'rsi', 'vwap', 'supertrend', 'atr']
2026-08-16 12:00:11,771 - INFO - Signal evaluated: HOLD. Reason/Details: Confluence score: 56% (HOLD)
2026-08-16 12:00:14,997 - INFO - Logged heartbeat status: OK
2026-08-16 12:00:14,997 - INFO - Job "LiveRunner.process_cycle (trigger: interval[0:05:00], next run at: 2026-08-16 12:04:56 IST)" executed successfully
