/Users/ashishparadkar/Downloads/algo-code-main/.venv/lib/python3.9/site-packages/urllib3/__init__.py:35: NotOpenSSLWarning: urllib3 v2 only supports OpenSSL 1.1.1+, currently the 'ssl' module is compiled with 'LibreSSL 2.8.3'. See: https://github.com/urllib3/urllib3/issues/3020
  warnings.warn(
/Users/ashishparadkar/Downloads/algo-code-main/.venv/lib/python3.9/site-packages/urllib3/__init__.py:35: NotOpenSSLWarning: urllib3 v2 only supports OpenSSL 1.1.1+, currently the 'ssl' module is compiled with 'LibreSSL 2.8.3'. See: https://github.com/urllib3/urllib3/issues/3020
  warnings.warn(
2026-08-21 21:40:15,753 - INFO - Bot state startup reconciliation finished: 0 bot(s) reconciled to STOPPED.
2026-08-21 21:40:20,770 - INFO - Telegram notification service initialized successfully (Chat ID: 5657...)
2026-08-21 21:40:21,606 - INFO - Initializing scheduled trading bot live runner for bot-1787316159112-caf1...
2026-08-21 21:40:24,067 - INFO - SQLite database tables verified/created.
2026-08-21 21:40:25,754 - INFO - Initializing CCXT Binance in TESTNET mode.
2026-08-21 21:45:24,058 - INFO - [bot-1787316159112-caf1] Pre-flight instrument resolved: BTC/USDT (SPOT via binance_spot)
2026-08-21 21:45:31,123 - INFO - [bot-1787316159112-caf1] Starting signal check cycle for BTC/USDT (5m)...
2026-08-21 21:45:32,124 - INFO - Fetching recent candles for BTC/USDT (5m) [Bot: bot-1787316159112-caf1] via ProviderManager...
2026-08-21 22:01:10,160 - INFO - Indicators computed | close=77368.01 ema_9=77245.63 ema_20=77269.21 ema_50=77237.10 ema_200=76106.20 macd=-11.2959 poc=69350.0 val=64025.0 vah=74450.0
2026-08-21 22:01:11,393 - INFO - [bot-1787316159112-caf1] Evaluating strategy on completed candle: 2026-08-21 16:25:00+00:00 at Close price: 77383.87
2026-08-21 22:01:14,942 - INFO - Confluence Evaluation | Regime: TRENDING (ADX=39.1) | Direction: LONG | BullScore: 88.2% | BearScore: 11.8% | Active: ['ema_9', 'ema_20', 'rsi', 'vwap', 'supertrend', 'atr']
2026-08-21 22:01:17,430 - INFO - Capping position size 0.443892 BTC to available cash equivalent 0.193839 BTC.
2026-08-21 22:01:20,876 - INFO - Created pending signal approval ID 210 for bot bot-1787316159112-caf1 (LONG @ $77383.87, status: WAITING_APPROVAL)
2026-08-21 22:01:21,845 - INFO - [bot-1787316159112-caf1] Signal LONG generated (ID: 210). Waiting for manual user approval.
2026-08-21 22:01:23,824 - INFO - Logged heartbeat status: OK
2026-08-21 22:01:28,248 - INFO - Adding job tentatively -- it will be properly scheduled when the scheduler starts
2026-08-21 22:01:28,283 - INFO - Bot bot-1787316159112-caf1 scheduled to check every 5 minutes.
2026-08-21 22:01:30,281 - INFO - Added job "LiveRunner.process_cycle" to job store "default"
2026-08-21 22:01:30,288 - INFO - Scheduler started
2026-08-21 22:06:28,039 - INFO - Running job "LiveRunner.process_cycle (trigger: interval[0:05:00], next run at: 2026-08-21 22:11:27 IST)" (scheduled at 2026-08-21 22:06:27.693122+05:30)
2026-08-21 22:06:28,161 - INFO - [bot-1787316159112-caf1] Starting signal check cycle for BTC/USDT (5m)...
2026-08-21 22:06:28,524 - INFO - Fetching recent candles for BTC/USDT (5m) [Bot: bot-1787316159112-caf1] via ProviderManager...
2026-08-21 22:06:35,623 - INFO - Indicators computed | close=77280.01 ema_9=77247.72 ema_20=77267.66 ema_50=77237.65 ema_200=76117.58 macd=-10.3808 poc=69350.0 val=64025.0 vah=74475.0
2026-08-21 22:06:35,663 - INFO - [bot-1787316159112-caf1] Evaluating strategy on completed candle: 2026-08-21 16:30:00+00:00 at Close price: 77338.12
2026-08-21 22:06:35,873 - INFO - Confluence Evaluation | Regime: TRENDING (ADX=39.7) | Direction: HOLD | BullScore: 44.1% | BearScore: 55.9% | Active: ['ema_9', 'ema_20', 'rsi', 'vwap', 'supertrend', 'atr']
2026-08-21 22:06:36,037 - INFO - Signal evaluated: HOLD. Reason/Details: Confluence score: 56% (HOLD)
2026-08-21 22:06:36,270 - INFO - Logged heartbeat status: OK
2026-08-21 22:06:36,287 - INFO - Job "LiveRunner.process_cycle (trigger: interval[0:05:00], next run at: 2026-08-21 22:11:27 IST)" executed successfully
2026-08-21 22:11:27,739 - INFO - Running job "LiveRunner.process_cycle (trigger: interval[0:05:00], next run at: 2026-08-21 22:16:27 IST)" (scheduled at 2026-08-21 22:11:27.693122+05:30)
2026-08-21 22:11:27,821 - INFO - [bot-1787316159112-caf1] Starting signal check cycle for BTC/USDT (5m)...
2026-08-21 22:11:27,923 - INFO - Fetching recent candles for BTC/USDT (5m) [Bot: bot-1787316159112-caf1] via ProviderManager...
2026-08-21 22:11:28,580 - INFO - Indicators computed | close=77301.73 ema_9=77264.33 ema_20=77274.03 ema_50=77241.53 ema_200=76129.72 macd=-3.7109 poc=69350.0 val=64025.0 vah=74475.0
2026-08-21 22:11:28,587 - INFO - [bot-1787316159112-caf1] Evaluating strategy on completed candle: 2026-08-21 16:35:00+00:00 at Close price: 77316.28
2026-08-21 22:11:28,692 - INFO - Confluence Evaluation | Regime: TRENDING (ADX=39.7) | Direction: HOLD | BullScore: 44.1% | BearScore: 55.9% | Active: ['ema_9', 'ema_20', 'rsi', 'vwap', 'supertrend', 'atr']
2026-08-21 22:11:28,821 - INFO - Signal evaluated: HOLD. Reason/Details: Confluence score: 56% (HOLD)
2026-08-21 22:11:29,056 - INFO - Logged heartbeat status: OK
2026-08-21 22:11:29,067 - INFO - Job "LiveRunner.process_cycle (trigger: interval[0:05:00], next run at: 2026-08-21 22:16:27 IST)" executed successfully
2026-08-21 22:16:27,757 - INFO - Running job "LiveRunner.process_cycle (trigger: interval[0:05:00], next run at: 2026-08-21 22:21:27 IST)" (scheduled at 2026-08-21 22:16:27.693122+05:30)
2026-08-21 22:16:27,869 - INFO - [bot-1787316159112-caf1] Starting signal check cycle for BTC/USDT (5m)...
2026-08-21 22:16:28,038 - INFO - Fetching recent candles for BTC/USDT (5m) [Bot: bot-1787316159112-caf1] via ProviderManager...
2026-08-21 22:16:28,840 - INFO - Indicators computed | close=77368.00 ema_9=77294.71 ema_20=77288.18 ema_50=77248.76 ema_200=76142.64 macd=8.2912 poc=69350.0 val=64025.0 vah=74500.0
2026-08-21 22:16:28,848 - INFO - [bot-1787316159112-caf1] Evaluating strategy on completed candle: 2026-08-21 16:40:00+00:00 at Close price: 77362.04
2026-08-21 22:16:29,059 - INFO - Confluence Evaluation | Regime: TRENDING (ADX=40.2) | Direction: LONG | BullScore: 88.2% | BearScore: 11.8% | Active: ['ema_9', 'ema_20', 'rsi', 'vwap', 'supertrend', 'atr']
2026-08-21 22:16:29,413 - INFO - Capping position size 0.791348 BTC to available cash equivalent 0.193894 BTC.
2026-08-21 22:16:29,516 - INFO - [bot-1787316159112-caf1] Signal LONG active pending approval already exists (ID: 210).
2026-08-21 22:16:29,699 - INFO - Logged heartbeat status: OK
2026-08-21 22:16:29,700 - INFO - Job "LiveRunner.process_cycle (trigger: interval[0:05:00], next run at: 2026-08-21 22:21:27 IST)" executed successfully
2026-08-21 22:21:27,736 - INFO - Running job "LiveRunner.process_cycle (trigger: interval[0:05:00], next run at: 2026-08-21 22:21:27 IST)" (scheduled at 2026-08-21 22:21:27.693122+05:30)
2026-08-21 22:21:27,790 - INFO - [bot-1787316159112-caf1] Starting signal check cycle for BTC/USDT (5m)...
2026-08-21 22:21:27,849 - INFO - Fetching recent candles for BTC/USDT (5m) [Bot: bot-1787316159112-caf1] via ProviderManager...
2026-08-21 22:21:28,528 - INFO - Indicators computed | close=77519.27 ema_9=77365.57 ema_20=77324.16 ema_50=77265.48 ema_200=76157.93 macd=35.8873 poc=69350.0 val=64025.0 vah=74525.0
2026-08-21 22:21:28,531 - INFO - [bot-1787316159112-caf1] Evaluating strategy on completed candle: 2026-08-21 16:45:00+00:00 at Close price: 77530.19
2026-08-21 22:21:28,760 - INFO - LONG signal blocked | Location blocked (Close 77530.19 outside Value Area [62744.50 - 76015.50], VAL=64025.00, VAH=74525.00) | context={'close': 77530.19, 'ema_9': 77327.14786556269, 'ema_20': 77303.62543003306, 'ema_50': 77255.12450110391, 'ema_200': 76144.25262187838, 'macd_line': 21.229475276821177, 'macd_signal': 6.32280964717363, 'macd_hist': 14.906665629647547, 'poc': np.float64(69350.0), 'val': np.float64(64025.0), 'vah': np.float64(74525.0)}
2026-08-21 22:21:28,791 - INFO - Confluence Evaluation | Regime: TRENDING (ADX=39.6) | Direction: LONG | BullScore: 88.2% | BearScore: 11.8% | Active: ['ema_9', 'ema_20', 'rsi', 'vwap', 'supertrend', 'atr']
2026-08-21 22:21:28,995 - INFO - Signal evaluated: HOLD. Reason/Details: Confluence score: 88% (LONG) meets 75% threshold
2026-08-21 22:21:29,434 - INFO - Logged heartbeat status: OK
2026-08-21 22:21:29,435 - INFO - Job "LiveRunner.process_cycle (trigger: interval[0:05:00], next run at: 2026-08-21 22:26:27 IST)" executed successfully
2026-08-21 22:26:27,734 - INFO - Running job "LiveRunner.process_cycle (trigger: interval[0:05:00], next run at: 2026-08-21 22:31:27 IST)" (scheduled at 2026-08-21 22:26:27.693122+05:30)
2026-08-21 22:26:27,785 - INFO - [bot-1787316159112-caf1] Starting signal check cycle for BTC/USDT (5m)...
2026-08-21 22:26:27,845 - INFO - Fetching recent candles for BTC/USDT (5m) [Bot: bot-1787316159112-caf1] via ProviderManager...
2026-08-21 22:26:28,388 - INFO - Indicators computed | close=77528.01 ema_9=77390.18 ema_20=77339.33 ema_50=77273.92 ema_200=76171.08 macd=44.6250 poc=69350.0 val=64025.0 vah=74525.0
2026-08-21 22:26:28,389 - INFO - [bot-1787316159112-caf1] Evaluating strategy on completed candle: 2026-08-21 16:50:00+00:00 at Close price: 77470.00
2026-08-21 22:26:28,464 - INFO - Confluence Evaluation | Regime: TRENDING (ADX=39.0) | Direction: HOLD | BullScore: 44.1% | BearScore: 55.9% | Active: ['ema_9', 'ema_20', 'rsi', 'vwap', 'supertrend', 'atr']
2026-08-21 22:26:28,569 - INFO - Signal evaluated: HOLD. Reason/Details: Confluence score: 56% (HOLD)
2026-08-21 22:26:28,803 - INFO - Logged heartbeat status: OK
2026-08-21 22:26:28,804 - INFO - Job "LiveRunner.process_cycle (trigger: interval[0:05:00], next run at: 2026-08-21 22:31:27 IST)" executed successfully
2026-08-21 22:31:27,772 - INFO - Running job "LiveRunner.process_cycle (trigger: interval[0:05:00], next run at: 2026-08-21 22:31:27 IST)" (scheduled at 2026-08-21 22:31:27.693122+05:30)
2026-08-21 22:31:27,829 - INFO - [bot-1787316159112-caf1] Starting signal check cycle for BTC/USDT (5m)...
2026-08-21 22:31:27,890 - INFO - Fetching recent candles for BTC/USDT (5m) [Bot: bot-1787316159112-caf1] via ProviderManager...
2026-08-21 22:31:28,526 - INFO - Indicators computed | close=77522.00 ema_9=77409.82 ema_20=77353.11 ema_50=77282.07 ema_200=76184.11 macd=50.9754 poc=69350.0 val=64025.0 vah=74550.0
2026-08-21 22:31:28,528 - INFO - [bot-1787316159112-caf1] Evaluating strategy on completed candle: 2026-08-21 16:55:00+00:00 at Close price: 77486.01
2026-08-21 22:31:28,612 - INFO - Confluence Evaluation | Regime: TRENDING (ADX=37.1) | Direction: LONG | BullScore: 100.0% | BearScore: 0.0% | Active: ['ema_9', 'ema_20', 'rsi', 'vwap', 'supertrend', 'atr']
2026-08-21 22:31:28,713 - INFO - Capping position size 0.927013 BTC to available cash equivalent 0.193583 BTC.
2026-08-21 22:31:28,811 - INFO - Created pending signal approval ID 245 for bot bot-1787316159112-caf1 (LONG @ $77486.01, status: WAITING_APPROVAL)
2026-08-21 22:31:28,872 - INFO - [bot-1787316159112-caf1] Signal LONG generated (ID: 245). Waiting for manual user approval.
2026-08-21 22:31:28,975 - INFO - Logged heartbeat status: OK
2026-08-21 22:31:28,976 - INFO - Job "LiveRunner.process_cycle (trigger: interval[0:05:00], next run at: 2026-08-21 22:36:27 IST)" executed successfully
2026-08-21 22:36:27,713 - INFO - Running job "LiveRunner.process_cycle (trigger: interval[0:05:00], next run at: 2026-08-21 22:41:27 IST)" (scheduled at 2026-08-21 22:36:27.693122+05:30)
2026-08-21 22:36:27,724 - INFO - [bot-1787316159112-caf1] Starting signal check cycle for BTC/USDT (5m)...
2026-08-21 22:36:27,805 - INFO - Fetching recent candles for BTC/USDT (5m) [Bot: bot-1787316159112-caf1] via ProviderManager...
2026-08-21 22:36:28,501 - INFO - Indicators computed | close=77585.43 ema_9=77444.94 ema_20=77375.24 ema_50=77293.96 ema_200=76198.05 macd=63.0547 poc=69350.0 val=64025.0 vah=74575.0
2026-08-21 22:36:28,507 - INFO - [bot-1787316159112-caf1] Evaluating strategy on completed candle: 2026-08-21 17:00:00+00:00 at Close price: 77522.00
2026-08-21 22:36:28,588 - INFO - Confluence Evaluation | Regime: TRENDING (ADX=34.7) | Direction: LONG | BullScore: 100.0% | BearScore: 0.0% | Active: ['ema_9', 'ema_20', 'rsi', 'vwap', 'supertrend', 'atr']
2026-08-21 22:36:28,746 - INFO - Capping position size 0.922311 BTC to available cash equivalent 0.193493 BTC.
2026-08-21 22:36:28,854 - INFO - [bot-1787316159112-caf1] Signal LONG active pending approval already exists (ID: 245).
2026-08-21 22:36:29,087 - INFO - Logged heartbeat status: OK
2026-08-21 22:36:29,087 - INFO - Job "LiveRunner.process_cycle (trigger: interval[0:05:00], next run at: 2026-08-21 22:41:27 IST)" executed successfully
2026-08-21 22:41:27,822 - INFO - Running job "LiveRunner.process_cycle (trigger: interval[0:05:00], next run at: 2026-08-21 22:46:27 IST)" (scheduled at 2026-08-21 22:41:27.693122+05:30)
2026-08-21 22:41:27,873 - INFO - [bot-1787316159112-caf1] Starting signal check cycle for BTC/USDT (5m)...
2026-08-21 22:41:27,943 - INFO - Fetching recent candles for BTC/USDT (5m) [Bot: bot-1787316159112-caf1] via ProviderManager...
2026-08-21 22:41:28,548 - INFO - Indicators computed | close=77610.00 ema_9=77483.06 ema_20=77400.35 ema_50=77307.56 ema_200=76212.42 macd=75.7272 poc=69350.0 val=64025.0 vah=74575.0
2026-08-21 22:41:28,554 - INFO - [bot-1787316159112-caf1] Evaluating strategy on completed candle: 2026-08-21 17:05:00+00:00 at Close price: 77617.37
2026-08-21 22:41:28,639 - INFO - Confluence Evaluation | Regime: TRENDING (ADX=35.6) | Direction: LONG | BullScore: 100.0% | BearScore: 0.0% | Active: ['ema_9', 'ema_20', 'rsi', 'vwap', 'supertrend', 'atr']
2026-08-21 22:41:28,726 - INFO - Capping position size 0.796411 BTC to available cash equivalent 0.193256 BTC.
2026-08-21 22:41:28,736 - INFO - [bot-1787316159112-caf1] Signal LONG active pending approval already exists (ID: 245).
2026-08-21 22:41:28,903 - INFO - Logged heartbeat status: OK
2026-08-21 22:41:28,904 - INFO - Job "LiveRunner.process_cycle (trigger: interval[0:05:00], next run at: 2026-08-21 22:46:27 IST)" executed successfully
