2026-08-16 18:35:37,374 - INFO - Initializing scheduled trading bot live runner for bot-1786885511632-a480...
2026-08-16 18:35:38,405 - INFO - SQLite database tables verified/created.
2026-08-16 18:35:38,551 - INFO - Initializing CCXT Binance in TESTNET mode.
2026-08-16 18:35:40,024 - INFO - Initializing CCXT Binance in MAINNET mode (Public endpoints).
2026-08-16 18:35:41,490 - INFO - Sending Telegram alert...
2026-08-16 18:35:53,492 - ERROR - Error logging Telegram event: database is locked
2026-08-16 18:35:53,630 - INFO - Telegram alert sent successfully.
2026-08-16 18:35:55,628 - INFO - [bot-1786885511632-a480] Starting signal check cycle for BTC/USDT (5m)...
2026-08-16 18:36:00,452 - INFO - Fetching recent candles for BTC/USDT (5m) [Bot: bot-1786885511632-a480]...
2026-08-16 18:36:04,868 - INFO - Indicators computed | close=63021.99 ema_9=63015.87 ema_20=63012.97 ema_50=63019.99 ema_200=63054.81 macd=1.6148 poc=63050.0 val=62600.0 vah=63400.0
2026-08-16 18:36:04,868 - INFO - [bot-1786885511632-a480] Evaluating strategy on completed candle: 2026-08-16T13:00:00+00:00 at Close price: 63021.99
2026-08-16 18:36:15,554 - ERROR - Error logging bot activity for bot-1786885511632-a480: database is locked
2026-08-16 18:36:17,477 - INFO - Confluence Evaluation | Regime: RANGING (ADX=10.3) | Direction: HOLD | BullScore: 24.6% | BearScore: 49.2% | Active: ['ema_9', 'ema_20', 'rsi', 'vwap', 'supertrend', 'atr']
2026-08-16 18:36:29,008 - ERROR - Error logging bot decision for bot-1786885511632-a480: database is locked
2026-08-16 18:36:34,095 - INFO - Signal evaluated: HOLD. Reason/Details: Confluence score: 49% (HOLD)
2026-08-16 18:36:34,129 - INFO - Logged heartbeat status: OK
2026-08-16 18:36:34,135 - INFO - Adding job tentatively -- it will be properly scheduled when the scheduler starts
2026-08-16 18:36:34,135 - INFO - Bot bot-1786885511632-a480 scheduled to check every 5 minutes.
2026-08-16 18:36:34,135 - INFO - Added job "LiveRunner.process_cycle" to job store "default"
2026-08-16 18:36:34,135 - INFO - Scheduler started
2026-08-16 19:06:03,530 - INFO - Initializing scheduled trading bot live runner for bot-1786885511632-a480...
2026-08-16 19:06:04,086 - INFO - SQLite database tables verified/created.
2026-08-16 19:06:04,135 - INFO - Initializing CCXT Binance in TESTNET mode.
2026-08-16 19:06:05,733 - INFO - Initializing CCXT Binance in MAINNET mode (Public endpoints).
2026-08-16 19:06:05,959 - INFO - Sending Telegram alert...
2026-08-16 19:06:06,999 - INFO - Telegram alert sent successfully.
2026-08-16 19:06:07,003 - INFO - [bot-1786885511632-a480] Starting signal check cycle for BTC/USDT (5m)...
2026-08-16 19:06:07,013 - WARNING - Global Kill switch active! Found flag file or config switch.
2026-08-16 19:06:07,014 - WARNING - Kill switch file active. Skipping cycle.
2026-08-16 19:06:07,014 - INFO - Sending Telegram alert...
2026-08-16 19:06:07,841 - INFO - Telegram alert sent successfully.
2026-08-16 19:06:08,504 - INFO - Logged heartbeat status: OK
2026-08-16 19:06:08,506 - INFO - Adding job tentatively -- it will be properly scheduled when the scheduler starts
2026-08-16 19:06:08,507 - INFO - Bot bot-1786885511632-a480 scheduled to check every 5 minutes.
2026-08-16 19:06:08,507 - INFO - Added job "LiveRunner.process_cycle" to job store "default"
2026-08-16 19:06:08,507 - INFO - Scheduler started
2026-08-16 19:06:18,269 - ERROR - Audit batch write failed: database is locked
2026-08-16 19:11:40,410 - INFO - Initializing scheduled trading bot live runner for bot-1786885511632-a480...
2026-08-16 19:11:52,387 - INFO - SQLite database tables verified/created.
2026-08-16 19:11:52,566 - INFO - Initializing CCXT Binance in TESTNET mode.
2026-08-16 19:11:59,936 - WARNING - ExecutionEngine: failed to load markets: 
2026-08-16 19:11:59,938 - INFO - Initializing CCXT Binance in MAINNET mode (Public endpoints).
2026-08-16 19:12:00,237 - INFO - Sending Telegram alert...
2026-08-16 19:12:05,753 - INFO - Telegram alert sent successfully.
2026-08-16 19:12:06,405 - INFO - [bot-1786885511632-a480] Starting signal check cycle for BTC/USDT (5m)...
2026-08-16 19:12:07,735 - INFO - Fetching recent candles for BTC/USDT (5m) [Bot: bot-1786885511632-a480]...
2026-08-16 19:12:13,304 - ERROR - Audit batch write failed: database is locked
2026-08-16 19:12:17,411 - ERROR - Error fetching live OHLCV for BTC/USDT 5m: 
2026-08-16 19:12:17,411 - ERROR - System Error in runner execution cycle: 
Traceback (most recent call last):
  File "H:\algo\algo\btc-bot\src\live_runner.py", line 167, in process_cycle
    df = self.mainnet_fetcher.fetch_live_ohlcv(self.symbol, self.timeframe, limit=1000)
  File "H:\algo\algo\btc-bot\src\data_fetcher.py", line 196, in fetch_live_ohlcv
    raise e
  File "H:\algo\algo\btc-bot\src\data_fetcher.py", line 175, in fetch_live_ohlcv
    candles = self.exchange.fetch_ohlcv(
        symbol=symbol,
        timeframe=timeframe,
        limit=limit
    )
  File "H:\algo\algo\.venv\Lib\site-packages\ccxt\binance.py", line 4713, in fetch_ohlcv
    self.load_markets()
    ~~~~~~~~~~~~~~~~~^^
  File "H:\algo\algo\.venv\Lib\site-packages\ccxt\base\exchange.py", line 1816, in load_markets
    markets = self.fetch_markets(params)
  File "H:\algo\algo\.venv\Lib\site-packages\ccxt\binance.py", line 3241, in fetch_markets
    promisesRaw.append(self.publicGetExchangeInfo(params))
                       ~~~~~~~~~~~~~~~~~~~~~~~~~~^^^^^^^^
  File "H:\algo\algo\.venv\Lib\site-packages\ccxt\base\types.py", line 35, in unbound_method
    return _self.request(self.path, self.api, self.method, params, config=self.config)
           ~~~~~~~~~~~~~^^^^^^^^^^^^^^^^^^^^^^^^^^^^^^^^^^^^^^^^^^^^^^^^^^^^^^^^^^^^^^
  File "H:\algo\algo\.venv\Lib\site-packages\ccxt\binance.py", line 11823, in request
    response = self.fetch2(path, api, method, params, headers, body, config)
  File "H:\algo\algo\.venv\Lib\site-packages\ccxt\base\exchange.py", line 5544, in fetch2
    raise e
  File "H:\algo\algo\.venv\Lib\site-packages\ccxt\base\exchange.py", line 5525, in fetch2
    response = self.fetch(request['url'], request['method'], request['headers'], request['body'])
  File "H:\algo\algo\.venv\Lib\site-packages\ccxt\base\exchange.py", line 635, in fetch
    http_response = self.on_rest_response(http_status_code, http_status_text, url, method, headers, response.text, request_headers, request_body)
                                                                                                    ^^^^^^^^^^^^^
  File "H:\algo\algo\.venv\Lib\site-packages\requests\models.py", line 1075, in text
    content = str(self.content, encoding or "utf-8", errors="replace")
MemoryError
2026-08-16 19:12:34,119 - INFO - Sending Telegram alert...
2026-08-16 19:12:36,741 - INFO - Telegram alert sent successfully.
2026-08-16 19:12:52,948 - INFO - Logged heartbeat status: ERROR
2026-08-16 19:12:52,967 - INFO - Adding job tentatively -- it will be properly scheduled when the scheduler starts
2026-08-16 19:12:52,968 - INFO - Bot bot-1786885511632-a480 scheduled to check every 5 minutes.
2026-08-16 19:12:52,968 - INFO - Added job "LiveRunner.process_cycle" to job store "default"
2026-08-16 19:12:52,968 - INFO - Scheduler started
