2026-08-15 17:38:10,863 - INFO - Initializing scheduled trading bot live runner for bot-1786795677753-1d6f...
2026-08-15 17:54:37,074 - INFO - Initializing scheduled trading bot live runner for bot-1786795677753-1d6f...
2026-08-15 17:54:37,099 - INFO - SQLite database tables verified/created.
2026-08-15 17:54:37,118 - INFO - Initializing CCXT Binance in TESTNET mode.
2026-08-15 19:37:58,346 - INFO - Initializing scheduled trading bot live runner for bot-1786795677753-1d6f...
2026-08-15 19:37:58,393 - INFO - SQLite database tables verified/created.
2026-08-15 19:37:58,413 - INFO - Initializing CCXT Binance in TESTNET mode.
2026-08-15 20:22:03,276 - INFO - BotWatchdog thread started.
2026-08-15 20:22:03,277 - INFO - BotWatchdog singleton background thread started.
2026-08-15 20:22:03,327 - INFO - Initializing scheduled trading bot live runner for bot-1786795677753-1d6f...
2026-08-15 20:22:03,352 - INFO - SQLite database tables verified/created.
Traceback (most recent call last):
  File "H:\algo\algo\btc-bot\src\live_runner.py", line 19, in <module>
    from src import config
  File "H:\algo\algo\btc-bot\src\__init__.py", line 14, in <module>
    from . import trade_ledger
  File "H:\algo\algo\btc-bot\src\trade_ledger.py", line 646, in <module>
    trade_ledger = AuthoritativeTradeLedger()
  File "H:\algo\algo\btc-bot\src\trade_ledger.py", line 282, in __init__
    init_trade_ledger_schema()
    ~~~~~~~~~~~~~~~~~~~~~~~~^^
  File "H:\algo\algo\btc-bot\src\trade_ledger.py", line 27, in init_trade_ledger_schema
    cursor.execute(
    ~~~~~~~~~~~~~~^
        """
        ^^^
    ...<17 lines>...
        """
        ^^^
    )
    ^
sqlite3.OperationalError: disk I/O error
2026-08-15 20:54:02,749 - INFO - BotWatchdog thread started.
2026-08-15 20:54:02,750 - INFO - BotWatchdog singleton background thread started.
2026-08-15 20:54:03,280 - INFO - Initializing scheduled trading bot live runner for bot-1786795677753-1d6f...
2026-08-15 20:54:03,907 - INFO - SQLite database tables verified/created.
2026-08-15 20:54:05,321 - INFO - Initializing CCXT Binance in TESTNET mode.
2026-08-15 20:54:07,515 - INFO - Initializing CCXT Binance in MAINNET mode (Public endpoints).
2026-08-15 20:54:07,583 - INFO - Sending Telegram alert...
2026-08-15 20:54:19,348 - INFO - Telegram alert sent successfully.
2026-08-15 20:54:19,673 - INFO - [bot-1786795677753-1d6f] Starting signal check cycle for BTC/USDT (5m)...
2026-08-15 20:54:19,864 - INFO - Fetching recent candles for BTC/USDT (5m) [Bot: bot-1786795677753-1d6f]...
2026-08-15 20:54:34,088 - INFO - Indicators computed | close=63063.82 ema_9=63051.60 ema_20=63044.34 ema_50=63035.98 ema_200=63035.20 macd=7.4386 poc=63425.0 val=63050.0 vah=64300.0
2026-08-15 20:54:34,177 - INFO - [bot-1786795677753-1d6f] Evaluating strategy on completed candle: 2026-08-15T15:15:00+00:00 at Close price: 63078.95
2026-08-15 20:54:45,253 - ERROR - Error logging bot activity for bot-1786795677753-1d6f: database is locked
2026-08-15 20:54:47,012 - INFO - Confluence Evaluation | Regime: RANGING (ADX=18.2) | Direction: LONG | BullScore: 100.0% | BearScore: 0.0% | Active: ['ema_9', 'ema_20', 'rsi', 'vwap', 'supertrend', 'atr']
2026-08-15 20:55:02,090 - INFO - Capping position size 2.173913 BTC to available cash equivalent 0.158531 BTC.
2026-08-15 20:55:16,894 - INFO - Created pending signal approval ID 123 for bot bot-1786795677753-1d6f (LONG @ $63078.95, status: WAITING_APPROVAL)
2026-08-15 21:43:08,319 - INFO - BotWatchdog thread started.
2026-08-15 21:43:08,319 - INFO - BotWatchdog singleton background thread started.
2026-08-15 21:43:08,353 - INFO - Initializing scheduled trading bot live runner for bot-1786795677753-1d6f...
2026-08-15 21:43:08,363 - INFO - SQLite database tables verified/created.
2026-08-15 21:43:08,379 - INFO - Initializing CCXT Binance in TESTNET mode.
2026-08-15 21:43:09,734 - INFO - Initializing CCXT Binance in MAINNET mode (Public endpoints).
2026-08-15 21:43:09,745 - INFO - Sending Telegram alert...
2026-08-15 21:43:10,432 - INFO - Telegram alert sent successfully.
2026-08-15 21:43:10,435 - INFO - [bot-1786795677753-1d6f] Starting signal check cycle for BTC/USDT (5m)...
2026-08-15 21:43:10,438 - INFO - Fetching recent candles for BTC/USDT (5m) [Bot: bot-1786795677753-1d6f]...
2026-08-15 21:43:14,124 - INFO - Indicators computed | close=63086.21 ema_9=63091.01 ema_20=63078.11 ema_50=63056.59 ema_200=63041.25 macd=15.8343 poc=63425.0 val=63050.0 vah=64300.0
2026-08-15 21:43:14,125 - INFO - [bot-1786795677753-1d6f] Evaluating strategy on completed candle: 2026-08-15T16:05:00+00:00 at Close price: 63086.40
2026-08-15 21:43:14,158 - INFO - Confluence Evaluation | Regime: TRENDING (ADX=51.0) | Direction: HOLD | BullScore: 55.9% | BearScore: 44.1% | Active: ['ema_9', 'ema_20', 'rsi', 'vwap', 'supertrend', 'atr']
2026-08-15 21:43:14,178 - INFO - Signal evaluated: HOLD. Reason/Details: Confluence score: 56% (HOLD)
2026-08-15 21:43:17,217 - INFO - Logged heartbeat status: OK
2026-08-15 21:43:17,223 - INFO - Adding job tentatively -- it will be properly scheduled when the scheduler starts
2026-08-15 21:43:17,223 - INFO - Bot bot-1786795677753-1d6f scheduled to check every 5 minutes.
2026-08-15 21:43:17,223 - INFO - Added job "LiveRunner.process_cycle" to job store "default"
2026-08-15 21:43:17,223 - INFO - Scheduler started
2026-08-15 21:48:17,234 - INFO - Running job "LiveRunner.process_cycle (trigger: interval[0:05:00], next run at: 2026-08-15 21:48:17 IST)" (scheduled at 2026-08-15 21:48:17.222861+05:30)
2026-08-15 21:48:17,240 - INFO - [bot-1786795677753-1d6f] Starting signal check cycle for BTC/USDT (5m)...
2026-08-15 21:48:17,248 - INFO - Fetching recent candles for BTC/USDT (5m) [Bot: bot-1786795677753-1d6f]...
2026-08-15 21:48:18,628 - INFO - Indicators computed | close=63066.74 ema_9=63085.65 ema_20=63076.75 ema_50=63056.86 ema_200=63041.47 macd=12.7900 poc=63425.0 val=63050.0 vah=64300.0
2026-08-15 21:48:18,629 - INFO - [bot-1786795677753-1d6f] Evaluating strategy on completed candle: 2026-08-15T16:10:00+00:00 at Close price: 63083.03
2026-08-15 21:48:18,648 - INFO - Confluence Evaluation | Regime: TRENDING (ADX=52.1) | Direction: HOLD | BullScore: 55.9% | BearScore: 44.1% | Active: ['ema_9', 'ema_20', 'rsi', 'vwap', 'supertrend', 'atr']
2026-08-15 21:48:18,670 - INFO - Signal evaluated: HOLD. Reason/Details: Confluence score: 56% (HOLD)
2026-08-15 21:48:18,719 - INFO - Logged heartbeat status: OK
2026-08-15 21:48:18,719 - INFO - Job "LiveRunner.process_cycle (trigger: interval[0:05:00], next run at: 2026-08-15 21:53:17 IST)" executed successfully
2026-08-15 21:53:17,226 - INFO - Running job "LiveRunner.process_cycle (trigger: interval[0:05:00], next run at: 2026-08-15 21:58:17 IST)" (scheduled at 2026-08-15 21:53:17.222861+05:30)
2026-08-15 21:53:17,230 - INFO - [bot-1786795677753-1d6f] Starting signal check cycle for BTC/USDT (5m)...
2026-08-15 21:53:17,238 - INFO - Fetching recent candles for BTC/USDT (5m) [Bot: bot-1786795677753-1d6f]...
2026-08-15 21:53:17,618 - INFO - Indicators computed | close=63083.48 ema_9=63087.25 ema_20=63078.49 ema_50=63058.39 ema_200=63042.02 macd=12.5774 poc=63425.0 val=63050.0 vah=64300.0
2026-08-15 21:53:17,618 - INFO - [bot-1786795677753-1d6f] Evaluating strategy on completed candle: 2026-08-15T16:15:00+00:00 at Close price: 63079.47
2026-08-15 21:53:17,631 - INFO - Confluence Evaluation | Regime: TRENDING (ADX=51.5) | Direction: HOLD | BullScore: 55.9% | BearScore: 44.1% | Active: ['ema_9', 'ema_20', 'rsi', 'vwap', 'supertrend', 'atr']
2026-08-15 21:53:17,653 - INFO - Signal evaluated: HOLD. Reason/Details: Confluence score: 56% (HOLD)
2026-08-15 21:53:17,734 - INFO - Logged heartbeat status: OK
2026-08-15 21:53:17,734 - INFO - Job "LiveRunner.process_cycle (trigger: interval[0:05:00], next run at: 2026-08-15 21:58:17 IST)" executed successfully
2026-08-15 21:58:17,231 - INFO - Running job "LiveRunner.process_cycle (trigger: interval[0:05:00], next run at: 2026-08-15 22:03:17 IST)" (scheduled at 2026-08-15 21:58:17.222861+05:30)
2026-08-15 21:58:17,241 - INFO - [bot-1786795677753-1d6f] Starting signal check cycle for BTC/USDT (5m)...
2026-08-15 21:58:17,251 - INFO - Fetching recent candles for BTC/USDT (5m) [Bot: bot-1786795677753-1d6f]...
2026-08-15 21:58:18,109 - INFO - Indicators computed | close=63115.59 ema_9=63096.36 ema_20=63083.88 ema_50=63061.44 ema_200=63042.96 macd=15.3581 poc=63425.0 val=63050.0 vah=64300.0
2026-08-15 21:58:18,110 - INFO - [bot-1786795677753-1d6f] Evaluating strategy on completed candle: 2026-08-15T16:20:00+00:00 at Close price: 63104.99
2026-08-15 21:58:18,138 - INFO - Confluence Evaluation | Regime: TRENDING (ADX=52.6) | Direction: LONG | BullScore: 100.0% | BearScore: 0.0% | Active: ['ema_9', 'ema_20', 'rsi', 'vwap', 'supertrend', 'atr']
2026-08-15 21:58:18,161 - INFO - Capping position size 1.973749 BTC to available cash equivalent 0.158466 BTC.
2026-08-15 21:58:18,325 - INFO - Created pending signal approval ID 150 for bot bot-1786795677753-1d6f (LONG @ $63104.99, status: WAITING_APPROVAL)
2026-08-15 21:58:19,106 - INFO - [bot-1786795677753-1d6f] Signal LONG generated (ID: 150). Waiting for manual user approval.
2026-08-15 21:58:19,236 - INFO - Logged heartbeat status: OK
2026-08-15 21:58:19,236 - INFO - Job "LiveRunner.process_cycle (trigger: interval[0:05:00], next run at: 2026-08-15 22:03:17 IST)" executed successfully
2026-08-15 22:03:17,237 - INFO - Running job "LiveRunner.process_cycle (trigger: interval[0:05:00], next run at: 2026-08-15 22:08:17 IST)" (scheduled at 2026-08-15 22:03:17.222861+05:30)
2026-08-15 22:03:17,243 - INFO - [bot-1786795677753-1d6f] Starting signal check cycle for BTC/USDT (5m)...
2026-08-15 22:03:17,255 - INFO - Fetching recent candles for BTC/USDT (5m) [Bot: bot-1786795677753-1d6f]...
2026-08-15 22:03:19,779 - INFO - Indicators computed | close=63106.01 ema_9=63099.25 ema_20=63086.50 ema_50=63063.41 ema_200=63043.65 macd=15.6227 poc=63425.0 val=63050.0 vah=64300.0
2026-08-15 22:03:19,779 - INFO - [bot-1786795677753-1d6f] Evaluating strategy on completed candle: 2026-08-15T16:25:00+00:00 at Close price: 63121.59
2026-08-15 22:03:19,804 - INFO - Confluence Evaluation | Regime: TRENDING (ADX=52.8) | Direction: LONG | BullScore: 100.0% | BearScore: 0.0% | Active: ['ema_9', 'ema_20', 'rsi', 'vwap', 'supertrend', 'atr']
2026-08-15 22:03:19,832 - INFO - Capping position size 1.695921 BTC to available cash equivalent 0.158424 BTC.
2026-08-15 22:03:19,840 - INFO - [bot-1786795677753-1d6f] Signal LONG active pending approval already exists (ID: 150).
2026-08-15 22:03:20,309 - INFO - Logged heartbeat status: OK
2026-08-15 22:03:20,309 - INFO - Job "LiveRunner.process_cycle (trigger: interval[0:05:00], next run at: 2026-08-15 22:08:17 IST)" executed successfully
