/Users/ashishparadkar/Downloads/algo-code-main/.venv/lib/python3.9/site-packages/urllib3/__init__.py:35: NotOpenSSLWarning: urllib3 v2 only supports OpenSSL 1.1.1+, currently the 'ssl' module is compiled with 'LibreSSL 2.8.3'. See: https://github.com/urllib3/urllib3/issues/3020
  warnings.warn(
2026-08-21 18:16:41,711 - INFO - Bot state startup reconciliation finished: 0 bot(s) reconciled to STOPPED.
2026-08-21 18:16:46,486 - INFO - Telegram notification service initialized successfully (Chat ID: 5657...)
2026-08-21 18:16:46,539 - INFO - Initializing scheduled trading bot live runner for bot-1787305944376-5e61...
2026-08-21 18:16:48,836 - INFO - SQLite database tables verified/created.
2026-08-21 18:16:51,687 - INFO - Initializing CCXT Binance in TESTNET mode.
/Users/ashishparadkar/Downloads/algo-code-main/.venv/lib/python3.9/site-packages/urllib3/__init__.py:35: NotOpenSSLWarning: urllib3 v2 only supports OpenSSL 1.1.1+, currently the 'ssl' module is compiled with 'LibreSSL 2.8.3'. See: https://github.com/urllib3/urllib3/issues/3020
  warnings.warn(
2026-08-21 20:30:59,336 - INFO - Bot state startup reconciliation finished: 0 bot(s) reconciled to STOPPED.
2026-08-21 20:31:06,747 - INFO - Telegram notification service initialized successfully (Chat ID: 5657...)
2026-08-21 20:31:09,001 - INFO - Initializing scheduled trading bot live runner for bot-1787305944376-5e61...
2026-08-21 20:31:13,195 - INFO - SQLite database tables verified/created.
2026-08-21 20:31:18,093 - INFO - Initializing CCXT Binance in TESTNET mode.
/Users/ashishparadkar/Downloads/algo-code-main/.venv/lib/python3.9/site-packages/urllib3/__init__.py:35: NotOpenSSLWarning: urllib3 v2 only supports OpenSSL 1.1.1+, currently the 'ssl' module is compiled with 'LibreSSL 2.8.3'. See: https://github.com/urllib3/urllib3/issues/3020
  warnings.warn(
2026-08-21 21:37:41,628 - INFO - Bot state startup reconciliation finished: 0 bot(s) reconciled to STOPPED.
2026-08-21 21:37:48,895 - INFO - Telegram notification service initialized successfully (Chat ID: 5657...)
2026-08-21 21:37:50,991 - INFO - Initializing scheduled trading bot live runner for bot-1787305944376-5e61...
2026-08-21 21:37:51,935 - INFO - SQLite database tables verified/created.
2026-08-21 21:37:54,358 - INFO - Initializing CCXT Binance in TESTNET mode.
2026-08-21 21:40:47,412 - INFO - [bot-1787305944376-5e61] Pre-flight instrument resolved: BTC/USDT (SPOT via binance_spot)
2026-08-21 21:40:52,820 - INFO - [bot-1787305944376-5e61] Starting signal check cycle for BTC/USDT (15m)...
2026-08-21 21:40:53,838 - INFO - Fetching recent candles for BTC/USDT (15m) [Bot: bot-1787305944376-5e61] via ProviderManager...
2026-08-21 22:02:49,140 - INFO - Indicators computed | close=77309.99 ema_9=77282.79 ema_20=77240.00 ema_50=76623.86 ema_200=72841.92 macd=111.3452 poc=63050.0 val=62700.0 vah=72550.0
2026-08-21 22:02:49,389 - INFO - [bot-1787305944376-5e61] Evaluating strategy on completed candle: 2026-08-21 16:15:00+00:00 at Close price: 77383.87
2026-08-21 22:02:51,410 - INFO - Confluence Evaluation | Regime: TRENDING (ADX=29.4) | Direction: HOLD | BullScore: 39.5% | BearScore: 21.1% | Active: ['ema', 'macd', 'vp']
2026-08-21 22:02:52,378 - INFO - Signal evaluated: HOLD. Reason/Details: Confluence score: 40% (HOLD)
2026-08-21 22:02:53,560 - INFO - Logged heartbeat status: OK
2026-08-21 22:02:56,143 - INFO - Adding job tentatively -- it will be properly scheduled when the scheduler starts
2026-08-21 22:02:56,167 - INFO - Bot bot-1787305944376-5e61 scheduled to check every 15 minutes.
2026-08-21 22:02:56,895 - INFO - Added job "LiveRunner.process_cycle" to job store "default"
2026-08-21 22:02:56,895 - INFO - Scheduler started
2026-08-21 22:17:55,983 - INFO - Running job "LiveRunner.process_cycle (trigger: interval[0:15:00], next run at: 2026-08-21 22:32:55 IST)" (scheduled at 2026-08-21 22:17:55.710803+05:30)
2026-08-21 22:17:56,061 - INFO - [bot-1787305944376-5e61] Starting signal check cycle for BTC/USDT (15m)...
2026-08-21 22:17:56,135 - INFO - Fetching recent candles for BTC/USDT (15m) [Bot: bot-1787305944376-5e61] via ProviderManager...
2026-08-21 22:17:58,314 - INFO - Indicators computed | close=77414.67 ema_9=77317.49 ema_20=77261.12 ema_50=76656.84 ema_200=72887.93 macd=117.1535 poc=63050.0 val=62700.0 vah=72575.0
2026-08-21 22:17:58,321 - INFO - [bot-1787305944376-5e61] Evaluating strategy on completed candle: 2026-08-21 16:30:00+00:00 at Close price: 77362.04
2026-08-21 22:17:58,465 - INFO - Confluence Evaluation | Regime: TRENDING (ADX=28.9) | Direction: HOLD | BullScore: 39.5% | BearScore: 21.1% | Active: ['ema', 'macd', 'vp']
2026-08-21 22:17:58,699 - INFO - Signal evaluated: HOLD. Reason/Details: Confluence score: 40% (HOLD)
2026-08-21 22:17:58,950 - INFO - Logged heartbeat status: OK
2026-08-21 22:17:58,955 - INFO - Job "LiveRunner.process_cycle (trigger: interval[0:15:00], next run at: 2026-08-21 22:32:55 IST)" executed successfully
2026-08-21 22:32:55,817 - INFO - Running job "LiveRunner.process_cycle (trigger: interval[0:15:00], next run at: 2026-08-21 22:47:55 IST)" (scheduled at 2026-08-21 22:32:55.710803+05:30)
2026-08-21 22:32:56,005 - INFO - [bot-1787305944376-5e61] Starting signal check cycle for BTC/USDT (15m)...
2026-08-21 22:32:56,209 - INFO - Fetching recent candles for BTC/USDT (15m) [Bot: bot-1787305944376-5e61] via ProviderManager...
2026-08-21 22:33:01,158 - INFO - Indicators computed | close=77581.21 ema_9=77381.65 ema_20=77297.75 ema_50=76695.77 ema_200=72935.33 macd=134.7950 poc=63050.0 val=62700.0 vah=72600.0
2026-08-21 22:33:01,332 - INFO - [bot-1787305944376-5e61] Evaluating strategy on completed candle: 2026-08-21 16:45:00+00:00 at Close price: 77486.01
2026-08-21 22:33:01,448 - INFO - Confluence Evaluation | Regime: TRENDING (ADX=27.4) | Direction: HOLD | BullScore: 39.5% | BearScore: 21.1% | Active: ['ema', 'macd', 'vp']
2026-08-21 22:33:01,859 - INFO - Signal evaluated: HOLD. Reason/Details: Confluence score: 40% (HOLD)
2026-08-21 22:33:02,060 - INFO - Logged heartbeat status: OK
2026-08-21 22:33:02,061 - INFO - Job "LiveRunner.process_cycle (trigger: interval[0:15:00], next run at: 2026-08-21 22:47:55 IST)" executed successfully
