2026-08-14 23:31:10,587 - INFO - Initializing scheduled trading bot live runner for bot-1786730466152-dc44...
2026-08-14 23:31:10,594 - INFO - SQLite database tables verified/created.
2026-08-14 23:31:10,605 - INFO - Initializing CCXT Binance in TESTNET mode.
2026-08-14 23:31:12,915 - INFO - Initializing CCXT Binance in MAINNET mode (Public endpoints).
2026-08-14 23:31:12,926 - INFO - Sending Telegram alert...
2026-08-14 23:31:23,616 - INFO - Telegram alert sent successfully.
2026-08-14 23:31:23,620 - INFO - [bot-1786730466152-dc44] Starting signal check cycle for ETH/USDT (15m)...
2026-08-14 23:31:23,626 - INFO - Fetching recent candles for ETH/USDT (15m) [Bot: bot-1786730466152-dc44]...
2026-08-14 23:31:26,926 - INFO - Indicators computed | close=1876.04 ema_9=1880.71 ema_20=1879.20 ema_50=1878.61 ema_200=1883.19 macd=1.6583 poc=1875.0 val=1875.0 vah=1900.0
2026-08-14 23:31:26,927 - INFO - [bot-1786730466152-dc44] Evaluating strategy on completed candle: 2026-08-14T17:45:00+00:00 at Close price: 1878.57
2026-08-14 23:31:26,978 - INFO - Confluence Evaluation | Regime: TRENDING (ADX=32.7) | Direction: HOLD | BullScore: 67.4% | BearScore: 32.6% | Active: ['ema', 'macd', 'rsi', 'vp']
2026-08-14 23:31:26,987 - INFO - Signal evaluated: HOLD. Reason/Details: Confluence score: 67% (HOLD)
2026-08-14 23:31:27,298 - INFO - Logged heartbeat status: OK
2026-08-14 23:31:27,304 - INFO - Adding job tentatively -- it will be properly scheduled when the scheduler starts
2026-08-14 23:31:27,304 - INFO - Bot bot-1786730466152-dc44 scheduled to check every 15 minutes.
2026-08-14 23:31:27,305 - INFO - Added job "LiveRunner.process_cycle" to job store "default"
2026-08-14 23:31:27,305 - INFO - Scheduler started
2026-08-15 11:45:28,975 - INFO - Initializing scheduled trading bot live runner for bot-1786730466152-dc44...
2026-08-15 11:45:29,041 - INFO - SQLite database tables verified/created.
2026-08-15 11:45:29,052 - INFO - Initializing CCXT Binance in TESTNET mode.
2026-08-15 11:45:31,170 - INFO - Initializing CCXT Binance in MAINNET mode (Public endpoints).
2026-08-15 11:45:31,187 - INFO - Sending Telegram alert...
2026-08-15 11:45:42,672 - INFO - Initializing scheduled trading bot live runner for bot-1786730466152-dc44...
2026-08-15 11:45:42,696 - INFO - SQLite database tables verified/created.
2026-08-15 11:45:42,708 - INFO - Initializing CCXT Binance in TESTNET mode.
2026-08-15 11:45:45,773 - INFO - Initializing CCXT Binance in MAINNET mode (Public endpoints).
2026-08-15 11:45:45,796 - INFO - Sending Telegram alert...
2026-08-15 11:45:56,504 - INFO - Telegram alert sent successfully.
2026-08-15 11:45:56,611 - INFO - [bot-1786730466152-dc44] Starting signal check cycle for ETH/USDT (15m)...
2026-08-15 11:45:56,668 - INFO - Fetching recent candles for ETH/USDT (15m) [Bot: bot-1786730466152-dc44]...
2026-08-15 11:46:02,336 - INFO - Indicators computed | close=1880.42 ema_9=1882.07 ema_20=1882.68 ema_50=1881.78 ema_200=1882.59 macd=-0.1679 poc=1875.0 val=1875.0 vah=1900.0
2026-08-15 11:46:02,336 - INFO - [bot-1786730466152-dc44] Evaluating strategy on completed candle: 2026-08-15T06:00:00+00:00 at Close price: 1880.17
2026-08-15 11:46:02,396 - INFO - Confluence Evaluation | Regime: TRENDING (ADX=27.7) | Direction: HOLD | BullScore: 17.4% | BearScore: 50.0% | Active: ['ema', 'macd', 'rsi', 'vp']
2026-08-15 11:46:02,415 - INFO - Signal evaluated: HOLD. Reason/Details: Confluence score: 50% (HOLD)
2026-08-15 11:46:02,474 - INFO - Logged heartbeat status: OK
2026-08-15 11:46:02,478 - INFO - Adding job tentatively -- it will be properly scheduled when the scheduler starts
2026-08-15 11:46:02,478 - INFO - Bot bot-1786730466152-dc44 scheduled to check every 15 minutes.
2026-08-15 11:46:02,478 - INFO - Added job "LiveRunner.process_cycle" to job store "default"
2026-08-15 11:46:02,478 - INFO - Scheduler started
2026-08-15 12:01:02,484 - INFO - Running job "LiveRunner.process_cycle (trigger: interval[0:15:00], next run at: 2026-08-15 12:01:02 IST)" (scheduled at 2026-08-15 12:01:02.477914+05:30)
2026-08-15 12:01:02,487 - INFO - [bot-1786730466152-dc44] Starting signal check cycle for ETH/USDT (15m)...
2026-08-15 12:01:02,494 - INFO - Fetching recent candles for ETH/USDT (15m) [Bot: bot-1786730466152-dc44]...
2026-08-15 12:01:04,079 - INFO - Indicators computed | close=1880.99 ema_9=1881.85 ema_20=1882.52 ema_50=1881.75 ema_200=1882.57 macd=-0.2688 poc=1875.0 val=1875.0 vah=1900.0
2026-08-15 12:01:04,079 - INFO - [bot-1786730466152-dc44] Evaluating strategy on completed candle: 2026-08-15T06:15:00+00:00 at Close price: 1880.42
2026-08-15 12:01:04,135 - INFO - Confluence Evaluation | Regime: TRENDING (ADX=27.1) | Direction: SHORT | BullScore: 17.4% | BearScore: 82.6% | Active: ['ema', 'macd', 'rsi', 'vp']
2026-08-15 12:01:04,158 - INFO - Capping position size 15.723270 BTC to available cash equivalent 2.658980 BTC.
2026-08-15 12:01:04,182 - INFO - Created pending signal approval ID 101 for bot bot-1786730466152-dc44 (SHORT @ $1880.42, status: WAITING_APPROVAL)
2026-08-15 12:01:16,097 - INFO - [bot-1786730466152-dc44] Signal SHORT generated (ID: 101). Waiting for manual user approval.
2026-08-15 12:01:16,148 - INFO - Logged heartbeat status: OK
2026-08-15 12:01:16,148 - INFO - Job "LiveRunner.process_cycle (trigger: interval[0:15:00], next run at: 2026-08-15 12:16:02 IST)" executed successfully
2026-08-15 12:16:02,491 - INFO - Running job "LiveRunner.process_cycle (trigger: interval[0:15:00], next run at: 2026-08-15 12:31:02 IST)" (scheduled at 2026-08-15 12:16:02.477914+05:30)
2026-08-15 12:16:02,492 - INFO - [bot-1786730466152-dc44] Starting signal check cycle for ETH/USDT (15m)...
2026-08-15 12:16:02,499 - INFO - Fetching recent candles for ETH/USDT (15m) [Bot: bot-1786730466152-dc44]...
2026-08-15 12:16:03,173 - INFO - Indicators computed | close=1881.76 ema_9=1881.96 ema_20=1882.51 ema_50=1881.78 ema_200=1882.57 macd=-0.2354 poc=1875.0 val=1875.0 vah=1900.0
2026-08-15 12:16:03,173 - INFO - [bot-1786730466152-dc44] Evaluating strategy on completed candle: 2026-08-15T06:30:00+00:00 at Close price: 1881.77
2026-08-15 12:16:03,413 - INFO - Confluence Evaluation | Regime: TRENDING (ADX=25.6) | Direction: SHORT | BullScore: 17.4% | BearScore: 82.6% | Active: ['ema', 'macd', 'rsi', 'vp']
2026-08-15 12:16:03,432 - INFO - Capping position size 27.100271 BTC to available cash equivalent 2.657073 BTC.
2026-08-15 12:16:03,440 - INFO - [bot-1786730466152-dc44] Signal SHORT active pending approval already exists (ID: 101).
2026-08-15 12:16:03,485 - INFO - Logged heartbeat status: OK
2026-08-15 12:16:03,485 - INFO - Job "LiveRunner.process_cycle (trigger: interval[0:15:00], next run at: 2026-08-15 12:31:02 IST)" executed successfully
2026-08-15 12:31:02,485 - INFO - Running job "LiveRunner.process_cycle (trigger: interval[0:15:00], next run at: 2026-08-15 12:46:02 IST)" (scheduled at 2026-08-15 12:31:02.477914+05:30)
2026-08-15 12:31:02,489 - INFO - [bot-1786730466152-dc44] Starting signal check cycle for ETH/USDT (15m)...
2026-08-15 12:31:02,497 - INFO - Fetching recent candles for ETH/USDT (15m) [Bot: bot-1786730466152-dc44]...
2026-08-15 12:31:02,954 - INFO - Indicators computed | close=1882.02 ema_9=1882.04 ema_20=1882.50 ema_50=1881.81 ema_200=1882.57 macd=-0.2098 poc=1875.0 val=1875.0 vah=1900.0
2026-08-15 12:31:02,954 - INFO - [bot-1786730466152-dc44] Evaluating strategy on completed candle: 2026-08-15T06:45:00+00:00 at Close price: 1882.16
2026-08-15 12:31:03,008 - INFO - Confluence Evaluation | Regime: RANGING (ADX=23.1) | Direction: HOLD | BullScore: 32.6% | BearScore: 67.4% | Active: ['ema', 'macd', 'rsi', 'vp']
2026-08-15 12:31:03,023 - INFO - Signal evaluated: HOLD. Reason/Details: Confluence score: 67% (HOLD)
2026-08-15 12:31:03,079 - INFO - Logged heartbeat status: OK
2026-08-15 12:31:03,079 - INFO - Job "LiveRunner.process_cycle (trigger: interval[0:15:00], next run at: 2026-08-15 12:46:02 IST)" executed successfully
2026-08-15 12:46:02,483 - INFO - Running job "LiveRunner.process_cycle (trigger: interval[0:15:00], next run at: 2026-08-15 13:01:02 IST)" (scheduled at 2026-08-15 12:46:02.477914+05:30)
2026-08-15 12:46:02,488 - INFO - [bot-1786730466152-dc44] Starting signal check cycle for ETH/USDT (15m)...
2026-08-15 12:46:02,495 - INFO - Fetching recent candles for ETH/USDT (15m) [Bot: bot-1786730466152-dc44]...
2026-08-15 12:46:03,985 - INFO - Indicators computed | close=1882.27 ema_9=1882.17 ema_20=1882.53 ema_50=1881.85 ema_200=1882.57 macd=-0.1574 poc=1875.0 val=1875.0 vah=1900.0
2026-08-15 12:46:03,985 - INFO - [bot-1786730466152-dc44] Evaluating strategy on completed candle: 2026-08-15T07:00:00+00:00 at Close price: 1882.59
2026-08-15 12:46:04,048 - INFO - Confluence Evaluation | Regime: RANGING (ADX=22.3) | Direction: HOLD | BullScore: 50.0% | BearScore: 50.0% | Active: ['ema', 'macd', 'rsi', 'vp']
2026-08-15 12:46:04,068 - INFO - Signal evaluated: HOLD. Reason/Details: Confluence score: 50% (HOLD)
2026-08-15 12:46:04,130 - INFO - Logged heartbeat status: OK
2026-08-15 12:46:04,130 - INFO - Job "LiveRunner.process_cycle (trigger: interval[0:15:00], next run at: 2026-08-15 13:01:02 IST)" executed successfully
2026-08-15 13:34:10,802 - INFO - BotWatchdog thread started.
2026-08-15 13:34:10,802 - INFO - BotWatchdog singleton background thread started.
2026-08-15 13:34:10,816 - WARNING - Watchdog detected stall — attempting automatic restart for 'Test Registry Bot' (bot-1786730254101-5f04, 2916s inactive).
2026-08-15 13:37:14,574 - INFO - BotWatchdog thread started.
2026-08-15 13:37:14,574 - INFO - BotWatchdog singleton background thread started.
2026-08-15 13:39:39,625 - INFO - BotWatchdog thread started.
2026-08-15 13:39:39,626 - INFO - BotWatchdog singleton background thread started.
2026-08-15 13:40:10,222 - INFO - BotWatchdog thread started.
2026-08-15 13:40:10,222 - INFO - BotWatchdog singleton background thread started.
2026-08-15 13:53:49,543 - INFO - BotWatchdog thread started.
2026-08-15 13:53:49,543 - INFO - BotWatchdog singleton background thread started.
2026-08-15 13:54:54,635 - INFO - BotWatchdog thread started.
2026-08-15 13:54:54,636 - INFO - BotWatchdog singleton background thread started.
2026-08-15 14:00:46,155 - INFO - BotWatchdog thread started.
2026-08-15 14:00:46,156 - INFO - BotWatchdog singleton background thread started.
2026-08-15 14:15:26,508 - INFO - BotWatchdog thread started.
2026-08-15 14:15:26,514 - INFO - BotWatchdog singleton background thread started.
2026-08-15 14:15:26,522 - WARNING - Watchdog detected stall — attempting automatic restart for 'Lifecycle Bot' (test-lifecycle-1786730466172, 1523s inactive).
