/Users/ashishparadkar/Downloads/algo-code-main/.venv/lib/python3.9/site-packages/urllib3/__init__.py:35: NotOpenSSLWarning: urllib3 v2 only supports OpenSSL 1.1.1+, currently the 'ssl' module is compiled with 'LibreSSL 2.8.3'. See: https://github.com/urllib3/urllib3/issues/3020
  warnings.warn(
2026-08-20 12:27:14,175 - INFO - Bot state startup reconciliation finished: 0 bot(s) reconciled to STOPPED.
2026-08-20 12:27:14,279 - INFO - Telegram notification service initialized successfully (Chat ID: 5657...)
2026-08-20 12:27:14,294 - INFO - Initializing scheduled trading bot live runner for bot-1787206396792-6aa4...
2026-08-20 12:27:14,476 - INFO - SQLite database tables verified/created.
2026-08-20 12:27:14,621 - INFO - Initializing CCXT Binance in TESTNET mode.
2026-08-20 12:27:21,372 - INFO - [bot-1787206396792-6aa4] Pre-flight instrument resolved: BTC/USDT (SPOT via binance_spot)
2026-08-20 12:27:21,793 - INFO - [bot-1787206396792-6aa4] Starting signal check cycle for BTC/USDT (5m)...
2026-08-20 12:27:26,496 - INFO - Fetching recent candles for BTC/USDT (5m) [Bot: bot-1787206396792-6aa4] via ProviderManager...
2026-08-20 12:27:42,591 - INFO - Indicators computed | close=69851.99 ema_9=69735.34 ema_20=69621.18 ema_50=69497.38 ema_200=68575.36 macd=111.2954 poc=64325.0 val=62725.0 vah=68350.0
2026-08-20 12:27:42,594 - INFO - [bot-1787206396792-6aa4] Evaluating strategy on completed candle: 2026-08-20 06:50:00+00:00 at Close price: 69855.58
2026-08-20 12:27:42,690 - INFO - Confluence Evaluation | Regime: RANGING (ADX=23.6) | Direction: HOLD | BullScore: 67.4% | BearScore: 32.6% | Active: ['ema', 'macd', 'rsi', 'vp']
2026-08-20 12:27:42,757 - INFO - Signal evaluated: HOLD. Reason/Details: Confluence score: 67% (HOLD)
2026-08-20 12:27:42,875 - INFO - Logged heartbeat status: OK
2026-08-20 12:27:42,891 - INFO - Adding job tentatively -- it will be properly scheduled when the scheduler starts
2026-08-20 12:27:42,894 - INFO - Bot bot-1787206396792-6aa4 scheduled to check every 5 minutes.
2026-08-20 12:27:42,895 - INFO - Added job "LiveRunner.process_cycle" to job store "default"
2026-08-20 12:27:42,898 - INFO - Scheduler started
/Users/ashishparadkar/Downloads/algo-code-main/.venv/lib/python3.9/site-packages/urllib3/__init__.py:35: NotOpenSSLWarning: urllib3 v2 only supports OpenSSL 1.1.1+, currently the 'ssl' module is compiled with 'LibreSSL 2.8.3'. See: https://github.com/urllib3/urllib3/issues/3020
  warnings.warn(
2026-08-20 12:39:30,964 - INFO - Bot state startup reconciliation finished: 0 bot(s) reconciled to STOPPED.
2026-08-20 12:39:31,210 - INFO - Telegram notification service initialized successfully (Chat ID: 5657...)
2026-08-20 12:39:31,219 - INFO - Initializing scheduled trading bot live runner for bot-1787206396792-6aa4...
2026-08-20 12:39:31,425 - INFO - SQLite database tables verified/created.
2026-08-20 12:39:31,642 - INFO - Initializing CCXT Binance in TESTNET mode.
2026-08-20 12:39:42,749 - INFO - [bot-1787206396792-6aa4] Pre-flight instrument resolved: BTC/USDT (SPOT via binance_spot)
2026-08-20 12:39:42,839 - INFO - [bot-1787206396792-6aa4] Starting signal check cycle for BTC/USDT (5m)...
2026-08-20 12:39:43,115 - INFO - Fetching recent candles for BTC/USDT (5m) [Bot: bot-1787206396792-6aa4] via ProviderManager...
2026-08-20 12:40:00,719 - INFO - Indicators computed | close=69972.90 ema_9=69837.59 ema_20=69704.07 ema_50=69547.29 ema_200=68615.63 macd=135.6070 poc=64325.0 val=62725.0 vah=68375.0
2026-08-20 12:40:00,733 - INFO - [bot-1787206396792-6aa4] Evaluating strategy on completed candle: 2026-08-20 07:05:00+00:00 at Close price: 69972.90
2026-08-20 12:40:00,806 - INFO - Confluence Evaluation | Regime: TRENDING (ADX=33.5) | Direction: LONG | BullScore: 82.6% | BearScore: 17.4% | Active: ['ema', 'macd', 'rsi', 'vp']
2026-08-20 12:40:00,893 - INFO - Capping position size 0.702691 BTC to available cash equivalent 0.142912 BTC.
2026-08-20 12:40:00,925 - INFO - Created pending signal approval ID 32 for bot bot-1787206396792-6aa4 (LONG @ $69972.90, status: WAITING_APPROVAL)
2026-08-20 12:40:00,986 - INFO - [bot-1787206396792-6aa4] Signal LONG generated (ID: 32). Waiting for manual user approval.
2026-08-20 12:40:01,156 - INFO - Logged heartbeat status: OK
2026-08-20 12:40:01,170 - INFO - Adding job tentatively -- it will be properly scheduled when the scheduler starts
2026-08-20 12:40:01,171 - INFO - Bot bot-1787206396792-6aa4 scheduled to check every 5 minutes.
2026-08-20 12:40:01,173 - INFO - Added job "LiveRunner.process_cycle" to job store "default"
2026-08-20 12:40:01,173 - INFO - Scheduler started
