/Users/ashishparadkar/Downloads/algo-code-main/.venv/lib/python3.9/site-packages/urllib3/__init__.py:35: NotOpenSSLWarning: urllib3 v2 only supports OpenSSL 1.1.1+, currently the 'ssl' module is compiled with 'LibreSSL 2.8.3'. See: https://github.com/urllib3/urllib3/issues/3020
  warnings.warn(
2026-08-21 21:44:49,655 - INFO - Bot state startup reconciliation finished: 0 bot(s) reconciled to STOPPED.
2026-08-21 21:44:55,859 - INFO - Telegram notification service initialized successfully (Chat ID: 5657...)
2026-08-21 21:44:57,315 - INFO - Initializing scheduled trading bot live runner for bot-1787325027141-ab16...
2026-08-21 21:44:57,412 - INFO - SQLite database tables verified/created.
2026-08-21 21:45:00,764 - INFO - Initializing CCXT Binance in TESTNET mode.
2026-08-21 21:47:05,547 - INFO - [bot-1787325027141-ab16] Pre-flight instrument resolved: BTC/USDT (SPOT via binance_spot)
2026-08-21 21:47:09,268 - INFO - [bot-1787325027141-ab16] Starting signal check cycle for BTC/USDT (15m)...
2026-08-21 21:47:09,817 - INFO - Fetching recent candles for BTC/USDT (15m) [Bot: bot-1787325027141-ab16] via ProviderManager...
2026-08-21 21:58:23,358 - INFO - Indicators computed | close=77126.00 ema_9=77224.41 ema_20=77208.08 ema_50=76585.75 ema_200=72794.44 macd=96.4913 poc=63050.0 val=62700.0 vah=72525.0
2026-08-21 21:58:24,992 - INFO - [bot-1787325027141-ab16] Evaluating strategy on completed candle: 2026-08-21 16:00:00+00:00 at Close price: 76858.57
2026-08-21 21:58:31,129 - INFO - Confluence Evaluation | Regime: TRENDING (ADX=27.9) | Direction: HOLD | BullScore: 0.0% | BearScore: 21.1% | Active: ['ema', 'macd', 'vp']
2026-08-21 21:58:32,690 - INFO - Signal evaluated: HOLD. Reason/Details: Confluence score: 21% (HOLD)
2026-08-21 21:58:35,167 - INFO - Logged heartbeat status: OK
2026-08-21 21:58:42,447 - INFO - Adding job tentatively -- it will be properly scheduled when the scheduler starts
2026-08-21 21:58:42,473 - INFO - Bot bot-1787325027141-ab16 scheduled to check every 15 minutes.
2026-08-21 21:58:45,097 - INFO - Added job "LiveRunner.process_cycle" to job store "default"
2026-08-21 21:58:45,101 - INFO - Scheduler started
2026-08-21 22:13:41,968 - INFO - Running job "LiveRunner.process_cycle (trigger: interval[0:15:00], next run at: 2026-08-21 22:13:41 IST)" (scheduled at 2026-08-21 22:13:41.664000+05:30)
2026-08-21 22:13:42,245 - INFO - [bot-1787325027141-ab16] Starting signal check cycle for BTC/USDT (15m)...
2026-08-21 22:13:42,381 - INFO - Fetching recent candles for BTC/USDT (15m) [Bot: bot-1787325027141-ab16] via ProviderManager...
2026-08-21 22:13:44,871 - INFO - Indicators computed | close=77312.00 ema_9=77283.19 ema_20=77240.19 ema_50=76623.94 ema_200=72841.94 macd=111.5055 poc=63050.0 val=62700.0 vah=72550.0
2026-08-21 22:13:44,885 - INFO - [bot-1787325027141-ab16] Evaluating strategy on completed candle: 2026-08-21 16:15:00+00:00 at Close price: 77383.87
2026-08-21 22:13:44,992 - INFO - Confluence Evaluation | Regime: TRENDING (ADX=29.4) | Direction: HOLD | BullScore: 39.5% | BearScore: 21.1% | Active: ['ema', 'macd', 'vp']
2026-08-21 22:13:45,171 - INFO - Signal evaluated: HOLD. Reason/Details: Confluence score: 40% (HOLD)
2026-08-21 22:13:45,551 - INFO - Logged heartbeat status: OK
2026-08-21 22:13:45,552 - INFO - Job "LiveRunner.process_cycle (trigger: interval[0:15:00], next run at: 2026-08-21 22:28:41 IST)" executed successfully
2026-08-21 22:28:41,741 - INFO - Running job "LiveRunner.process_cycle (trigger: interval[0:15:00], next run at: 2026-08-21 22:43:41 IST)" (scheduled at 2026-08-21 22:28:41.664000+05:30)
2026-08-21 22:28:41,804 - INFO - [bot-1787325027141-ab16] Starting signal check cycle for BTC/USDT (15m)...
2026-08-21 22:28:41,858 - INFO - Fetching recent candles for BTC/USDT (15m) [Bot: bot-1787325027141-ab16] via ProviderManager...
2026-08-21 22:28:42,765 - INFO - Indicators computed | close=77529.99 ema_9=77340.56 ema_20=77272.11 ema_50=76661.36 ema_200=72889.08 macd=126.3528 poc=63050.0 val=62700.0 vah=72575.0
2026-08-21 22:28:42,766 - INFO - [bot-1787325027141-ab16] Evaluating strategy on completed candle: 2026-08-21 16:30:00+00:00 at Close price: 77362.04
2026-08-21 22:28:42,846 - INFO - Confluence Evaluation | Regime: TRENDING (ADX=28.9) | Direction: HOLD | BullScore: 39.5% | BearScore: 21.1% | Active: ['ema', 'macd', 'vp']
2026-08-21 22:28:42,978 - INFO - Signal evaluated: HOLD. Reason/Details: Confluence score: 40% (HOLD)
2026-08-21 22:28:43,208 - INFO - Logged heartbeat status: OK
2026-08-21 22:28:43,209 - INFO - Job "LiveRunner.process_cycle (trigger: interval[0:15:00], next run at: 2026-08-21 22:43:41 IST)" executed successfully
