2026-08-15 13:53:50,173 - INFO - BotWatchdog thread started.
2026-08-15 13:53:50,173 - INFO - BotWatchdog singleton background thread started.
2026-08-15 13:54:55,290 - INFO - BotWatchdog thread started.
2026-08-15 13:54:55,291 - INFO - BotWatchdog singleton background thread started.
2026-08-15 14:00:46,155 - INFO - BotWatchdog thread started.
2026-08-15 14:00:46,156 - INFO - BotWatchdog singleton background thread started.
2026-08-15 14:15:28,909 - INFO - BotWatchdog thread started.
2026-08-15 14:15:28,909 - INFO - BotWatchdog singleton background thread started.
2026-08-15 14:42:34,574 - INFO - BotWatchdog thread started.
2026-08-15 14:42:34,577 - INFO - BotWatchdog singleton background thread started.
2026-08-15 15:06:18,625 - INFO - BotWatchdog thread started.
2026-08-15 15:06:18,625 - INFO - BotWatchdog singleton background thread started.
2026-08-15 15:40:08,878 - INFO - BotWatchdog thread started.
2026-08-15 15:40:08,878 - INFO - BotWatchdog singleton background thread started.
2026-08-15 15:45:28,815 - INFO - BotWatchdog thread started.
2026-08-15 15:45:28,830 - INFO - BotWatchdog singleton background thread started.
2026-08-15 17:31:58,278 - INFO - Initializing scheduled trading bot live runner for bot-1786781516111-78b6...
2026-08-15 17:38:04,181 - INFO - Initializing scheduled trading bot live runner for bot-1786781516111-78b6...
2026-08-15 17:50:27,112 - INFO - Initializing scheduled trading bot live runner for bot-1786781516111-78b6...
2026-08-15 17:50:27,170 - INFO - SQLite database tables verified/created.
2026-08-15 17:50:27,185 - INFO - Initializing CCXT Binance in TESTNET mode.
2026-08-15 17:54:30,582 - INFO - Initializing scheduled trading bot live runner for bot-1786781516111-78b6...
2026-08-15 17:54:30,604 - INFO - SQLite database tables verified/created.
2026-08-15 17:54:30,691 - INFO - Initializing CCXT Binance in TESTNET mode.
2026-08-15 19:37:51,742 - INFO - Initializing scheduled trading bot live runner for bot-1786781516111-78b6...
2026-08-15 19:37:51,789 - INFO - SQLite database tables verified/created.
2026-08-15 19:37:51,807 - INFO - Initializing CCXT Binance in TESTNET mode.
2026-08-15 20:09:25,816 - INFO - Initializing scheduled trading bot live runner for bot-1786781516111-78b6...
2026-08-15 20:21:55,325 - INFO - BotWatchdog thread started.
2026-08-15 20:21:55,326 - INFO - BotWatchdog singleton background thread started.
2026-08-15 20:21:55,399 - INFO - Initializing scheduled trading bot live runner for bot-1786781516111-78b6...
2026-08-15 20:21:55,415 - INFO - SQLite database tables verified/created.
2026-08-15 20:21:55,432 - INFO - Initializing CCXT Binance in TESTNET mode.
2026-08-15 20:22:56,547 - INFO - Initializing scheduled trading bot live runner for bot-1786781516111-78b6...
2026-08-15 20:25:04,199 - INFO - Initializing scheduled trading bot live runner for bot-1786781516111-78b6...
2026-08-15 20:53:54,126 - INFO - BotWatchdog thread started.
2026-08-15 20:53:54,127 - INFO - BotWatchdog singleton background thread started.
2026-08-15 20:53:55,762 - INFO - Initializing scheduled trading bot live runner for bot-1786781516111-78b6...
2026-08-15 20:53:56,550 - INFO - SQLite database tables verified/created.
2026-08-15 20:53:56,660 - INFO - Initializing CCXT Binance in TESTNET mode.
2026-08-15 20:54:00,638 - INFO - Initializing CCXT Binance in MAINNET mode (Public endpoints).
2026-08-15 20:54:00,998 - INFO - Sending Telegram alert...
2026-08-15 20:54:17,096 - INFO - Telegram alert sent successfully.
2026-08-15 20:54:17,175 - INFO - [bot-1786781516111-78b6] Starting signal check cycle for BTC/USDT (15m)...
2026-08-15 20:54:17,318 - INFO - Fetching recent candles for BTC/USDT (15m) [Bot: bot-1786781516111-78b6]...
2026-08-15 20:54:20,357 - ERROR - Error fetching live OHLCV for BTC/USDT 15m: 
2026-08-15 20:54:20,398 - ERROR - System Error in runner execution cycle: 
Traceback (most recent call last):
  File "H:\algo\algo\btc-bot\src\live_runner.py", line 161, in process_cycle
    df = self.mainnet_fetcher.fetch_live_ohlcv(self.symbol, self.timeframe, limit=1000)
  File "H:\algo\algo\btc-bot\src\data_fetcher.py", line 196, in fetch_live_ohlcv
    raise e
  File "H:\algo\algo\btc-bot\src\data_fetcher.py", line 175, in fetch_live_ohlcv
    candles = self.exchange.fetch_ohlcv(
        symbol=symbol,
        timeframe=timeframe,
        limit=limit
    )
  File "C:\Users\Admin\AppData\Local\Python\pythoncore-3.14-64\Lib\site-packages\ccxt\binance.py", line 4709, in fetch_ohlcv
    self.load_markets()
    ~~~~~~~~~~~~~~~~~^^
  File "C:\Users\Admin\AppData\Local\Python\pythoncore-3.14-64\Lib\site-packages\ccxt\base\exchange.py", line 1816, in load_markets
    markets = self.fetch_markets(params)
  File "C:\Users\Admin\AppData\Local\Python\pythoncore-3.14-64\Lib\site-packages\ccxt\binance.py", line 3241, in fetch_markets
    promisesRaw.append(self.publicGetExchangeInfo(params))
                       ~~~~~~~~~~~~~~~~~~~~~~~~~~^^^^^^^^
  File "C:\Users\Admin\AppData\Local\Python\pythoncore-3.14-64\Lib\site-packages\ccxt\base\types.py", line 35, in unbound_method
    return _self.request(self.path, self.api, self.method, params, config=self.config)
           ~~~~~~~~~~~~~^^^^^^^^^^^^^^^^^^^^^^^^^^^^^^^^^^^^^^^^^^^^^^^^^^^^^^^^^^^^^^
  File "C:\Users\Admin\AppData\Local\Python\pythoncore-3.14-64\Lib\site-packages\ccxt\binance.py", line 11819, in request
    response = self.fetch2(path, api, method, params, headers, body, config)
  File "C:\Users\Admin\AppData\Local\Python\pythoncore-3.14-64\Lib\site-packages\ccxt\base\exchange.py", line 5544, in fetch2
    raise e
  File "C:\Users\Admin\AppData\Local\Python\pythoncore-3.14-64\Lib\site-packages\ccxt\base\exchange.py", line 5525, in fetch2
    response = self.fetch(request['url'], request['method'], request['headers'], request['body'])
  File "C:\Users\Admin\AppData\Local\Python\pythoncore-3.14-64\Lib\site-packages\ccxt\base\exchange.py", line 635, in fetch
    http_response = self.on_rest_response(http_status_code, http_status_text, url, method, headers, response.text, request_headers, request_body)
                                                                                                    ^^^^^^^^^^^^^
  File "C:\Users\Admin\AppData\Local\Python\pythoncore-3.14-64\Lib\site-packages\requests\models.py", line 1075, in text
    content = str(self.content, encoding or "utf-8", errors="replace")
MemoryError
2026-08-15 20:55:05,970 - INFO - Sending Telegram alert...
2026-08-15 20:55:39,038 - INFO - Telegram alert sent successfully.
