/Users/ashishparadkar/Downloads/algo-code-main/.venv/lib/python3.9/site-packages/urllib3/__init__.py:35: NotOpenSSLWarning: urllib3 v2 only supports OpenSSL 1.1.1+, currently the 'ssl' module is compiled with 'LibreSSL 2.8.3'. See: https://github.com/urllib3/urllib3/issues/3020
  warnings.warn(
/Users/ashishparadkar/Downloads/algo-code-main/.venv/lib/python3.9/site-packages/urllib3/__init__.py:35: NotOpenSSLWarning: urllib3 v2 only supports OpenSSL 1.1.1+, currently the 'ssl' module is compiled with 'LibreSSL 2.8.3'. See: https://github.com/urllib3/urllib3/issues/3020
  warnings.warn(
2026-08-20 22:17:26,940 - INFO - Bot state startup reconciliation finished: 0 bot(s) reconciled to STOPPED.
2026-08-20 22:17:27,768 - INFO - Telegram notification service initialized successfully (Chat ID: 5657...)
2026-08-20 22:17:27,781 - INFO - Initializing scheduled trading bot live runner for bot-1787212200405-0ede...
2026-08-20 22:17:28,239 - INFO - SQLite database tables verified/created.
2026-08-20 22:17:28,715 - INFO - Initializing CCXT Binance in TESTNET mode.
2026-08-20 22:18:05,155 - INFO - [bot-1787212200405-0ede] Pre-flight instrument resolved: NIFTY (INDEX via zerodha)
2026-08-20 22:18:05,473 - INFO - [bot-1787212200405-0ede] Starting signal check cycle for NIFTY (15m)...
2026-08-20 22:18:05,485 - INFO - Fetching recent candles for NIFTY (15m) [Bot: bot-1787212200405-0ede] via ProviderManager...
2026-08-20 22:18:05,485 - ERROR - System Error in runner execution cycle: PROVIDER_CAPABILITY_MISMATCH: Adapter Binance Spot API does not support INDEX instrument NIFTY.
Traceback (most recent call last):
  File "/Users/ashishparadkar/Downloads/algo-code-main/src/live_runner.py", line 199, in process_cycle
    df, _ = self.provider_manager.fetch_ohlcv_safe(self.symbol, self.timeframe, limit=1000)
  File "/Users/ashishparadkar/Downloads/algo-code-main/src/provider_manager.py", line 341, in fetch_ohlcv_safe
    raise ccxt.NotSupported(
ccxt.base.errors.NotSupported: PROVIDER_CAPABILITY_MISMATCH: Adapter Binance Spot API does not support INDEX instrument NIFTY.
2026-08-20 22:18:06,222 - WARNING - [bot-1787212200405-0ede] Marked bot as non-retryable configuration error to prevent infinite error storm.
2026-08-20 22:18:07,924 - INFO - Logged heartbeat status: ERROR
2026-08-20 22:18:07,966 - INFO - Adding job tentatively -- it will be properly scheduled when the scheduler starts
2026-08-20 22:18:07,966 - INFO - Bot bot-1787212200405-0ede scheduled to check every 15 minutes.
2026-08-20 22:18:07,970 - INFO - Added job "LiveRunner.process_cycle" to job store "default"
2026-08-20 22:18:07,971 - INFO - Scheduler started
2026-08-20 22:33:08,138 - INFO - Running job "LiveRunner.process_cycle (trigger: interval[0:15:00], next run at: 2026-08-20 22:48:07 IST)" (scheduled at 2026-08-20 22:33:07.964796+05:30)
2026-08-20 22:33:08,170 - ERROR - [bot-1787212200405-0ede] Halting runner cycle: Bot is configured with unexecutable instrument 'NIFTY'. Error: Fatal Non-Retryable Error: PROVIDER_CAPABILITY_MISMATCH: Adapter Binance Spot API does not support INDEX instrument NIFTY.
2026-08-20 22:33:08,357 - INFO - Job "LiveRunner.process_cycle (trigger: interval[0:15:00], next run at: 2026-08-20 22:48:07 IST)" executed successfully
2026-08-20 22:48:08,066 - INFO - Running job "LiveRunner.process_cycle (trigger: interval[0:15:00], next run at: 2026-08-20 23:03:07 IST)" (scheduled at 2026-08-20 22:48:07.964796+05:30)
2026-08-20 22:48:08,070 - ERROR - [bot-1787212200405-0ede] Halting runner cycle: Bot is configured with unexecutable instrument 'NIFTY'. Error: Fatal Non-Retryable Error: PROVIDER_CAPABILITY_MISMATCH: Adapter Binance Spot API does not support INDEX instrument NIFTY.
2026-08-20 22:48:08,260 - INFO - Job "LiveRunner.process_cycle (trigger: interval[0:15:00], next run at: 2026-08-20 23:03:07 IST)" executed successfully
/Users/ashishparadkar/Downloads/algo-code-main/.venv/lib/python3.9/site-packages/urllib3/__init__.py:35: NotOpenSSLWarning: urllib3 v2 only supports OpenSSL 1.1.1+, currently the 'ssl' module is compiled with 'LibreSSL 2.8.3'. See: https://github.com/urllib3/urllib3/issues/3020
  warnings.warn(
2026-08-21 06:21:02,633 - INFO - Bot state startup reconciliation finished: 0 bot(s) reconciled to STOPPED.
2026-08-21 06:21:03,338 - INFO - Telegram notification service initialized successfully (Chat ID: 5657...)
2026-08-21 06:21:03,411 - INFO - Initializing scheduled trading bot live runner for bot-1787212200405-0ede...
2026-08-21 06:21:03,438 - INFO - SQLite database tables verified/created.
2026-08-21 06:21:04,632 - INFO - Initializing CCXT Binance in TESTNET mode.
2026-08-21 06:21:28,891 - INFO - [bot-1787212200405-0ede] Pre-flight instrument resolved: NIFTY (INDEX via zerodha)
2026-08-21 06:21:29,231 - INFO - [bot-1787212200405-0ede] Starting signal check cycle for NIFTY (15m)...
2026-08-21 06:21:29,251 - INFO - Fetching recent candles for NIFTY (15m) [Bot: bot-1787212200405-0ede] via ProviderManager...
2026-08-21 06:21:29,254 - ERROR - System Error in runner execution cycle: PROVIDER_CAPABILITY_MISMATCH: Adapter Binance Spot API does not support INDEX instrument NIFTY.
Traceback (most recent call last):
  File "/Users/ashishparadkar/Downloads/algo-code-main/src/live_runner.py", line 199, in process_cycle
    df, _ = self.provider_manager.fetch_ohlcv_safe(self.symbol, self.timeframe, limit=1000)
  File "/Users/ashishparadkar/Downloads/algo-code-main/src/provider_manager.py", line 341, in fetch_ohlcv_safe
    raise ccxt.NotSupported(
ccxt.base.errors.NotSupported: PROVIDER_CAPABILITY_MISMATCH: Adapter Binance Spot API does not support INDEX instrument NIFTY.
2026-08-21 06:21:30,221 - WARNING - [bot-1787212200405-0ede] Marked bot as non-retryable configuration error to prevent infinite error storm.
2026-08-21 06:21:31,125 - INFO - Logged heartbeat status: ERROR
2026-08-21 06:21:31,139 - INFO - Adding job tentatively -- it will be properly scheduled when the scheduler starts
2026-08-21 06:21:31,139 - INFO - Bot bot-1787212200405-0ede scheduled to check every 15 minutes.
2026-08-21 06:21:31,141 - INFO - Added job "LiveRunner.process_cycle" to job store "default"
2026-08-21 06:21:31,142 - INFO - Scheduler started
2026-08-21 06:36:31,477 - INFO - Running job "LiveRunner.process_cycle (trigger: interval[0:15:00], next run at: 2026-08-21 06:51:31 IST)" (scheduled at 2026-08-21 06:36:31.139029+05:30)
2026-08-21 06:36:31,524 - ERROR - [bot-1787212200405-0ede] Halting runner cycle: Bot is configured with unexecutable instrument 'NIFTY'. Error: Fatal Non-Retryable Error: PROVIDER_CAPABILITY_MISMATCH: Adapter Binance Spot API does not support INDEX instrument NIFTY.
2026-08-21 06:36:31,842 - INFO - Job "LiveRunner.process_cycle (trigger: interval[0:15:00], next run at: 2026-08-21 06:51:31 IST)" executed successfully
2026-08-21 06:51:31,201 - INFO - Running job "LiveRunner.process_cycle (trigger: interval[0:15:00], next run at: 2026-08-21 07:06:31 IST)" (scheduled at 2026-08-21 06:51:31.139029+05:30)
2026-08-21 06:51:31,211 - ERROR - [bot-1787212200405-0ede] Halting runner cycle: Bot is configured with unexecutable instrument 'NIFTY'. Error: Fatal Non-Retryable Error: PROVIDER_CAPABILITY_MISMATCH: Adapter Binance Spot API does not support INDEX instrument NIFTY.
2026-08-21 06:51:31,390 - INFO - Job "LiveRunner.process_cycle (trigger: interval[0:15:00], next run at: 2026-08-21 07:06:31 IST)" executed successfully
/Users/ashishparadkar/Downloads/algo-code-main/.venv/lib/python3.9/site-packages/urllib3/__init__.py:35: NotOpenSSLWarning: urllib3 v2 only supports OpenSSL 1.1.1+, currently the 'ssl' module is compiled with 'LibreSSL 2.8.3'. See: https://github.com/urllib3/urllib3/issues/3020
  warnings.warn(
2026-08-21 12:13:37,035 - INFO - Bot state startup reconciliation finished: 0 bot(s) reconciled to STOPPED.
2026-08-21 12:13:37,566 - INFO - Telegram notification service initialized successfully (Chat ID: 5657...)
2026-08-21 12:13:37,577 - INFO - Initializing scheduled trading bot live runner for bot-1787212200405-0ede...
2026-08-21 12:13:38,283 - INFO - SQLite database tables verified/created.
2026-08-21 12:13:38,930 - INFO - Initializing CCXT Binance in TESTNET mode.
2026-08-21 12:14:10,748 - INFO - [bot-1787212200405-0ede] Pre-flight instrument resolved: NIFTY (INDEX via zerodha)
2026-08-21 12:14:11,364 - INFO - [bot-1787212200405-0ede] Starting signal check cycle for NIFTY (15m)...
2026-08-21 12:14:11,428 - INFO - Fetching recent candles for NIFTY (15m) [Bot: bot-1787212200405-0ede] via ProviderManager...
2026-08-21 12:14:11,429 - ERROR - System Error in runner execution cycle: PROVIDER_CAPABILITY_MISMATCH: Adapter Binance Spot API does not support INDEX instrument NIFTY.
Traceback (most recent call last):
  File "/Users/ashishparadkar/Downloads/algo-code-main/src/live_runner.py", line 199, in process_cycle
    df, _ = self.provider_manager.fetch_ohlcv_safe(self.symbol, self.timeframe, limit=1000)
  File "/Users/ashishparadkar/Downloads/algo-code-main/src/provider_manager.py", line 341, in fetch_ohlcv_safe
    raise ccxt.NotSupported(
ccxt.base.errors.NotSupported: PROVIDER_CAPABILITY_MISMATCH: Adapter Binance Spot API does not support INDEX instrument NIFTY.
2026-08-21 12:14:12,532 - WARNING - [bot-1787212200405-0ede] Marked bot as non-retryable configuration error to prevent infinite error storm.
2026-08-21 12:14:14,098 - INFO - Logged heartbeat status: ERROR
2026-08-21 12:14:14,130 - INFO - Adding job tentatively -- it will be properly scheduled when the scheduler starts
2026-08-21 12:14:14,130 - INFO - Bot bot-1787212200405-0ede scheduled to check every 15 minutes.
2026-08-21 12:14:14,137 - INFO - Added job "LiveRunner.process_cycle" to job store "default"
2026-08-21 12:14:14,137 - INFO - Scheduler started
2026-08-21 12:29:14,330 - INFO - Running job "LiveRunner.process_cycle (trigger: interval[0:15:00], next run at: 2026-08-21 12:44:14 IST)" (scheduled at 2026-08-21 12:29:14.130341+05:30)
2026-08-21 12:29:14,368 - ERROR - [bot-1787212200405-0ede] Halting runner cycle: Bot is configured with unexecutable instrument 'NIFTY'. Error: Fatal Non-Retryable Error: PROVIDER_CAPABILITY_MISMATCH: Adapter Binance Spot API does not support INDEX instrument NIFTY.
2026-08-21 12:29:14,685 - INFO - Job "LiveRunner.process_cycle (trigger: interval[0:15:00], next run at: 2026-08-21 12:44:14 IST)" executed successfully
2026-08-21 12:44:14,189 - INFO - Running job "LiveRunner.process_cycle (trigger: interval[0:15:00], next run at: 2026-08-21 12:59:14 IST)" (scheduled at 2026-08-21 12:44:14.130341+05:30)
2026-08-21 12:44:14,192 - ERROR - [bot-1787212200405-0ede] Halting runner cycle: Bot is configured with unexecutable instrument 'NIFTY'. Error: Fatal Non-Retryable Error: PROVIDER_CAPABILITY_MISMATCH: Adapter Binance Spot API does not support INDEX instrument NIFTY.
2026-08-21 12:44:14,392 - INFO - Job "LiveRunner.process_cycle (trigger: interval[0:15:00], next run at: 2026-08-21 12:59:14 IST)" executed successfully
2026-08-21 12:59:14,221 - INFO - Running job "LiveRunner.process_cycle (trigger: interval[0:15:00], next run at: 2026-08-21 13:14:14 IST)" (scheduled at 2026-08-21 12:59:14.130341+05:30)
2026-08-21 12:59:14,230 - ERROR - [bot-1787212200405-0ede] Halting runner cycle: Bot is configured with unexecutable instrument 'NIFTY'. Error: Fatal Non-Retryable Error: PROVIDER_CAPABILITY_MISMATCH: Adapter Binance Spot API does not support INDEX instrument NIFTY.
2026-08-21 12:59:14,454 - INFO - Job "LiveRunner.process_cycle (trigger: interval[0:15:00], next run at: 2026-08-21 13:14:14 IST)" executed successfully
2026-08-21 13:14:14,204 - INFO - Running job "LiveRunner.process_cycle (trigger: interval[0:15:00], next run at: 2026-08-21 13:29:14 IST)" (scheduled at 2026-08-21 13:14:14.130341+05:30)
2026-08-21 13:14:14,214 - ERROR - [bot-1787212200405-0ede] Halting runner cycle: Bot is configured with unexecutable instrument 'NIFTY'. Error: Fatal Non-Retryable Error: PROVIDER_CAPABILITY_MISMATCH: Adapter Binance Spot API does not support INDEX instrument NIFTY.
2026-08-21 13:14:14,395 - INFO - Job "LiveRunner.process_cycle (trigger: interval[0:15:00], next run at: 2026-08-21 13:29:14 IST)" executed successfully
2026-08-21 13:29:14,219 - INFO - Running job "LiveRunner.process_cycle (trigger: interval[0:15:00], next run at: 2026-08-21 13:44:14 IST)" (scheduled at 2026-08-21 13:29:14.130341+05:30)
2026-08-21 13:29:14,237 - ERROR - [bot-1787212200405-0ede] Halting runner cycle: Bot is configured with unexecutable instrument 'NIFTY'. Error: Fatal Non-Retryable Error: PROVIDER_CAPABILITY_MISMATCH: Adapter Binance Spot API does not support INDEX instrument NIFTY.
2026-08-21 13:29:14,388 - INFO - Job "LiveRunner.process_cycle (trigger: interval[0:15:00], next run at: 2026-08-21 13:44:14 IST)" executed successfully
/Users/ashishparadkar/Downloads/algo-code-main/.venv/lib/python3.9/site-packages/urllib3/__init__.py:35: NotOpenSSLWarning: urllib3 v2 only supports OpenSSL 1.1.1+, currently the 'ssl' module is compiled with 'LibreSSL 2.8.3'. See: https://github.com/urllib3/urllib3/issues/3020
  warnings.warn(
2026-08-21 14:50:56,049 - INFO - Bot state startup reconciliation finished: 0 bot(s) reconciled to STOPPED.
2026-08-21 14:50:56,549 - INFO - Telegram notification service initialized successfully (Chat ID: 5657...)
2026-08-21 14:50:56,569 - INFO - Initializing scheduled trading bot live runner for bot-1787212200405-0ede...
2026-08-21 14:50:56,614 - INFO - SQLite database tables verified/created.
2026-08-21 14:50:57,365 - INFO - Initializing CCXT Binance in TESTNET mode.
2026-08-21 14:51:25,543 - INFO - [bot-1787212200405-0ede] Pre-flight instrument resolved: NIFTY (INDEX via zerodha)
2026-08-21 14:51:26,751 - INFO - [bot-1787212200405-0ede] Starting signal check cycle for NIFTY (15m)...
2026-08-21 14:51:26,809 - INFO - Fetching recent candles for NIFTY (15m) [Bot: bot-1787212200405-0ede] via ProviderManager...
2026-08-21 14:51:26,809 - ERROR - System Error in runner execution cycle: PROVIDER_CAPABILITY_MISMATCH: Adapter Binance Spot API does not support INDEX instrument NIFTY.
Traceback (most recent call last):
  File "/Users/ashishparadkar/Downloads/algo-code-main/src/live_runner.py", line 199, in process_cycle
    df, _ = self.provider_manager.fetch_ohlcv_safe(self.symbol, self.timeframe, limit=1000)
  File "/Users/ashishparadkar/Downloads/algo-code-main/src/provider_manager.py", line 341, in fetch_ohlcv_safe
    raise ccxt.NotSupported(
ccxt.base.errors.NotSupported: PROVIDER_CAPABILITY_MISMATCH: Adapter Binance Spot API does not support INDEX instrument NIFTY.
2026-08-21 14:51:27,894 - WARNING - [bot-1787212200405-0ede] Marked bot as non-retryable configuration error to prevent infinite error storm.
2026-08-21 14:51:29,411 - INFO - Logged heartbeat status: ERROR
2026-08-21 14:51:29,762 - INFO - Adding job tentatively -- it will be properly scheduled when the scheduler starts
2026-08-21 14:51:29,762 - INFO - Bot bot-1787212200405-0ede scheduled to check every 15 minutes.
2026-08-21 14:51:29,775 - INFO - Added job "LiveRunner.process_cycle" to job store "default"
2026-08-21 14:51:29,776 - INFO - Scheduler started
/Users/ashishparadkar/Downloads/algo-code-main/.venv/lib/python3.9/site-packages/urllib3/__init__.py:35: NotOpenSSLWarning: urllib3 v2 only supports OpenSSL 1.1.1+, currently the 'ssl' module is compiled with 'LibreSSL 2.8.3'. See: https://github.com/urllib3/urllib3/issues/3020
  warnings.warn(
2026-08-21 15:30:20,904 - INFO - Bot state startup reconciliation finished: 0 bot(s) reconciled to STOPPED.
2026-08-21 15:30:21,513 - INFO - Telegram notification service initialized successfully (Chat ID: 5657...)
2026-08-21 15:30:21,521 - INFO - Initializing scheduled trading bot live runner for bot-1787212200405-0ede...
2026-08-21 15:30:21,562 - INFO - SQLite database tables verified/created.
2026-08-21 15:30:22,287 - INFO - Initializing CCXT Binance in TESTNET mode.
2026-08-21 15:30:42,254 - INFO - [bot-1787212200405-0ede] Pre-flight instrument resolved: NIFTY (INDEX via zerodha)
2026-08-21 15:30:42,619 - INFO - [bot-1787212200405-0ede] Starting signal check cycle for NIFTY (15m)...
2026-08-21 15:30:42,631 - INFO - Fetching recent candles for NIFTY (15m) [Bot: bot-1787212200405-0ede] via ProviderManager...
2026-08-21 15:30:42,631 - ERROR - System Error in runner execution cycle: PROVIDER_CAPABILITY_MISMATCH: Adapter Binance Spot API does not support INDEX instrument NIFTY.
Traceback (most recent call last):
  File "/Users/ashishparadkar/Downloads/algo-code-main/src/live_runner.py", line 199, in process_cycle
    df, _ = self.provider_manager.fetch_ohlcv_safe(self.symbol, self.timeframe, limit=1000)
  File "/Users/ashishparadkar/Downloads/algo-code-main/src/provider_manager.py", line 341, in fetch_ohlcv_safe
    raise ccxt.NotSupported(
ccxt.base.errors.NotSupported: PROVIDER_CAPABILITY_MISMATCH: Adapter Binance Spot API does not support INDEX instrument NIFTY.
2026-08-21 15:30:43,314 - WARNING - [bot-1787212200405-0ede] Marked bot as non-retryable configuration error to prevent infinite error storm.
2026-08-21 15:30:45,388 - INFO - Logged heartbeat status: ERROR
2026-08-21 15:30:45,582 - INFO - Adding job tentatively -- it will be properly scheduled when the scheduler starts
2026-08-21 15:30:45,582 - INFO - Bot bot-1787212200405-0ede scheduled to check every 15 minutes.
2026-08-21 15:30:45,599 - INFO - Added job "LiveRunner.process_cycle" to job store "default"
2026-08-21 15:30:45,599 - INFO - Scheduler started
/Users/ashishparadkar/Downloads/algo-code-main/.venv/lib/python3.9/site-packages/urllib3/__init__.py:35: NotOpenSSLWarning: urllib3 v2 only supports OpenSSL 1.1.1+, currently the 'ssl' module is compiled with 'LibreSSL 2.8.3'. See: https://github.com/urllib3/urllib3/issues/3020
  warnings.warn(
2026-08-21 18:13:32,906 - INFO - Bot state startup reconciliation finished: 0 bot(s) reconciled to STOPPED.
2026-08-21 18:13:33,706 - INFO - Telegram notification service initialized successfully (Chat ID: 5657...)
2026-08-21 18:13:33,729 - INFO - Initializing scheduled trading bot live runner for bot-1787212200405-0ede...
2026-08-21 18:13:34,100 - INFO - SQLite database tables verified/created.
2026-08-21 18:13:34,724 - INFO - Initializing CCXT Binance in TESTNET mode.
2026-08-21 18:14:00,863 - INFO - [bot-1787212200405-0ede] Pre-flight instrument resolved: NIFTY (INDEX via zerodha)
2026-08-21 18:14:01,945 - INFO - [bot-1787212200405-0ede] Starting signal check cycle for NIFTY (15m)...
2026-08-21 18:14:02,521 - INFO - Fetching recent candles for NIFTY (15m) [Bot: bot-1787212200405-0ede] via ProviderManager...
2026-08-21 18:14:02,526 - ERROR - System Error in runner execution cycle: PROVIDER_CAPABILITY_MISMATCH: Adapter Binance Spot API does not support INDEX instrument NIFTY.
Traceback (most recent call last):
  File "/Users/ashishparadkar/Downloads/algo-code-main/src/live_runner.py", line 199, in process_cycle
    df, _ = self.provider_manager.fetch_ohlcv_safe(self.symbol, self.timeframe, limit=1000)
  File "/Users/ashishparadkar/Downloads/algo-code-main/src/provider_manager.py", line 341, in fetch_ohlcv_safe
    raise ccxt.NotSupported(
ccxt.base.errors.NotSupported: PROVIDER_CAPABILITY_MISMATCH: Adapter Binance Spot API does not support INDEX instrument NIFTY.
2026-08-21 18:14:03,377 - WARNING - [bot-1787212200405-0ede] Marked bot as non-retryable configuration error to prevent infinite error storm.
2026-08-21 18:14:03,928 - INFO - Logged heartbeat status: ERROR
2026-08-21 18:14:03,954 - INFO - Adding job tentatively -- it will be properly scheduled when the scheduler starts
2026-08-21 18:14:03,954 - INFO - Bot bot-1787212200405-0ede scheduled to check every 15 minutes.
2026-08-21 18:14:04,556 - INFO - Added job "LiveRunner.process_cycle" to job store "default"
2026-08-21 18:14:04,561 - INFO - Scheduler started
/Users/ashishparadkar/Downloads/algo-code-main/.venv/lib/python3.9/site-packages/urllib3/__init__.py:35: NotOpenSSLWarning: urllib3 v2 only supports OpenSSL 1.1.1+, currently the 'ssl' module is compiled with 'LibreSSL 2.8.3'. See: https://github.com/urllib3/urllib3/issues/3020
  warnings.warn(
2026-08-21 20:27:05,268 - INFO - Bot state startup reconciliation finished: 0 bot(s) reconciled to STOPPED.
2026-08-21 20:27:05,876 - INFO - Telegram notification service initialized successfully (Chat ID: 5657...)
2026-08-21 20:27:05,888 - INFO - Initializing scheduled trading bot live runner for bot-1787212200405-0ede...
2026-08-21 20:27:06,294 - INFO - SQLite database tables verified/created.
2026-08-21 20:27:06,932 - INFO - Initializing CCXT Binance in TESTNET mode.
2026-08-21 20:27:35,261 - INFO - [bot-1787212200405-0ede] Pre-flight instrument resolved: NIFTY (INDEX via zerodha)
2026-08-21 20:27:35,330 - INFO - [bot-1787212200405-0ede] Starting signal check cycle for NIFTY (15m)...
2026-08-21 20:27:36,271 - INFO - Fetching recent candles for NIFTY (15m) [Bot: bot-1787212200405-0ede] via ProviderManager...
2026-08-21 20:27:36,271 - ERROR - System Error in runner execution cycle: PROVIDER_CAPABILITY_MISMATCH: Adapter Binance Spot API does not support INDEX instrument NIFTY.
Traceback (most recent call last):
  File "/Users/ashishparadkar/Downloads/algo-code-main/src/live_runner.py", line 199, in process_cycle
    df, _ = self.provider_manager.fetch_ohlcv_safe(self.symbol, self.timeframe, limit=1000)
  File "/Users/ashishparadkar/Downloads/algo-code-main/src/provider_manager.py", line 341, in fetch_ohlcv_safe
    raise ccxt.NotSupported(
ccxt.base.errors.NotSupported: PROVIDER_CAPABILITY_MISMATCH: Adapter Binance Spot API does not support INDEX instrument NIFTY.
2026-08-21 20:27:38,386 - WARNING - [bot-1787212200405-0ede] Marked bot as non-retryable configuration error to prevent infinite error storm.
2026-08-21 20:27:39,777 - INFO - Logged heartbeat status: ERROR
2026-08-21 20:27:40,207 - INFO - Adding job tentatively -- it will be properly scheduled when the scheduler starts
2026-08-21 20:27:40,207 - INFO - Bot bot-1787212200405-0ede scheduled to check every 15 minutes.
2026-08-21 20:27:40,413 - INFO - Added job "LiveRunner.process_cycle" to job store "default"
2026-08-21 20:27:40,414 - INFO - Scheduler started
/Users/ashishparadkar/Downloads/algo-code-main/.venv/lib/python3.9/site-packages/urllib3/__init__.py:35: NotOpenSSLWarning: urllib3 v2 only supports OpenSSL 1.1.1+, currently the 'ssl' module is compiled with 'LibreSSL 2.8.3'. See: https://github.com/urllib3/urllib3/issues/3020
  warnings.warn(
2026-08-21 21:32:50,826 - INFO - Bot state startup reconciliation finished: 0 bot(s) reconciled to STOPPED.
2026-08-21 21:32:51,798 - INFO - Telegram notification service initialized successfully (Chat ID: 5657...)
2026-08-21 21:32:52,296 - INFO - Initializing scheduled trading bot live runner for bot-1787212200405-0ede...
2026-08-21 21:32:52,385 - INFO - SQLite database tables verified/created.
2026-08-21 21:32:53,870 - INFO - Initializing CCXT Binance in TESTNET mode.
2026-08-21 21:33:40,214 - INFO - [bot-1787212200405-0ede] Pre-flight instrument resolved: NIFTY (INDEX via zerodha)
2026-08-21 21:33:42,248 - INFO - [bot-1787212200405-0ede] Starting signal check cycle for NIFTY (15m)...
2026-08-21 21:33:42,265 - INFO - Fetching recent candles for NIFTY (15m) [Bot: bot-1787212200405-0ede] via ProviderManager...
2026-08-21 21:33:42,266 - ERROR - System Error in runner execution cycle: PROVIDER_CAPABILITY_MISMATCH: Adapter Binance Spot API does not support INDEX instrument NIFTY.
Traceback (most recent call last):
  File "/Users/ashishparadkar/Downloads/algo-code-main/src/live_runner.py", line 199, in process_cycle
    df, _ = self.provider_manager.fetch_ohlcv_safe(self.symbol, self.timeframe, limit=1000)
  File "/Users/ashishparadkar/Downloads/algo-code-main/src/provider_manager.py", line 341, in fetch_ohlcv_safe
    raise ccxt.NotSupported(
ccxt.base.errors.NotSupported: PROVIDER_CAPABILITY_MISMATCH: Adapter Binance Spot API does not support INDEX instrument NIFTY.
2026-08-21 21:33:43,217 - WARNING - [bot-1787212200405-0ede] Marked bot as non-retryable configuration error to prevent infinite error storm.
2026-08-21 21:33:45,058 - INFO - Logged heartbeat status: ERROR
2026-08-21 21:33:45,093 - INFO - Adding job tentatively -- it will be properly scheduled when the scheduler starts
2026-08-21 21:33:45,094 - INFO - Bot bot-1787212200405-0ede scheduled to check every 15 minutes.
2026-08-21 21:33:45,096 - INFO - Added job "LiveRunner.process_cycle" to job store "default"
2026-08-21 21:33:45,096 - INFO - Scheduler started
2026-08-21 21:48:51,843 - WARNING - Run time of job "LiveRunner.process_cycle (trigger: interval[0:15:00], next run at: 2026-08-21 22:03:45 IST)" was missed by 0:00:06.084132
2026-08-21 22:03:46,300 - WARNING - Run time of job "LiveRunner.process_cycle (trigger: interval[0:15:00], next run at: 2026-08-21 22:18:45 IST)" was missed by 0:00:01.086104
2026-08-21 22:18:45,155 - INFO - Running job "LiveRunner.process_cycle (trigger: interval[0:15:00], next run at: 2026-08-21 22:33:45 IST)" (scheduled at 2026-08-21 22:18:45.093546+05:30)
2026-08-21 22:18:45,216 - ERROR - [bot-1787212200405-0ede] Halting runner cycle: Bot is configured with unexecutable instrument 'NIFTY'. Error: Fatal Non-Retryable Error: PROVIDER_CAPABILITY_MISMATCH: Adapter Binance Spot API does not support INDEX instrument NIFTY.
2026-08-21 22:18:45,849 - INFO - Job "LiveRunner.process_cycle (trigger: interval[0:15:00], next run at: 2026-08-21 22:33:45 IST)" executed successfully
2026-08-21 22:33:45,158 - INFO - Running job "LiveRunner.process_cycle (trigger: interval[0:15:00], next run at: 2026-08-21 22:48:45 IST)" (scheduled at 2026-08-21 22:33:45.093546+05:30)
2026-08-21 22:33:45,178 - ERROR - [bot-1787212200405-0ede] Halting runner cycle: Bot is configured with unexecutable instrument 'NIFTY'. Error: Fatal Non-Retryable Error: PROVIDER_CAPABILITY_MISMATCH: Adapter Binance Spot API does not support INDEX instrument NIFTY.
2026-08-21 22:33:45,675 - INFO - Job "LiveRunner.process_cycle (trigger: interval[0:15:00], next run at: 2026-08-21 22:48:45 IST)" executed successfully
/Users/ashishparadkar/Downloads/algo-code-main/.venv/lib/python3.9/site-packages/urllib3/__init__.py:35: NotOpenSSLWarning: urllib3 v2 only supports OpenSSL 1.1.1+, currently the 'ssl' module is compiled with 'LibreSSL 2.8.3'. See: https://github.com/urllib3/urllib3/issues/3020
  warnings.warn(
2026-08-21 22:44:50,566 - INFO - Bot state startup reconciliation finished: 0 bot(s) reconciled to STOPPED.
2026-08-21 22:44:51,926 - INFO - Telegram notification service initialized successfully (Chat ID: 5657...)
2026-08-21 22:44:52,191 - INFO - Initializing scheduled trading bot live runner for bot-1787212200405-0ede...
2026-08-21 22:44:52,243 - INFO - SQLite database tables verified/created.
2026-08-21 22:44:53,070 - INFO - Initializing CCXT Binance in TESTNET mode.
2026-08-21 22:45:30,740 - INFO - [bot-1787212200405-0ede] Pre-flight instrument resolved: NIFTY (INDEX via zerodha)
2026-08-21 22:45:30,784 - INFO - [bot-1787212200405-0ede] Starting signal check cycle for NIFTY (15m)...
2026-08-21 22:45:30,795 - INFO - Fetching recent candles for NIFTY (15m) [Bot: bot-1787212200405-0ede] via ProviderManager...
2026-08-21 22:45:30,796 - ERROR - System Error in runner execution cycle: PROVIDER_CAPABILITY_MISMATCH: Adapter Binance Spot API does not support INDEX instrument NIFTY.
Traceback (most recent call last):
  File "/Users/ashishparadkar/Downloads/algo-code-main/src/live_runner.py", line 199, in process_cycle
    df, _ = self.provider_manager.fetch_ohlcv_safe(self.symbol, self.timeframe, limit=1000)
  File "/Users/ashishparadkar/Downloads/algo-code-main/src/provider_manager.py", line 341, in fetch_ohlcv_safe
    raise ccxt.NotSupported(
ccxt.base.errors.NotSupported: PROVIDER_CAPABILITY_MISMATCH: Adapter Binance Spot API does not support INDEX instrument NIFTY.
2026-08-21 22:45:33,479 - WARNING - [bot-1787212200405-0ede] Marked bot as non-retryable configuration error to prevent infinite error storm.
2026-08-21 22:45:35,602 - INFO - Logged heartbeat status: ERROR
2026-08-21 22:45:35,629 - INFO - Adding job tentatively -- it will be properly scheduled when the scheduler starts
2026-08-21 22:45:35,629 - INFO - Bot bot-1787212200405-0ede scheduled to check every 15 minutes.
2026-08-21 22:45:35,631 - INFO - Added job "LiveRunner.process_cycle" to job store "default"
2026-08-21 22:45:35,632 - INFO - Scheduler started
