/Users/ashishparadkar/Downloads/algo-code-main/.venv/lib/python3.9/site-packages/urllib3/__init__.py:35: NotOpenSSLWarning: urllib3 v2 only supports OpenSSL 1.1.1+, currently the 'ssl' module is compiled with 'LibreSSL 2.8.3'. See: https://github.com/urllib3/urllib3/issues/3020
  warnings.warn(
/Users/ashishparadkar/Downloads/algo-code-main/.venv/lib/python3.9/site-packages/urllib3/__init__.py:35: NotOpenSSLWarning: urllib3 v2 only supports OpenSSL 1.1.1+, currently the 'ssl' module is compiled with 'LibreSSL 2.8.3'. See: https://github.com/urllib3/urllib3/issues/3020
  warnings.warn(
2026-08-21 20:32:32,661 - INFO - Bot state startup reconciliation finished: 0 bot(s) reconciled to STOPPED.
2026-08-21 20:32:40,588 - INFO - Telegram notification service initialized successfully (Chat ID: 5657...)
2026-08-21 20:32:43,907 - INFO - Initializing scheduled trading bot live runner for bot-1787306627350-0fd5...
2026-08-21 20:32:48,605 - INFO - SQLite database tables verified/created.
2026-08-21 20:32:52,528 - INFO - Initializing CCXT Binance in TESTNET mode.
/Users/ashishparadkar/Downloads/algo-code-main/.venv/lib/python3.9/site-packages/urllib3/__init__.py:35: NotOpenSSLWarning: urllib3 v2 only supports OpenSSL 1.1.1+, currently the 'ssl' module is compiled with 'LibreSSL 2.8.3'. See: https://github.com/urllib3/urllib3/issues/3020
  warnings.warn(
2026-08-21 21:38:54,821 - INFO - Bot state startup reconciliation finished: 0 bot(s) reconciled to STOPPED.
2026-08-21 21:39:00,337 - INFO - Telegram notification service initialized successfully (Chat ID: 5657...)
2026-08-21 21:39:00,372 - INFO - Initializing scheduled trading bot live runner for bot-1787306627350-0fd5...
2026-08-21 21:39:01,454 - INFO - SQLite database tables verified/created.
2026-08-21 21:39:05,438 - INFO - Initializing CCXT Binance in TESTNET mode.
2026-08-21 21:43:17,710 - INFO - [bot-1787306627350-0fd5] Pre-flight instrument resolved: BTC/USDT (SPOT via binance_spot)
2026-08-21 21:43:31,169 - INFO - [bot-1787306627350-0fd5] Starting signal check cycle for BTC/USDT (5m)...
2026-08-21 21:43:33,852 - INFO - Fetching recent candles for BTC/USDT (5m) [Bot: bot-1787306627350-0fd5] via ProviderManager...
2026-08-21 22:03:15,897 - INFO - Indicators computed | close=77326.28 ema_9=77237.28 ema_20=77265.24 ema_50=77235.46 ema_200=76105.78 macd=-14.6248 poc=69350.0 val=64025.0 vah=74450.0
2026-08-21 22:03:16,118 - INFO - [bot-1787306627350-0fd5] Evaluating strategy on completed candle: 2026-08-21 16:25:00+00:00 at Close price: 77383.87
2026-08-21 22:03:17,133 - INFO - Confluence Evaluation | Regime: TRENDING (ADX=39.1) | Direction: HOLD | BullScore: 32.6% | BearScore: 67.4% | Active: ['ema', 'macd', 'rsi', 'vp']
2026-08-21 22:03:17,605 - INFO - Signal evaluated: HOLD. Reason/Details: Confluence score: 67% (HOLD)
2026-08-21 22:03:18,060 - INFO - Logged heartbeat status: OK
2026-08-21 22:03:19,980 - INFO - Adding job tentatively -- it will be properly scheduled when the scheduler starts
2026-08-21 22:03:19,981 - INFO - Bot bot-1787306627350-0fd5 scheduled to check every 5 minutes.
2026-08-21 22:03:20,484 - INFO - Added job "LiveRunner.process_cycle" to job store "default"
2026-08-21 22:03:20,485 - INFO - Scheduler started
2026-08-21 22:08:19,725 - INFO - Running job "LiveRunner.process_cycle (trigger: interval[0:05:00], next run at: 2026-08-21 22:08:19 IST)" (scheduled at 2026-08-21 22:08:19.677827+05:30)
2026-08-21 22:08:19,753 - INFO - [bot-1787306627350-0fd5] Starting signal check cycle for BTC/USDT (5m)...
2026-08-21 22:08:19,816 - INFO - Fetching recent candles for BTC/USDT (5m) [Bot: bot-1787306627350-0fd5] via ProviderManager...
2026-08-21 22:08:21,377 - INFO - Indicators computed | close=77280.99 ema_9=77247.92 ema_20=77267.76 ema_50=77237.69 ema_200=76117.59 macd=-10.3027 poc=69350.0 val=64025.0 vah=74475.0
2026-08-21 22:08:21,383 - INFO - [bot-1787306627350-0fd5] Evaluating strategy on completed candle: 2026-08-21 16:30:00+00:00 at Close price: 77338.12
2026-08-21 22:08:21,923 - INFO - Confluence Evaluation | Regime: TRENDING (ADX=39.7) | Direction: HOLD | BullScore: 32.6% | BearScore: 67.4% | Active: ['ema', 'macd', 'rsi', 'vp']
2026-08-21 22:08:22,172 - INFO - Signal evaluated: HOLD. Reason/Details: Confluence score: 67% (HOLD)
2026-08-21 22:08:22,787 - INFO - Logged heartbeat status: OK
2026-08-21 22:08:22,789 - INFO - Job "LiveRunner.process_cycle (trigger: interval[0:05:00], next run at: 2026-08-21 22:13:19 IST)" executed successfully
2026-08-21 22:13:19,823 - INFO - Running job "LiveRunner.process_cycle (trigger: interval[0:05:00], next run at: 2026-08-21 22:18:19 IST)" (scheduled at 2026-08-21 22:13:19.677827+05:30)
2026-08-21 22:13:19,887 - INFO - [bot-1787306627350-0fd5] Starting signal check cycle for BTC/USDT (5m)...
2026-08-21 22:13:19,951 - INFO - Fetching recent candles for BTC/USDT (5m) [Bot: bot-1787306627350-0fd5] via ProviderManager...
2026-08-21 22:13:21,234 - INFO - Indicators computed | close=77345.81 ema_9=77273.14 ema_20=77278.23 ema_50=77243.26 ema_200=76130.16 macd=-0.1946 poc=69350.0 val=64025.0 vah=74475.0
2026-08-21 22:13:21,236 - INFO - [bot-1787306627350-0fd5] Evaluating strategy on completed candle: 2026-08-21 16:35:00+00:00 at Close price: 77316.28
2026-08-21 22:13:21,610 - INFO - Confluence Evaluation | Regime: TRENDING (ADX=39.7) | Direction: HOLD | BullScore: 32.6% | BearScore: 67.4% | Active: ['ema', 'macd', 'rsi', 'vp']
2026-08-21 22:13:22,033 - INFO - Signal evaluated: HOLD. Reason/Details: Confluence score: 67% (HOLD)
2026-08-21 22:13:22,303 - INFO - Logged heartbeat status: OK
2026-08-21 22:13:22,304 - INFO - Job "LiveRunner.process_cycle (trigger: interval[0:05:00], next run at: 2026-08-21 22:18:19 IST)" executed successfully
2026-08-21 22:18:19,702 - INFO - Running job "LiveRunner.process_cycle (trigger: interval[0:05:00], next run at: 2026-08-21 22:23:19 IST)" (scheduled at 2026-08-21 22:18:19.677827+05:30)
2026-08-21 22:18:19,724 - INFO - [bot-1787306627350-0fd5] Starting signal check cycle for BTC/USDT (5m)...
2026-08-21 22:18:19,800 - INFO - Fetching recent candles for BTC/USDT (5m) [Bot: bot-1787306627350-0fd5] via ProviderManager...
2026-08-21 22:18:20,467 - INFO - Indicators computed | close=77466.89 ema_9=77314.49 ema_20=77297.60 ema_50=77252.64 ema_200=76143.62 macd=16.1799 poc=69350.0 val=64025.0 vah=74500.0
2026-08-21 22:18:20,470 - INFO - [bot-1787306627350-0fd5] Evaluating strategy on completed candle: 2026-08-21 16:40:00+00:00 at Close price: 77362.04
2026-08-21 22:18:20,567 - INFO - Confluence Evaluation | Regime: TRENDING (ADX=40.2) | Direction: HOLD | BullScore: 32.6% | BearScore: 34.8% | Active: ['ema', 'macd', 'rsi', 'vp']
2026-08-21 22:18:20,665 - INFO - Signal evaluated: HOLD. Reason/Details: Confluence score: 35% (HOLD)
2026-08-21 22:18:20,930 - INFO - Logged heartbeat status: OK
2026-08-21 22:18:20,932 - INFO - Job "LiveRunner.process_cycle (trigger: interval[0:05:00], next run at: 2026-08-21 22:23:19 IST)" executed successfully
2026-08-21 22:23:19,759 - INFO - Running job "LiveRunner.process_cycle (trigger: interval[0:05:00], next run at: 2026-08-21 22:28:19 IST)" (scheduled at 2026-08-21 22:23:19.677827+05:30)
2026-08-21 22:23:19,881 - INFO - [bot-1787306627350-0fd5] Starting signal check cycle for BTC/USDT (5m)...
2026-08-21 22:23:19,981 - INFO - Fetching recent candles for BTC/USDT (5m) [Bot: bot-1787306627350-0fd5] via ProviderManager...
2026-08-21 22:23:20,535 - INFO - Indicators computed | close=77472.00 ema_9=77356.12 ema_20=77319.66 ema_50=77263.63 ema_200=76157.46 macd=32.1165 poc=69350.0 val=64025.0 vah=74525.0
2026-08-21 22:23:20,536 - INFO - [bot-1787306627350-0fd5] Evaluating strategy on completed candle: 2026-08-21 16:45:00+00:00 at Close price: 77530.19
2026-08-21 22:23:20,666 - INFO - LONG signal blocked | Location blocked (Close 77530.19 outside Value Area [62744.50 - 76015.50], VAL=64025.00, VAH=74525.00) | context={'close': 77530.19, 'ema_9': 77327.14786556269, 'ema_20': 77303.62543003306, 'ema_50': 77255.12450110391, 'ema_200': 76144.25262187838, 'macd_line': 21.229475276821177, 'macd_signal': 6.32280964717363, 'macd_hist': 14.906665629647547, 'poc': np.float64(69350.0), 'val': np.float64(64025.0), 'vah': np.float64(74525.0)}
2026-08-21 22:23:20,685 - INFO - Confluence Evaluation | Regime: TRENDING (ADX=39.6) | Direction: HOLD | BullScore: 65.2% | BearScore: 34.8% | Active: ['ema', 'macd', 'rsi', 'vp']
2026-08-21 22:23:20,830 - INFO - Signal evaluated: HOLD. Reason/Details: LONG setup blocked: Location blocked (Close 77530.19 outside Value Area [62744.50 - 76015.50], VAL=64025.00, VAH=74525.00)
2026-08-21 22:23:21,220 - INFO - Logged heartbeat status: OK
2026-08-21 22:23:21,220 - INFO - Job "LiveRunner.process_cycle (trigger: interval[0:05:00], next run at: 2026-08-21 22:28:19 IST)" executed successfully
2026-08-21 22:28:19,700 - INFO - Running job "LiveRunner.process_cycle (trigger: interval[0:05:00], next run at: 2026-08-21 22:33:19 IST)" (scheduled at 2026-08-21 22:28:19.677827+05:30)
2026-08-21 22:28:19,720 - INFO - [bot-1787306627350-0fd5] Starting signal check cycle for BTC/USDT (5m)...
2026-08-21 22:28:19,776 - INFO - Fetching recent candles for BTC/USDT (5m) [Bot: bot-1787306627350-0fd5] via ProviderManager...
2026-08-21 22:28:21,005 - INFO - Indicators computed | close=77516.37 ema_9=77387.85 ema_20=77338.22 ema_50=77273.47 ema_200=76170.97 macd=43.6964 poc=69350.0 val=64025.0 vah=74550.0
2026-08-21 22:28:21,013 - INFO - [bot-1787306627350-0fd5] Evaluating strategy on completed candle: 2026-08-21 16:50:00+00:00 at Close price: 77470.00
2026-08-21 22:28:21,142 - INFO - Confluence Evaluation | Regime: TRENDING (ADX=39.0) | Direction: HOLD | BullScore: 65.2% | BearScore: 34.8% | Active: ['ema', 'macd', 'rsi', 'vp']
2026-08-21 22:28:21,266 - INFO - Signal evaluated: HOLD. Reason/Details: Confluence score: 65% (HOLD)
2026-08-21 22:28:21,506 - INFO - Logged heartbeat status: OK
2026-08-21 22:28:21,507 - INFO - Job "LiveRunner.process_cycle (trigger: interval[0:05:00], next run at: 2026-08-21 22:33:19 IST)" executed successfully
2026-08-21 22:33:19,710 - INFO - Running job "LiveRunner.process_cycle (trigger: interval[0:05:00], next run at: 2026-08-21 22:38:19 IST)" (scheduled at 2026-08-21 22:33:19.677827+05:30)
2026-08-21 22:33:19,804 - INFO - [bot-1787306627350-0fd5] Starting signal check cycle for BTC/USDT (5m)...
2026-08-21 22:33:19,840 - INFO - Fetching recent candles for BTC/USDT (5m) [Bot: bot-1787306627350-0fd5] via ProviderManager...
2026-08-21 22:33:22,175 - INFO - Indicators computed | close=77578.00 ema_9=77421.02 ema_20=77358.44 ema_50=77284.26 ema_200=76184.67 macd=55.4426 poc=69350.0 val=64025.0 vah=74550.0
2026-08-21 22:33:22,179 - INFO - [bot-1787306627350-0fd5] Evaluating strategy on completed candle: 2026-08-21 16:55:00+00:00 at Close price: 77486.01
2026-08-21 22:33:22,634 - INFO - Confluence Evaluation | Regime: TRENDING (ADX=37.1) | Direction: LONG | BullScore: 82.6% | BearScore: 17.4% | Active: ['ema', 'macd', 'rsi', 'vp']
2026-08-21 22:33:22,766 - INFO - Capping position size 0.309004 BTC to available cash equivalent 0.064528 BTC.
2026-08-21 22:33:22,910 - INFO - Created pending signal approval ID 256 for bot bot-1787306627350-0fd5 (LONG @ $77486.01, status: WAITING_APPROVAL)
2026-08-21 22:33:22,951 - INFO - [bot-1787306627350-0fd5] Signal LONG generated (ID: 256). Waiting for manual user approval.
2026-08-21 22:33:23,069 - INFO - Logged heartbeat status: OK
2026-08-21 22:33:23,070 - INFO - Job "LiveRunner.process_cycle (trigger: interval[0:05:00], next run at: 2026-08-21 22:38:19 IST)" executed successfully
2026-08-21 22:38:19,795 - INFO - Running job "LiveRunner.process_cycle (trigger: interval[0:05:00], next run at: 2026-08-21 22:43:19 IST)" (scheduled at 2026-08-21 22:38:19.677827+05:30)
2026-08-21 22:38:19,844 - INFO - [bot-1787306627350-0fd5] Starting signal check cycle for BTC/USDT (5m)...
2026-08-21 22:38:19,901 - INFO - Fetching recent candles for BTC/USDT (5m) [Bot: bot-1787306627350-0fd5] via ProviderManager...
2026-08-21 22:38:20,421 - INFO - Indicators computed | close=77600.00 ema_9=77447.86 ema_20=77376.62 ema_50=77294.54 ema_200=76198.20 macd=64.2170 poc=69350.0 val=64025.0 vah=74575.0
2026-08-21 22:38:20,422 - INFO - [bot-1787306627350-0fd5] Evaluating strategy on completed candle: 2026-08-21 17:00:00+00:00 at Close price: 77522.00
2026-08-21 22:38:20,503 - INFO - Confluence Evaluation | Regime: TRENDING (ADX=34.7) | Direction: LONG | BullScore: 82.6% | BearScore: 17.4% | Active: ['ema', 'macd', 'rsi', 'vp']
2026-08-21 22:38:20,624 - INFO - Capping position size 0.307437 BTC to available cash equivalent 0.064498 BTC.
2026-08-21 22:38:20,632 - INFO - [bot-1787306627350-0fd5] Signal LONG active pending approval already exists (ID: 256).
2026-08-21 22:38:20,760 - INFO - Logged heartbeat status: OK
2026-08-21 22:38:20,762 - INFO - Job "LiveRunner.process_cycle (trigger: interval[0:05:00], next run at: 2026-08-21 22:43:19 IST)" executed successfully
