2026-08-16 14:25:28,187 - INFO - Initializing scheduled trading bot live runner for bot-1786868904803-7ca4...
2026-08-16 14:25:28,219 - INFO - SQLite database tables verified/created.
2026-08-16 14:25:28,267 - INFO - Initializing CCXT Binance in TESTNET mode.
2026-08-16 14:25:29,564 - INFO - Initializing CCXT Binance in MAINNET mode (Public endpoints).
2026-08-16 14:25:29,669 - INFO - Sending Telegram alert...
2026-08-16 14:25:31,542 - INFO - Telegram alert sent successfully.
2026-08-16 14:25:31,597 - INFO - [bot-1786868904803-7ca4] Starting signal check cycle for BTC/USDT (5m)...
2026-08-16 14:25:31,625 - INFO - Fetching recent candles for BTC/USDT (5m) [Bot: bot-1786868904803-7ca4]...
2026-08-16 14:25:37,511 - INFO - Indicators computed | close=63072.43 ema_9=63070.85 ema_20=63068.41 ema_50=63073.10 ema_200=63081.46 macd=1.3307 poc=63050.0 val=62600.0 vah=63425.0
2026-08-16 14:25:37,512 - INFO - [bot-1786868904803-7ca4] Evaluating strategy on completed candle: 2026-08-16T08:50:00+00:00 at Close price: 63072.43
2026-08-16 14:25:37,774 - INFO - Confluence Evaluation | Regime: TRENDING (ADX=72.4) | Direction: HOLD | BullScore: 50.0% | BearScore: 0.0% | Active: ['ema', 'macd', 'rsi', 'vp']
2026-08-16 14:25:37,803 - INFO - Signal evaluated: HOLD. Reason/Details: Confluence score: 50% (HOLD)
2026-08-16 14:25:37,846 - INFO - Logged heartbeat status: OK
2026-08-16 14:25:37,905 - INFO - Adding job tentatively -- it will be properly scheduled when the scheduler starts
2026-08-16 14:25:37,905 - INFO - Bot bot-1786868904803-7ca4 scheduled to check every 5 minutes.
2026-08-16 14:25:37,905 - INFO - Added job "LiveRunner.process_cycle" to job store "default"
2026-08-16 14:25:37,905 - INFO - Scheduler started
2026-08-16 16:48:42,206 - INFO - Initializing scheduled trading bot live runner for bot-1786868904803-7ca4...
2026-08-16 16:48:42,334 - INFO - SQLite database tables verified/created.
2026-08-16 16:48:42,340 - INFO - Initializing CCXT Binance in TESTNET mode.
2026-08-16 16:48:44,005 - INFO - Initializing CCXT Binance in MAINNET mode (Public endpoints).
2026-08-16 16:48:44,028 - INFO - Sending Telegram alert...
2026-08-16 16:48:44,897 - INFO - Telegram alert sent successfully.
2026-08-16 16:48:44,907 - INFO - [bot-1786868904803-7ca4] Starting signal check cycle for BTC/USDT (5m)...
2026-08-16 16:48:44,957 - INFO - Fetching recent candles for BTC/USDT (5m) [Bot: bot-1786868904803-7ca4]...
2026-08-16 16:49:05,582 - INFO - Indicators computed | close=63006.55 ema_9=63007.19 ema_20=63012.75 ema_50=63033.45 ema_200=63066.09 macd=-9.4444 poc=63050.0 val=62600.0 vah=63425.0
2026-08-16 16:49:05,713 - INFO - [bot-1786868904803-7ca4] Evaluating strategy on completed candle: 2026-08-16T11:10:00+00:00 at Close price: 63006.54
2026-08-16 16:49:16,631 - ERROR - Error logging bot activity for bot-1786868904803-7ca4: database is locked
2026-08-16 16:49:18,424 - INFO - Confluence Evaluation | Regime: TRENDING (ADX=52.5) | Direction: HOLD | BullScore: 17.4% | BearScore: 32.6% | Active: ['ema', 'macd', 'rsi', 'vp']
2026-08-16 16:49:20,114 - INFO - Signal evaluated: HOLD. Reason/Details: Confluence score: 33% (HOLD)
2026-08-16 16:49:20,173 - INFO - Logged heartbeat status: OK
2026-08-16 16:49:20,175 - INFO - Adding job tentatively -- it will be properly scheduled when the scheduler starts
2026-08-16 16:49:20,175 - INFO - Bot bot-1786868904803-7ca4 scheduled to check every 5 minutes.
2026-08-16 16:49:20,175 - INFO - Added job "LiveRunner.process_cycle" to job store "default"
2026-08-16 16:49:20,175 - INFO - Scheduler started
2026-08-16 17:04:22,504 - INFO - Initializing scheduled trading bot live runner for bot-1786868904803-7ca4...
2026-08-16 17:04:22,525 - INFO - SQLite database tables verified/created.
2026-08-16 17:04:22,545 - INFO - Initializing CCXT Binance in TESTNET mode.
2026-08-16 17:04:24,116 - INFO - Initializing CCXT Binance in MAINNET mode (Public endpoints).
2026-08-16 17:04:24,357 - INFO - Sending Telegram alert...
2026-08-16 17:04:25,471 - INFO - Telegram alert sent successfully.
2026-08-16 17:04:25,477 - INFO - [bot-1786868904803-7ca4] Starting signal check cycle for BTC/USDT (5m)...
2026-08-16 17:04:25,482 - INFO - Fetching recent candles for BTC/USDT (5m) [Bot: bot-1786868904803-7ca4]...
2026-08-16 17:04:30,524 - INFO - Indicators computed | close=62987.62 ema_9=62997.31 ema_20=63006.09 ema_50=63028.21 ema_200=63063.76 macd=-11.4479 poc=63050.0 val=62600.0 vah=63425.0
2026-08-16 17:04:30,525 - INFO - [bot-1786868904803-7ca4] Evaluating strategy on completed candle: 2026-08-16T11:25:00+00:00 at Close price: 62981.95
2026-08-16 17:04:36,580 - INFO - Confluence Evaluation | Regime: TRENDING (ADX=42.2) | Direction: HOLD | BullScore: 0.0% | BearScore: 50.0% | Active: ['ema', 'macd', 'rsi', 'vp']
2026-08-16 17:04:38,364 - INFO - Signal evaluated: HOLD. Reason/Details: Confluence score: 50% (HOLD)
2026-08-16 17:04:39,504 - INFO - Logged heartbeat status: OK
2026-08-16 17:04:39,508 - INFO - Adding job tentatively -- it will be properly scheduled when the scheduler starts
2026-08-16 17:04:39,508 - INFO - Bot bot-1786868904803-7ca4 scheduled to check every 5 minutes.
2026-08-16 17:04:39,508 - INFO - Added job "LiveRunner.process_cycle" to job store "default"
2026-08-16 17:04:39,508 - INFO - Scheduler started
2026-08-16 17:28:18,060 - INFO - Initializing scheduled trading bot live runner for bot-1786868904803-7ca4...
2026-08-16 17:28:18,082 - INFO - SQLite database tables verified/created.
2026-08-16 17:28:18,137 - INFO - Initializing CCXT Binance in TESTNET mode.
2026-08-16 17:28:20,434 - INFO - Initializing CCXT Binance in MAINNET mode (Public endpoints).
2026-08-16 17:28:20,473 - INFO - Sending Telegram alert...
2026-08-16 17:28:22,241 - INFO - Telegram alert sent successfully.
2026-08-16 17:28:22,417 - INFO - [bot-1786868904803-7ca4] Starting signal check cycle for BTC/USDT (5m)...
2026-08-16 17:28:22,589 - INFO - Fetching recent candles for BTC/USDT (5m) [Bot: bot-1786868904803-7ca4]...
2026-08-16 17:28:27,727 - INFO - Indicators computed | close=63009.91 ema_9=62997.07 ema_20=63002.29 ema_50=63022.42 ema_200=63060.47 macd=-8.4134 poc=63050.0 val=62600.0 vah=63425.0
2026-08-16 17:28:27,729 - INFO - [bot-1786868904803-7ca4] Evaluating strategy on completed candle: 2026-08-16T11:50:00+00:00 at Close price: 62988.50
2026-08-16 17:28:29,382 - INFO - Confluence Evaluation | Regime: TRENDING (ADX=32.8) | Direction: HOLD | BullScore: 0.0% | BearScore: 50.0% | Active: ['ema', 'macd', 'rsi', 'vp']
2026-08-16 17:28:29,389 - INFO - Signal evaluated: HOLD. Reason/Details: Confluence score: 50% (HOLD)
2026-08-16 17:28:29,464 - INFO - Logged heartbeat status: OK
2026-08-16 17:28:29,465 - INFO - Adding job tentatively -- it will be properly scheduled when the scheduler starts
2026-08-16 17:28:29,465 - INFO - Bot bot-1786868904803-7ca4 scheduled to check every 5 minutes.
2026-08-16 17:28:29,466 - INFO - Added job "LiveRunner.process_cycle" to job store "default"
2026-08-16 17:28:29,466 - INFO - Scheduler started
2026-08-16 18:12:19,810 - INFO - Initializing scheduled trading bot live runner for bot-1786868904803-7ca4...
2026-08-16 18:12:19,862 - INFO - SQLite database tables verified/created.
2026-08-16 18:12:19,927 - INFO - Initializing CCXT Binance in TESTNET mode.
2026-08-16 18:12:21,920 - INFO - Initializing CCXT Binance in MAINNET mode (Public endpoints).
2026-08-16 18:12:22,118 - INFO - Sending Telegram alert...
2026-08-16 18:12:23,003 - INFO - Telegram alert sent successfully.
2026-08-16 18:12:23,015 - INFO - [bot-1786868904803-7ca4] Starting signal check cycle for BTC/USDT (5m)...
2026-08-16 18:12:23,024 - WARNING - Global Kill switch active! Found flag file or config switch.
2026-08-16 18:12:23,025 - WARNING - Kill switch file active. Skipping cycle.
2026-08-16 18:12:23,025 - INFO - Sending Telegram alert...
2026-08-16 18:12:24,207 - INFO - Telegram alert sent successfully.
2026-08-16 18:12:24,304 - INFO - Logged heartbeat status: OK
2026-08-16 18:12:24,367 - INFO - Adding job tentatively -- it will be properly scheduled when the scheduler starts
2026-08-16 18:12:24,367 - INFO - Bot bot-1786868904803-7ca4 scheduled to check every 5 minutes.
2026-08-16 18:12:24,368 - INFO - Added job "LiveRunner.process_cycle" to job store "default"
2026-08-16 18:12:24,368 - INFO - Scheduler started
2026-08-16 18:12:50,874 - INFO - Initializing scheduled trading bot live runner for bot-1786868904803-7ca4...
2026-08-16 18:12:52,756 - INFO - SQLite database tables verified/created.
2026-08-16 18:12:55,267 - INFO - Initializing CCXT Binance in TESTNET mode.
2026-08-16 18:12:56,226 - INFO - Initializing CCXT Binance in MAINNET mode (Public endpoints).
2026-08-16 18:12:58,571 - INFO - Sending Telegram alert...
2026-08-16 18:13:06,560 - INFO - Telegram alert sent successfully.
2026-08-16 18:13:07,183 - INFO - [bot-1786868904803-7ca4] Starting signal check cycle for BTC/USDT (5m)...
2026-08-16 18:13:16,329 - INFO - Fetching recent candles for BTC/USDT (5m) [Bot: bot-1786868904803-7ca4]...
2026-08-16 18:13:19,675 - INFO - Indicators computed | close=62998.11 ema_9=63010.13 ema_20=63009.80 ema_50=63020.56 ema_200=63056.73 macd=-0.9345 poc=63050.0 val=62600.0 vah=63400.0
2026-08-16 18:13:19,676 - INFO - [bot-1786868904803-7ca4] Evaluating strategy on completed candle: 2026-08-16T12:35:00+00:00 at Close price: 63005.97
2026-08-16 18:13:19,766 - INFO - Confluence Evaluation | Regime: RANGING (ADX=17.7) | Direction: HOLD | BullScore: 50.0% | BearScore: 17.4% | Active: ['ema', 'macd', 'rsi', 'vp']
2026-08-16 18:13:19,978 - INFO - Signal evaluated: HOLD. Reason/Details: Confluence score: 50% (HOLD)
2026-08-16 18:13:20,082 - INFO - Logged heartbeat status: OK
2026-08-16 18:13:20,637 - INFO - Adding job tentatively -- it will be properly scheduled when the scheduler starts
2026-08-16 18:13:20,637 - INFO - Bot bot-1786868904803-7ca4 scheduled to check every 5 minutes.
2026-08-16 18:13:20,637 - INFO - Added job "LiveRunner.process_cycle" to job store "default"
2026-08-16 18:13:20,638 - INFO - Scheduler started
2026-08-16 18:17:48,241 - INFO - Initializing scheduled trading bot live runner for bot-1786868904803-7ca4...
2026-08-16 18:17:48,326 - INFO - SQLite database tables verified/created.
2026-08-16 18:17:48,339 - INFO - Initializing CCXT Binance in TESTNET mode.
2026-08-16 18:17:49,992 - INFO - Initializing CCXT Binance in MAINNET mode (Public endpoints).
2026-08-16 18:17:50,131 - INFO - Sending Telegram alert...
2026-08-16 18:17:51,386 - INFO - Telegram alert sent successfully.
2026-08-16 18:17:51,399 - INFO - [bot-1786868904803-7ca4] Starting signal check cycle for BTC/USDT (5m)...
2026-08-16 18:17:51,447 - INFO - Fetching recent candles for BTC/USDT (5m) [Bot: bot-1786868904803-7ca4]...
2026-08-16 18:17:55,899 - INFO - Indicators computed | close=62998.11 ema_9=63007.67 ema_20=63008.66 ema_50=63019.66 ema_200=63056.14 macd=-1.8338 poc=63050.0 val=62600.0 vah=63400.0
2026-08-16 18:17:55,901 - INFO - [bot-1786868904803-7ca4] Evaluating strategy on completed candle: 2026-08-16T12:40:00+00:00 at Close price: 62997.77
2026-08-16 18:18:11,872 - INFO - Confluence Evaluation | Regime: RANGING (ADX=17.3) | Direction: HOLD | BullScore: 32.6% | BearScore: 17.4% | Active: ['ema', 'macd', 'rsi', 'vp']
2026-08-16 18:18:24,249 - INFO - Signal evaluated: HOLD. Reason/Details: Confluence score: 33% (HOLD)
2026-08-16 18:18:40,507 - INFO - Logged heartbeat status: OK
2026-08-16 18:18:40,884 - INFO - Adding job tentatively -- it will be properly scheduled when the scheduler starts
2026-08-16 18:18:40,884 - INFO - Bot bot-1786868904803-7ca4 scheduled to check every 5 minutes.
2026-08-16 18:18:41,074 - INFO - Added job "LiveRunner.process_cycle" to job store "default"
2026-08-16 18:18:41,074 - INFO - Scheduler started
2026-08-16 18:35:18,837 - INFO - Initializing scheduled trading bot live runner for bot-1786868904803-7ca4...
2026-08-16 18:35:18,867 - INFO - SQLite database tables verified/created.
2026-08-16 18:35:18,890 - INFO - Initializing CCXT Binance in TESTNET mode.
2026-08-16 18:35:20,640 - INFO - Initializing CCXT Binance in MAINNET mode (Public endpoints).
2026-08-16 18:35:20,706 - INFO - Sending Telegram alert...
2026-08-16 18:35:21,722 - INFO - Telegram alert sent successfully.
2026-08-16 18:35:23,006 - INFO - [bot-1786868904803-7ca4] Starting signal check cycle for BTC/USDT (5m)...
2026-08-16 18:35:24,214 - WARNING - Global Kill switch active! Found flag file or config switch.
2026-08-16 18:35:24,215 - WARNING - Kill switch file active. Skipping cycle.
2026-08-16 18:35:24,216 - INFO - Sending Telegram alert...
2026-08-16 18:35:36,029 - INFO - Telegram alert sent successfully.
2026-08-16 18:35:36,110 - INFO - Logged heartbeat status: OK
2026-08-16 18:35:36,118 - INFO - Adding job tentatively -- it will be properly scheduled when the scheduler starts
2026-08-16 18:35:36,118 - INFO - Bot bot-1786868904803-7ca4 scheduled to check every 5 minutes.
2026-08-16 18:35:36,119 - INFO - Added job "LiveRunner.process_cycle" to job store "default"
2026-08-16 18:35:36,119 - INFO - Scheduler started
2026-08-16 19:05:49,558 - INFO - Initializing scheduled trading bot live runner for bot-1786868904803-7ca4...
2026-08-16 19:05:49,629 - INFO - SQLite database tables verified/created.
2026-08-16 19:05:49,669 - INFO - Initializing CCXT Binance in TESTNET mode.
2026-08-16 19:05:53,426 - INFO - Initializing CCXT Binance in MAINNET mode (Public endpoints).
2026-08-16 19:05:53,593 - INFO - Sending Telegram alert...
2026-08-16 19:05:59,223 - INFO - Telegram alert sent successfully.
2026-08-16 19:05:59,483 - INFO - [bot-1786868904803-7ca4] Starting signal check cycle for BTC/USDT (5m)...
2026-08-16 19:06:04,097 - WARNING - Global Kill switch active! Found flag file or config switch.
2026-08-16 19:06:04,097 - WARNING - Kill switch file active. Skipping cycle.
2026-08-16 19:06:04,098 - INFO - Sending Telegram alert...
2026-08-16 19:06:05,018 - INFO - Telegram alert sent successfully.
2026-08-16 19:06:13,910 - INFO - Logged heartbeat status: OK
2026-08-16 19:06:13,972 - INFO - Adding job tentatively -- it will be properly scheduled when the scheduler starts
2026-08-16 19:06:13,972 - INFO - Bot bot-1786868904803-7ca4 scheduled to check every 5 minutes.
2026-08-16 19:06:13,973 - INFO - Added job "LiveRunner.process_cycle" to job store "default"
2026-08-16 19:06:13,973 - INFO - Scheduler started
2026-08-16 19:11:09,072 - INFO - Initializing scheduled trading bot live runner for bot-1786868904803-7ca4...
2026-08-16 19:11:09,207 - INFO - SQLite database tables verified/created.
2026-08-16 19:11:09,229 - INFO - Initializing CCXT Binance in TESTNET mode.
2026-08-16 19:11:10,979 - INFO - Initializing CCXT Binance in MAINNET mode (Public endpoints).
2026-08-16 19:11:11,001 - INFO - Sending Telegram alert...
2026-08-16 19:11:14,368 - INFO - Telegram alert sent successfully.
2026-08-16 19:11:14,562 - INFO - [bot-1786868904803-7ca4] Starting signal check cycle for BTC/USDT (5m)...
2026-08-16 19:11:24,704 - INFO - Fetching recent candles for BTC/USDT (5m) [Bot: bot-1786868904803-7ca4]...
2026-08-16 19:11:35,503 - INFO - Indicators computed | close=63067.01 ema_9=63056.89 ema_20=63041.08 ema_50=63032.08 ema_200=63055.84 macd=15.1646 poc=63050.0 val=62600.0 vah=63400.0
2026-08-16 19:11:35,562 - INFO - [bot-1786868904803-7ca4] Evaluating strategy on completed candle: 2026-08-16T13:35:00+00:00 at Close price: 63067.01
2026-08-16 19:11:44,956 - INFO - Confluence Evaluation | Regime: RANGING (ADX=20.6) | Direction: HOLD | BullScore: 67.4% | BearScore: 0.0% | Active: ['ema', 'macd', 'rsi', 'vp']
2026-08-16 19:11:46,351 - INFO - Signal evaluated: HOLD. Reason/Details: Confluence score: 67% (HOLD)
2026-08-16 19:11:46,609 - INFO - Logged heartbeat status: OK
2026-08-16 19:11:47,976 - INFO - Adding job tentatively -- it will be properly scheduled when the scheduler starts
2026-08-16 19:11:47,976 - INFO - Bot bot-1786868904803-7ca4 scheduled to check every 5 minutes.
2026-08-16 19:11:47,976 - INFO - Added job "LiveRunner.process_cycle" to job store "default"
2026-08-16 19:11:47,977 - INFO - Scheduler started
