/Users/ashishparadkar/Downloads/algo-code-main/.venv/lib/python3.9/site-packages/urllib3/__init__.py:35: NotOpenSSLWarning: urllib3 v2 only supports OpenSSL 1.1.1+, currently the 'ssl' module is compiled with 'LibreSSL 2.8.3'. See: https://github.com/urllib3/urllib3/issues/3020
  warnings.warn(
/Users/ashishparadkar/Downloads/algo-code-main/.venv/lib/python3.9/site-packages/urllib3/__init__.py:35: NotOpenSSLWarning: urllib3 v2 only supports OpenSSL 1.1.1+, currently the 'ssl' module is compiled with 'LibreSSL 2.8.3'. See: https://github.com/urllib3/urllib3/issues/3020
  warnings.warn(
2026-08-20 13:25:53,772 - INFO - Bot state startup reconciliation finished: 0 bot(s) reconciled to STOPPED.
2026-08-20 13:25:54,129 - INFO - Telegram notification service initialized successfully (Chat ID: 5657...)
2026-08-20 13:25:54,146 - INFO - Initializing scheduled trading bot live runner for bot-1787212103406-56a8...
2026-08-20 13:25:54,492 - INFO - SQLite database tables verified/created.
2026-08-20 13:25:54,845 - INFO - Initializing CCXT Binance in TESTNET mode.
/Users/ashishparadkar/Downloads/algo-code-main/.venv/lib/python3.9/site-packages/urllib3/__init__.py:35: NotOpenSSLWarning: urllib3 v2 only supports OpenSSL 1.1.1+, currently the 'ssl' module is compiled with 'LibreSSL 2.8.3'. See: https://github.com/urllib3/urllib3/issues/3020
  warnings.warn(
2026-08-20 22:17:09,784 - INFO - Bot state startup reconciliation finished: 0 bot(s) reconciled to STOPPED.
2026-08-20 22:17:10,749 - INFO - Telegram notification service initialized successfully (Chat ID: 5657...)
2026-08-20 22:17:10,995 - INFO - Initializing scheduled trading bot live runner for bot-1787212103406-56a8...
2026-08-20 22:17:11,130 - INFO - SQLite database tables verified/created.
2026-08-20 22:17:11,174 - INFO - Initializing CCXT Binance in TESTNET mode.
2026-08-20 22:17:35,093 - INFO - [bot-1787212103406-56a8] Pre-flight instrument resolved: NIFTY (INDEX via zerodha)
2026-08-20 22:17:36,067 - INFO - [bot-1787212103406-56a8] Starting signal check cycle for NIFTY (15m)...
2026-08-20 22:17:36,079 - INFO - Fetching recent candles for NIFTY (15m) [Bot: bot-1787212103406-56a8] via ProviderManager...
2026-08-20 22:17:36,080 - ERROR - System Error in runner execution cycle: PROVIDER_CAPABILITY_MISMATCH: Adapter Binance Spot API does not support INDEX instrument NIFTY.
Traceback (most recent call last):
  File "/Users/ashishparadkar/Downloads/algo-code-main/src/live_runner.py", line 199, in process_cycle
    df, _ = self.provider_manager.fetch_ohlcv_safe(self.symbol, self.timeframe, limit=1000)
  File "/Users/ashishparadkar/Downloads/algo-code-main/src/provider_manager.py", line 341, in fetch_ohlcv_safe
    raise ccxt.NotSupported(
ccxt.base.errors.NotSupported: PROVIDER_CAPABILITY_MISMATCH: Adapter Binance Spot API does not support INDEX instrument NIFTY.
2026-08-20 22:17:37,937 - WARNING - [bot-1787212103406-56a8] Marked bot as non-retryable configuration error to prevent infinite error storm.
2026-08-20 22:17:39,520 - INFO - Logged heartbeat status: ERROR
2026-08-20 22:17:39,608 - INFO - Adding job tentatively -- it will be properly scheduled when the scheduler starts
2026-08-20 22:17:39,608 - INFO - Bot bot-1787212103406-56a8 scheduled to check every 15 minutes.
2026-08-20 22:17:39,619 - INFO - Added job "LiveRunner.process_cycle" to job store "default"
2026-08-20 22:17:39,619 - INFO - Scheduler started
2026-08-20 22:32:39,864 - INFO - Running job "LiveRunner.process_cycle (trigger: interval[0:15:00], next run at: 2026-08-20 22:47:39 IST)" (scheduled at 2026-08-20 22:32:39.606075+05:30)
2026-08-20 22:32:39,885 - ERROR - [bot-1787212103406-56a8] Halting runner cycle: Bot is configured with unexecutable instrument 'NIFTY'. Error: Fatal Non-Retryable Error: PROVIDER_CAPABILITY_MISMATCH: Adapter Binance Spot API does not support INDEX instrument NIFTY.
2026-08-20 22:32:40,176 - INFO - Job "LiveRunner.process_cycle (trigger: interval[0:15:00], next run at: 2026-08-20 22:47:39 IST)" executed successfully
2026-08-20 22:47:39,677 - INFO - Running job "LiveRunner.process_cycle (trigger: interval[0:15:00], next run at: 2026-08-20 23:02:39 IST)" (scheduled at 2026-08-20 22:47:39.606075+05:30)
2026-08-20 22:47:39,687 - ERROR - [bot-1787212103406-56a8] Halting runner cycle: Bot is configured with unexecutable instrument 'NIFTY'. Error: Fatal Non-Retryable Error: PROVIDER_CAPABILITY_MISMATCH: Adapter Binance Spot API does not support INDEX instrument NIFTY.
2026-08-20 22:47:39,870 - INFO - Job "LiveRunner.process_cycle (trigger: interval[0:15:00], next run at: 2026-08-20 23:02:39 IST)" executed successfully
/Users/ashishparadkar/Downloads/algo-code-main/.venv/lib/python3.9/site-packages/urllib3/__init__.py:35: NotOpenSSLWarning: urllib3 v2 only supports OpenSSL 1.1.1+, currently the 'ssl' module is compiled with 'LibreSSL 2.8.3'. See: https://github.com/urllib3/urllib3/issues/3020
  warnings.warn(
2026-08-21 06:20:45,516 - INFO - Bot state startup reconciliation finished: 0 bot(s) reconciled to STOPPED.
2026-08-21 06:20:46,033 - INFO - Telegram notification service initialized successfully (Chat ID: 5657...)
2026-08-21 06:20:46,433 - INFO - Initializing scheduled trading bot live runner for bot-1787212103406-56a8...
2026-08-21 06:20:46,876 - INFO - SQLite database tables verified/created.
2026-08-21 06:20:47,382 - INFO - Initializing CCXT Binance in TESTNET mode.
2026-08-21 06:21:05,237 - INFO - [bot-1787212103406-56a8] Pre-flight instrument resolved: NIFTY (INDEX via zerodha)
2026-08-21 06:21:05,487 - INFO - [bot-1787212103406-56a8] Starting signal check cycle for NIFTY (15m)...
2026-08-21 06:21:05,893 - INFO - Fetching recent candles for NIFTY (15m) [Bot: bot-1787212103406-56a8] via ProviderManager...
2026-08-21 06:21:05,893 - ERROR - System Error in runner execution cycle: PROVIDER_CAPABILITY_MISMATCH: Adapter Binance Spot API does not support INDEX instrument NIFTY.
Traceback (most recent call last):
  File "/Users/ashishparadkar/Downloads/algo-code-main/src/live_runner.py", line 199, in process_cycle
    df, _ = self.provider_manager.fetch_ohlcv_safe(self.symbol, self.timeframe, limit=1000)
  File "/Users/ashishparadkar/Downloads/algo-code-main/src/provider_manager.py", line 341, in fetch_ohlcv_safe
    raise ccxt.NotSupported(
ccxt.base.errors.NotSupported: PROVIDER_CAPABILITY_MISMATCH: Adapter Binance Spot API does not support INDEX instrument NIFTY.
2026-08-21 06:21:05,985 - WARNING - [bot-1787212103406-56a8] Marked bot as non-retryable configuration error to prevent infinite error storm.
2026-08-21 06:21:07,640 - INFO - Logged heartbeat status: ERROR
2026-08-21 06:21:07,665 - INFO - Adding job tentatively -- it will be properly scheduled when the scheduler starts
2026-08-21 06:21:07,666 - INFO - Bot bot-1787212103406-56a8 scheduled to check every 15 minutes.
2026-08-21 06:21:07,670 - INFO - Added job "LiveRunner.process_cycle" to job store "default"
2026-08-21 06:21:07,670 - INFO - Scheduler started
2026-08-21 06:36:07,909 - INFO - Running job "LiveRunner.process_cycle (trigger: interval[0:15:00], next run at: 2026-08-21 06:51:07 IST)" (scheduled at 2026-08-21 06:36:07.665410+05:30)
2026-08-21 06:36:07,978 - ERROR - [bot-1787212103406-56a8] Halting runner cycle: Bot is configured with unexecutable instrument 'NIFTY'. Error: Fatal Non-Retryable Error: PROVIDER_CAPABILITY_MISMATCH: Adapter Binance Spot API does not support INDEX instrument NIFTY.
2026-08-21 06:36:08,337 - INFO - Job "LiveRunner.process_cycle (trigger: interval[0:15:00], next run at: 2026-08-21 06:51:07 IST)" executed successfully
2026-08-21 06:51:07,752 - INFO - Running job "LiveRunner.process_cycle (trigger: interval[0:15:00], next run at: 2026-08-21 07:06:07 IST)" (scheduled at 2026-08-21 06:51:07.665410+05:30)
2026-08-21 06:51:07,763 - ERROR - [bot-1787212103406-56a8] Halting runner cycle: Bot is configured with unexecutable instrument 'NIFTY'. Error: Fatal Non-Retryable Error: PROVIDER_CAPABILITY_MISMATCH: Adapter Binance Spot API does not support INDEX instrument NIFTY.
2026-08-21 06:51:08,011 - INFO - Job "LiveRunner.process_cycle (trigger: interval[0:15:00], next run at: 2026-08-21 07:06:07 IST)" executed successfully
/Users/ashishparadkar/Downloads/algo-code-main/.venv/lib/python3.9/site-packages/urllib3/__init__.py:35: NotOpenSSLWarning: urllib3 v2 only supports OpenSSL 1.1.1+, currently the 'ssl' module is compiled with 'LibreSSL 2.8.3'. See: https://github.com/urllib3/urllib3/issues/3020
  warnings.warn(
2026-08-21 12:13:20,215 - INFO - Bot state startup reconciliation finished: 0 bot(s) reconciled to STOPPED.
2026-08-21 12:13:21,050 - INFO - Telegram notification service initialized successfully (Chat ID: 5657...)
2026-08-21 12:13:21,061 - INFO - Initializing scheduled trading bot live runner for bot-1787212103406-56a8...
2026-08-21 12:13:21,184 - INFO - SQLite database tables verified/created.
2026-08-21 12:13:22,192 - INFO - Initializing CCXT Binance in TESTNET mode.
2026-08-21 12:13:46,162 - INFO - [bot-1787212103406-56a8] Pre-flight instrument resolved: NIFTY (INDEX via zerodha)
2026-08-21 12:13:46,865 - INFO - [bot-1787212103406-56a8] Starting signal check cycle for NIFTY (15m)...
2026-08-21 12:13:47,093 - INFO - Fetching recent candles for NIFTY (15m) [Bot: bot-1787212103406-56a8] via ProviderManager...
2026-08-21 12:13:47,094 - ERROR - System Error in runner execution cycle: PROVIDER_CAPABILITY_MISMATCH: Adapter Binance Spot API does not support INDEX instrument NIFTY.
Traceback (most recent call last):
  File "/Users/ashishparadkar/Downloads/algo-code-main/src/live_runner.py", line 199, in process_cycle
    df, _ = self.provider_manager.fetch_ohlcv_safe(self.symbol, self.timeframe, limit=1000)
  File "/Users/ashishparadkar/Downloads/algo-code-main/src/provider_manager.py", line 341, in fetch_ohlcv_safe
    raise ccxt.NotSupported(
ccxt.base.errors.NotSupported: PROVIDER_CAPABILITY_MISMATCH: Adapter Binance Spot API does not support INDEX instrument NIFTY.
2026-08-21 12:13:47,779 - WARNING - [bot-1787212103406-56a8] Marked bot as non-retryable configuration error to prevent infinite error storm.
2026-08-21 12:13:48,656 - INFO - Logged heartbeat status: ERROR
2026-08-21 12:13:48,689 - INFO - Adding job tentatively -- it will be properly scheduled when the scheduler starts
2026-08-21 12:13:48,689 - INFO - Bot bot-1787212103406-56a8 scheduled to check every 15 minutes.
2026-08-21 12:13:48,693 - INFO - Added job "LiveRunner.process_cycle" to job store "default"
2026-08-21 12:13:48,694 - INFO - Scheduler started
2026-08-21 12:28:48,995 - INFO - Running job "LiveRunner.process_cycle (trigger: interval[0:15:00], next run at: 2026-08-21 12:43:48 IST)" (scheduled at 2026-08-21 12:28:48.689350+05:30)
2026-08-21 12:28:49,039 - ERROR - [bot-1787212103406-56a8] Halting runner cycle: Bot is configured with unexecutable instrument 'NIFTY'. Error: Fatal Non-Retryable Error: PROVIDER_CAPABILITY_MISMATCH: Adapter Binance Spot API does not support INDEX instrument NIFTY.
2026-08-21 12:28:50,007 - INFO - Job "LiveRunner.process_cycle (trigger: interval[0:15:00], next run at: 2026-08-21 12:43:48 IST)" executed successfully
2026-08-21 12:43:48,765 - INFO - Running job "LiveRunner.process_cycle (trigger: interval[0:15:00], next run at: 2026-08-21 12:58:48 IST)" (scheduled at 2026-08-21 12:43:48.689350+05:30)
2026-08-21 12:43:48,769 - ERROR - [bot-1787212103406-56a8] Halting runner cycle: Bot is configured with unexecutable instrument 'NIFTY'. Error: Fatal Non-Retryable Error: PROVIDER_CAPABILITY_MISMATCH: Adapter Binance Spot API does not support INDEX instrument NIFTY.
2026-08-21 12:43:48,961 - INFO - Job "LiveRunner.process_cycle (trigger: interval[0:15:00], next run at: 2026-08-21 12:58:48 IST)" executed successfully
2026-08-21 12:58:48,767 - INFO - Running job "LiveRunner.process_cycle (trigger: interval[0:15:00], next run at: 2026-08-21 13:13:48 IST)" (scheduled at 2026-08-21 12:58:48.689350+05:30)
2026-08-21 12:58:48,772 - ERROR - [bot-1787212103406-56a8] Halting runner cycle: Bot is configured with unexecutable instrument 'NIFTY'. Error: Fatal Non-Retryable Error: PROVIDER_CAPABILITY_MISMATCH: Adapter Binance Spot API does not support INDEX instrument NIFTY.
2026-08-21 12:58:49,038 - INFO - Job "LiveRunner.process_cycle (trigger: interval[0:15:00], next run at: 2026-08-21 13:13:48 IST)" executed successfully
2026-08-21 13:13:48,758 - INFO - Running job "LiveRunner.process_cycle (trigger: interval[0:15:00], next run at: 2026-08-21 13:28:48 IST)" (scheduled at 2026-08-21 13:13:48.689350+05:30)
2026-08-21 13:13:48,769 - ERROR - [bot-1787212103406-56a8] Halting runner cycle: Bot is configured with unexecutable instrument 'NIFTY'. Error: Fatal Non-Retryable Error: PROVIDER_CAPABILITY_MISMATCH: Adapter Binance Spot API does not support INDEX instrument NIFTY.
2026-08-21 13:13:48,944 - INFO - Job "LiveRunner.process_cycle (trigger: interval[0:15:00], next run at: 2026-08-21 13:28:48 IST)" executed successfully
2026-08-21 13:28:48,769 - INFO - Running job "LiveRunner.process_cycle (trigger: interval[0:15:00], next run at: 2026-08-21 13:43:48 IST)" (scheduled at 2026-08-21 13:28:48.689350+05:30)
2026-08-21 13:28:48,777 - ERROR - [bot-1787212103406-56a8] Halting runner cycle: Bot is configured with unexecutable instrument 'NIFTY'. Error: Fatal Non-Retryable Error: PROVIDER_CAPABILITY_MISMATCH: Adapter Binance Spot API does not support INDEX instrument NIFTY.
2026-08-21 13:28:48,923 - INFO - Job "LiveRunner.process_cycle (trigger: interval[0:15:00], next run at: 2026-08-21 13:43:48 IST)" executed successfully
/Users/ashishparadkar/Downloads/algo-code-main/.venv/lib/python3.9/site-packages/urllib3/__init__.py:35: NotOpenSSLWarning: urllib3 v2 only supports OpenSSL 1.1.1+, currently the 'ssl' module is compiled with 'LibreSSL 2.8.3'. See: https://github.com/urllib3/urllib3/issues/3020
  warnings.warn(
2026-08-21 14:50:41,711 - INFO - Bot state startup reconciliation finished: 0 bot(s) reconciled to STOPPED.
2026-08-21 14:50:42,356 - INFO - Telegram notification service initialized successfully (Chat ID: 5657...)
2026-08-21 14:50:42,367 - INFO - Initializing scheduled trading bot live runner for bot-1787212103406-56a8...
2026-08-21 14:50:42,739 - INFO - SQLite database tables verified/created.
2026-08-21 14:50:43,663 - INFO - Initializing CCXT Binance in TESTNET mode.
2026-08-21 14:51:04,438 - INFO - [bot-1787212103406-56a8] Pre-flight instrument resolved: NIFTY (INDEX via zerodha)
2026-08-21 14:51:05,212 - INFO - [bot-1787212103406-56a8] Starting signal check cycle for NIFTY (15m)...
2026-08-21 14:51:05,263 - INFO - Fetching recent candles for NIFTY (15m) [Bot: bot-1787212103406-56a8] via ProviderManager...
2026-08-21 14:51:05,263 - ERROR - System Error in runner execution cycle: PROVIDER_CAPABILITY_MISMATCH: Adapter Binance Spot API does not support INDEX instrument NIFTY.
Traceback (most recent call last):
  File "/Users/ashishparadkar/Downloads/algo-code-main/src/live_runner.py", line 199, in process_cycle
    df, _ = self.provider_manager.fetch_ohlcv_safe(self.symbol, self.timeframe, limit=1000)
  File "/Users/ashishparadkar/Downloads/algo-code-main/src/provider_manager.py", line 341, in fetch_ohlcv_safe
    raise ccxt.NotSupported(
ccxt.base.errors.NotSupported: PROVIDER_CAPABILITY_MISMATCH: Adapter Binance Spot API does not support INDEX instrument NIFTY.
2026-08-21 14:51:06,817 - WARNING - [bot-1787212103406-56a8] Marked bot as non-retryable configuration error to prevent infinite error storm.
2026-08-21 14:51:07,640 - INFO - Logged heartbeat status: ERROR
2026-08-21 14:51:08,067 - INFO - Adding job tentatively -- it will be properly scheduled when the scheduler starts
2026-08-21 14:51:08,068 - INFO - Bot bot-1787212103406-56a8 scheduled to check every 15 minutes.
2026-08-21 14:51:08,083 - INFO - Added job "LiveRunner.process_cycle" to job store "default"
2026-08-21 14:51:08,083 - INFO - Scheduler started
/Users/ashishparadkar/Downloads/algo-code-main/.venv/lib/python3.9/site-packages/urllib3/__init__.py:35: NotOpenSSLWarning: urllib3 v2 only supports OpenSSL 1.1.1+, currently the 'ssl' module is compiled with 'LibreSSL 2.8.3'. See: https://github.com/urllib3/urllib3/issues/3020
  warnings.warn(
2026-08-21 15:30:08,821 - INFO - Bot state startup reconciliation finished: 0 bot(s) reconciled to STOPPED.
2026-08-21 15:30:09,150 - INFO - Telegram notification service initialized successfully (Chat ID: 5657...)
2026-08-21 15:30:09,163 - INFO - Initializing scheduled trading bot live runner for bot-1787212103406-56a8...
2026-08-21 15:30:09,556 - INFO - SQLite database tables verified/created.
2026-08-21 15:30:10,146 - INFO - Initializing CCXT Binance in TESTNET mode.
2026-08-21 15:30:26,394 - INFO - [bot-1787212103406-56a8] Pre-flight instrument resolved: NIFTY (INDEX via zerodha)
2026-08-21 15:30:26,435 - INFO - [bot-1787212103406-56a8] Starting signal check cycle for NIFTY (15m)...
2026-08-21 15:30:26,446 - INFO - Fetching recent candles for NIFTY (15m) [Bot: bot-1787212103406-56a8] via ProviderManager...
2026-08-21 15:30:26,446 - ERROR - System Error in runner execution cycle: PROVIDER_CAPABILITY_MISMATCH: Adapter Binance Spot API does not support INDEX instrument NIFTY.
Traceback (most recent call last):
  File "/Users/ashishparadkar/Downloads/algo-code-main/src/live_runner.py", line 199, in process_cycle
    df, _ = self.provider_manager.fetch_ohlcv_safe(self.symbol, self.timeframe, limit=1000)
  File "/Users/ashishparadkar/Downloads/algo-code-main/src/provider_manager.py", line 341, in fetch_ohlcv_safe
    raise ccxt.NotSupported(
ccxt.base.errors.NotSupported: PROVIDER_CAPABILITY_MISMATCH: Adapter Binance Spot API does not support INDEX instrument NIFTY.
2026-08-21 15:30:26,880 - WARNING - [bot-1787212103406-56a8] Marked bot as non-retryable configuration error to prevent infinite error storm.
2026-08-21 15:30:27,981 - INFO - Logged heartbeat status: ERROR
2026-08-21 15:30:28,067 - INFO - Adding job tentatively -- it will be properly scheduled when the scheduler starts
2026-08-21 15:30:28,067 - INFO - Bot bot-1787212103406-56a8 scheduled to check every 15 minutes.
2026-08-21 15:30:28,071 - INFO - Added job "LiveRunner.process_cycle" to job store "default"
2026-08-21 15:30:28,071 - INFO - Scheduler started
/Users/ashishparadkar/Downloads/algo-code-main/.venv/lib/python3.9/site-packages/urllib3/__init__.py:35: NotOpenSSLWarning: urllib3 v2 only supports OpenSSL 1.1.1+, currently the 'ssl' module is compiled with 'LibreSSL 2.8.3'. See: https://github.com/urllib3/urllib3/issues/3020
  warnings.warn(
2026-08-21 18:13:17,941 - INFO - Bot state startup reconciliation finished: 0 bot(s) reconciled to STOPPED.
2026-08-21 18:13:18,710 - INFO - Telegram notification service initialized successfully (Chat ID: 5657...)
2026-08-21 18:13:18,992 - INFO - Initializing scheduled trading bot live runner for bot-1787212103406-56a8...
2026-08-21 18:13:19,075 - INFO - SQLite database tables verified/created.
2026-08-21 18:13:19,623 - INFO - Initializing CCXT Binance in TESTNET mode.
2026-08-21 18:13:38,509 - INFO - [bot-1787212103406-56a8] Pre-flight instrument resolved: NIFTY (INDEX via zerodha)
2026-08-21 18:13:38,930 - INFO - [bot-1787212103406-56a8] Starting signal check cycle for NIFTY (15m)...
2026-08-21 18:13:38,976 - INFO - Fetching recent candles for NIFTY (15m) [Bot: bot-1787212103406-56a8] via ProviderManager...
2026-08-21 18:13:38,976 - ERROR - System Error in runner execution cycle: PROVIDER_CAPABILITY_MISMATCH: Adapter Binance Spot API does not support INDEX instrument NIFTY.
Traceback (most recent call last):
  File "/Users/ashishparadkar/Downloads/algo-code-main/src/live_runner.py", line 199, in process_cycle
    df, _ = self.provider_manager.fetch_ohlcv_safe(self.symbol, self.timeframe, limit=1000)
  File "/Users/ashishparadkar/Downloads/algo-code-main/src/provider_manager.py", line 341, in fetch_ohlcv_safe
    raise ccxt.NotSupported(
ccxt.base.errors.NotSupported: PROVIDER_CAPABILITY_MISMATCH: Adapter Binance Spot API does not support INDEX instrument NIFTY.
2026-08-21 18:13:39,365 - WARNING - [bot-1787212103406-56a8] Marked bot as non-retryable configuration error to prevent infinite error storm.
2026-08-21 18:13:39,842 - INFO - Logged heartbeat status: ERROR
2026-08-21 18:13:39,871 - INFO - Adding job tentatively -- it will be properly scheduled when the scheduler starts
2026-08-21 18:13:39,871 - INFO - Bot bot-1787212103406-56a8 scheduled to check every 15 minutes.
2026-08-21 18:13:39,874 - INFO - Added job "LiveRunner.process_cycle" to job store "default"
2026-08-21 18:13:39,875 - INFO - Scheduler started
/Users/ashishparadkar/Downloads/algo-code-main/.venv/lib/python3.9/site-packages/urllib3/__init__.py:35: NotOpenSSLWarning: urllib3 v2 only supports OpenSSL 1.1.1+, currently the 'ssl' module is compiled with 'LibreSSL 2.8.3'. See: https://github.com/urllib3/urllib3/issues/3020
  warnings.warn(
2026-08-21 20:26:51,209 - INFO - Bot state startup reconciliation finished: 0 bot(s) reconciled to STOPPED.
2026-08-21 20:26:51,812 - INFO - Telegram notification service initialized successfully (Chat ID: 5657...)
2026-08-21 20:26:51,823 - INFO - Initializing scheduled trading bot live runner for bot-1787212103406-56a8...
2026-08-21 20:26:52,072 - INFO - SQLite database tables verified/created.
2026-08-21 20:26:52,517 - INFO - Initializing CCXT Binance in TESTNET mode.
2026-08-21 20:27:12,693 - INFO - [bot-1787212103406-56a8] Pre-flight instrument resolved: NIFTY (INDEX via zerodha)
2026-08-21 20:27:12,744 - INFO - [bot-1787212103406-56a8] Starting signal check cycle for NIFTY (15m)...
2026-08-21 20:27:13,048 - INFO - Fetching recent candles for NIFTY (15m) [Bot: bot-1787212103406-56a8] via ProviderManager...
2026-08-21 20:27:13,048 - ERROR - System Error in runner execution cycle: PROVIDER_CAPABILITY_MISMATCH: Adapter Binance Spot API does not support INDEX instrument NIFTY.
Traceback (most recent call last):
  File "/Users/ashishparadkar/Downloads/algo-code-main/src/live_runner.py", line 199, in process_cycle
    df, _ = self.provider_manager.fetch_ohlcv_safe(self.symbol, self.timeframe, limit=1000)
  File "/Users/ashishparadkar/Downloads/algo-code-main/src/provider_manager.py", line 341, in fetch_ohlcv_safe
    raise ccxt.NotSupported(
ccxt.base.errors.NotSupported: PROVIDER_CAPABILITY_MISMATCH: Adapter Binance Spot API does not support INDEX instrument NIFTY.
2026-08-21 20:27:13,488 - WARNING - [bot-1787212103406-56a8] Marked bot as non-retryable configuration error to prevent infinite error storm.
2026-08-21 20:27:14,094 - INFO - Logged heartbeat status: ERROR
2026-08-21 20:27:14,122 - INFO - Adding job tentatively -- it will be properly scheduled when the scheduler starts
2026-08-21 20:27:14,122 - INFO - Bot bot-1787212103406-56a8 scheduled to check every 15 minutes.
2026-08-21 20:27:14,126 - INFO - Added job "LiveRunner.process_cycle" to job store "default"
2026-08-21 20:27:14,126 - INFO - Scheduler started
/Users/ashishparadkar/Downloads/algo-code-main/.venv/lib/python3.9/site-packages/urllib3/__init__.py:35: NotOpenSSLWarning: urllib3 v2 only supports OpenSSL 1.1.1+, currently the 'ssl' module is compiled with 'LibreSSL 2.8.3'. See: https://github.com/urllib3/urllib3/issues/3020
  warnings.warn(
2026-08-21 21:32:26,534 - INFO - Bot state startup reconciliation finished: 0 bot(s) reconciled to STOPPED.
2026-08-21 21:32:27,317 - INFO - Telegram notification service initialized successfully (Chat ID: 5657...)
2026-08-21 21:32:27,581 - INFO - Initializing scheduled trading bot live runner for bot-1787212103406-56a8...
2026-08-21 21:32:28,262 - INFO - SQLite database tables verified/created.
2026-08-21 21:32:28,946 - INFO - Initializing CCXT Binance in TESTNET mode.
2026-08-21 21:33:02,869 - INFO - [bot-1787212103406-56a8] Pre-flight instrument resolved: NIFTY (INDEX via zerodha)
2026-08-21 21:33:04,730 - INFO - [bot-1787212103406-56a8] Starting signal check cycle for NIFTY (15m)...
2026-08-21 21:33:04,740 - INFO - Fetching recent candles for NIFTY (15m) [Bot: bot-1787212103406-56a8] via ProviderManager...
2026-08-21 21:33:04,740 - ERROR - System Error in runner execution cycle: PROVIDER_CAPABILITY_MISMATCH: Adapter Binance Spot API does not support INDEX instrument NIFTY.
Traceback (most recent call last):
  File "/Users/ashishparadkar/Downloads/algo-code-main/src/live_runner.py", line 199, in process_cycle
    df, _ = self.provider_manager.fetch_ohlcv_safe(self.symbol, self.timeframe, limit=1000)
  File "/Users/ashishparadkar/Downloads/algo-code-main/src/provider_manager.py", line 341, in fetch_ohlcv_safe
    raise ccxt.NotSupported(
ccxt.base.errors.NotSupported: PROVIDER_CAPABILITY_MISMATCH: Adapter Binance Spot API does not support INDEX instrument NIFTY.
2026-08-21 21:33:06,148 - WARNING - [bot-1787212103406-56a8] Marked bot as non-retryable configuration error to prevent infinite error storm.
2026-08-21 21:33:07,369 - INFO - Logged heartbeat status: ERROR
2026-08-21 21:33:08,143 - INFO - Adding job tentatively -- it will be properly scheduled when the scheduler starts
2026-08-21 21:33:08,144 - INFO - Bot bot-1787212103406-56a8 scheduled to check every 15 minutes.
2026-08-21 21:33:08,161 - INFO - Added job "LiveRunner.process_cycle" to job store "default"
2026-08-21 21:33:08,162 - INFO - Scheduler started
2026-08-21 21:48:15,304 - WARNING - Run time of job "LiveRunner.process_cycle (trigger: interval[0:15:00], next run at: 2026-08-21 22:03:08 IST)" was missed by 0:00:06.575664
2026-08-21 22:03:09,563 - WARNING - Run time of job "LiveRunner.process_cycle (trigger: interval[0:15:00], next run at: 2026-08-21 22:18:08 IST)" was missed by 0:00:01.241912
2026-08-21 22:18:08,547 - INFO - Running job "LiveRunner.process_cycle (trigger: interval[0:15:00], next run at: 2026-08-21 22:18:08 IST)" (scheduled at 2026-08-21 22:18:08.142739+05:30)
2026-08-21 22:18:08,639 - ERROR - [bot-1787212103406-56a8] Halting runner cycle: Bot is configured with unexecutable instrument 'NIFTY'. Error: Fatal Non-Retryable Error: PROVIDER_CAPABILITY_MISMATCH: Adapter Binance Spot API does not support INDEX instrument NIFTY.
2026-08-21 22:18:09,869 - INFO - Job "LiveRunner.process_cycle (trigger: interval[0:15:00], next run at: 2026-08-21 22:33:08 IST)" executed successfully
2026-08-21 22:33:08,216 - INFO - Running job "LiveRunner.process_cycle (trigger: interval[0:15:00], next run at: 2026-08-21 22:48:08 IST)" (scheduled at 2026-08-21 22:33:08.142739+05:30)
2026-08-21 22:33:08,243 - ERROR - [bot-1787212103406-56a8] Halting runner cycle: Bot is configured with unexecutable instrument 'NIFTY'. Error: Fatal Non-Retryable Error: PROVIDER_CAPABILITY_MISMATCH: Adapter Binance Spot API does not support INDEX instrument NIFTY.
2026-08-21 22:33:08,690 - INFO - Job "LiveRunner.process_cycle (trigger: interval[0:15:00], next run at: 2026-08-21 22:48:08 IST)" executed successfully
/Users/ashishparadkar/Downloads/algo-code-main/.venv/lib/python3.9/site-packages/urllib3/__init__.py:35: NotOpenSSLWarning: urllib3 v2 only supports OpenSSL 1.1.1+, currently the 'ssl' module is compiled with 'LibreSSL 2.8.3'. See: https://github.com/urllib3/urllib3/issues/3020
  warnings.warn(
2026-08-21 22:44:33,375 - INFO - Bot state startup reconciliation finished: 0 bot(s) reconciled to STOPPED.
2026-08-21 22:44:34,108 - INFO - Telegram notification service initialized successfully (Chat ID: 5657...)
2026-08-21 22:44:34,121 - INFO - Initializing scheduled trading bot live runner for bot-1787212103406-56a8...
2026-08-21 22:44:34,496 - INFO - SQLite database tables verified/created.
2026-08-21 22:44:34,852 - INFO - Initializing CCXT Binance in TESTNET mode.
2026-08-21 22:44:56,548 - INFO - [bot-1787212103406-56a8] Pre-flight instrument resolved: NIFTY (INDEX via zerodha)
2026-08-21 22:44:57,065 - INFO - [bot-1787212103406-56a8] Starting signal check cycle for NIFTY (15m)...
2026-08-21 22:44:57,763 - INFO - Fetching recent candles for NIFTY (15m) [Bot: bot-1787212103406-56a8] via ProviderManager...
2026-08-21 22:44:57,763 - ERROR - System Error in runner execution cycle: PROVIDER_CAPABILITY_MISMATCH: Adapter Binance Spot API does not support INDEX instrument NIFTY.
Traceback (most recent call last):
  File "/Users/ashishparadkar/Downloads/algo-code-main/src/live_runner.py", line 199, in process_cycle
    df, _ = self.provider_manager.fetch_ohlcv_safe(self.symbol, self.timeframe, limit=1000)
  File "/Users/ashishparadkar/Downloads/algo-code-main/src/provider_manager.py", line 341, in fetch_ohlcv_safe
    raise ccxt.NotSupported(
ccxt.base.errors.NotSupported: PROVIDER_CAPABILITY_MISMATCH: Adapter Binance Spot API does not support INDEX instrument NIFTY.
2026-08-21 22:44:58,927 - WARNING - [bot-1787212103406-56a8] Marked bot as non-retryable configuration error to prevent infinite error storm.
2026-08-21 22:45:00,375 - INFO - Logged heartbeat status: ERROR
2026-08-21 22:45:00,431 - INFO - Adding job tentatively -- it will be properly scheduled when the scheduler starts
2026-08-21 22:45:00,432 - INFO - Bot bot-1787212103406-56a8 scheduled to check every 15 minutes.
2026-08-21 22:45:00,437 - INFO - Added job "LiveRunner.process_cycle" to job store "default"
2026-08-21 22:45:00,437 - INFO - Scheduler started
