/Users/ashishparadkar/Downloads/algo-code-main/.venv/lib/python3.9/site-packages/urllib3/__init__.py:35: NotOpenSSLWarning: urllib3 v2 only supports OpenSSL 1.1.1+, currently the 'ssl' module is compiled with 'LibreSSL 2.8.3'. See: https://github.com/urllib3/urllib3/issues/3020
  warnings.warn(
2026-08-19 17:17:10,575 - INFO - Telegram notification service initialized successfully (Chat ID: 5657...)
2026-08-19 17:17:10,594 - INFO - Initializing scheduled trading bot live runner for bot-1787137883457-ed10...
2026-08-19 17:17:10,727 - INFO - SQLite database tables verified/created.
2026-08-19 17:17:10,766 - INFO - Initializing CCXT Binance in TESTNET mode.
2026-08-19 17:17:13,788 - INFO - Initializing CCXT Binance in MAINNET mode (Public endpoints).
2026-08-19 17:17:13,839 - INFO - [bot-1787137883457-ed10] Starting signal check cycle for BTC/USDT (5m)...
2026-08-19 17:17:13,911 - INFO - Fetching recent candles for BTC/USDT (5m) [Bot: bot-1787137883457-ed10]...
2026-08-19 17:17:18,629 - INFO - Indicators computed | close=64488.11 ema_9=64488.29 ema_20=64464.95 ema_50=64422.37 ema_200=64426.82 macd=28.6762 poc=64325.0 val=63575.0 vah=65050.0
2026-08-19 17:17:18,632 - INFO - [bot-1787137883457-ed10] Evaluating strategy on completed candle: 2026-08-19T11:40:00+00:00 at Close price: 64471.20
2026-08-19 17:17:18,710 - INFO - Confluence Evaluation | Regime: TRENDING (ADX=38.1) | Direction: LONG | BullScore: 82.6% | BearScore: 0.0% | Active: ['ema', 'macd', 'rsi', 'vp']
2026-08-19 17:17:18,804 - INFO - Capping position size 1.349164 BTC to available cash equivalent 0.077554 BTC.
2026-08-19 17:17:18,861 - INFO - Created pending signal approval ID 14 for bot bot-1787137883457-ed10 (LONG @ $64471.20, status: WAITING_APPROVAL)
2026-08-19 17:17:18,904 - INFO - [bot-1787137883457-ed10] Signal LONG generated (ID: 14). Waiting for manual user approval.
2026-08-19 17:17:19,112 - INFO - Logged heartbeat status: OK
2026-08-19 17:17:19,120 - INFO - Adding job tentatively -- it will be properly scheduled when the scheduler starts
2026-08-19 17:17:19,120 - INFO - Bot bot-1787137883457-ed10 scheduled to check every 5 minutes.
2026-08-19 17:17:19,127 - INFO - Added job "LiveRunner.process_cycle" to job store "default"
2026-08-19 17:17:19,127 - INFO - Scheduler started
2026-08-19 17:22:19,145 - INFO - Running job "LiveRunner.process_cycle (trigger: interval[0:05:00], next run at: 2026-08-19 17:22:19 IST)" (scheduled at 2026-08-19 17:22:19.120469+05:30)
2026-08-19 17:22:19,158 - INFO - [bot-1787137883457-ed10] Starting signal check cycle for BTC/USDT (5m)...
2026-08-19 17:22:19,208 - INFO - Fetching recent candles for BTC/USDT (5m) [Bot: bot-1787137883457-ed10]...
2026-08-19 17:22:19,682 - INFO - Indicators computed | close=64516.20 ema_9=64495.77 ema_20=64470.85 ema_50=64426.50 ema_200=64427.82 macd=29.9957 poc=64325.0 val=63575.0 vah=65050.0
2026-08-19 17:22:19,685 - INFO - [bot-1787137883457-ed10] Evaluating strategy on completed candle: 2026-08-19T11:45:00+00:00 at Close price: 64500.00
2026-08-19 17:22:19,743 - INFO - Confluence Evaluation | Regime: TRENDING (ADX=40.7) | Direction: LONG | BullScore: 82.6% | BearScore: 0.0% | Active: ['ema', 'macd', 'rsi', 'vp']
2026-08-19 17:22:19,776 - INFO - Capping position size 0.971628 BTC to available cash equivalent 0.077519 BTC.
2026-08-19 17:22:19,784 - INFO - [bot-1787137883457-ed10] Signal LONG active pending approval already exists (ID: 14).
2026-08-19 17:22:19,889 - INFO - Logged heartbeat status: OK
2026-08-19 17:22:19,890 - INFO - Job "LiveRunner.process_cycle (trigger: interval[0:05:00], next run at: 2026-08-19 17:27:19 IST)" executed successfully
2026-08-19 17:27:19,146 - INFO - Running job "LiveRunner.process_cycle (trigger: interval[0:05:00], next run at: 2026-08-19 17:32:19 IST)" (scheduled at 2026-08-19 17:27:19.120469+05:30)
2026-08-19 17:27:19,154 - INFO - [bot-1787137883457-ed10] Starting signal check cycle for BTC/USDT (5m)...
2026-08-19 17:27:19,199 - INFO - Fetching recent candles for BTC/USDT (5m) [Bot: bot-1787137883457-ed10]...
2026-08-19 17:27:19,642 - INFO - Indicators computed | close=64515.63 ema_9=64498.57 ema_20=64474.48 ema_50=64429.72 ema_200=64428.62 macd=29.4457 poc=64325.0 val=63575.0 vah=65050.0
2026-08-19 17:27:19,643 - INFO - [bot-1787137883457-ed10] Evaluating strategy on completed candle: 2026-08-19T11:50:00+00:00 at Close price: 64508.84
2026-08-19 17:27:19,756 - INFO - Confluence Evaluation | Regime: TRENDING (ADX=44.0) | Direction: LONG | BullScore: 82.6% | BearScore: 0.0% | Active: ['ema', 'macd', 'rsi', 'vp']
2026-08-19 17:27:19,852 - INFO - Capping position size 0.894775 BTC to available cash equivalent 0.077509 BTC.
2026-08-19 17:27:19,855 - INFO - [bot-1787137883457-ed10] Signal LONG active pending approval already exists (ID: 14).
2026-08-19 17:27:20,070 - INFO - Logged heartbeat status: OK
2026-08-19 17:27:20,071 - INFO - Job "LiveRunner.process_cycle (trigger: interval[0:05:00], next run at: 2026-08-19 17:32:19 IST)" executed successfully
2026-08-19 17:32:19,142 - INFO - Running job "LiveRunner.process_cycle (trigger: interval[0:05:00], next run at: 2026-08-19 17:37:19 IST)" (scheduled at 2026-08-19 17:32:19.120469+05:30)
2026-08-19 17:32:19,148 - INFO - [bot-1787137883457-ed10] Starting signal check cycle for BTC/USDT (5m)...
2026-08-19 17:32:19,200 - INFO - Fetching recent candles for BTC/USDT (5m) [Bot: bot-1787137883457-ed10]...
2026-08-19 17:32:19,877 - INFO - Indicators computed | close=64490.06 ema_9=64496.87 ema_20=64475.97 ema_50=64432.09 ema_200=64429.24 macd=27.0995 poc=64325.0 val=63575.0 vah=65050.0
2026-08-19 17:32:19,878 - INFO - [bot-1787137883457-ed10] Evaluating strategy on completed candle: 2026-08-19T11:55:00+00:00 at Close price: 64515.63
2026-08-19 17:32:19,941 - INFO - Confluence Evaluation | Regime: TRENDING (ADX=47.3) | Direction: LONG | BullScore: 82.6% | BearScore: 0.0% | Active: ['ema', 'macd', 'rsi', 'vp']
2026-08-19 17:32:20,030 - INFO - Capping position size 0.843526 BTC to available cash equivalent 0.077501 BTC.
2026-08-19 17:32:20,089 - INFO - [bot-1787137883457-ed10] Signal LONG active pending approval already exists (ID: 14).
2026-08-19 17:32:20,265 - INFO - Logged heartbeat status: OK
2026-08-19 17:32:20,265 - INFO - Job "LiveRunner.process_cycle (trigger: interval[0:05:00], next run at: 2026-08-19 17:37:19 IST)" executed successfully
2026-08-19 17:37:19,131 - INFO - Running job "LiveRunner.process_cycle (trigger: interval[0:05:00], next run at: 2026-08-19 17:42:19 IST)" (scheduled at 2026-08-19 17:37:19.120469+05:30)
2026-08-19 17:37:19,163 - INFO - [bot-1787137883457-ed10] Starting signal check cycle for BTC/USDT (5m)...
2026-08-19 17:37:19,212 - INFO - Fetching recent candles for BTC/USDT (5m) [Bot: bot-1787137883457-ed10]...
2026-08-19 17:37:19,609 - INFO - Indicators computed | close=64508.61 ema_9=64498.16 ema_20=64478.51 ema_50=64434.84 ema_200=64429.96 macd=26.0263 poc=64325.0 val=63575.0 vah=65050.0
2026-08-19 17:37:19,610 - INFO - [bot-1787137883457-ed10] Evaluating strategy on completed candle: 2026-08-19T12:00:00+00:00 at Close price: 64483.47
2026-08-19 17:37:19,676 - INFO - Confluence Evaluation | Regime: TRENDING (ADX=49.1) | Direction: HOLD | BullScore: 50.0% | BearScore: 0.0% | Active: ['ema', 'macd', 'rsi', 'vp']
2026-08-19 17:37:19,759 - INFO - Signal evaluated: HOLD. Reason/Details: Confluence score: 50% (HOLD)
2026-08-19 17:37:19,948 - INFO - Logged heartbeat status: OK
2026-08-19 17:37:19,948 - INFO - Job "LiveRunner.process_cycle (trigger: interval[0:05:00], next run at: 2026-08-19 17:42:19 IST)" executed successfully
2026-08-19 17:42:19,153 - INFO - Running job "LiveRunner.process_cycle (trigger: interval[0:05:00], next run at: 2026-08-19 17:47:19 IST)" (scheduled at 2026-08-19 17:42:19.120469+05:30)
2026-08-19 17:42:19,159 - INFO - [bot-1787137883457-ed10] Starting signal check cycle for BTC/USDT (5m)...
2026-08-19 17:42:19,204 - INFO - Fetching recent candles for BTC/USDT (5m) [Bot: bot-1787137883457-ed10]...
2026-08-19 17:42:19,586 - INFO - Indicators computed | close=64494.02 ema_9=64496.52 ema_20=64479.55 ema_50=64436.97 ema_200=64430.55 macd=23.8253 poc=64325.0 val=63575.0 vah=65050.0
2026-08-19 17:42:19,587 - INFO - [bot-1787137883457-ed10] Evaluating strategy on completed candle: 2026-08-19T12:05:00+00:00 at Close price: 64503.55
2026-08-19 17:42:19,647 - INFO - Confluence Evaluation | Regime: TRENDING (ADX=48.3) | Direction: HOLD | BullScore: 50.0% | BearScore: 0.0% | Active: ['ema', 'macd', 'rsi', 'vp']
2026-08-19 17:42:19,708 - INFO - Signal evaluated: HOLD. Reason/Details: Confluence score: 50% (HOLD)
2026-08-19 17:42:19,929 - INFO - Logged heartbeat status: OK
2026-08-19 17:42:19,929 - INFO - Job "LiveRunner.process_cycle (trigger: interval[0:05:00], next run at: 2026-08-19 17:47:19 IST)" executed successfully
2026-08-19 17:47:19,150 - INFO - Running job "LiveRunner.process_cycle (trigger: interval[0:05:00], next run at: 2026-08-19 17:52:19 IST)" (scheduled at 2026-08-19 17:47:19.120469+05:30)
2026-08-19 17:47:19,156 - INFO - [bot-1787137883457-ed10] Starting signal check cycle for BTC/USDT (5m)...
2026-08-19 17:47:19,200 - INFO - Fetching recent candles for BTC/USDT (5m) [Bot: bot-1787137883457-ed10]...
2026-08-19 17:47:19,600 - INFO - Indicators computed | close=64502.85 ema_9=64499.67 ema_20=64482.78 ema_50=64440.00 ema_200=64431.38 macd=23.5755 poc=64325.0 val=63575.0 vah=65050.0
2026-08-19 17:47:19,601 - INFO - [bot-1787137883457-ed10] Evaluating strategy on completed candle: 2026-08-19T12:10:00+00:00 at Close price: 64505.80
2026-08-19 17:47:19,662 - INFO - Confluence Evaluation | Regime: TRENDING (ADX=45.7) | Direction: HOLD | BullScore: 50.0% | BearScore: 0.0% | Active: ['ema', 'macd', 'rsi', 'vp']
2026-08-19 17:47:19,759 - INFO - Signal evaluated: HOLD. Reason/Details: Confluence score: 50% (HOLD)
2026-08-19 17:47:20,026 - INFO - Logged heartbeat status: OK
2026-08-19 17:47:20,026 - INFO - Job "LiveRunner.process_cycle (trigger: interval[0:05:00], next run at: 2026-08-19 17:52:19 IST)" executed successfully
2026-08-19 17:52:19,138 - INFO - Running job "LiveRunner.process_cycle (trigger: interval[0:05:00], next run at: 2026-08-19 17:57:19 IST)" (scheduled at 2026-08-19 17:52:19.120469+05:30)
2026-08-19 17:52:19,145 - INFO - [bot-1787137883457-ed10] Starting signal check cycle for BTC/USDT (5m)...
2026-08-19 17:52:19,192 - INFO - Fetching recent candles for BTC/USDT (5m) [Bot: bot-1787137883457-ed10]...
2026-08-19 17:52:19,570 - INFO - Indicators computed | close=64496.90 ema_9=64498.86 ema_20=64483.99 ema_50=64442.17 ema_200=64432.02 macd=21.8017 poc=64325.0 val=63575.0 vah=65050.0
2026-08-19 17:52:19,571 - INFO - [bot-1787137883457-ed10] Evaluating strategy on completed candle: 2026-08-19T12:15:00+00:00 at Close price: 64501.25
2026-08-19 17:52:19,636 - INFO - Confluence Evaluation | Regime: TRENDING (ADX=44.8) | Direction: HOLD | BullScore: 32.6% | BearScore: 17.4% | Active: ['ema', 'macd', 'rsi', 'vp']
2026-08-19 17:52:19,695 - INFO - Signal evaluated: HOLD. Reason/Details: Confluence score: 33% (HOLD)
2026-08-19 17:52:19,887 - INFO - Logged heartbeat status: OK
2026-08-19 17:52:19,887 - INFO - Job "LiveRunner.process_cycle (trigger: interval[0:05:00], next run at: 2026-08-19 17:57:19 IST)" executed successfully
2026-08-19 17:57:19,155 - INFO - Running job "LiveRunner.process_cycle (trigger: interval[0:05:00], next run at: 2026-08-19 18:02:19 IST)" (scheduled at 2026-08-19 17:57:19.120469+05:30)
2026-08-19 17:57:19,164 - INFO - [bot-1787137883457-ed10] Starting signal check cycle for BTC/USDT (5m)...
2026-08-19 17:57:19,211 - INFO - Fetching recent candles for BTC/USDT (5m) [Bot: bot-1787137883457-ed10]...
2026-08-19 17:57:19,649 - INFO - Indicators computed | close=64499.07 ema_9=64499.25 ema_20=64485.61 ema_50=64444.48 ema_200=64432.71 macd=20.5696 poc=64325.0 val=63575.0 vah=65050.0
2026-08-19 17:57:19,650 - INFO - [bot-1787137883457-ed10] Evaluating strategy on completed candle: 2026-08-19T12:20:00+00:00 at Close price: 64499.06
2026-08-19 17:57:19,721 - INFO - Confluence Evaluation | Regime: TRENDING (ADX=44.1) | Direction: HOLD | BullScore: 32.6% | BearScore: 17.4% | Active: ['ema', 'macd', 'rsi', 'vp']
2026-08-19 17:57:19,844 - INFO - Signal evaluated: HOLD. Reason/Details: Confluence score: 33% (HOLD)
2026-08-19 17:57:20,333 - INFO - Logged heartbeat status: OK
2026-08-19 17:57:20,333 - INFO - Job "LiveRunner.process_cycle (trigger: interval[0:05:00], next run at: 2026-08-19 18:02:19 IST)" executed successfully
/Users/ashishparadkar/Downloads/algo-code-main/.venv/lib/python3.9/site-packages/urllib3/__init__.py:35: NotOpenSSLWarning: urllib3 v2 only supports OpenSSL 1.1.1+, currently the 'ssl' module is compiled with 'LibreSSL 2.8.3'. See: https://github.com/urllib3/urllib3/issues/3020
  warnings.warn(
2026-08-19 18:38:00,043 - INFO - Telegram notification service initialized successfully (Chat ID: 5657...)
2026-08-19 18:38:00,059 - INFO - Initializing scheduled trading bot live runner for bot-1787137883457-ed10...
2026-08-19 18:38:00,185 - INFO - SQLite database tables verified/created.
2026-08-19 18:38:00,292 - INFO - Initializing CCXT Binance in TESTNET mode.
2026-08-19 18:38:04,065 - INFO - Initializing CCXT Binance in MAINNET mode (Public endpoints).
2026-08-19 18:38:04,281 - INFO - [bot-1787137883457-ed10] Starting signal check cycle for BTC/USDT (5m)...
2026-08-19 18:38:04,366 - INFO - Fetching recent candles for BTC/USDT (5m) [Bot: bot-1787137883457-ed10]...
2026-08-19 18:38:14,974 - INFO - Indicators computed | close=64839.99 ema_9=64786.67 ema_20=64681.16 ema_50=64551.94 ema_200=64463.61 macd=109.1301 poc=64325.0 val=63575.0 vah=65050.0
2026-08-19 18:38:14,999 - INFO - [bot-1787137883457-ed10] Evaluating strategy on completed candle: 2026-08-19T13:00:00+00:00 at Close price: 64800.96
2026-08-19 18:38:15,120 - INFO - Confluence Evaluation | Regime: TRENDING (ADX=44.9) | Direction: LONG | BullScore: 82.6% | BearScore: 17.4% | Active: ['ema', 'macd', 'rsi', 'vp']
2026-08-19 18:38:15,189 - INFO - Capping position size 0.632591 BTC to available cash equivalent 0.077159 BTC.
2026-08-19 18:38:15,261 - INFO - Created pending signal approval ID 21 for bot bot-1787137883457-ed10 (LONG @ $64800.96, status: WAITING_APPROVAL)
2026-08-19 18:38:15,315 - INFO - [bot-1787137883457-ed10] Signal LONG generated (ID: 21). Waiting for manual user approval.
2026-08-19 18:38:15,546 - INFO - Logged heartbeat status: OK
2026-08-19 18:38:15,556 - INFO - Adding job tentatively -- it will be properly scheduled when the scheduler starts
2026-08-19 18:38:15,557 - INFO - Bot bot-1787137883457-ed10 scheduled to check every 5 minutes.
2026-08-19 18:38:15,558 - INFO - Added job "LiveRunner.process_cycle" to job store "default"
2026-08-19 18:38:15,558 - INFO - Scheduler started
2026-08-19 18:43:15,594 - INFO - Running job "LiveRunner.process_cycle (trigger: interval[0:05:00], next run at: 2026-08-19 18:43:15 IST)" (scheduled at 2026-08-19 18:43:15.556752+05:30)
2026-08-19 18:43:15,623 - INFO - [bot-1787137883457-ed10] Starting signal check cycle for BTC/USDT (5m)...
2026-08-19 18:43:15,668 - INFO - Fetching recent candles for BTC/USDT (5m) [Bot: bot-1787137883457-ed10]...
2026-08-19 18:43:16,335 - INFO - Indicators computed | close=64977.66 ema_9=64829.63 ema_20=64711.96 ema_50=64569.76 ema_200=64469.01 macd=120.8661 poc=64325.0 val=63600.0 vah=65050.0
2026-08-19 18:43:16,339 - INFO - [bot-1787137883457-ed10] Evaluating strategy on completed candle: 2026-08-19T13:05:00+00:00 at Close price: 64869.77
2026-08-19 18:43:16,389 - INFO - Confluence Evaluation | Regime: TRENDING (ADX=45.3) | Direction: LONG | BullScore: 82.6% | BearScore: 17.4% | Active: ['ema', 'macd', 'rsi', 'vp']
2026-08-19 18:43:16,421 - INFO - Capping position size 0.707864 BTC to available cash equivalent 0.077078 BTC.
2026-08-19 18:43:16,575 - INFO - [bot-1787137883457-ed10] Signal LONG active pending approval already exists (ID: 21).
2026-08-19 18:43:16,732 - INFO - Logged heartbeat status: OK
2026-08-19 18:43:16,733 - INFO - Job "LiveRunner.process_cycle (trigger: interval[0:05:00], next run at: 2026-08-19 18:48:15 IST)" executed successfully
2026-08-19 18:48:15,569 - INFO - Running job "LiveRunner.process_cycle (trigger: interval[0:05:00], next run at: 2026-08-19 18:53:15 IST)" (scheduled at 2026-08-19 18:48:15.556752+05:30)
2026-08-19 18:48:15,576 - INFO - [bot-1787137883457-ed10] Starting signal check cycle for BTC/USDT (5m)...
2026-08-19 18:48:15,618 - INFO - Fetching recent candles for BTC/USDT (5m) [Bot: bot-1787137883457-ed10]...
2026-08-19 18:48:15,983 - INFO - Indicators computed | close=64937.68 ema_9=64842.10 ema_20=64728.53 ema_50=64582.04 ema_200=64473.11 macd=120.1144 poc=64325.0 val=63600.0 vah=65050.0
2026-08-19 18:48:15,987 - INFO - [bot-1787137883457-ed10] Evaluating strategy on completed candle: 2026-08-19T13:10:00+00:00 at Close price: 64920.53
2026-08-19 18:48:16,092 - INFO - Confluence Evaluation | Regime: TRENDING (ADX=47.0) | Direction: LONG | BullScore: 82.6% | BearScore: 17.4% | Active: ['ema', 'macd', 'rsi', 'vp']
2026-08-19 18:48:16,175 - INFO - Capping position size 0.520752 BTC to available cash equivalent 0.077017 BTC.
2026-08-19 18:48:16,178 - INFO - [bot-1787137883457-ed10] Signal LONG active pending approval already exists (ID: 21).
2026-08-19 18:48:16,226 - INFO - Logged heartbeat status: OK
2026-08-19 18:48:16,226 - INFO - Job "LiveRunner.process_cycle (trigger: interval[0:05:00], next run at: 2026-08-19 18:53:15 IST)" executed successfully
/Users/ashishparadkar/Downloads/algo-code-main/.venv/lib/python3.9/site-packages/urllib3/__init__.py:35: NotOpenSSLWarning: urllib3 v2 only supports OpenSSL 1.1.1+, currently the 'ssl' module is compiled with 'LibreSSL 2.8.3'. See: https://github.com/urllib3/urllib3/issues/3020
  warnings.warn(
2026-08-19 18:52:48,579 - INFO - Telegram notification service initialized successfully (Chat ID: 5657...)
2026-08-19 18:52:48,592 - INFO - Initializing scheduled trading bot live runner for bot-1787137883457-ed10...
2026-08-19 18:52:48,745 - INFO - SQLite database tables verified/created.
2026-08-19 18:52:48,877 - INFO - Initializing CCXT Binance in TESTNET mode.
2026-08-19 18:52:54,517 - INFO - Initializing CCXT Binance in MAINNET mode (Public endpoints).
2026-08-19 18:52:54,717 - INFO - [bot-1787137883457-ed10] Starting signal check cycle for BTC/USDT (5m)...
2026-08-19 18:52:54,726 - INFO - Fetching recent candles for BTC/USDT (5m) [Bot: bot-1787137883457-ed10]...
