/Users/ashishparadkar/Downloads/algo-code-main/.venv/lib/python3.9/site-packages/urllib3/__init__.py:35: NotOpenSSLWarning: urllib3 v2 only supports OpenSSL 1.1.1+, currently the 'ssl' module is compiled with 'LibreSSL 2.8.3'. See: https://github.com/urllib3/urllib3/issues/3020
  warnings.warn(
/Users/ashishparadkar/Downloads/algo-code-main/.venv/lib/python3.9/site-packages/urllib3/__init__.py:35: NotOpenSSLWarning: urllib3 v2 only supports OpenSSL 1.1.1+, currently the 'ssl' module is compiled with 'LibreSSL 2.8.3'. See: https://github.com/urllib3/urllib3/issues/3020
  warnings.warn(
2026-08-21 21:41:05,843 - INFO - Bot state startup reconciliation finished: 0 bot(s) reconciled to STOPPED.
2026-08-21 21:41:15,802 - INFO - Telegram notification service initialized successfully (Chat ID: 5657...)
2026-08-21 21:41:18,265 - INFO - Initializing scheduled trading bot live runner for bot-1787316174811-49c6...
2026-08-21 21:41:22,161 - INFO - SQLite database tables verified/created.
2026-08-21 21:41:24,540 - INFO - Initializing CCXT Binance in TESTNET mode.
2026-08-21 21:45:38,209 - INFO - [bot-1787316174811-49c6] Pre-flight instrument resolved: BTC/USDT (SPOT via binance_spot)
2026-08-21 21:45:45,046 - INFO - [bot-1787316174811-49c6] Starting signal check cycle for BTC/USDT (5m)...
2026-08-21 21:45:46,502 - INFO - Fetching recent candles for BTC/USDT (5m) [Bot: bot-1787316174811-49c6] via ProviderManager...
2026-08-21 21:58:30,627 - ERROR - Binance Spot Network Error: binance GET https://api.binance.com/api/v3/klines?interval=5m&limit=1000&symbol=BTCUSDT
--- Logging error ---
Traceback (most recent call last):
  File "/Users/ashishparadkar/Downloads/algo-code-main/.venv/lib/python3.9/site-packages/urllib3/connectionpool.py", line 787, in urlopen
    response = self._make_request(
  File "/Users/ashishparadkar/Downloads/algo-code-main/.venv/lib/python3.9/site-packages/urllib3/connectionpool.py", line 488, in _make_request
    raise new_e
  File "/Users/ashishparadkar/Downloads/algo-code-main/.venv/lib/python3.9/site-packages/urllib3/connectionpool.py", line 464, in _make_request
    self._validate_conn(conn)
  File "/Users/ashishparadkar/Downloads/algo-code-main/.venv/lib/python3.9/site-packages/urllib3/connectionpool.py", line 1093, in _validate_conn
    conn.connect()
  File "/Users/ashishparadkar/Downloads/algo-code-main/.venv/lib/python3.9/site-packages/urllib3/connection.py", line 796, in connect
    sock_and_verified = _ssl_wrap_socket_and_match_hostname(
  File "/Users/ashishparadkar/Downloads/algo-code-main/.venv/lib/python3.9/site-packages/urllib3/connection.py", line 975, in _ssl_wrap_socket_and_match_hostname
    ssl_sock = ssl_wrap_socket(
  File "/Users/ashishparadkar/Downloads/algo-code-main/.venv/lib/python3.9/site-packages/urllib3/util/ssl_.py", line 483, in ssl_wrap_socket
    ssl_sock = _ssl_wrap_socket_impl(sock, context, tls_in_tls, server_hostname)
  File "/Users/ashishparadkar/Downloads/algo-code-main/.venv/lib/python3.9/site-packages/urllib3/util/ssl_.py", line 527, in _ssl_wrap_socket_impl
    return ssl_context.wrap_socket(sock, server_hostname=server_hostname)
  File "/Library/Developer/CommandLineTools/Library/Frameworks/Python3.framework/Versions/3.9/lib/python3.9/ssl.py", line 500, in wrap_socket
    return self.sslsocket_class._create(
  File "/Library/Developer/CommandLineTools/Library/Frameworks/Python3.framework/Versions/3.9/lib/python3.9/ssl.py", line 1019, in _create
    self.getpeername()
OSError: [Errno 22] Invalid argument

During handling of the above exception, another exception occurred:

Traceback (most recent call last):
  File "/Users/ashishparadkar/Downloads/algo-code-main/.venv/lib/python3.9/site-packages/requests/adapters.py", line 644, in send
    resp = conn.urlopen(
  File "/Users/ashishparadkar/Downloads/algo-code-main/.venv/lib/python3.9/site-packages/urllib3/connectionpool.py", line 841, in urlopen
    retries = retries.increment(
  File "/Users/ashishparadkar/Downloads/algo-code-main/.venv/lib/python3.9/site-packages/urllib3/util/retry.py", line 490, in increment
    raise reraise(type(error), error, _stacktrace)
  File "/Users/ashishparadkar/Downloads/algo-code-main/.venv/lib/python3.9/site-packages/urllib3/util/util.py", line 38, in reraise
    raise value.with_traceback(tb)
  File "/Users/ashishparadkar/Downloads/algo-code-main/.venv/lib/python3.9/site-packages/urllib3/connectionpool.py", line 787, in urlopen
    response = self._make_request(
  File "/Users/ashishparadkar/Downloads/algo-code-main/.venv/lib/python3.9/site-packages/urllib3/connectionpool.py", line 488, in _make_request
    raise new_e
  File "/Users/ashishparadkar/Downloads/algo-code-main/.venv/lib/python3.9/site-packages/urllib3/connectionpool.py", line 464, in _make_request
    self._validate_conn(conn)
  File "/Users/ashishparadkar/Downloads/algo-code-main/.venv/lib/python3.9/site-packages/urllib3/connectionpool.py", line 1093, in _validate_conn
    conn.connect()
  File "/Users/ashishparadkar/Downloads/algo-code-main/.venv/lib/python3.9/site-packages/urllib3/connection.py", line 796, in connect
    sock_and_verified = _ssl_wrap_socket_and_match_hostname(
  File "/Users/ashishparadkar/Downloads/algo-code-main/.venv/lib/python3.9/site-packages/urllib3/connection.py", line 975, in _ssl_wrap_socket_and_match_hostname
    ssl_sock = ssl_wrap_socket(
  File "/Users/ashishparadkar/Downloads/algo-code-main/.venv/lib/python3.9/site-packages/urllib3/util/ssl_.py", line 483, in ssl_wrap_socket
    ssl_sock = _ssl_wrap_socket_impl(sock, context, tls_in_tls, server_hostname)
  File "/Users/ashishparadkar/Downloads/algo-code-main/.venv/lib/python3.9/site-packages/urllib3/util/ssl_.py", line 527, in _ssl_wrap_socket_impl
    return ssl_context.wrap_socket(sock, server_hostname=server_hostname)
  File "/Library/Developer/CommandLineTools/Library/Frameworks/Python3.framework/Versions/3.9/lib/python3.9/ssl.py", line 500, in wrap_socket
    return self.sslsocket_class._create(
  File "/Library/Developer/CommandLineTools/Library/Frameworks/Python3.framework/Versions/3.9/lib/python3.9/ssl.py", line 1019, in _create
    self.getpeername()
urllib3.exceptions.ProtocolError: ('Connection aborted.', OSError(22, 'Invalid argument'))

During handling of the above exception, another exception occurred:

Traceback (most recent call last):
  File "/Users/ashishparadkar/Downloads/algo-code-main/.venv/lib/python3.9/site-packages/ccxt/base/exchange.py", line 665, in fetch
    response = self.session.request(
  File "/Users/ashishparadkar/Downloads/algo-code-main/.venv/lib/python3.9/site-packages/requests/sessions.py", line 589, in request
    resp = self.send(prep, **send_kwargs)
  File "/Users/ashishparadkar/Downloads/algo-code-main/.venv/lib/python3.9/site-packages/requests/sessions.py", line 703, in send
    r = adapter.send(request, **kwargs)
  File "/Users/ashishparadkar/Downloads/algo-code-main/.venv/lib/python3.9/site-packages/requests/adapters.py", line 659, in send
    raise ConnectionError(err, request=request)
requests.exceptions.ConnectionError: ('Connection aborted.', OSError(22, 'Invalid argument'))

The above exception was the direct cause of the following exception:

Traceback (most recent call last):
  File "/Users/ashishparadkar/Downloads/algo-code-main/src/provider_manager.py", line 351, in fetch_ohlcv_safe
    df = adapter.fetch_ohlcv(instrument, timeframe, limit=limit)
  File "/Users/ashishparadkar/Downloads/algo-code-main/src/provider_manager.py", line 211, in fetch_ohlcv
    raise net_err
  File "/Users/ashishparadkar/Downloads/algo-code-main/src/provider_manager.py", line 183, in fetch_ohlcv
    raw_candles = self.exchange.fetch_ohlcv(
  File "/Users/ashishparadkar/Downloads/algo-code-main/.venv/lib/python3.9/site-packages/ccxt/binance.py", line 4759, in fetch_ohlcv
    response = self.publicGetKlines(self.extend(request, params))
  File "/Users/ashishparadkar/Downloads/algo-code-main/.venv/lib/python3.9/site-packages/ccxt/base/types.py", line 35, in unbound_method
    return _self.request(self.path, self.api, self.method, params, config=self.config)
  File "/Users/ashishparadkar/Downloads/algo-code-main/.venv/lib/python3.9/site-packages/ccxt/binance.py", line 11724, in request
    response = self.fetch2(path, api, method, params, headers, body, config)
  File "/Users/ashishparadkar/Downloads/algo-code-main/.venv/lib/python3.9/site-packages/ccxt/base/exchange.py", line 5566, in fetch2
    raise e
  File "/Users/ashishparadkar/Downloads/algo-code-main/.venv/lib/python3.9/site-packages/ccxt/base/exchange.py", line 5549, in fetch2
    response = self.fetch(request['url'], request['method'], request['headers'], request['body'])
  File "/Users/ashishparadkar/Downloads/algo-code-main/.venv/lib/python3.9/site-packages/ccxt/base/exchange.py", line 721, in fetch
    raise NetworkError(details) from e
ccxt.base.errors.NetworkError: binance GET https://api.binance.com/api/v3/klines?interval=5m&limit=1000&symbol=BTCUSDT

During handling of the above exception, another exception occurred:

Traceback (most recent call last):
  File "/Library/Developer/CommandLineTools/Library/Frameworks/Python3.framework/Versions/3.9/lib/python3.9/logging/__init__.py", line 1083, in emit
    msg = self.format(record)
  File "/Library/Developer/CommandLineTools/Library/Frameworks/Python3.framework/Versions/3.9/lib/python3.9/logging/__init__.py", line 927, in format
    return fmt.format(record)
  File "/Library/Developer/CommandLineTools/Library/Frameworks/Python3.framework/Versions/3.9/lib/python3.9/logging/__init__.py", line 663, in format
    record.message = record.getMessage()
  File "/Library/Developer/CommandLineTools/Library/Frameworks/Python3.framework/Versions/3.9/lib/python3.9/logging/__init__.py", line 367, in getMessage
    msg = msg % self.args
TypeError: must be real number, not NetworkError
Call stack:
  File "/Users/ashishparadkar/Downloads/algo-code-main/src/live_runner.py", line 652, in <module>
    main()
  File "/Users/ashishparadkar/Downloads/algo-code-main/src/live_runner.py", line 627, in main
    runner.process_cycle()
  File "/Users/ashishparadkar/Downloads/algo-code-main/src/live_runner.py", line 199, in process_cycle
    df, _ = self.provider_manager.fetch_ohlcv_safe(self.symbol, self.timeframe, limit=1000)
  File "/Users/ashishparadkar/Downloads/algo-code-main/src/provider_manager.py", line 362, in fetch_ohlcv_safe
    logger.warning(
Message: 'Retryable network failure for %s (Attempt %d/%d). Backing off %.2fs: %s'
Arguments: ('BTC/USDT', 1, 3, NetworkError('binance GET https://api.binance.com/api/v3/klines?interval=5m&limit=1000&symbol=BTCUSDT'))
2026-08-21 22:00:47,415 - INFO - Indicators computed | close=77367.99 ema_9=77211.85 ema_20=77257.30 ema_50=77231.13 ema_200=76093.36 macd=-24.8761 poc=64250.0 val=64025.0 vah=74400.0
2026-08-21 22:00:47,937 - INFO - [bot-1787316174811-49c6] Evaluating strategy on completed candle: 2026-08-21 16:20:00+00:00 at Close price: 77150.00
2026-08-21 22:00:52,235 - INFO - Confluence Evaluation | Regime: TRENDING (ADX=38.1) | Direction: HOLD | BullScore: 0.0% | BearScore: 67.4% | Active: ['ema', 'macd', 'rsi', 'vp']
2026-08-21 22:00:54,161 - INFO - Signal evaluated: HOLD. Reason/Details: Confluence score: 67% (HOLD)
2026-08-21 22:00:55,741 - INFO - Logged heartbeat status: OK
2026-08-21 22:01:00,659 - INFO - Adding job tentatively -- it will be properly scheduled when the scheduler starts
2026-08-21 22:01:00,676 - INFO - Bot bot-1787316174811-49c6 scheduled to check every 5 minutes.
2026-08-21 22:01:02,416 - INFO - Added job "LiveRunner.process_cycle" to job store "default"
2026-08-21 22:01:02,427 - INFO - Scheduler started
2026-08-21 22:05:59,836 - INFO - Running job "LiveRunner.process_cycle (trigger: interval[0:05:00], next run at: 2026-08-21 22:10:59 IST)" (scheduled at 2026-08-21 22:05:59.795244+05:30)
2026-08-21 22:05:59,862 - INFO - [bot-1787316174811-49c6] Starting signal check cycle for BTC/USDT (5m)...
2026-08-21 22:05:59,956 - INFO - Fetching recent candles for BTC/USDT (5m) [Bot: bot-1787316174811-49c6] via ProviderManager...
2026-08-21 22:06:02,062 - INFO - Indicators computed | close=77327.48 ema_9=77257.21 ema_20=77272.18 ema_50=77239.51 ema_200=76118.06 macd=-6.5940 poc=69350.0 val=64025.0 vah=74475.0
2026-08-21 22:06:02,064 - INFO - [bot-1787316174811-49c6] Evaluating strategy on completed candle: 2026-08-21 16:30:00+00:00 at Close price: 77338.12
2026-08-21 22:06:02,163 - INFO - Confluence Evaluation | Regime: TRENDING (ADX=39.7) | Direction: HOLD | BullScore: 32.6% | BearScore: 67.4% | Active: ['ema', 'macd', 'rsi', 'vp']
2026-08-21 22:06:02,262 - INFO - Signal evaluated: HOLD. Reason/Details: Confluence score: 67% (HOLD)
2026-08-21 22:06:02,464 - INFO - Logged heartbeat status: OK
2026-08-21 22:06:02,468 - INFO - Job "LiveRunner.process_cycle (trigger: interval[0:05:00], next run at: 2026-08-21 22:10:59 IST)" executed successfully
2026-08-21 22:11:00,024 - INFO - Running job "LiveRunner.process_cycle (trigger: interval[0:05:00], next run at: 2026-08-21 22:15:59 IST)" (scheduled at 2026-08-21 22:10:59.795244+05:30)
2026-08-21 22:11:00,252 - INFO - [bot-1787316174811-49c6] Starting signal check cycle for BTC/USDT (5m)...
2026-08-21 22:11:00,318 - INFO - Fetching recent candles for BTC/USDT (5m) [Bot: bot-1787316174811-49c6] via ProviderManager...
2026-08-21 22:11:01,600 - INFO - Indicators computed | close=77303.99 ema_9=77264.78 ema_20=77274.25 ema_50=77241.62 ema_200=76129.75 macd=-3.5306 poc=69350.0 val=64025.0 vah=74475.0
2026-08-21 22:11:01,619 - INFO - [bot-1787316174811-49c6] Evaluating strategy on completed candle: 2026-08-21 16:35:00+00:00 at Close price: 77316.28
2026-08-21 22:11:01,875 - INFO - Confluence Evaluation | Regime: TRENDING (ADX=39.7) | Direction: HOLD | BullScore: 32.6% | BearScore: 67.4% | Active: ['ema', 'macd', 'rsi', 'vp']
2026-08-21 22:11:01,984 - INFO - Signal evaluated: HOLD. Reason/Details: Confluence score: 67% (HOLD)
2026-08-21 22:11:02,217 - INFO - Logged heartbeat status: OK
2026-08-21 22:11:02,220 - INFO - Job "LiveRunner.process_cycle (trigger: interval[0:05:00], next run at: 2026-08-21 22:15:59 IST)" executed successfully
2026-08-21 22:15:59,885 - INFO - Running job "LiveRunner.process_cycle (trigger: interval[0:05:00], next run at: 2026-08-21 22:20:59 IST)" (scheduled at 2026-08-21 22:15:59.795244+05:30)
2026-08-21 22:16:00,004 - INFO - [bot-1787316174811-49c6] Starting signal check cycle for BTC/USDT (5m)...
2026-08-21 22:16:00,156 - INFO - Fetching recent candles for BTC/USDT (5m) [Bot: bot-1787316174811-49c6] via ProviderManager...
2026-08-21 22:16:00,792 - INFO - Indicators computed | close=77325.53 ema_9=77286.22 ema_20=77284.13 ema_50=77247.10 ema_200=76142.22 macd=4.9033 poc=69350.0 val=64025.0 vah=74500.0
2026-08-21 22:16:00,799 - INFO - [bot-1787316174811-49c6] Evaluating strategy on completed candle: 2026-08-21 16:40:00+00:00 at Close price: 77362.04
2026-08-21 22:16:00,899 - INFO - Confluence Evaluation | Regime: TRENDING (ADX=40.2) | Direction: HOLD | BullScore: 32.6% | BearScore: 34.8% | Active: ['ema', 'macd', 'rsi', 'vp']
2026-08-21 22:16:00,977 - INFO - Signal evaluated: HOLD. Reason/Details: Confluence score: 35% (HOLD)
2026-08-21 22:16:01,160 - INFO - Logged heartbeat status: OK
2026-08-21 22:16:01,161 - INFO - Job "LiveRunner.process_cycle (trigger: interval[0:05:00], next run at: 2026-08-21 22:20:59 IST)" executed successfully
2026-08-21 22:20:59,848 - INFO - Running job "LiveRunner.process_cycle (trigger: interval[0:05:00], next run at: 2026-08-21 22:25:59 IST)" (scheduled at 2026-08-21 22:20:59.795244+05:30)
2026-08-21 22:20:59,913 - INFO - [bot-1787316174811-49c6] Starting signal check cycle for BTC/USDT (5m)...
2026-08-21 22:20:59,980 - INFO - Fetching recent candles for BTC/USDT (5m) [Bot: bot-1787316174811-49c6] via ProviderManager...
2026-08-21 22:21:00,523 - INFO - Indicators computed | close=77533.99 ema_9=77368.52 ema_20=77325.56 ema_50=77266.06 ema_200=76158.08 macd=37.0615 poc=69350.0 val=64025.0 vah=74525.0
2026-08-21 22:21:00,526 - INFO - [bot-1787316174811-49c6] Evaluating strategy on completed candle: 2026-08-21 16:45:00+00:00 at Close price: 77530.19
2026-08-21 22:21:00,747 - INFO - LONG signal blocked | Location blocked (Close 77530.19 outside Value Area [62744.50 - 76015.50], VAL=64025.00, VAH=74525.00) | context={'close': 77530.19, 'ema_9': 77327.14786556269, 'ema_20': 77303.62543003306, 'ema_50': 77255.12450110391, 'ema_200': 76144.25262187838, 'macd_line': 21.229475276821177, 'macd_signal': 6.32280964717363, 'macd_hist': 14.906665629647547, 'poc': np.float64(69350.0), 'val': np.float64(64025.0), 'vah': np.float64(74525.0)}
2026-08-21 22:21:00,765 - INFO - Confluence Evaluation | Regime: TRENDING (ADX=39.6) | Direction: HOLD | BullScore: 65.2% | BearScore: 34.8% | Active: ['ema', 'macd', 'rsi', 'vp']
2026-08-21 22:21:00,909 - INFO - Signal evaluated: HOLD. Reason/Details: LONG setup blocked: Location blocked (Close 77530.19 outside Value Area [62744.50 - 76015.50], VAL=64025.00, VAH=74525.00)
2026-08-21 22:21:01,363 - INFO - Logged heartbeat status: OK
2026-08-21 22:21:01,366 - INFO - Job "LiveRunner.process_cycle (trigger: interval[0:05:00], next run at: 2026-08-21 22:25:59 IST)" executed successfully
2026-08-21 22:25:59,852 - INFO - Running job "LiveRunner.process_cycle (trigger: interval[0:05:00], next run at: 2026-08-21 22:30:59 IST)" (scheduled at 2026-08-21 22:25:59.795244+05:30)
2026-08-21 22:25:59,911 - INFO - [bot-1787316174811-49c6] Starting signal check cycle for BTC/USDT (5m)...
2026-08-21 22:25:59,976 - INFO - Fetching recent candles for BTC/USDT (5m) [Bot: bot-1787316174811-49c6] via ProviderManager...
2026-08-21 22:26:00,700 - INFO - Indicators computed | close=77471.91 ema_9=77378.96 ema_20=77333.99 ema_50=77271.72 ema_200=76170.52 macd=40.1498 poc=69350.0 val=64025.0 vah=74525.0
2026-08-21 22:26:00,702 - INFO - [bot-1787316174811-49c6] Evaluating strategy on completed candle: 2026-08-21 16:50:00+00:00 at Close price: 77470.00
2026-08-21 22:26:00,800 - INFO - Confluence Evaluation | Regime: TRENDING (ADX=39.0) | Direction: HOLD | BullScore: 65.2% | BearScore: 34.8% | Active: ['ema', 'macd', 'rsi', 'vp']
2026-08-21 22:26:00,894 - INFO - Signal evaluated: HOLD. Reason/Details: Confluence score: 65% (HOLD)
2026-08-21 22:26:01,063 - INFO - Logged heartbeat status: OK
2026-08-21 22:26:01,063 - INFO - Job "LiveRunner.process_cycle (trigger: interval[0:05:00], next run at: 2026-08-21 22:30:59 IST)" executed successfully
2026-08-21 22:30:59,873 - INFO - Running job "LiveRunner.process_cycle (trigger: interval[0:05:00], next run at: 2026-08-21 22:35:59 IST)" (scheduled at 2026-08-21 22:30:59.795244+05:30)
2026-08-21 22:30:59,944 - INFO - [bot-1787316174811-49c6] Starting signal check cycle for BTC/USDT (5m)...
2026-08-21 22:30:59,999 - INFO - Fetching recent candles for BTC/USDT (5m) [Bot: bot-1787316174811-49c6] via ProviderManager...
2026-08-21 22:31:00,778 - INFO - Indicators computed | close=77538.82 ema_9=77413.19 ema_20=77354.71 ema_50=77282.73 ema_200=76184.28 macd=52.3171 poc=69350.0 val=64025.0 vah=74550.0
2026-08-21 22:31:00,788 - INFO - [bot-1787316174811-49c6] Evaluating strategy on completed candle: 2026-08-21 16:55:00+00:00 at Close price: 77486.01
2026-08-21 22:31:01,080 - INFO - Confluence Evaluation | Regime: TRENDING (ADX=37.1) | Direction: LONG | BullScore: 82.6% | BearScore: 17.4% | Active: ['ema', 'macd', 'rsi', 'vp']
2026-08-21 22:31:01,259 - INFO - Capping position size 0.927013 BTC to available cash equivalent 0.193583 BTC.
2026-08-21 22:31:01,370 - INFO - Created pending signal approval ID 242 for bot bot-1787316174811-49c6 (LONG @ $77486.01, status: WAITING_APPROVAL)
2026-08-21 22:31:01,453 - INFO - [bot-1787316174811-49c6] Signal LONG generated (ID: 242). Waiting for manual user approval.
2026-08-21 22:31:01,761 - INFO - Logged heartbeat status: OK
2026-08-21 22:31:01,762 - INFO - Job "LiveRunner.process_cycle (trigger: interval[0:05:00], next run at: 2026-08-21 22:35:59 IST)" executed successfully
2026-08-21 22:35:59,816 - INFO - Running job "LiveRunner.process_cycle (trigger: interval[0:05:00], next run at: 2026-08-21 22:40:59 IST)" (scheduled at 2026-08-21 22:35:59.795244+05:30)
2026-08-21 22:35:59,905 - INFO - [bot-1787316174811-49c6] Starting signal check cycle for BTC/USDT (5m)...
2026-08-21 22:35:59,949 - INFO - Fetching recent candles for BTC/USDT (5m) [Bot: bot-1787316174811-49c6] via ProviderManager...
2026-08-21 22:36:00,651 - INFO - Indicators computed | close=77557.24 ema_9=77439.31 ema_20=77372.55 ema_50=77292.86 ema_200=76197.77 macd=60.8059 poc=69350.0 val=64025.0 vah=74575.0
2026-08-21 22:36:00,660 - INFO - [bot-1787316174811-49c6] Evaluating strategy on completed candle: 2026-08-21 17:00:00+00:00 at Close price: 77522.00
2026-08-21 22:36:00,779 - INFO - Confluence Evaluation | Regime: TRENDING (ADX=34.7) | Direction: LONG | BullScore: 82.6% | BearScore: 17.4% | Active: ['ema', 'macd', 'rsi', 'vp']
2026-08-21 22:36:00,924 - INFO - Capping position size 0.922311 BTC to available cash equivalent 0.193493 BTC.
2026-08-21 22:36:00,989 - INFO - [bot-1787316174811-49c6] Signal LONG active pending approval already exists (ID: 242).
2026-08-21 22:36:01,161 - INFO - Logged heartbeat status: OK
2026-08-21 22:36:01,162 - INFO - Job "LiveRunner.process_cycle (trigger: interval[0:05:00], next run at: 2026-08-21 22:40:59 IST)" executed successfully
2026-08-21 22:40:59,936 - INFO - Running job "LiveRunner.process_cycle (trigger: interval[0:05:00], next run at: 2026-08-21 22:45:59 IST)" (scheduled at 2026-08-21 22:40:59.795244+05:30)
2026-08-21 22:40:59,975 - INFO - [bot-1787316174811-49c6] Starting signal check cycle for BTC/USDT (5m)...
2026-08-21 22:41:00,040 - INFO - Fetching recent candles for BTC/USDT (5m) [Bot: bot-1787316174811-49c6] via ProviderManager...
2026-08-21 22:41:00,658 - INFO - Indicators computed | close=77606.01 ema_9=77482.27 ema_20=77399.97 ema_50=77307.41 ema_200=76212.38 macd=75.4089 poc=69350.0 val=64025.0 vah=74575.0
2026-08-21 22:41:00,659 - INFO - [bot-1787316174811-49c6] Evaluating strategy on completed candle: 2026-08-21 17:05:00+00:00 at Close price: 77617.37
2026-08-21 22:41:00,728 - INFO - Confluence Evaluation | Regime: TRENDING (ADX=35.6) | Direction: LONG | BullScore: 82.6% | BearScore: 17.4% | Active: ['ema', 'macd', 'rsi', 'vp']
2026-08-21 22:41:00,790 - INFO - Capping position size 0.796411 BTC to available cash equivalent 0.193256 BTC.
2026-08-21 22:41:00,824 - INFO - [bot-1787316174811-49c6] Signal LONG active pending approval already exists (ID: 242).
2026-08-21 22:41:00,940 - INFO - Logged heartbeat status: OK
2026-08-21 22:41:00,941 - INFO - Job "LiveRunner.process_cycle (trigger: interval[0:05:00], next run at: 2026-08-21 22:45:59 IST)" executed successfully
