/Users/ashishparadkar/Downloads/algo-code-main/.venv/lib/python3.9/site-packages/urllib3/__init__.py:35: NotOpenSSLWarning: urllib3 v2 only supports OpenSSL 1.1.1+, currently the 'ssl' module is compiled with 'LibreSSL 2.8.3'. See: https://github.com/urllib3/urllib3/issues/3020
  warnings.warn(
2026-08-21 21:41:20,179 - INFO - Bot state startup reconciliation finished: 0 bot(s) reconciled to STOPPED.
2026-08-21 21:41:27,517 - INFO - Telegram notification service initialized successfully (Chat ID: 5657...)
2026-08-21 21:41:27,597 - INFO - Initializing scheduled trading bot live runner for bot-1787316607082-a101...
2026-08-21 21:41:31,108 - INFO - SQLite database tables verified/created.
2026-08-21 21:41:35,388 - INFO - Initializing CCXT Binance in TESTNET mode.
2026-08-21 21:45:32,819 - INFO - [bot-1787316607082-a101] Pre-flight instrument resolved: BTC/USDT (SPOT via binance_spot)
2026-08-21 21:45:38,270 - INFO - [bot-1787316607082-a101] Starting signal check cycle for BTC/USDT (5m)...
2026-08-21 21:45:38,911 - INFO - Fetching recent candles for BTC/USDT (5m) [Bot: bot-1787316607082-a101] via ProviderManager...
2026-08-21 22:00:46,328 - INFO - Indicators computed | close=77353.48 ema_9=77208.95 ema_20=77255.92 ema_50=77230.56 ema_200=76093.21 macd=-26.0336 poc=64250.0 val=64025.0 vah=74400.0
2026-08-21 22:00:47,726 - INFO - [bot-1787316607082-a101] Evaluating strategy on completed candle: 2026-08-21 16:20:00+00:00 at Close price: 77150.00
2026-08-21 22:00:52,628 - INFO - Confluence Evaluation | Regime: TRENDING (ADX=38.1) | Direction: HOLD | BullScore: 0.0% | BearScore: 67.4% | Active: ['ema', 'macd', 'rsi', 'vp']
2026-08-21 22:00:53,894 - INFO - Signal evaluated: HOLD. Reason/Details: Confluence score: 67% (HOLD)
2026-08-21 22:00:55,695 - INFO - Logged heartbeat status: OK
2026-08-21 22:01:01,315 - INFO - Adding job tentatively -- it will be properly scheduled when the scheduler starts
2026-08-21 22:01:01,432 - INFO - Bot bot-1787316607082-a101 scheduled to check every 5 minutes.
2026-08-21 22:01:03,219 - INFO - Added job "LiveRunner.process_cycle" to job store "default"
2026-08-21 22:01:03,239 - INFO - Scheduler started
2026-08-21 22:06:00,411 - INFO - Running job "LiveRunner.process_cycle (trigger: interval[0:05:00], next run at: 2026-08-21 22:11:00 IST)" (scheduled at 2026-08-21 22:06:00.373614+05:30)
2026-08-21 22:06:00,437 - INFO - [bot-1787316607082-a101] Starting signal check cycle for BTC/USDT (5m)...
2026-08-21 22:06:00,512 - INFO - Fetching recent candles for BTC/USDT (5m) [Bot: bot-1787316607082-a101] via ProviderManager...
2026-08-21 22:06:02,327 - INFO - Indicators computed | close=77327.48 ema_9=77257.21 ema_20=77272.18 ema_50=77239.51 ema_200=76118.06 macd=-6.5940 poc=69350.0 val=64025.0 vah=74475.0
2026-08-21 22:06:02,329 - INFO - [bot-1787316607082-a101] Evaluating strategy on completed candle: 2026-08-21 16:30:00+00:00 at Close price: 77338.12
2026-08-21 22:06:02,440 - INFO - Confluence Evaluation | Regime: TRENDING (ADX=39.7) | Direction: HOLD | BullScore: 32.6% | BearScore: 67.4% | Active: ['ema', 'macd', 'rsi', 'vp']
2026-08-21 22:06:02,590 - INFO - Signal evaluated: HOLD. Reason/Details: Confluence score: 67% (HOLD)
2026-08-21 22:06:02,801 - INFO - Logged heartbeat status: OK
2026-08-21 22:06:02,804 - INFO - Job "LiveRunner.process_cycle (trigger: interval[0:05:00], next run at: 2026-08-21 22:11:00 IST)" executed successfully
2026-08-21 22:11:00,435 - INFO - Running job "LiveRunner.process_cycle (trigger: interval[0:05:00], next run at: 2026-08-21 22:16:00 IST)" (scheduled at 2026-08-21 22:11:00.373614+05:30)
2026-08-21 22:11:00,479 - INFO - [bot-1787316607082-a101] Starting signal check cycle for BTC/USDT (5m)...
2026-08-21 22:11:00,557 - INFO - Fetching recent candles for BTC/USDT (5m) [Bot: bot-1787316607082-a101] via ProviderManager...
2026-08-21 22:11:02,172 - INFO - Indicators computed | close=77303.99 ema_9=77264.78 ema_20=77274.25 ema_50=77241.62 ema_200=76129.75 macd=-3.5306 poc=69350.0 val=64025.0 vah=74475.0
2026-08-21 22:11:02,174 - INFO - [bot-1787316607082-a101] Evaluating strategy on completed candle: 2026-08-21 16:35:00+00:00 at Close price: 77316.28
2026-08-21 22:11:02,270 - INFO - Confluence Evaluation | Regime: TRENDING (ADX=39.7) | Direction: HOLD | BullScore: 32.6% | BearScore: 67.4% | Active: ['ema', 'macd', 'rsi', 'vp']
2026-08-21 22:11:02,410 - INFO - Signal evaluated: HOLD. Reason/Details: Confluence score: 67% (HOLD)
2026-08-21 22:11:02,874 - INFO - Logged heartbeat status: OK
2026-08-21 22:11:02,874 - INFO - Job "LiveRunner.process_cycle (trigger: interval[0:05:00], next run at: 2026-08-21 22:16:00 IST)" executed successfully
2026-08-21 22:16:00,414 - INFO - Running job "LiveRunner.process_cycle (trigger: interval[0:05:00], next run at: 2026-08-21 22:21:00 IST)" (scheduled at 2026-08-21 22:16:00.373614+05:30)
2026-08-21 22:16:00,444 - INFO - [bot-1787316607082-a101] Starting signal check cycle for BTC/USDT (5m)...
2026-08-21 22:16:00,499 - INFO - Fetching recent candles for BTC/USDT (5m) [Bot: bot-1787316607082-a101] via ProviderManager...
2026-08-21 22:16:01,027 - INFO - Indicators computed | close=77325.53 ema_9=77286.22 ema_20=77284.13 ema_50=77247.10 ema_200=76142.22 macd=4.9033 poc=69350.0 val=64025.0 vah=74500.0
2026-08-21 22:16:01,033 - INFO - [bot-1787316607082-a101] Evaluating strategy on completed candle: 2026-08-21 16:40:00+00:00 at Close price: 77362.04
2026-08-21 22:16:01,154 - INFO - Confluence Evaluation | Regime: TRENDING (ADX=40.2) | Direction: HOLD | BullScore: 32.6% | BearScore: 34.8% | Active: ['ema', 'macd', 'rsi', 'vp']
2026-08-21 22:16:01,245 - INFO - Signal evaluated: HOLD. Reason/Details: Confluence score: 35% (HOLD)
2026-08-21 22:16:01,533 - INFO - Logged heartbeat status: OK
2026-08-21 22:16:01,534 - INFO - Job "LiveRunner.process_cycle (trigger: interval[0:05:00], next run at: 2026-08-21 22:21:00 IST)" executed successfully
2026-08-21 22:21:00,400 - INFO - Running job "LiveRunner.process_cycle (trigger: interval[0:05:00], next run at: 2026-08-21 22:26:00 IST)" (scheduled at 2026-08-21 22:21:00.373614+05:30)
2026-08-21 22:21:00,441 - INFO - [bot-1787316607082-a101] Starting signal check cycle for BTC/USDT (5m)...
2026-08-21 22:21:00,554 - INFO - Fetching recent candles for BTC/USDT (5m) [Bot: bot-1787316607082-a101] via ProviderManager...
2026-08-21 22:21:01,294 - INFO - Indicators computed | close=77533.99 ema_9=77368.52 ema_20=77325.56 ema_50=77266.06 ema_200=76158.08 macd=37.0615 poc=69350.0 val=64025.0 vah=74525.0
2026-08-21 22:21:01,297 - INFO - [bot-1787316607082-a101] Evaluating strategy on completed candle: 2026-08-21 16:45:00+00:00 at Close price: 77530.19
2026-08-21 22:21:01,469 - INFO - LONG signal blocked | Location blocked (Close 77530.19 outside Value Area [62744.50 - 76015.50], VAL=64025.00, VAH=74525.00) | context={'close': 77530.19, 'ema_9': 77327.14786556269, 'ema_20': 77303.62543003306, 'ema_50': 77255.12450110391, 'ema_200': 76144.25262187838, 'macd_line': 21.229475276821177, 'macd_signal': 6.32280964717363, 'macd_hist': 14.906665629647547, 'poc': np.float64(69350.0), 'val': np.float64(64025.0), 'vah': np.float64(74525.0)}
2026-08-21 22:21:01,496 - INFO - Confluence Evaluation | Regime: TRENDING (ADX=39.6) | Direction: HOLD | BullScore: 65.2% | BearScore: 34.8% | Active: ['ema', 'macd', 'rsi', 'vp']
2026-08-21 22:21:01,696 - INFO - Signal evaluated: HOLD. Reason/Details: LONG setup blocked: Location blocked (Close 77530.19 outside Value Area [62744.50 - 76015.50], VAL=64025.00, VAH=74525.00)
2026-08-21 22:21:02,094 - INFO - Logged heartbeat status: OK
2026-08-21 22:21:02,095 - INFO - Job "LiveRunner.process_cycle (trigger: interval[0:05:00], next run at: 2026-08-21 22:26:00 IST)" executed successfully
2026-08-21 22:26:00,401 - INFO - Running job "LiveRunner.process_cycle (trigger: interval[0:05:00], next run at: 2026-08-21 22:31:00 IST)" (scheduled at 2026-08-21 22:26:00.373614+05:30)
2026-08-21 22:26:00,440 - INFO - [bot-1787316607082-a101] Starting signal check cycle for BTC/USDT (5m)...
2026-08-21 22:26:00,493 - INFO - Fetching recent candles for BTC/USDT (5m) [Bot: bot-1787316607082-a101] via ProviderManager...
2026-08-21 22:26:01,127 - INFO - Indicators computed | close=77471.91 ema_9=77378.96 ema_20=77333.99 ema_50=77271.72 ema_200=76170.52 macd=40.1498 poc=69350.0 val=64025.0 vah=74525.0
2026-08-21 22:26:01,129 - INFO - [bot-1787316607082-a101] Evaluating strategy on completed candle: 2026-08-21 16:50:00+00:00 at Close price: 77470.00
2026-08-21 22:26:01,230 - INFO - Confluence Evaluation | Regime: TRENDING (ADX=39.0) | Direction: HOLD | BullScore: 65.2% | BearScore: 34.8% | Active: ['ema', 'macd', 'rsi', 'vp']
2026-08-21 22:26:01,425 - INFO - Signal evaluated: HOLD. Reason/Details: Confluence score: 65% (HOLD)
2026-08-21 22:26:01,663 - INFO - Logged heartbeat status: OK
2026-08-21 22:26:01,663 - INFO - Job "LiveRunner.process_cycle (trigger: interval[0:05:00], next run at: 2026-08-21 22:31:00 IST)" executed successfully
2026-08-21 22:31:00,408 - INFO - Running job "LiveRunner.process_cycle (trigger: interval[0:05:00], next run at: 2026-08-21 22:36:00 IST)" (scheduled at 2026-08-21 22:31:00.373614+05:30)
2026-08-21 22:31:00,457 - INFO - [bot-1787316607082-a101] Starting signal check cycle for BTC/USDT (5m)...
2026-08-21 22:31:00,522 - INFO - Fetching recent candles for BTC/USDT (5m) [Bot: bot-1787316607082-a101] via ProviderManager...
2026-08-21 22:31:01,774 - INFO - Indicators computed | close=77538.81 ema_9=77413.18 ema_20=77354.71 ema_50=77282.73 ema_200=76184.28 macd=52.3163 poc=69350.0 val=64025.0 vah=74550.0
2026-08-21 22:31:01,788 - INFO - [bot-1787316607082-a101] Evaluating strategy on completed candle: 2026-08-21 16:55:00+00:00 at Close price: 77486.01
2026-08-21 22:31:02,209 - INFO - Confluence Evaluation | Regime: TRENDING (ADX=37.1) | Direction: LONG | BullScore: 82.6% | BearScore: 17.4% | Active: ['ema', 'macd', 'rsi', 'vp']
2026-08-21 22:31:02,389 - INFO - Capping position size 0.309004 BTC to available cash equivalent 0.064528 BTC.
2026-08-21 22:31:02,529 - INFO - Created pending signal approval ID 243 for bot bot-1787316607082-a101 (LONG @ $77486.01, status: WAITING_APPROVAL)
2026-08-21 22:31:02,737 - INFO - [bot-1787316607082-a101] Signal LONG generated (ID: 243). Waiting for manual user approval.
2026-08-21 22:31:02,871 - INFO - Logged heartbeat status: OK
2026-08-21 22:31:02,872 - INFO - Job "LiveRunner.process_cycle (trigger: interval[0:05:00], next run at: 2026-08-21 22:36:00 IST)" executed successfully
2026-08-21 22:36:00,391 - INFO - Running job "LiveRunner.process_cycle (trigger: interval[0:05:00], next run at: 2026-08-21 22:41:00 IST)" (scheduled at 2026-08-21 22:36:00.373614+05:30)
2026-08-21 22:36:00,413 - INFO - [bot-1787316607082-a101] Starting signal check cycle for BTC/USDT (5m)...
2026-08-21 22:36:00,463 - INFO - Fetching recent candles for BTC/USDT (5m) [Bot: bot-1787316607082-a101] via ProviderManager...
2026-08-21 22:36:01,024 - INFO - Indicators computed | close=77557.24 ema_9=77439.31 ema_20=77372.55 ema_50=77292.86 ema_200=76197.77 macd=60.8059 poc=69350.0 val=64025.0 vah=74575.0
2026-08-21 22:36:01,026 - INFO - [bot-1787316607082-a101] Evaluating strategy on completed candle: 2026-08-21 17:00:00+00:00 at Close price: 77522.00
2026-08-21 22:36:01,115 - INFO - Confluence Evaluation | Regime: TRENDING (ADX=34.7) | Direction: LONG | BullScore: 82.6% | BearScore: 17.4% | Active: ['ema', 'macd', 'rsi', 'vp']
2026-08-21 22:36:01,236 - INFO - Capping position size 0.307437 BTC to available cash equivalent 0.064498 BTC.
2026-08-21 22:36:01,244 - INFO - [bot-1787316607082-a101] Signal LONG active pending approval already exists (ID: 243).
2026-08-21 22:36:01,466 - INFO - Logged heartbeat status: OK
2026-08-21 22:36:01,466 - INFO - Job "LiveRunner.process_cycle (trigger: interval[0:05:00], next run at: 2026-08-21 22:41:00 IST)" executed successfully
2026-08-21 22:41:00,481 - INFO - Running job "LiveRunner.process_cycle (trigger: interval[0:05:00], next run at: 2026-08-21 22:46:00 IST)" (scheduled at 2026-08-21 22:41:00.373614+05:30)
2026-08-21 22:41:00,536 - INFO - [bot-1787316607082-a101] Starting signal check cycle for BTC/USDT (5m)...
2026-08-21 22:41:00,558 - INFO - Fetching recent candles for BTC/USDT (5m) [Bot: bot-1787316607082-a101] via ProviderManager...
2026-08-21 22:41:01,031 - INFO - Indicators computed | close=77606.01 ema_9=77482.27 ema_20=77399.97 ema_50=77307.41 ema_200=76212.38 macd=75.4089 poc=69350.0 val=64025.0 vah=74575.0
2026-08-21 22:41:01,033 - INFO - [bot-1787316607082-a101] Evaluating strategy on completed candle: 2026-08-21 17:05:00+00:00 at Close price: 77617.37
2026-08-21 22:41:01,107 - INFO - Confluence Evaluation | Regime: TRENDING (ADX=35.6) | Direction: LONG | BullScore: 82.6% | BearScore: 17.4% | Active: ['ema', 'macd', 'rsi', 'vp']
2026-08-21 22:41:01,208 - INFO - Capping position size 0.265470 BTC to available cash equivalent 0.064419 BTC.
2026-08-21 22:41:01,265 - INFO - [bot-1787316607082-a101] Signal LONG active pending approval already exists (ID: 243).
2026-08-21 22:41:01,494 - INFO - Logged heartbeat status: OK
2026-08-21 22:41:01,495 - INFO - Job "LiveRunner.process_cycle (trigger: interval[0:05:00], next run at: 2026-08-21 22:46:00 IST)" executed successfully
