/Users/ashishparadkar/Downloads/algo-code-main/.venv/lib/python3.9/site-packages/urllib3/__init__.py:35: NotOpenSSLWarning: urllib3 v2 only supports OpenSSL 1.1.1+, currently the 'ssl' module is compiled with 'LibreSSL 2.8.3'. See: https://github.com/urllib3/urllib3/issues/3020
  warnings.warn(
2026-08-21 21:42:27,108 - INFO - Bot state startup reconciliation finished: 0 bot(s) reconciled to STOPPED.
2026-08-21 21:42:32,771 - INFO - Telegram notification service initialized successfully (Chat ID: 5657...)
2026-08-21 21:42:34,342 - INFO - Initializing scheduled trading bot live runner for bot-1787324187229-32dc...
2026-08-21 21:42:35,521 - INFO - SQLite database tables verified/created.
2026-08-21 21:42:40,340 - INFO - Initializing CCXT Binance in TESTNET mode.
2026-08-21 21:45:46,988 - INFO - [bot-1787324187229-32dc] Pre-flight instrument resolved: BTC-260828-70000-C (OPTION via deribit_options)
2026-08-21 21:45:51,541 - INFO - [bot-1787324187229-32dc] Starting signal check cycle for BTC-260828-70000-C (1h)...
2026-08-21 21:45:52,198 - INFO - Fetching recent candles for BTC-260828-70000-C (1h) [Bot: bot-1787324187229-32dc] via ProviderManager...
2026-08-21 21:45:52,975 - ERROR - System Error in runner execution cycle: OPTIONS EXECUTION UNSUPPORTED: Dedicated Options Broker (Deribit API) is not connected for BTC-260828-70000-C. Trading options requires configuring options gateway credentials.
Traceback (most recent call last):
  File "/Users/ashishparadkar/Downloads/algo-code-main/src/live_runner.py", line 199, in process_cycle
    df, _ = self.provider_manager.fetch_ohlcv_safe(self.symbol, self.timeframe, limit=1000)
  File "/Users/ashishparadkar/Downloads/algo-code-main/src/provider_manager.py", line 355, in fetch_ohlcv_safe
    raise non_retryable
  File "/Users/ashishparadkar/Downloads/algo-code-main/src/provider_manager.py", line 351, in fetch_ohlcv_safe
    df = adapter.fetch_ohlcv(instrument, timeframe, limit=limit)
  File "/Users/ashishparadkar/Downloads/algo-code-main/src/provider_manager.py", line 284, in fetch_ohlcv
    raise ccxt.NotSupported(
ccxt.base.errors.NotSupported: OPTIONS EXECUTION UNSUPPORTED: Dedicated Options Broker (Deribit API) is not connected for BTC-260828-70000-C. Trading options requires configuring options gateway credentials.
2026-08-21 21:46:04,742 - WARNING - [bot-1787324187229-32dc] Marked bot as non-retryable configuration error to prevent infinite error storm.
2026-08-21 21:46:06,820 - INFO - Logged heartbeat status: ERROR
2026-08-21 21:46:09,720 - INFO - Adding job tentatively -- it will be properly scheduled when the scheduler starts
2026-08-21 21:46:09,738 - INFO - Bot bot-1787324187229-32dc scheduled to check every 60 minutes.
2026-08-21 21:46:10,238 - INFO - Added job "LiveRunner.process_cycle" to job store "default"
2026-08-21 21:46:10,238 - INFO - Scheduler started
