/Users/ashishparadkar/Downloads/algo-code-main/.venv/lib/python3.9/site-packages/urllib3/__init__.py:35: NotOpenSSLWarning: urllib3 v2 only supports OpenSSL 1.1.1+, currently the 'ssl' module is compiled with 'LibreSSL 2.8.3'. See: https://github.com/urllib3/urllib3/issues/3020
  warnings.warn(
2026-08-20 12:39:35,475 - INFO - Bot state startup reconciliation finished: 0 bot(s) reconciled to STOPPED.
2026-08-20 12:39:35,670 - INFO - Telegram notification service initialized successfully (Chat ID: 5657...)
2026-08-20 12:39:35,684 - INFO - Initializing scheduled trading bot live runner for bot-1787209210634-2792...
2026-08-20 12:39:35,820 - INFO - SQLite database tables verified/created.
2026-08-20 12:39:36,020 - INFO - Initializing CCXT Binance in TESTNET mode.
2026-08-20 12:39:48,433 - INFO - [bot-1787209210634-2792] Pre-flight instrument resolved: ETH/USDT (SPOT via binance_spot)
2026-08-20 12:39:48,469 - INFO - [bot-1787209210634-2792] Starting signal check cycle for ETH/USDT (5m)...
2026-08-20 12:39:48,480 - INFO - Fetching recent candles for ETH/USDT (5m) [Bot: bot-1787209210634-2792] via ProviderManager...
2026-08-20 12:40:02,112 - INFO - Indicators computed | close=2262.19 ema_9=2260.25 ema_20=2256.58 ema_50=2253.29 ema_200=2184.57 macd=3.3702 poc=1900.0 val=1850.0 vah=2200.0
2026-08-20 12:40:02,116 - INFO - [bot-1787209210634-2792] Evaluating strategy on completed candle: 2026-08-20 07:05:00+00:00 at Close price: 2263.20
2026-08-20 12:40:02,169 - INFO - Confluence Evaluation | Regime: TRENDING (ADX=29.4) | Direction: LONG | BullScore: 82.6% | BearScore: 17.4% | Active: ['ema', 'macd', 'rsi', 'vp']
2026-08-20 12:40:02,224 - INFO - Capping position size 73.260073 BTC to available cash equivalent 8.837045 BTC.
2026-08-20 12:40:02,275 - INFO - Created pending signal approval ID 35 for bot bot-1787209210634-2792 (LONG @ $2263.20, status: WAITING_APPROVAL)
2026-08-20 12:40:02,327 - INFO - [bot-1787209210634-2792] Signal LONG generated (ID: 35). Waiting for manual user approval.
2026-08-20 12:40:02,387 - INFO - Logged heartbeat status: OK
2026-08-20 12:40:02,395 - INFO - Adding job tentatively -- it will be properly scheduled when the scheduler starts
2026-08-20 12:40:02,399 - INFO - Bot bot-1787209210634-2792 scheduled to check every 5 minutes.
2026-08-20 12:40:02,401 - INFO - Added job "LiveRunner.process_cycle" to job store "default"
2026-08-20 12:40:02,401 - INFO - Scheduler started
